<!DOCTYPE html>
<html lang="en">
<head>
    <meta charset="utf-8" />
    <meta name="viewport" content="width=device-width, initial-scale=1, maximum-scale=1, user-scalable=no">

    <title>TA Laravel React</title>

    <link
        rel="icon" type="image/svg+xml"
        href="data:image/svg+xml,%3Csvg viewBox='0 -.11376601 49.74245785 51.31690859' xmlns='http://www.w3.org/2000/svg'%3E%3Cpath d='m49.626 11.564a.809.809 0 0 1 .028.209v10.972a.8.8 0 0 1 -.402.694l-9.209 5.302v10.509c0 .286-.152.55-.4.694l-19.223 11.066c-.044.025-.092.041-.14.058-.018.006-.035.017-.054.022a.805.805 0 0 1 -.41 0c-.022-.006-.042-.018-.063-.026-.044-.016-.09-.03-.132-.054l-19.219-11.066a.801.801 0 0 1 -.402-.694v-32.916c0-.072.01-.142.028-.21.006-.023.02-.044.028-.067.015-.042.029-.085.051-.124.015-.026.037-.047.055-.071.023-.032.044-.065.071-.093.023-.023.053-.04.079-.06.029-.024.055-.05.088-.069h.001l9.61-5.533a.802.802 0 0 1 .8 0l9.61 5.533h.002c.032.02.059.045.088.068.026.02.055.038.078.06.028.029.048.062.072.094.017.024.04.045.054.071.023.04.036.082.052.124.008.023.022.044.028.068a.809.809 0 0 1 .028.209v20.559l8.008-4.611v-10.51c0-.07.01-.141.028-.208.007-.024.02-.045.028-.068.016-.042.03-.085.052-.124.015-.026.037-.047.054-.071.024-.032.044-.065.072-.093.023-.023.052-.04.078-.06.03-.024.056-.05.088-.069h.001l9.611-5.533a.801.801 0 0 1 .8 0l9.61 5.533c.034.02.06.045.09.068.025.02.054.038.077.06.028.029.048.062.072.094.018.024.04.045.054.071.023.039.036.082.052.124.009.023.022.044.028.068zm-1.574 10.718v-9.124l-3.363 1.936-4.646 2.675v9.124l8.01-4.611zm-9.61 16.505v-9.13l-4.57 2.61-13.05 7.448v9.216zm-36.84-31.068v31.068l17.618 10.143v-9.214l-9.204-5.209-.003-.002-.004-.002c-.031-.018-.057-.044-.086-.066-.025-.02-.054-.036-.076-.058l-.002-.003c-.026-.025-.044-.056-.066-.084-.02-.027-.044-.05-.06-.078l-.001-.003c-.018-.03-.029-.066-.042-.1-.013-.03-.03-.058-.038-.09v-.001c-.01-.038-.012-.078-.016-.117-.004-.03-.012-.06-.012-.09v-21.483l-4.645-2.676-3.363-1.934zm8.81-5.994-8.007 4.609 8.005 4.609 8.006-4.61-8.006-4.608zm4.164 28.764 4.645-2.674v-20.096l-3.363 1.936-4.646 2.675v20.096zm24.667-23.325-8.006 4.609 8.006 4.609 8.005-4.61zm-.801 10.605-4.646-2.675-3.363-1.936v9.124l4.645 2.674 3.364 1.937zm-18.422 20.561 11.743-6.704 5.87-3.35-8-4.606-9.211 5.303-8.395 4.833z' fill='%23ff2d20'/%3E%3C/svg%3E"
    />

    <style>/*! tailwindcss v4.1.12 | MIT License | https://tailwindcss.com */@layer properties{@supports (((-webkit-hyphens:none)) and (not (margin-trim:inline))) or ((-moz-orient:inline) and (not (color:rgb(from red r g b)))){*,:before,:after,::backdrop{--tw-rotate-x:initial;--tw-rotate-y:initial;--tw-rotate-z:initial;--tw-skew-x:initial;--tw-skew-y:initial;--tw-divide-x-reverse:0;--tw-border-style:solid;--tw-divide-y-reverse:0;--tw-leading:initial;--tw-font-weight:initial;--tw-shadow:0 0 #0000;--tw-shadow-color:initial;--tw-shadow-alpha:100%;--tw-inset-shadow:0 0 #0000;--tw-inset-shadow-color:initial;--tw-inset-shadow-alpha:100%;--tw-ring-color:initial;--tw-ring-shadow:0 0 #0000;--tw-inset-ring-color:initial;--tw-inset-ring-shadow:0 0 #0000;--tw-ring-inset:initial;--tw-ring-offset-width:0px;--tw-ring-offset-color:#fff;--tw-ring-offset-shadow:0 0 #0000;--tw-blur:initial;--tw-brightness:initial;--tw-contrast:initial;--tw-grayscale:initial;--tw-hue-rotate:initial;--tw-invert:initial;--tw-opacity:initial;--tw-saturate:initial;--tw-sepia:initial;--tw-drop-shadow:initial;--tw-drop-shadow-color:initial;--tw-drop-shadow-alpha:100%;--tw-drop-shadow-size:initial;--tw-duration:initial;--tw-ease:initial;--tw-animation-delay:0s;--tw-animation-direction:normal;--tw-animation-duration:initial;--tw-animation-fill-mode:none;--tw-animation-iteration-count:1;--tw-enter-blur:0;--tw-enter-opacity:1;--tw-enter-rotate:0;--tw-enter-scale:1;--tw-enter-translate-x:0;--tw-enter-translate-y:0;--tw-exit-blur:0;--tw-exit-opacity:1;--tw-exit-rotate:0;--tw-exit-scale:1;--tw-exit-translate-x:0;--tw-exit-translate-y:0;--tw-backdrop-blur:initial;--tw-backdrop-brightness:initial;--tw-backdrop-contrast:initial;--tw-backdrop-grayscale:initial;--tw-backdrop-hue-rotate:initial;--tw-backdrop-invert:initial;--tw-backdrop-opacity:initial;--tw-backdrop-saturate:initial;--tw-backdrop-sepia:initial}}}@layer theme{:root,:host{--font-sans:ui-sans-serif,system-ui,sans-serif,"Apple Color Emoji","Segoe UI Emoji","Segoe UI Symbol","Noto Color Emoji";--font-mono:ui-monospace,SFMono-Regular,Menlo,Monaco,Consolas,"Liberation Mono","Courier New",monospace;--color-amber-200:oklch(92.4% .12 95.746);--color-amber-300:oklch(87.9% .169 91.605);--color-amber-500:oklch(76.9% .188 70.08);--color-amber-600:oklch(66.6% .179 58.318);--color-amber-800:oklch(47.3% .137 46.201);--color-amber-900:oklch(41.4% .112 45.904);--color-amber-950:oklch(27.9% .077 45.635);--color-emerald-200:oklch(90.5% .093 164.15);--color-emerald-400:oklch(76.5% .177 163.223);--color-emerald-500:oklch(69.6% .17 162.48);--color-emerald-600:oklch(59.6% .145 163.225);--color-emerald-900:oklch(37.8% .077 168.94);--color-blue-100:oklch(93.2% .032 255.585);--color-blue-300:oklch(80.9% .105 251.813);--color-blue-500:oklch(62.3% .214 259.815);--color-blue-600:oklch(54.6% .245 262.881);--color-blue-700:oklch(48.8% .243 264.376);--color-blue-800:oklch(42.4% .199 265.638);--color-blue-900:oklch(37.9% .146 265.522);--color-blue-950:oklch(28.2% .091 267.935);--color-rose-100:oklch(94.1% .03 12.58);--color-rose-200:oklch(89.2% .058 10.001);--color-rose-500:oklch(64.5% .246 16.439);--color-rose-600:oklch(58.6% .253 17.585);--color-rose-900:oklch(41% .159 10.272);--color-rose-950:oklch(27.1% .105 12.094);--color-neutral-50:oklch(98.5% 0 0);--color-neutral-100:oklch(97% 0 0);--color-neutral-200:oklch(92.2% 0 0);--color-neutral-300:oklch(87% 0 0);--color-neutral-400:oklch(70.8% 0 0);--color-neutral-500:oklch(55.6% 0 0);--color-neutral-600:oklch(43.9% 0 0);--color-neutral-700:oklch(37.1% 0 0);--color-neutral-800:oklch(26.9% 0 0);--color-neutral-900:oklch(20.5% 0 0);--color-neutral-950:oklch(14.5% 0 0);--color-black:#000;--color-white:#fff;--spacing:.25rem;--container-7xl:80rem;--text-xs:.75rem;--text-xs--line-height:calc(1/.75);--text-sm:.875rem;--text-sm--line-height:calc(1.25/.875);--text-base:1rem;--text-base--line-height: 1.5 ;--text-lg:1.125rem;--text-lg--line-height:calc(1.75/1.125);--text-xl:1.25rem;--text-xl--line-height:calc(1.75/1.25);--text-3xl:1.875rem;--text-3xl--line-height: 1.2 ;--font-weight-light:300;--font-weight-medium:500;--font-weight-semibold:600;--radius-md:.375rem;--radius-lg:.5rem;--radius-xl:.75rem;--ease-in-out:cubic-bezier(.4,0,.2,1);--blur-md:12px;--default-transition-duration:.15s;--default-transition-timing-function:cubic-bezier(.4,0,.2,1);--default-font-family:var(--font-sans);--default-mono-font-family:var(--font-mono)}}@layer base{*,:after,:before,::backdrop{box-sizing:border-box;border:0 solid;margin:0;padding:0}::file-selector-button{box-sizing:border-box;border:0 solid;margin:0;padding:0}html,:host{-webkit-text-size-adjust:100%;tab-size:4;line-height:1.5;font-family:var(--default-font-family,ui-sans-serif,system-ui,sans-serif,"Apple Color Emoji","Segoe UI Emoji","Segoe UI Symbol","Noto Color Emoji");font-feature-settings:var(--default-font-feature-settings,normal);font-variation-settings:var(--default-font-variation-settings,normal);-webkit-tap-highlight-color:transparent}hr{height:0;color:inherit;border-top-width:1px}abbr:where([title]){-webkit-text-decoration:underline dotted;text-decoration:underline dotted}h1,h2,h3,h4,h5,h6{font-size:inherit;font-weight:inherit}a{color:inherit;-webkit-text-decoration:inherit;text-decoration:inherit}b,strong{font-weight:bolder}code,kbd,samp,pre{font-family:var(--default-mono-font-family,ui-monospace,SFMono-Regular,Menlo,Monaco,Consolas,"Liberation Mono","Courier New",monospace);font-feature-settings:var(--default-mono-font-feature-settings,normal);font-variation-settings:var(--default-mono-font-variation-settings,normal);font-size:1em}small{font-size:80%}sub,sup{vertical-align:baseline;font-size:75%;line-height:0;position:relative}sub{bottom:-.25em}sup{top:-.5em}table{text-indent:0;border-color:inherit;border-collapse:collapse}:-moz-focusring{outline:auto}progress{vertical-align:baseline}summary{display:list-item}ol,ul,menu{list-style:none}img,svg,video,canvas,audio,iframe,embed,object{vertical-align:middle;display:block}img,video{max-width:100%;height:auto}button,input,select,optgroup,textarea{font:inherit;font-feature-settings:inherit;font-variation-settings:inherit;letter-spacing:inherit;color:inherit;opacity:1;background-color:#0000;border-radius:0}::file-selector-button{font:inherit;font-feature-settings:inherit;font-variation-settings:inherit;letter-spacing:inherit;color:inherit;opacity:1;background-color:#0000;border-radius:0}:where(select:is([multiple],[size])) optgroup{font-weight:bolder}:where(select:is([multiple],[size])) optgroup option{padding-inline-start:20px}::file-selector-button{margin-inline-end:4px}::placeholder{opacity:1}@supports (not ((-webkit-appearance:-apple-pay-button))) or (contain-intrinsic-size:1px){::placeholder{color:currentColor}@supports (color:color-mix(in lab,red,red)){::placeholder{color:color-mix(in oklab,currentcolor 50%,transparent)}}}textarea{resize:vertical}::-webkit-search-decoration{-webkit-appearance:none}::-webkit-date-and-time-value{min-height:1lh;text-align:inherit}::-webkit-datetime-edit{display:inline-flex}::-webkit-datetime-edit-fields-wrapper{padding:0}::-webkit-datetime-edit{padding-block:0}::-webkit-datetime-edit-year-field{padding-block:0}::-webkit-datetime-edit-month-field{padding-block:0}::-webkit-datetime-edit-day-field{padding-block:0}::-webkit-datetime-edit-hour-field{padding-block:0}::-webkit-datetime-edit-minute-field{padding-block:0}::-webkit-datetime-edit-second-field{padding-block:0}::-webkit-datetime-edit-millisecond-field{padding-block:0}::-webkit-datetime-edit-meridiem-field{padding-block:0}::-webkit-calendar-picker-indicator{line-height:1}:-moz-ui-invalid{box-shadow:none}button,input:where([type=button],[type=reset],[type=submit]){appearance:button}::file-selector-button{appearance:button}::-webkit-inner-spin-button{height:auto}::-webkit-outer-spin-button{height:auto}[hidden]:where(:not([hidden=until-found])){display:none!important}}@layer components;@layer utilities{.collapse{visibility:collapse}.visible{visibility:visible}.absolute{position:absolute}.fixed{position:fixed}.relative{position:relative}.static{position:static}.sticky{position:sticky}.top-\[-1px\]{top:-1px}.right-0{right:calc(var(--spacing)*0)}.bottom-0{bottom:calc(var(--spacing)*0)}.left-0{left:calc(var(--spacing)*0)}.-z-10{z-index:-10}.z-50{z-index:50}.mx-auto{margin-inline:auto}.-mt-3{margin-top:calc(var(--spacing)*-3)}.-mt-5{margin-top:calc(var(--spacing)*-5)}.mr-6{margin-right:calc(var(--spacing)*6)}.mb-8{margin-bottom:calc(var(--spacing)*8)}.block{display:block}.flex{display:flex}.grid{display:grid}.hidden{display:none}.inline{display:inline}.inline-block{display:inline-block}.inline-flex{display:inline-flex}.table{display:table}.size-2{width:calc(var(--spacing)*2);height:calc(var(--spacing)*2)}.size-3{width:calc(var(--spacing)*3);height:calc(var(--spacing)*3)}.h-0{height:calc(var(--spacing)*0)}.h-2\.5{height:calc(var(--spacing)*2.5)}.h-3{height:calc(var(--spacing)*3)}.h-6{height:calc(var(--spacing)*6)}.h-7{height:calc(var(--spacing)*7)}.h-8{height:calc(var(--spacing)*8)}.h-10{height:calc(var(--spacing)*10)}.h-11{height:calc(var(--spacing)*11)}.h-\[18px\]{height:18px}.h-\[56px\]{height:56px}.min-h-dvh{min-height:100dvh}.w-2\.5{width:calc(var(--spacing)*2.5)}.w-3{width:calc(var(--spacing)*3)}.w-6{width:calc(var(--spacing)*6)}.w-8{width:calc(var(--spacing)*8)}.w-\[18px\]{width:18px}.w-fit{width:fit-content}.w-full{width:100%}.max-w-7xl{max-width:var(--container-7xl)}.max-w-full{max-width:100%}.min-w-0{min-width:calc(var(--spacing)*0)}.min-w-5{min-width:calc(var(--spacing)*5)}.min-w-6{min-width:calc(var(--spacing)*6)}.min-w-full{min-width:100%}.flex-1{flex:1}.flex-shrink-0,.shrink-0{flex-shrink:0}.grow{flex-grow:1}.transform{transform:var(--tw-rotate-x,)var(--tw-rotate-y,)var(--tw-rotate-z,)var(--tw-skew-x,)var(--tw-skew-y,)}.transform\!{transform:var(--tw-rotate-x,)var(--tw-rotate-y,)var(--tw-rotate-z,)var(--tw-skew-x,)var(--tw-skew-y,)!important}.cursor-not-allowed\!{cursor:not-allowed!important}.cursor-pointer{cursor:pointer}.resize{resize:both}.flex-col{flex-direction:column}.items-baseline{align-items:baseline}.items-center{align-items:center}.items-start{align-items:flex-start}.justify-between{justify-content:space-between}.justify-center{justify-content:center}.gap-0\.5{gap:calc(var(--spacing)*.5)}.gap-1{gap:calc(var(--spacing)*1)}.gap-1\.5{gap:calc(var(--spacing)*1.5)}.gap-2{gap:calc(var(--spacing)*2)}.gap-2\.5{gap:calc(var(--spacing)*2.5)}.gap-3{gap:calc(var(--spacing)*3)}.gap-4{gap:calc(var(--spacing)*4)}.gap-5{gap:calc(var(--spacing)*5)}.gap-6{gap:calc(var(--spacing)*6)}.gap-8{gap:calc(var(--spacing)*8)}.gap-12{gap:calc(var(--spacing)*12)}:where(.divide-x>:not(:last-child)){--tw-divide-x-reverse:0;border-inline-style:var(--tw-border-style);border-inline-start-width:calc(1px*var(--tw-divide-x-reverse));border-inline-end-width:calc(1px*calc(1 - var(--tw-divide-x-reverse)))}:where(.divide-y>:not(:last-child)){--tw-divide-y-reverse:0;border-bottom-style:var(--tw-border-style);border-top-style:var(--tw-border-style);border-top-width:calc(1px*var(--tw-divide-y-reverse));border-bottom-width:calc(1px*calc(1 - var(--tw-divide-y-reverse)))}:where(.divide-neutral-200>:not(:last-child)){border-color:var(--color-neutral-200)}.truncate{text-overflow:ellipsis;white-space:nowrap;overflow:hidden}.overflow-hidden{overflow:hidden}.overflow-x-auto{overflow-x:auto}.overflow-x-hidden{overflow-x:hidden}.rounded-full{border-radius:3.40282e38px}.rounded-lg{border-radius:var(--radius-lg)}.rounded-md{border-radius:var(--radius-md)}.rounded-xl{border-radius:var(--radius-xl)}.rounded-t-lg{border-top-left-radius:var(--radius-lg);border-top-right-radius:var(--radius-lg)}.rounded-b-lg{border-bottom-right-radius:var(--radius-lg);border-bottom-left-radius:var(--radius-lg)}.border{border-style:var(--tw-border-style);border-width:1px}.border-x{border-inline-style:var(--tw-border-style);border-inline-width:1px}.border-t{border-top-style:var(--tw-border-style);border-top-width:1px}.border-b-2{border-bottom-style:var(--tw-border-style);border-bottom-width:2px}.border-dashed{--tw-border-style:dashed;border-style:dashed}.border-dotted{--tw-border-style:dotted;border-style:dotted}.border-neutral-100{border-color:var(--color-neutral-100)}.border-neutral-200{border-color:var(--color-neutral-200)}.border-neutral-300{border-color:var(--color-neutral-300)}.bg-amber-200{background-color:var(--color-amber-200)}.bg-amber-600{background-color:var(--color-amber-600)}.bg-black\/8{background-color:#00000014}@supports (color:color-mix(in lab,red,red)){.bg-black\/8{background-color:color-mix(in oklab,var(--color-black)8%,transparent)}}.bg-black\/10{background-color:#0000001a}@supports (color:color-mix(in lab,red,red)){.bg-black\/10{background-color:color-mix(in oklab,var(--color-black)10%,transparent)}}.bg-blue-100{background-color:var(--color-blue-100)}.bg-blue-600{background-color:var(--color-blue-600)}.bg-blue-700{background-color:var(--color-blue-700)}.bg-emerald-200{background-color:var(--color-emerald-200)}.bg-emerald-600{background-color:var(--color-emerald-600)}.bg-neutral-50{background-color:var(--color-neutral-50)}.bg-neutral-600{background-color:var(--color-neutral-600)}.bg-rose-200{background-color:var(--color-rose-200)}.bg-rose-200\!{background-color:var(--color-rose-200)!important}.bg-rose-500{background-color:var(--color-rose-500)}.bg-rose-600{background-color:var(--color-rose-600)}.bg-transparent\!{background-color:#0000!important}.bg-white{background-color:var(--color-white)}.bg-white\/5{background-color:#ffffff0d}@supports (color:color-mix(in lab,red,red)){.bg-white\/5{background-color:color-mix(in oklab,var(--color-white)5%,transparent)}}.bg-white\/\[2\%\]{background-color:#ffffff05}@supports (color:color-mix(in lab,red,red)){.bg-white\/\[2\%\]{background-color:color-mix(in oklab,var(--color-white)2%,transparent)}}.p-1{padding:calc(var(--spacing)*1)}.p-2{padding:calc(var(--spacing)*2)}.p-2\.5{padding:calc(var(--spacing)*2.5)}.p-4{padding:calc(var(--spacing)*4)}.p-5{padding:calc(var(--spacing)*5)}.px-1\.5{padding-inline:calc(var(--spacing)*1.5)}.px-2{padding-inline:calc(var(--spacing)*2)}.px-3{padding-inline:calc(var(--spacing)*3)}.px-4{padding-inline:calc(var(--spacing)*4)}.px-6{padding-inline:calc(var(--spacing)*6)}.px-\[6px\]{padding-inline:6px}.py-0{padding-block:calc(var(--spacing)*0)}.py-1{padding-block:calc(var(--spacing)*1)}.py-4{padding-block:calc(var(--spacing)*4)}.pt-8{padding-top:calc(var(--spacing)*8)}.pt-14{padding-top:calc(var(--spacing)*14)}.pr-2\.5{padding-right:calc(var(--spacing)*2.5)}.pb-0{padding-bottom:calc(var(--spacing)*0)}.pl-4{padding-left:calc(var(--spacing)*4)}.text-center{text-align:center}.text-right{text-align:right}.font-mono{font-family:var(--font-mono)}.font-sans{font-family:var(--font-sans)}.text-3xl{font-size:var(--text-3xl);line-height:var(--tw-leading,var(--text-3xl--line-height))}.text-base{font-size:var(--text-base);line-height:var(--tw-leading,var(--text-base--line-height))}.text-lg{font-size:var(--text-lg);line-height:var(--tw-leading,var(--text-lg--line-height))}.text-sm{font-size:var(--text-sm);line-height:var(--tw-leading,var(--text-sm--line-height))}.text-xl{font-size:var(--text-xl);line-height:var(--tw-leading,var(--text-xl--line-height))}.text-xs{font-size:var(--text-xs);line-height:var(--tw-leading,var(--text-xs--line-height))}.text-xs\/none{font-size:var(--text-xs);line-height:1}.text-\[13px\]{font-size:13px}.leading-3{--tw-leading:calc(var(--spacing)*3);line-height:calc(var(--spacing)*3)}.font-light{--tw-font-weight:var(--font-weight-light);font-weight:var(--font-weight-light)}.font-medium{--tw-font-weight:var(--font-weight-medium);font-weight:var(--font-weight-medium)}.font-semibold{--tw-font-weight:var(--font-weight-semibold);font-weight:var(--font-weight-semibold)}.text-amber-900{color:var(--color-amber-900)}.text-blue-500{color:var(--color-blue-500)}.text-blue-900{color:var(--color-blue-900)}.text-emerald-500{color:var(--color-emerald-500)}.text-emerald-900{color:var(--color-emerald-900)}.text-neutral-100{color:var(--color-neutral-100)}.text-neutral-400{color:var(--color-neutral-400)}.text-neutral-500{color:var(--color-neutral-500)}.text-neutral-500\!{color:var(--color-neutral-500)!important}.text-neutral-600{color:var(--color-neutral-600)}.text-neutral-800{color:var(--color-neutral-800)}.text-neutral-900{color:var(--color-neutral-900)}.text-neutral-950{color:var(--color-neutral-950)}.text-rose-900{color:var(--color-rose-900)}.text-white{color:var(--color-white)}.uppercase{text-transform:uppercase}.italic{font-style:italic}.line-through{text-decoration-line:line-through}.overline{text-decoration-line:overline}.underline{text-decoration-line:underline}.decoration-neutral-400{-webkit-text-decoration-color:var(--color-neutral-400);text-decoration-color:var(--color-neutral-400)}.antialiased{-webkit-font-smoothing:antialiased;-moz-osx-font-smoothing:grayscale}.scheme-light-dark{color-scheme:light dark}.opacity-90{opacity:.9}.shadow-xs{--tw-shadow:0 1px 2px 0 var(--tw-shadow-color,#0000000d);box-shadow:var(--tw-inset-shadow),var(--tw-inset-ring-shadow),var(--tw-ring-offset-shadow),var(--tw-ring-shadow),var(--tw-shadow)}.blur{--tw-blur:blur(8px);filter:var(--tw-blur,)var(--tw-brightness,)var(--tw-contrast,)var(--tw-grayscale,)var(--tw-hue-rotate,)var(--tw-invert,)var(--tw-saturate,)var(--tw-sepia,)var(--tw-drop-shadow,)}.filter{filter:var(--tw-blur,)var(--tw-brightness,)var(--tw-contrast,)var(--tw-grayscale,)var(--tw-hue-rotate,)var(--tw-invert,)var(--tw-saturate,)var(--tw-sepia,)var(--tw-drop-shadow,)}.filter\!{filter:var(--tw-blur,)var(--tw-brightness,)var(--tw-contrast,)var(--tw-grayscale,)var(--tw-hue-rotate,)var(--tw-invert,)var(--tw-saturate,)var(--tw-sepia,)var(--tw-drop-shadow,)!important}.transition{transition-property:color,background-color,border-color,outline-color,text-decoration-color,fill,stroke,--tw-gradient-from,--tw-gradient-via,--tw-gradient-to,opacity,box-shadow,transform,translate,scale,rotate,filter,-webkit-backdrop-filter,backdrop-filter,display,visibility,content-visibility,overlay,pointer-events;transition-timing-function:var(--tw-ease,var(--default-transition-timing-function));transition-duration:var(--tw-duration,var(--default-transition-duration))}.transition-colors{transition-property:color,background-color,border-color,outline-color,text-decoration-color,fill,stroke,--tw-gradient-from,--tw-gradient-via,--tw-gradient-to;transition-timing-function:var(--tw-ease,var(--default-transition-timing-function));transition-duration:var(--tw-duration,var(--default-transition-duration))}.duration-200{--tw-duration:.2s;transition-duration:.2s}.ease-in-out{--tw-ease:var(--ease-in-out);transition-timing-function:var(--ease-in-out)}@media (hover:hover){.group-hover\:text-blue-500:is(:where(.group):hover *){color:var(--color-blue-500)}}.odd\:bg-white\/2:nth-child(odd){background-color:#ffffff05}@supports (color:color-mix(in lab,red,red)){.odd\:bg-white\/2:nth-child(odd){background-color:color-mix(in oklab,var(--color-white)2%,transparent)}}.even\:bg-white:nth-child(2n){background-color:var(--color-white)}@media (hover:hover){.hover\:bg-neutral-100:hover{background-color:var(--color-neutral-100)}.hover\:bg-neutral-200:hover{background-color:var(--color-neutral-200)}.hover\:bg-white\/50:hover{background-color:#ffffff80}@supports (color:color-mix(in lab,red,red)){.hover\:bg-white\/50:hover{background-color:color-mix(in oklab,var(--color-white)50%,transparent)}}.hover\:underline:hover{text-decoration-line:underline}}@media (min-width:40rem){.sm\:mb-16{margin-bottom:calc(var(--spacing)*16)}.sm\:p-14{padding:calc(var(--spacing)*14)}.sm\:py-0{padding-block:calc(var(--spacing)*0)}.sm\:pt-16{padding-top:calc(var(--spacing)*16)}.sm\:pb-0{padding-bottom:calc(var(--spacing)*0)}}@media (prefers-color-scheme:dark){:where(.dark\:divide-white\/5>:not(:last-child)){border-color:#ffffff0d}@supports (color:color-mix(in lab,red,red)){:where(.dark\:divide-white\/5>:not(:last-child)){border-color:color-mix(in oklab,var(--color-white)5%,transparent)}}:where(.dark\:divide-white\/10>:not(:last-child)){border-color:#ffffff1a}@supports (color:color-mix(in lab,red,red)){:where(.dark\:divide-white\/10>:not(:last-child)){border-color:color-mix(in oklab,var(--color-white)10%,transparent)}}.dark\:border{border-style:var(--tw-border-style);border-width:1px}.dark\:border-none{--tw-border-style:none;border-style:none}.dark\:border-amber-500{border-color:var(--color-amber-500)}.dark\:border-amber-800{border-color:var(--color-amber-800)}.dark\:border-blue-600{border-color:var(--color-blue-600)}.dark\:border-blue-800{border-color:var(--color-blue-800)}.dark\:border-emerald-500{border-color:var(--color-emerald-500)}.dark\:border-emerald-600{border-color:var(--color-emerald-600)}.dark\:border-neutral-500{border-color:var(--color-neutral-500)}.dark\:border-neutral-700{border-color:var(--color-neutral-700)}.dark\:border-neutral-800{border-color:var(--color-neutral-800)}.dark\:border-rose-500{border-color:var(--color-rose-500)}.dark\:border-rose-900{border-color:var(--color-rose-900)}.dark\:border-white\/5{border-color:#ffffff0d}@supports (color:color-mix(in lab,red,red)){.dark\:border-white\/5{border-color:color-mix(in oklab,var(--color-white)5%,transparent)}}.dark\:border-white\/8{border-color:#ffffff14}@supports (color:color-mix(in lab,red,red)){.dark\:border-white\/8{border-color:color-mix(in oklab,var(--color-white)8%,transparent)}}.dark\:border-white\/10{border-color:#ffffff1a}@supports (color:color-mix(in lab,red,red)){.dark\:border-white\/10{border-color:color-mix(in oklab,var(--color-white)10%,transparent)}}.dark\:border-white\/20{border-color:#fff3}@supports (color:color-mix(in lab,red,red)){.dark\:border-white\/20{border-color:color-mix(in oklab,var(--color-white)20%,transparent)}}.dark\:border-white\/\[9\%\]{border-color:#ffffff17}@supports (color:color-mix(in lab,red,red)){.dark\:border-white\/\[9\%\]{border-color:color-mix(in oklab,var(--color-white)9%,transparent)}}.dark\:bg-\[\#1a1a1a\]{background-color:#1a1a1a}.dark\:bg-amber-600{background-color:var(--color-amber-600)}.dark\:bg-amber-950{background-color:var(--color-amber-950)}.dark\:bg-blue-700{background-color:var(--color-blue-700)}.dark\:bg-blue-950{background-color:var(--color-blue-950)}.dark\:bg-emerald-600{background-color:var(--color-emerald-600)}.dark\:bg-emerald-900\/70{background-color:#004e3bb3}@supports (color:color-mix(in lab,red,red)){.dark\:bg-emerald-900\/70{background-color:color-mix(in oklab,var(--color-emerald-900)70%,transparent)}}.dark\:bg-neutral-400{background-color:var(--color-neutral-400)}.dark\:bg-neutral-600{background-color:var(--color-neutral-600)}.dark\:bg-neutral-700{background-color:var(--color-neutral-700)}.dark\:bg-neutral-800{background-color:var(--color-neutral-800)}.dark\:bg-neutral-900{background-color:var(--color-neutral-900)}.dark\:bg-rose-600{background-color:var(--color-rose-600)}.dark\:bg-rose-900\!{background-color:var(--color-rose-900)!important}.dark\:bg-rose-950{background-color:var(--color-rose-950)}.dark\:bg-transparent{background-color:#0000}.dark\:bg-white{background-color:var(--color-white)}.dark\:bg-white\/1{background-color:#ffffff03}@supports (color:color-mix(in lab,red,red)){.dark\:bg-white\/1{background-color:color-mix(in oklab,var(--color-white)1%,transparent)}}.dark\:bg-white\/3{background-color:#ffffff08}@supports (color:color-mix(in lab,red,red)){.dark\:bg-white\/3{background-color:color-mix(in oklab,var(--color-white)3%,transparent)}}.dark\:bg-white\/5{background-color:#ffffff0d}@supports (color:color-mix(in lab,red,red)){.dark\:bg-white\/5{background-color:color-mix(in oklab,var(--color-white)5%,transparent)}}.dark\:bg-white\/10{background-color:#ffffff1a}@supports (color:color-mix(in lab,red,red)){.dark\:bg-white\/10{background-color:color-mix(in oklab,var(--color-white)10%,transparent)}}.dark\:bg-white\/\[2\%\]{background-color:#ffffff05}@supports (color:color-mix(in lab,red,red)){.dark\:bg-white\/\[2\%\]{background-color:color-mix(in oklab,var(--color-white)2%,transparent)}}.dark\:bg-white\/\[3\%\]{background-color:#ffffff08}@supports (color:color-mix(in lab,red,red)){.dark\:bg-white\/\[3\%\]{background-color:color-mix(in oklab,var(--color-white)3%,transparent)}}.dark\:text-amber-300{color:var(--color-amber-300)}.dark\:text-blue-300{color:var(--color-blue-300)}.dark\:text-emerald-400{color:var(--color-emerald-400)}.dark\:text-emerald-500{color:var(--color-emerald-500)}.dark\:text-neutral-100{color:var(--color-neutral-100)}.dark\:text-neutral-200{color:var(--color-neutral-200)}.dark\:text-neutral-300{color:var(--color-neutral-300)}.dark\:text-neutral-400{color:var(--color-neutral-400)}.dark\:text-neutral-500{color:var(--color-neutral-500)}.dark\:text-neutral-600{color:var(--color-neutral-600)}.dark\:text-neutral-600\!{color:var(--color-neutral-600)!important}.dark\:text-neutral-900{color:var(--color-neutral-900)}.dark\:text-rose-100{color:var(--color-rose-100)}.dark\:text-white{color:var(--color-white)}.dark\:text-white\!{color:var(--color-white)!important}}@media (hover:hover){@media (prefers-color-scheme:dark){.group-hover\:dark\:text-emerald-500:is(:where(.group):hover *){color:var(--color-emerald-500)}}}@media (prefers-color-scheme:dark){.odd\:dark\:bg-white\/4:nth-child(odd){background-color:#ffffff0a}@supports (color:color-mix(in lab,red,red)){.odd\:dark\:bg-white\/4:nth-child(odd){background-color:color-mix(in oklab,var(--color-white)4%,transparent)}}.even\:dark\:bg-white\/2:nth-child(2n){background-color:#ffffff05}@supports (color:color-mix(in lab,red,red)){.even\:dark\:bg-white\/2:nth-child(2n){background-color:color-mix(in oklab,var(--color-white)2%,transparent)}}@media (hover:hover){.dark\:hover\:bg-white\/2:hover{background-color:#ffffff05}@supports (color:color-mix(in lab,red,red)){.dark\:hover\:bg-white\/2:hover{background-color:color-mix(in oklab,var(--color-white)2%,transparent)}}.dark\:hover\:bg-white\/5:hover{background-color:#ffffff0d}@supports (color:color-mix(in lab,red,red)){.dark\:hover\:bg-white\/5:hover{background-color:color-mix(in oklab,var(--color-white)5%,transparent)}}.dark\:hover\:bg-white\/10:hover{background-color:#ffffff1a}@supports (color:color-mix(in lab,red,red)){.dark\:hover\:bg-white\/10:hover{background-color:color-mix(in oklab,var(--color-white)10%,transparent)}}}}@media (hover:hover){@media (prefers-color-scheme:dark){.hover\:dark\:bg-white\/5:hover{background-color:#ffffff0d}@supports (color:color-mix(in lab,red,red)){.hover\:dark\:bg-white\/5:hover{background-color:color-mix(in oklab,var(--color-white)5%,transparent)}}.hover\:dark\:text-white:hover{color:var(--color-white)}}}.\[\&_svg\]\:size-2\.5 svg{width:calc(var(--spacing)*2.5);height:calc(var(--spacing)*2.5)}.\[\&_svg\]\:\!text-white svg{color:var(--color-white)!important}@media (hover:hover){.hover\:\[\&_svg\]\:stroke-emerald-500:hover svg{stroke:var(--color-emerald-500)}}@media (prefers-color-scheme:dark){.dark\:\[\&_svg\]\:\!text-white svg{color:var(--color-white)!important}}}@property --tw-animation-delay{syntax:"*";inherits:false;initial-value:0s}@property --tw-animation-direction{syntax:"*";inherits:false;initial-value:normal}@property --tw-animation-duration{syntax:"*";inherits:false}@property --tw-animation-fill-mode{syntax:"*";inherits:false;initial-value:none}@property --tw-animation-iteration-count{syntax:"*";inherits:false;initial-value:1}@property --tw-enter-blur{syntax:"*";inherits:false;initial-value:0}@property --tw-enter-opacity{syntax:"*";inherits:false;initial-value:1}@property --tw-enter-rotate{syntax:"*";inherits:false;initial-value:0}@property --tw-enter-scale{syntax:"*";inherits:false;initial-value:1}@property --tw-enter-translate-x{syntax:"*";inherits:false;initial-value:0}@property --tw-enter-translate-y{syntax:"*";inherits:false;initial-value:0}@property --tw-exit-blur{syntax:"*";inherits:false;initial-value:0}@property --tw-exit-opacity{syntax:"*";inherits:false;initial-value:1}@property --tw-exit-rotate{syntax:"*";inherits:false;initial-value:0}@property --tw-exit-scale{syntax:"*";inherits:false;initial-value:1}@property --tw-exit-translate-x{syntax:"*";inherits:false;initial-value:0}@property --tw-exit-translate-y{syntax:"*";inherits:false;initial-value:0}.tippy-box[data-animation=fade][data-state=hidden]{opacity:0}[data-tippy-root]{max-width:calc(100vw - 10px)}.tippy-box{color:#fff;white-space:normal;background-color:#333;border-radius:4px;outline:0;font-size:14px;line-height:1.4;transition-property:transform,visibility,opacity;position:relative}.tippy-box[data-placement^=top]>.tippy-arrow{bottom:0}.tippy-box[data-placement^=top]>.tippy-arrow:before{border-width:8px 8px 0;border-top-color:initial;transform-origin:top;bottom:-7px;left:0}.tippy-box[data-placement^=bottom]>.tippy-arrow{top:0}.tippy-box[data-placement^=bottom]>.tippy-arrow:before{border-width:0 8px 8px;border-bottom-color:initial;transform-origin:bottom;top:-7px;left:0}.tippy-box[data-placement^=left]>.tippy-arrow{right:0}.tippy-box[data-placement^=left]>.tippy-arrow:before{border-width:8px 0 8px 8px;border-left-color:initial;transform-origin:0;right:-7px}.tippy-box[data-placement^=right]>.tippy-arrow{left:0}.tippy-box[data-placement^=right]>.tippy-arrow:before{border-width:8px 8px 8px 0;border-right-color:initial;transform-origin:100%;left:-7px}.tippy-box[data-inertia][data-state=visible]{transition-timing-function:cubic-bezier(.54,1.5,.38,1.11)}.tippy-arrow{color:#333;width:16px;height:16px}.tippy-arrow:before{content:"";border-style:solid;border-color:#0000;position:absolute}.tippy-content{z-index:1;padding:5px 9px;position:relative}.tippy-box[data-animation=shift-away][data-state=hidden]{opacity:0}.tippy-box[data-animation=shift-away][data-state=hidden][data-placement^=top]{transform:translateY(10px)}.tippy-box[data-animation=shift-away][data-state=hidden][data-placement^=bottom]{transform:translateY(-10px)}.tippy-box[data-animation=shift-away][data-state=hidden][data-placement^=left]{transform:translate(10px)}.tippy-box[data-animation=shift-away][data-state=hidden][data-placement^=right]{transform:translate(-10px)}[x-cloak]{display:none!important}.tippy-box[data-theme~=laravel]{border-radius:var(--radius-md);border-style:var(--tw-border-style);font-size:var(--text-xs);line-height:var(--tw-leading,var(--text-xs--line-height));--tw-shadow:0 4px 6px -1px var(--tw-shadow-color,#0000001a),0 2px 4px -2px var(--tw-shadow-color,#0000001a);box-shadow:var(--tw-inset-shadow),var(--tw-inset-ring-shadow),var(--tw-ring-offset-shadow),var(--tw-ring-shadow),var(--tw-shadow);--tw-backdrop-blur:blur(var(--blur-md));-webkit-backdrop-filter:var(--tw-backdrop-blur,)var(--tw-backdrop-brightness,)var(--tw-backdrop-contrast,)var(--tw-backdrop-grayscale,)var(--tw-backdrop-hue-rotate,)var(--tw-backdrop-invert,)var(--tw-backdrop-opacity,)var(--tw-backdrop-saturate,)var(--tw-backdrop-sepia,);backdrop-filter:var(--tw-backdrop-blur,)var(--tw-backdrop-brightness,)var(--tw-backdrop-contrast,)var(--tw-backdrop-grayscale,)var(--tw-backdrop-hue-rotate,)var(--tw-backdrop-invert,)var(--tw-backdrop-opacity,)var(--tw-backdrop-saturate,)var(--tw-backdrop-sepia,);border-width:1px;border-color:var(--color-neutral-800);background-color:var(--color-neutral-900);color:var(--color-white);overflow-x:auto;max-width:var(--container-7xl)!important}@media (prefers-color-scheme:dark){.tippy-box[data-theme~=laravel]{border-color:var(--color-neutral-700);background-color:var(--color-neutral-800);color:var(--color-neutral-100)}}.tippy-content[data-theme~=laravel]{padding-inline:calc(var(--spacing)*2);padding-block:calc(var(--spacing)*1)}@media (prefers-color-scheme:dark){.shiki,.shiki span{color:var(--shiki-dark)!important;font-style:var(--shiki-dark-font-style)!important;font-weight:var(--shiki-dark-font-weight)!important;-webkit-text-decoration:var(--shiki-dark-text-decoration)!important;text-decoration:var(--shiki-dark-text-decoration)!important}}@property --tw-rotate-x{syntax:"*";inherits:false}@property --tw-rotate-y{syntax:"*";inherits:false}@property --tw-rotate-z{syntax:"*";inherits:false}@property --tw-skew-x{syntax:"*";inherits:false}@property --tw-skew-y{syntax:"*";inherits:false}@property --tw-divide-x-reverse{syntax:"*";inherits:false;initial-value:0}@property --tw-border-style{syntax:"*";inherits:false;initial-value:solid}@property --tw-divide-y-reverse{syntax:"*";inherits:false;initial-value:0}@property --tw-leading{syntax:"*";inherits:false}@property --tw-font-weight{syntax:"*";inherits:false}@property --tw-shadow{syntax:"*";inherits:false;initial-value:0 0 #0000}@property --tw-shadow-color{syntax:"*";inherits:false}@property --tw-shadow-alpha{syntax:"<percentage>";inherits:false;initial-value:100%}@property --tw-inset-shadow{syntax:"*";inherits:false;initial-value:0 0 #0000}@property --tw-inset-shadow-color{syntax:"*";inherits:false}@property --tw-inset-shadow-alpha{syntax:"<percentage>";inherits:false;initial-value:100%}@property --tw-ring-color{syntax:"*";inherits:false}@property --tw-ring-shadow{syntax:"*";inherits:false;initial-value:0 0 #0000}@property --tw-inset-ring-color{syntax:"*";inherits:false}@property --tw-inset-ring-shadow{syntax:"*";inherits:false;initial-value:0 0 #0000}@property --tw-ring-inset{syntax:"*";inherits:false}@property --tw-ring-offset-width{syntax:"<length>";inherits:false;initial-value:0}@property --tw-ring-offset-color{syntax:"*";inherits:false;initial-value:#fff}@property --tw-ring-offset-shadow{syntax:"*";inherits:false;initial-value:0 0 #0000}@property --tw-blur{syntax:"*";inherits:false}@property --tw-brightness{syntax:"*";inherits:false}@property --tw-contrast{syntax:"*";inherits:false}@property --tw-grayscale{syntax:"*";inherits:false}@property --tw-hue-rotate{syntax:"*";inherits:false}@property --tw-invert{syntax:"*";inherits:false}@property --tw-opacity{syntax:"*";inherits:false}@property --tw-saturate{syntax:"*";inherits:false}@property --tw-sepia{syntax:"*";inherits:false}@property --tw-drop-shadow{syntax:"*";inherits:false}@property --tw-drop-shadow-color{syntax:"*";inherits:false}@property --tw-drop-shadow-alpha{syntax:"<percentage>";inherits:false;initial-value:100%}@property --tw-drop-shadow-size{syntax:"*";inherits:false}@property --tw-duration{syntax:"*";inherits:false}@property --tw-ease{syntax:"*";inherits:false}@property --tw-backdrop-blur{syntax:"*";inherits:false}@property --tw-backdrop-brightness{syntax:"*";inherits:false}@property --tw-backdrop-contrast{syntax:"*";inherits:false}@property --tw-backdrop-grayscale{syntax:"*";inherits:false}@property --tw-backdrop-hue-rotate{syntax:"*";inherits:false}@property --tw-backdrop-invert{syntax:"*";inherits:false}@property --tw-backdrop-opacity{syntax:"*";inherits:false}@property --tw-backdrop-saturate{syntax:"*";inherits:false}@property --tw-backdrop-sepia{syntax:"*";inherits:false}
</style>
</head>
<body class="font-sans antialiased overflow-x-hidden bg-neutral-50 dark:bg-neutral-900 dark:text-white scheme-light-dark">
    <div class="min-h-dvh">
        <section
    class="w-full max-w-7xl mx-auto p-4 sm:p-14 border-x border-dashed border-neutral-300 dark:border-white/[9%] px-6 py-0 sm:py-0"
>
    <script>
    const markdown = '# RuntimeException - Internal Server Error\n\nThis password does not use the Bcrypt algorithm.\n\nPHP 8.3.27\nLaravel 12.51.0\n127.0.0.1:8000\n\n## Stack Trace\n\n0 - vendor\\laravel\\framework\\src\\Illuminate\\Hashing\\BcryptHasher.php:89\n1 - vendor\\laravel\\framework\\src\\Illuminate\\Hashing\\HashManager.php:76\n2 - vendor\\laravel\\framework\\src\\Illuminate\\Support\\Facades\\Facade.php:363\n3 - app\\Http\\Controllers\\NewLoginController.php:53\n4 - vendor\\laravel\\framework\\src\\Illuminate\\Routing\\ControllerDispatcher.php:46\n5 - vendor\\laravel\\framework\\src\\Illuminate\\Routing\\Route.php:265\n6 - vendor\\laravel\\framework\\src\\Illuminate\\Routing\\Route.php:211\n7 - vendor\\laravel\\framework\\src\\Illuminate\\Routing\\Router.php:822\n8 - vendor\\laravel\\framework\\src\\Illuminate\\Pipeline\\Pipeline.php:180\n9 - vendor\\laravel\\framework\\src\\Illuminate\\Routing\\Middleware\\SubstituteBindings.php:50\n10 - vendor\\laravel\\framework\\src\\Illuminate\\Pipeline\\Pipeline.php:219\n11 - vendor\\laravel\\framework\\src\\Illuminate\\Pipeline\\Pipeline.php:137\n12 - vendor\\laravel\\framework\\src\\Illuminate\\Routing\\Router.php:821\n13 - vendor\\laravel\\framework\\src\\Illuminate\\Routing\\Router.php:800\n14 - vendor\\laravel\\framework\\src\\Illuminate\\Routing\\Router.php:764\n15 - vendor\\laravel\\framework\\src\\Illuminate\\Routing\\Router.php:753\n16 - vendor\\laravel\\framework\\src\\Illuminate\\Foundation\\Http\\Kernel.php:200\n17 - vendor\\laravel\\framework\\src\\Illuminate\\Pipeline\\Pipeline.php:180\n18 - vendor\\laravel\\framework\\src\\Illuminate\\Foundation\\Http\\Middleware\\TransformsRequest.php:21\n19 - vendor\\laravel\\framework\\src\\Illuminate\\Foundation\\Http\\Middleware\\ConvertEmptyStringsToNull.php:31\n20 - vendor\\laravel\\framework\\src\\Illuminate\\Pipeline\\Pipeline.php:219\n21 - vendor\\laravel\\framework\\src\\Illuminate\\Foundation\\Http\\Middleware\\TransformsRequest.php:21\n22 - vendor\\laravel\\framework\\src\\Illuminate\\Foundation\\Http\\Middleware\\TrimStrings.php:51\n23 - vendor\\laravel\\framework\\src\\Illuminate\\Pipeline\\Pipeline.php:219\n24 - vendor\\laravel\\framework\\src\\Illuminate\\Http\\Middleware\\ValidatePostSize.php:27\n25 - vendor\\laravel\\framework\\src\\Illuminate\\Pipeline\\Pipeline.php:219\n26 - vendor\\laravel\\framework\\src\\Illuminate\\Foundation\\Http\\Middleware\\PreventRequestsDuringMaintenance.php:109\n27 - vendor\\laravel\\framework\\src\\Illuminate\\Pipeline\\Pipeline.php:219\n28 - vendor\\laravel\\framework\\src\\Illuminate\\Http\\Middleware\\HandleCors.php:74\n29 - vendor\\laravel\\framework\\src\\Illuminate\\Pipeline\\Pipeline.php:219\n30 - vendor\\laravel\\framework\\src\\Illuminate\\Http\\Middleware\\TrustProxies.php:58\n31 - vendor\\laravel\\framework\\src\\Illuminate\\Pipeline\\Pipeline.php:219\n32 - vendor\\laravel\\framework\\src\\Illuminate\\Foundation\\Http\\Middleware\\InvokeDeferredCallbacks.php:22\n33 - vendor\\laravel\\framework\\src\\Illuminate\\Pipeline\\Pipeline.php:219\n34 - vendor\\laravel\\framework\\src\\Illuminate\\Http\\Middleware\\ValidatePathEncoding.php:26\n35 - vendor\\laravel\\framework\\src\\Illuminate\\Pipeline\\Pipeline.php:219\n36 - vendor\\laravel\\framework\\src\\Illuminate\\Pipeline\\Pipeline.php:137\n37 - vendor\\laravel\\framework\\src\\Illuminate\\Foundation\\Http\\Kernel.php:175\n38 - vendor\\laravel\\framework\\src\\Illuminate\\Foundation\\Http\\Kernel.php:144\n39 - vendor\\laravel\\framework\\src\\Illuminate\\Foundation\\Application.php:1220\n40 - public\\index.php:20\n41 - vendor\\laravel\\framework\\src\\Illuminate\\Foundation\\resources\\server.php:23\n\n## Request\n\nPOST \/api\/login-new\n\n## Headers\n\n* **host**: 127.0.0.1:8000\n* **user-agent**: curl\/8.13.0\n* **accept**: *\/*\n* **content-type**: application\/json\n* **content-length**: 71\n\n## Route Context\n\ncontroller: App\\Http\\Controllers\\NewLoginController@login\nmiddleware: api\n\n## Route Parameters\n\nNo route parameter data available.\n\n## Database Queries\n\n* mysql - select * from `users` where `email` = \u00272021001@student.polije.ac.id\u0027 limit 1 (21.17 ms)\n'
</script>

<div
    class="flex items-center justify-between"
    x-data="{
        copied: false,
        async copyToClipboard() {
            try {
                await window.copyToClipboard(markdown);
                this.copied = true;
                setTimeout(() => { this.copied = false }, 3000);
            } catch (err) {
                console.error('Failed to copy the markdown: ', err);
            }
        }
    }"
>
    <div class="flex items-center gap-2 h-[56px]">
        <div class="w-[18px] h-[18px] flex items-center justify-center bg-rose-500 rounded-md">
            <svg width="2" height="10" class="text-white" viewBox="0 0 2 10" fill="none" xmlns="http://www.w3.org/2000/svg">
                <path d="M1.00006 6.3188C1.41416 6.3188 1.75006 5.98295 1.75006 5.56885V1.43115C1.75006 1.01705 1.41416 0.681152 1.00006 0.681152C0.585961 0.681152 0.250061 1.01705 0.250061 1.43115V5.56885C0.250061 5.98295 0.585961 6.3188 1.00006 6.3188Z" fill="currentColor" />
                <path d="M1.00006 9.41699C1.55235 9.41699 2.00007 8.96929 2.00007 8.41699C2.00007 7.86469 1.55235 7.41699 1.00006 7.41699C0.447781 7.41699 6.10352e-05 7.86469 6.10352e-05 8.41699C6.10352e-05 8.96929 0.447781 9.41699 1.00006 9.41699Z" fill="currentColor "/>
            </svg>
        </div>
        <div class="font-medium text-sm text-neutral-900 dark:text-white">
            Internal Server Error
        </div>
    </div>

    <button
        x-cloak
        class="text-sm rounded-md border px-3 h-8 flex items-center gap-2 transition-colors duration-200 ease-in-out cursor-pointer shadow-xs text-neutral-600 dark:text-neutral-400 bg-white/5 border-neutral-200 hover:bg-neutral-100 dark:bg-white/5 dark:border-white/10 dark:hover:bg-white/10"
        @click="copyToClipboard()"
    >
        <svg xmlns="http://www.w3.org/2000/svg" width="12" height="12" viewBox="0 0 12 12" fill="none" class="w-3 h-3" x-show="!copied">
  <g clip-path="url(#clip0_14732_6079)">
    <path d="M4.25 4.25012V1.25012H10.75V7.75012H7.75M7.75 4.25012H1.25V10.7501H7.75V4.25012Z" stroke="currentColor" stroke-linecap="round" stroke-linejoin="round"/>
  </g>
  <defs>
    <clipPath id="clip0_14732_6079">
      <rect width="12" height="12" />
    </clipPath>
  </defs>
</svg>
        <svg fill="none" stroke="currentColor" viewBox="0 0 24 24" class="w-3 h-3 text-emerald-500" x-show="copied">
    <path stroke-linecap="round" stroke-linejoin="round" stroke-width="2" d="M5 13l4 4L19 7"></path>
</svg>
        <span x-text="copied ? 'Copied to clipboard' : 'Copy as Markdown'"></span>
    </button>
</div>
</section>

    <div class="h-0 w-full relative">
    <div class="absolute top-[-1px] left-0 right-0 bottom-0 border-t border-dashed border-neutral-300 dark:border-white/[9%]"></div>
</div>

    <section
    class="w-full max-w-7xl mx-auto p-4 sm:p-14 border-x border-dashed border-neutral-300 dark:border-white/[9%] flex flex-col gap-8 py-0 sm:py-0"
>
    <div class="flex flex-col pt-8 sm:pt-16 overflow-x-auto">
    <div class="flex flex-col gap-5 mb-8">
        <h1 class="text-3xl font-semibold text-neutral-950 dark:text-white">RuntimeException</h1>
        <div
    class="truncate font-mono text-xs text-neutral-500 dark:text-neutral-400 -mt-3 text-xs"
    dir="ltr"
>
    <span data-tippy-content="vendor\laravel\framework\src\Illuminate\Hashing\BcryptHasher.php:89">
                    vendor\laravel\framework\src\Illuminate\Hashing\BcryptHasher.php<span class="text-neutral-500">:89</span>
            </span>
</div>
        <p class="text-xl font-light text-neutral-800 dark:text-neutral-300">
            This password does not use the Bcrypt algorithm.
        </p>
    </div>

    <div class="flex items-start gap-2 mb-8 sm:mb-16">
        <div class="bg-white dark:bg-white/[3%] border border-neutral-200 dark:border-white/10 divide-x divide-neutral-200 dark:divide-white/10 rounded-md shadow-xs flex items-center gap-0.5">
            <div class="flex items-center gap-1.5 h-6 px-[6px] font-mono text-[13px]">
                <span class="text-neutral-400 dark:text-neutral-500">LARAVEL</span>
                <span class="text-neutral-500 dark:text-neutral-300">12.51.0</span>
            </div>
            <div class="flex items-center gap-1.5 h-6 px-[6px] font-mono text-[13px]">
                <span class="text-neutral-400 dark:text-neutral-500">PHP</span>
                <span class="text-neutral-500 dark:text-neutral-300">8.3.27</span>
            </div>
        </div>
        <div class="inline-flex w-fit shrink-0 items-center justify-center gap-1 font-mono leading-3 uppercase transition-colors dark:border [&amp;_svg]:size-2.5 h-6 min-w-5 rounded-md px-1.5 text-xs/none bg-rose-200 text-rose-900 dark:border-rose-900 dark:bg-rose-950 dark:text-rose-100 dark:[&amp;_svg]:!text-white">
    <svg width="10" height="10" viewBox="0 0 10 10" fill="none" xmlns="http://www.w3.org/2000/svg" class="w-2.5 h-2.5">
    <g clip-path="url(#clip0_14732_6105)">
        <path d="M9.87466 7.8287L5.92654 0.549947C5.82917 0.369362 5.68068 0.221523 5.49966 0.124947C5.25374 -0.00665839 4.9658 -0.0358401 4.69847 0.0437494C4.43115 0.123339 4.20606 0.305262 4.07216 0.549947L0.124664 7.8287C0.0383472 7.98887 -0.00481098 8.16875 -0.000569449 8.35066C0.00367208 8.53256 0.0551674 8.71024 0.148856 8.86622C0.242546 9.0222 0.375205 9.15112 0.533798 9.24031C0.692391 9.32951 0.871462 9.37591 1.05341 9.37495H8.94591C9.12031 9.37495 9.29203 9.33202 9.44591 9.24995C9.56783 9.18524 9.67572 9.09703 9.76338 8.99041C9.85104 8.8838 9.91672 8.76088 9.95663 8.62876C9.99655 8.49663 10.0099 8.35791 9.99595 8.22059C9.98199 8.08328 9.94036 7.95009 9.87466 7.8287ZM4.99966 8.12495C4.87605 8.12495 4.75521 8.08829 4.65243 8.01962C4.54965 7.95094 4.46954 7.85333 4.42224 7.73912C4.37493 7.62492 4.36256 7.49925 4.38667 7.37802C4.41079 7.25678 4.47031 7.14541 4.55772 7.05801C4.64513 6.9706 4.75649 6.91107 4.87773 6.88696C4.99897 6.86284 5.12464 6.87522 5.23884 6.92252C5.35304 6.96983 5.45066 7.04993 5.51933 7.15272C5.58801 7.2555 5.62466 7.37633 5.62466 7.49995C5.62466 7.66571 5.55882 7.82468 5.44161 7.94189C5.3244 8.0591 5.16542 8.12495 4.99966 8.12495ZM5.62466 5.93745C5.62466 6.02033 5.59174 6.09981 5.53313 6.15842C5.47453 6.21702 5.39504 6.24995 5.31216 6.24995H4.68716C4.60428 6.24995 4.5248 6.21702 4.46619 6.15842C4.40759 6.09981 4.37466 6.02033 4.37466 5.93745V3.43745C4.37466 3.35457 4.40759 3.27508 4.46619 3.21648C4.5248 3.15787 4.60428 3.12495 4.68716 3.12495H5.31216C5.39504 3.12495 5.47453 3.15787 5.53313 3.21648C5.59174 3.27508 5.62466 3.35457 5.62466 3.43745V5.93745Z" fill="currentColor" />
    </g>
    <defs>
        <clipPath id="clip0_14732_6105">
            <rect width="10" height="10" />
        </clipPath>
    </defs>
</svg>
            UNHANDLED
</div>
        <div class="inline-flex w-fit shrink-0 items-center justify-center gap-1 font-mono leading-3 uppercase transition-colors dark:border [&amp;_svg]:size-2.5 h-6 min-w-5 rounded-md px-1.5 text-xs/none bg-rose-600 dark:border-rose-500 dark:bg-rose-600 text-white dark:text-white [&amp;_svg]:!text-white">
    CODE 0
</div>
    </div>

    <div
    x-data="{
        copied: false,
        async copyToClipboard() {
            try {
                await window.copyToClipboard('http://127.0.0.1:8000/api/login-new');
                this.copied = true;
                setTimeout(() => { this.copied = false }, 3000);
            } catch (err) {
                console.error('Failed to copy the requestURL: ', err);
            }
        }
    }"
    class="bg-white dark:bg-[#1a1a1a] border border-neutral-200 dark:border-white/10 rounded-lg flex items-center justify-between h-10 px-2 shadow-xs relative z-50"
>
    <div class="flex items-center gap-3 w-full">
        <div class="inline-flex w-fit shrink-0 items-center justify-center gap-1 font-mono leading-3 uppercase transition-colors dark:border [&amp;_svg]:size-2.5 h-6 min-w-5 rounded-md px-1.5 text-xs/none bg-rose-600 dark:border-rose-500 dark:bg-rose-600 text-white dark:text-white [&amp;_svg]:!text-white">
    <svg width="10" height="10" viewBox="0 0 10 10" fill="none" xmlns="http://www.w3.org/2000/svg" class="w-2.5 h-2.5">
    <g clip-path="url(#clip0_14732_6105)">
        <path d="M9.87466 7.8287L5.92654 0.549947C5.82917 0.369362 5.68068 0.221523 5.49966 0.124947C5.25374 -0.00665839 4.9658 -0.0358401 4.69847 0.0437494C4.43115 0.123339 4.20606 0.305262 4.07216 0.549947L0.124664 7.8287C0.0383472 7.98887 -0.00481098 8.16875 -0.000569449 8.35066C0.00367208 8.53256 0.0551674 8.71024 0.148856 8.86622C0.242546 9.0222 0.375205 9.15112 0.533798 9.24031C0.692391 9.32951 0.871462 9.37591 1.05341 9.37495H8.94591C9.12031 9.37495 9.29203 9.33202 9.44591 9.24995C9.56783 9.18524 9.67572 9.09703 9.76338 8.99041C9.85104 8.8838 9.91672 8.76088 9.95663 8.62876C9.99655 8.49663 10.0099 8.35791 9.99595 8.22059C9.98199 8.08328 9.94036 7.95009 9.87466 7.8287ZM4.99966 8.12495C4.87605 8.12495 4.75521 8.08829 4.65243 8.01962C4.54965 7.95094 4.46954 7.85333 4.42224 7.73912C4.37493 7.62492 4.36256 7.49925 4.38667 7.37802C4.41079 7.25678 4.47031 7.14541 4.55772 7.05801C4.64513 6.9706 4.75649 6.91107 4.87773 6.88696C4.99897 6.86284 5.12464 6.87522 5.23884 6.92252C5.35304 6.96983 5.45066 7.04993 5.51933 7.15272C5.58801 7.2555 5.62466 7.37633 5.62466 7.49995C5.62466 7.66571 5.55882 7.82468 5.44161 7.94189C5.3244 8.0591 5.16542 8.12495 4.99966 8.12495ZM5.62466 5.93745C5.62466 6.02033 5.59174 6.09981 5.53313 6.15842C5.47453 6.21702 5.39504 6.24995 5.31216 6.24995H4.68716C4.60428 6.24995 4.5248 6.21702 4.46619 6.15842C4.40759 6.09981 4.37466 6.02033 4.37466 5.93745V3.43745C4.37466 3.35457 4.40759 3.27508 4.46619 3.21648C4.5248 3.15787 4.60428 3.12495 4.68716 3.12495H5.31216C5.39504 3.12495 5.47453 3.15787 5.53313 3.21648C5.59174 3.27508 5.62466 3.35457 5.62466 3.43745V5.93745Z" fill="currentColor" />
    </g>
    <defs>
        <clipPath id="clip0_14732_6105">
            <rect width="10" height="10" />
        </clipPath>
    </defs>
</svg>
            500
</div>
        <div class="inline-flex w-fit shrink-0 items-center justify-center gap-1 font-mono leading-3 uppercase transition-colors dark:border [&amp;_svg]:size-2.5 h-6 min-w-5 rounded-md px-1.5 text-xs/none bg-emerald-200 text-emerald-900 dark:border-emerald-600 dark:bg-emerald-900/70 dark:text-emerald-400">
    <svg width="12" height="12" viewBox="0 0 12 12" fill="none" xmlns="http://www.w3.org/2000/svg" class="w-2.5 h-2.5">
    <path d="M5.99996 10.6876C7.10936 10.6876 8.00871 8.58896 8.00871 6.00012C8.00871 3.41129 7.10936 1.31262 5.99996 1.31262C4.89056 1.31262 3.99121 3.41129 3.99121 6.00012C3.99121 8.58896 4.89056 10.6876 5.99996 10.6876Z" stroke="currentColor" stroke-linecap="round" stroke-linejoin="round"/>
    <path d="M1.3125 6.00012H10.6875" stroke="currentColor" stroke-linecap="round" stroke-linejoin="round"/>
    <path d="M6 10.6876C8.58883 10.6876 10.6875 8.58896 10.6875 6.00012C10.6875 3.41129 8.58883 1.31262 6 1.31262C3.41117 1.31262 1.3125 3.41129 1.3125 6.00012C1.3125 8.58896 3.41117 10.6876 6 10.6876Z" stroke="currentColor" stroke-linecap="round" stroke-linejoin="round"/>
</svg>
    POST
</div>
        <div class="flex-1 text-sm font-light truncate text-neutral-950 dark:text-white">
            <span data-tippy-content="http://127.0.0.1:8000/api/login-new">
                http://127.0.0.1:8000/api/login-new
            </span>
        </div>
        <button
            x-cloak
            @click="copyToClipboard()"
            class="rounded-md w-6 h-6 flex flex-shrink-0 items-center justify-center cursor-pointer border transition-colors duration-200 ease-in-out bg-white/5 border-neutral-200 hover:bg-neutral-100 dark:bg-white/5 dark:border-white/10 dark:hover:bg-white/10"
        >
            <svg xmlns="http://www.w3.org/2000/svg" width="12" height="12" viewBox="0 0 12 12" fill="none" class="w-3 h-3 text-neutral-400" x-show="!copied">
  <g clip-path="url(#clip0_14732_6079)">
    <path d="M4.25 4.25012V1.25012H10.75V7.75012H7.75M7.75 4.25012H1.25V10.7501H7.75V4.25012Z" stroke="currentColor" stroke-linecap="round" stroke-linejoin="round"/>
  </g>
  <defs>
    <clipPath id="clip0_14732_6079">
      <rect width="12" height="12" />
    </clipPath>
  </defs>
</svg>
            <svg fill="none" stroke="currentColor" viewBox="0 0 24 24" class="w-3 h-3 text-emerald-500" x-show="copied">
    <path stroke-linecap="round" stroke-linejoin="round" stroke-width="2" d="M5 13l4 4L19 7"></path>
</svg>
        </button>
    </div>
</div>
</div>
</section>

    <div class="h-0 w-full relative -mt-5 -z-10">
    <div class="absolute top-[-1px] left-0 right-0 bottom-0 border-t border-dashed border-neutral-300 dark:border-white/[9%]"></div>
</div>

    <section
    class="w-full max-w-7xl mx-auto p-4 sm:p-14 border-x border-dashed border-neutral-300 dark:border-white/[9%] flex flex-col gap-8 pt-14"
>
    <div class="flex flex-col gap-2.5 bg-neutral-50 dark:bg-white/1 border border-neutral-200 dark:border-neutral-800 rounded-xl p-2.5 shadow-xs">
    <div class="flex items-center gap-2.5 p-2">
        <div class="bg-white dark:bg-neutral-800 border border-neutral-200 dark:border-white/5 rounded-md w-6 h-6 flex items-center justify-center p-1">
            <svg width="10" height="10" viewBox="0 0 10 10" fill="none" xmlns="http://www.w3.org/2000/svg" class="w-2.5 h-2.5 text-blue-500 dark:text-emerald-500">
    <g clip-path="url(#clip0_14732_6105)">
        <path d="M9.87466 7.8287L5.92654 0.549947C5.82917 0.369362 5.68068 0.221523 5.49966 0.124947C5.25374 -0.00665839 4.9658 -0.0358401 4.69847 0.0437494C4.43115 0.123339 4.20606 0.305262 4.07216 0.549947L0.124664 7.8287C0.0383472 7.98887 -0.00481098 8.16875 -0.000569449 8.35066C0.00367208 8.53256 0.0551674 8.71024 0.148856 8.86622C0.242546 9.0222 0.375205 9.15112 0.533798 9.24031C0.692391 9.32951 0.871462 9.37591 1.05341 9.37495H8.94591C9.12031 9.37495 9.29203 9.33202 9.44591 9.24995C9.56783 9.18524 9.67572 9.09703 9.76338 8.99041C9.85104 8.8838 9.91672 8.76088 9.95663 8.62876C9.99655 8.49663 10.0099 8.35791 9.99595 8.22059C9.98199 8.08328 9.94036 7.95009 9.87466 7.8287ZM4.99966 8.12495C4.87605 8.12495 4.75521 8.08829 4.65243 8.01962C4.54965 7.95094 4.46954 7.85333 4.42224 7.73912C4.37493 7.62492 4.36256 7.49925 4.38667 7.37802C4.41079 7.25678 4.47031 7.14541 4.55772 7.05801C4.64513 6.9706 4.75649 6.91107 4.87773 6.88696C4.99897 6.86284 5.12464 6.87522 5.23884 6.92252C5.35304 6.96983 5.45066 7.04993 5.51933 7.15272C5.58801 7.2555 5.62466 7.37633 5.62466 7.49995C5.62466 7.66571 5.55882 7.82468 5.44161 7.94189C5.3244 8.0591 5.16542 8.12495 4.99966 8.12495ZM5.62466 5.93745C5.62466 6.02033 5.59174 6.09981 5.53313 6.15842C5.47453 6.21702 5.39504 6.24995 5.31216 6.24995H4.68716C4.60428 6.24995 4.5248 6.21702 4.46619 6.15842C4.40759 6.09981 4.37466 6.02033 4.37466 5.93745V3.43745C4.37466 3.35457 4.40759 3.27508 4.46619 3.21648C4.5248 3.15787 4.60428 3.12495 4.68716 3.12495H5.31216C5.39504 3.12495 5.47453 3.15787 5.53313 3.21648C5.59174 3.27508 5.62466 3.35457 5.62466 3.43745V5.93745Z" fill="currentColor" />
    </g>
    <defs>
        <clipPath id="clip0_14732_6105">
            <rect width="10" height="10" />
        </clipPath>
    </defs>
</svg>
        </div>
        <h3 class="text-base font-semibold text-neutral-900 dark:text-white">Exception trace</h3>
    </div>

    <div class="flex flex-col gap-1.5">
                                    <div
    x-data="{ expanded: false }"
    class="group rounded-lg border border-neutral-200 dark:border-white/5"
    :class="{
        'bg-white dark:bg-white/5 shadow-xs': expanded,
        'border-dashed border-neutral-300 bg-neutral-50 opacity-90 dark:border-white/10 dark:bg-white/1': !expanded,
    }"
>
    <div
        class="flex h-11 cursor-pointer items-center gap-3 rounded-lg pr-2.5 pl-4 hover:bg-white/50 dark:hover:bg-white/2"
        @click="expanded = !expanded"
    >
        <svg width="12" height="12" viewBox="0 0 12 12" fill="none" xmlns="http://www.w3.org/2000/svg" class="w-3 h-3 text-neutral-400" x-show="!expanded" x-cloak="x-cloak">
    <path d="M2.75 2.75H5.614L5.316 2.114C5.069 1.587 4.54 1.25 3.958 1.25H2.25C1.422 1.25 0.75 1.922 0.75 2.75V4.75C0.75 3.645 1.645 2.75 2.75 2.75Z" />
    <path d="M0.75 4.75V2.75C0.75 1.922 1.422 1.25 2.25 1.25H3.958C4.54 1.25 5.069 1.587 5.316 2.114L5.614 2.75" stroke="currentColor" stroke-linecap="round" stroke-linejoin="round"/>
    <path d="M2.75 2.75H9.25C10.355 2.75 11.25 3.645 11.25 4.75V8.25C11.25 9.355 10.355 10.25 9.25 10.25H2.75C1.645 10.25 0.75 9.355 0.75 8.25V4.75C0.75 3.645 1.645 2.75 2.75 2.75Z" stroke="currentColor" stroke-linecap="round" stroke-linejoin="round"/>
</svg>
        <svg width="12" height="12" viewBox="0 0 12 12" fill="none" xmlns="http://www.w3.org/2000/svg" class="w-3 h-3 text-blue-500 dark:text-emerald-500" x-show="expanded">
    <g clip-path="url(#clip0_14732_6211)">
        <path d="M1.75 5.25V2.75C1.75 1.922 2.422 1.25 3.25 1.25H4.202C4.808 1.25 5.381 1.525 5.761 1.998L6.364 2.75H8.25C9.355 2.75 10.25 3.645 10.25 4.75V5.25" stroke="currentColor" stroke-linecap="round" stroke-linejoin="round"/>
        <path d="M2.46801 5.25H9.53101C10.44 5.25 11.14 6.052 11.017 6.953L10.735 9.021C10.6 10.012 9.75301 10.751 8.75301 10.751H3.24601C2.24601 10.751 1.39901 10.012 1.26401 9.021L0.982011 6.953C0.859011 6.052 1.55901 5.25 2.46801 5.25Z" stroke="currentColor" stroke-linecap="round" stroke-linejoin="round"/>
    </g>
    <defs>
        <clipPath id="clip0_14732_6211">
            <rect width="12" height="12" />
        </clipPath>
    </defs>
</svg>

        <div class="flex-1 font-mono text-xs leading-3 text-neutral-900 dark:text-neutral-400">
            3 vendor frames
        </div>

        <button
            x-cloak
            type="button"
            class="flex h-6 w-6 cursor-pointer items-center justify-center rounded-md dark:border dark:border-white/8 group-hover:text-blue-500 group-hover:dark:text-emerald-500"
            :class="{
                'text-blue-500 dark:text-emerald-500 dark:bg-white/5': expanded,
                'text-neutral-500 dark:text-neutral-500 dark:bg-white/3': !expanded,
            }"
        >
            <svg xmlns="http://www.w3.org/2000/svg" width="8" height="12" viewBox="0 0 8 12" fill="none" x-show="expanded">
  <g clip-path="url(#clip0_14550_6168)">
    <path d="M6.75 11.0001L4 8.25012L1.25 11.0001" stroke="currentColor" stroke-linecap="round" stroke-linejoin="round"/>
    <path d="M6.75 1.50012L4 4.25012L1.25 1.50012" stroke="currentColor" stroke-linecap="round" stroke-linejoin="round"/>
  </g>
  <defs>
    <clipPath id="clip0_14550_6168">
      <rect width="8" height="11" fill="white" style="fill:white;fill-opacity:1;" transform="translate(0 0.500122)"/>
    </clipPath>
  </defs>
</svg>
            <svg xmlns="http://www.w3.org/2000/svg" width="12" height="12" viewBox="0 0 12 12" fill="none" x-show="!expanded">
  <g clip-path="url(#clip0_14550_6155)">
    <path d="M8.75 8.25012L6 11.0001L3.25 8.25012" stroke="currentColor" stroke-linecap="round" stroke-linejoin="round"/>
    <path d="M8.75 3.75012L6 1.00012L3.25 3.75012" stroke="currentColor" stroke-linecap="round" stroke-linejoin="round"/>
  </g>
  <defs>
    <clipPath id="clip0_14550_6155">
      <rect width="12" height="12" fill="white" style="fill:white;fill-opacity:1;"/>
    </clipPath>
  </defs>
</svg>
        </button>
    </div>

    <div x-cloak class="flex flex-col rounded-b-lg divide-y divide-neutral-200 border-t border-neutral-200 dark:divide-white/5 dark:border-white/5" x-show="expanded">
                    <div class="flex flex-col divide-y divide-neutral-200 dark:divide-white/5">
                <div class="grid gap-3 p-4 bg-neutral-50 dark:bg-transparent overflow-x-auto rounded-lg">
            <div class="flex">
            <div
    x-data="{ highlightedCode: null }"
    x-init="
        highlightedCode = window.highlight(
            'Illuminate\\Hashing\\BcryptHasher-\u003Echeck(object(SensitiveParameterValue), string, array)',
            'php',
            true,
            false,
            1,
            null
        );
    "
    class="text-xs min-w-0" data-tippy-content="Illuminate\Hashing\BcryptHasher-&gt;check(object(SensitiveParameterValue), string, array)"
>
    <div
        x-cloak
        x-html="highlightedCode"
    ></div>
    <div x-show="!highlightedCode"><pre class="truncate"><code>Illuminate\Hashing\BcryptHasher-&gt;check(object(SensitiveParameterValue), string, array)</code></pre></div>
</div>
        </div>
    
    <div
    class="truncate font-mono text-xs text-neutral-500 dark:text-neutral-400 text-xs"
    dir="ltr"
>
    <span data-tippy-content="vendor\laravel\framework\src\Illuminate\Hashing\BcryptHasher.php:89">
                    vendor\laravel\framework\src\Illuminate\Hashing\BcryptHasher.php<span class="text-neutral-500">:89</span>
            </span>
</div>
</div>
            </div>
                    <div class="flex flex-col divide-y divide-neutral-200 dark:divide-white/5">
                <div class="grid gap-3 p-4 bg-neutral-50 dark:bg-transparent overflow-x-auto rounded-lg">
            <div class="flex">
            <div
    x-data="{ highlightedCode: null }"
    x-init="
        highlightedCode = window.highlight(
            'Illuminate\\Hashing\\HashManager-\u003Echeck(object(SensitiveParameterValue), string)',
            'php',
            true,
            false,
            1,
            null
        );
    "
    class="text-xs min-w-0" data-tippy-content="Illuminate\Hashing\HashManager-&gt;check(object(SensitiveParameterValue), string)"
>
    <div
        x-cloak
        x-html="highlightedCode"
    ></div>
    <div x-show="!highlightedCode"><pre class="truncate"><code>Illuminate\Hashing\HashManager-&gt;check(object(SensitiveParameterValue), string)</code></pre></div>
</div>
        </div>
    
    <div
    class="truncate font-mono text-xs text-neutral-500 dark:text-neutral-400 text-xs"
    dir="ltr"
>
    <span data-tippy-content="vendor\laravel\framework\src\Illuminate\Hashing\HashManager.php:76">
                    vendor\laravel\framework\src\Illuminate\Hashing\HashManager.php<span class="text-neutral-500">:76</span>
            </span>
</div>
</div>
            </div>
                    <div class="flex flex-col divide-y divide-neutral-200 dark:divide-white/5">
                <div class="grid gap-3 p-4 bg-neutral-50 dark:bg-transparent overflow-x-auto rounded-lg">
            <div class="flex">
            <div
    x-data="{ highlightedCode: null }"
    x-init="
        highlightedCode = window.highlight(
            'Illuminate\\Support\\Facades\\Facade::__callStatic(string, array)',
            'php',
            true,
            false,
            1,
            null
        );
    "
    class="text-xs min-w-0" data-tippy-content="Illuminate\Support\Facades\Facade::__callStatic(string, array)"
>
    <div
        x-cloak
        x-html="highlightedCode"
    ></div>
    <div x-show="!highlightedCode"><pre class="truncate"><code>Illuminate\Support\Facades\Facade::__callStatic(string, array)</code></pre></div>
</div>
        </div>
    
    <div
    class="truncate font-mono text-xs text-neutral-500 dark:text-neutral-400 text-xs"
    dir="ltr"
>
    <span data-tippy-content="vendor\laravel\framework\src\Illuminate\Support\Facades\Facade.php:363">
                    vendor\laravel\framework\src\Illuminate\Support\Facades\Facade.php<span class="text-neutral-500">:363</span>
            </span>
</div>
</div>
            </div>
            </div>
</div>
                                                                    <div
    x-data="{
        expanded: true,
        hasCode: true
    }"
    class="group rounded-lg border border-neutral-200 dark:border-white/10 overflow-hidden shadow-xs"
    :class="{ 'dark:border-white/5': expanded }"
>
    <div
        class="flex h-11 items-center gap-3 bg-white pr-2.5 pl-4 overflow-x-auto dark:bg-white/3"
        :class="{
            'cursor-pointer hover:bg-white/50 dark:hover:bg-white/5 hover:[&_svg]:stroke-emerald-500': hasCode,
            'dark:bg-white/5 rounded-t-lg': expanded,
            'dark:bg-white/3 rounded-lg': !expanded
        }"
        @click="hasCode && (expanded = !expanded)"
    >
        
        <div class="flex size-3 items-center justify-center flex-shrink-0">
          <div
          class="size-2 rounded-full"
          :class="{
            'bg-rose-500 dark:bg-neutral-400': expanded,
            'bg-rose-200 dark:bg-neutral-700': !expanded
          }"
          ></div>
        </div>

        <div class="flex flex-1 items-center justify-between gap-6 min-w-0">
            <div
    x-data="{ highlightedCode: null }"
    x-init="
        highlightedCode = window.highlight(
            'app\\Http\\Controllers\\NewLoginController.php',
            'php',
            true,
            false,
            1,
            null
        );
    "
    class="text-xs min-w-0" data-tippy-content="app\Http\Controllers\NewLoginController.php"
>
    <div
        x-cloak
        x-html="highlightedCode"
    ></div>
    <div x-show="!highlightedCode"><pre class="truncate"><code>app\Http\Controllers\NewLoginController.php</code></pre></div>
</div>
            <div
    class="truncate font-mono text-xs text-neutral-500 dark:text-neutral-400"
    dir="rtl"
>
    <span data-tippy-content="app\Http\Controllers\NewLoginController.php:53">
                    app\Http\Controllers\NewLoginController.php<span class="text-neutral-500">:53</span>
            </span>
</div>
        </div>

        <div class="flex-shrink-0">
            <button
                x-cloak
                type="button"
                class="flex h-6 w-6 cursor-pointer items-center justify-center rounded-md dark:border dark:border-white/8 group-hover:text-blue-500 group-hover:dark:text-emerald-500"
                :class="{
                    'text-blue-500 dark:text-emerald-500 dark:bg-white/5': expanded,
                    'text-neutral-500 dark:text-neutral-500 dark:bg-white/3': !expanded,
                }"
            >
                <svg xmlns="http://www.w3.org/2000/svg" width="8" height="12" viewBox="0 0 8 12" fill="none" x-show="expanded">
  <g clip-path="url(#clip0_14550_6168)">
    <path d="M6.75 11.0001L4 8.25012L1.25 11.0001" stroke="currentColor" stroke-linecap="round" stroke-linejoin="round"/>
    <path d="M6.75 1.50012L4 4.25012L1.25 1.50012" stroke="currentColor" stroke-linecap="round" stroke-linejoin="round"/>
  </g>
  <defs>
    <clipPath id="clip0_14550_6168">
      <rect width="8" height="11" fill="white" style="fill:white;fill-opacity:1;" transform="translate(0 0.500122)"/>
    </clipPath>
  </defs>
</svg>
                <svg xmlns="http://www.w3.org/2000/svg" width="12" height="12" viewBox="0 0 12 12" fill="none" x-show="!expanded">
  <g clip-path="url(#clip0_14550_6155)">
    <path d="M8.75 8.25012L6 11.0001L3.25 8.25012" stroke="currentColor" stroke-linecap="round" stroke-linejoin="round"/>
    <path d="M8.75 3.75012L6 1.00012L3.25 3.75012" stroke="currentColor" stroke-linecap="round" stroke-linejoin="round"/>
  </g>
  <defs>
    <clipPath id="clip0_14550_6155">
      <rect width="12" height="12" fill="white" style="fill:white;fill-opacity:1;"/>
    </clipPath>
  </defs>
</svg>
            </button>
        </div>
    </div>

            <div
    class="text-sm rounded-b-lg bg-neutral-50 border-t border-neutral-100 dark:bg-neutral-900 dark:border-white/10"
    x-show="expanded"
>
    <div
    x-data="{ highlightedCode: null }"
    x-init="
        highlightedCode = window.highlight(
            '                \u0027message\u0027 =\u003E \u0027Email tidak ditemukan\u0027\n            ], 401);\n        }\n\n        \/\/ Check password\n        if (!Hash::check($password, $user-\u003Epassword)) {\n            \\Log::warning(\u0027Login failed: Invalid password\u0027, [\u0027email\u0027 =\u003E $email]);\n            \n            \/\/ Check if password hash algorithm is not Bcrypt\n            $hashInfo = password_get_info($user-\u003Epassword);\n            if ($hashInfo[\u0027algoName\u0027] !== \u0027bcrypt\u0027) {\n                return response()-\u003Ejson([\n                    \u0027success\u0027 =\u003E false,\n                    \u0027message\u0027 =\u003E \u0027This password does not use the Bcrypt algorithm.\u0027\n                ], 401);\n            }\n\n',
            'php',
            false,
            true,
            48,
            5
        );
    "
    class="overflow-x-auto"
>
    <div
        x-cloak
        x-html="highlightedCode"
    ></div>
    <div x-show="!highlightedCode"><pre><code><span class="block px-4 py-1 h-7 even:bg-white odd:bg-white/2 even:dark:bg-white/2 odd:dark:bg-white/4 "><span class="mr-6 text-neutral-500! dark:text-neutral-600! ">48</span>                &#039;message&#039; =&gt; &#039;Email tidak ditemukan&#039;</span><span class="block px-4 py-1 h-7 even:bg-white odd:bg-white/2 even:dark:bg-white/2 odd:dark:bg-white/4 "><span class="mr-6 text-neutral-500! dark:text-neutral-600! ">49</span>            ], 401);</span><span class="block px-4 py-1 h-7 even:bg-white odd:bg-white/2 even:dark:bg-white/2 odd:dark:bg-white/4 "><span class="mr-6 text-neutral-500! dark:text-neutral-600! ">50</span>        }</span><span class="block px-4 py-1 h-7 even:bg-white odd:bg-white/2 even:dark:bg-white/2 odd:dark:bg-white/4 "><span class="mr-6 text-neutral-500! dark:text-neutral-600! ">51</span></span><span class="block px-4 py-1 h-7 even:bg-white odd:bg-white/2 even:dark:bg-white/2 odd:dark:bg-white/4 "><span class="mr-6 text-neutral-500! dark:text-neutral-600! ">52</span>        // Check password</span><span class="block px-4 py-1 h-7 even:bg-white odd:bg-white/2 even:dark:bg-white/2 odd:dark:bg-white/4 bg-rose-200! dark:bg-rose-900!"><span class="mr-6 text-neutral-500! dark:text-neutral-600! dark:text-white!">53</span>        if (!Hash::check($password, $user-&gt;password)) {</span><span class="block px-4 py-1 h-7 even:bg-white odd:bg-white/2 even:dark:bg-white/2 odd:dark:bg-white/4 "><span class="mr-6 text-neutral-500! dark:text-neutral-600! ">54</span>            \Log::warning(&#039;Login failed: Invalid password&#039;, [&#039;email&#039; =&gt; $email]);</span><span class="block px-4 py-1 h-7 even:bg-white odd:bg-white/2 even:dark:bg-white/2 odd:dark:bg-white/4 "><span class="mr-6 text-neutral-500! dark:text-neutral-600! ">55</span>            </span><span class="block px-4 py-1 h-7 even:bg-white odd:bg-white/2 even:dark:bg-white/2 odd:dark:bg-white/4 "><span class="mr-6 text-neutral-500! dark:text-neutral-600! ">56</span>            // Check if password hash algorithm is not Bcrypt</span><span class="block px-4 py-1 h-7 even:bg-white odd:bg-white/2 even:dark:bg-white/2 odd:dark:bg-white/4 "><span class="mr-6 text-neutral-500! dark:text-neutral-600! ">57</span>            $hashInfo = password_get_info($user-&gt;password);</span><span class="block px-4 py-1 h-7 even:bg-white odd:bg-white/2 even:dark:bg-white/2 odd:dark:bg-white/4 "><span class="mr-6 text-neutral-500! dark:text-neutral-600! ">58</span>            if ($hashInfo[&#039;algoName&#039;] !== &#039;bcrypt&#039;) {</span><span class="block px-4 py-1 h-7 even:bg-white odd:bg-white/2 even:dark:bg-white/2 odd:dark:bg-white/4 "><span class="mr-6 text-neutral-500! dark:text-neutral-600! ">59</span>                return response()-&gt;json([</span><span class="block px-4 py-1 h-7 even:bg-white odd:bg-white/2 even:dark:bg-white/2 odd:dark:bg-white/4 "><span class="mr-6 text-neutral-500! dark:text-neutral-600! ">60</span>                    &#039;success&#039; =&gt; false,</span><span class="block px-4 py-1 h-7 even:bg-white odd:bg-white/2 even:dark:bg-white/2 odd:dark:bg-white/4 "><span class="mr-6 text-neutral-500! dark:text-neutral-600! ">61</span>                    &#039;message&#039; =&gt; &#039;This password does not use the Bcrypt algorithm.&#039;</span><span class="block px-4 py-1 h-7 even:bg-white odd:bg-white/2 even:dark:bg-white/2 odd:dark:bg-white/4 "><span class="mr-6 text-neutral-500! dark:text-neutral-600! ">62</span>                ], 401);</span><span class="block px-4 py-1 h-7 even:bg-white odd:bg-white/2 even:dark:bg-white/2 odd:dark:bg-white/4 "><span class="mr-6 text-neutral-500! dark:text-neutral-600! ">63</span>            }</span><span class="block px-4 py-1 h-7 even:bg-white odd:bg-white/2 even:dark:bg-white/2 odd:dark:bg-white/4 "><span class="mr-6 text-neutral-500! dark:text-neutral-600! ">64</span></span><span class="block px-4 py-1 h-7 even:bg-white odd:bg-white/2 even:dark:bg-white/2 odd:dark:bg-white/4 "><span class="mr-6 text-neutral-500! dark:text-neutral-600! ">65</span></span></code></pre></div>
</div>
</div>
    </div>
                                                                <div
    x-data="{ expanded: false }"
    class="group rounded-lg border border-neutral-200 dark:border-white/5"
    :class="{
        'bg-white dark:bg-white/5 shadow-xs': expanded,
        'border-dashed border-neutral-300 bg-neutral-50 opacity-90 dark:border-white/10 dark:bg-white/1': !expanded,
    }"
>
    <div
        class="flex h-11 cursor-pointer items-center gap-3 rounded-lg pr-2.5 pl-4 hover:bg-white/50 dark:hover:bg-white/2"
        @click="expanded = !expanded"
    >
        <svg width="12" height="12" viewBox="0 0 12 12" fill="none" xmlns="http://www.w3.org/2000/svg" class="w-3 h-3 text-neutral-400" x-show="!expanded" x-cloak="x-cloak">
    <path d="M2.75 2.75H5.614L5.316 2.114C5.069 1.587 4.54 1.25 3.958 1.25H2.25C1.422 1.25 0.75 1.922 0.75 2.75V4.75C0.75 3.645 1.645 2.75 2.75 2.75Z" />
    <path d="M0.75 4.75V2.75C0.75 1.922 1.422 1.25 2.25 1.25H3.958C4.54 1.25 5.069 1.587 5.316 2.114L5.614 2.75" stroke="currentColor" stroke-linecap="round" stroke-linejoin="round"/>
    <path d="M2.75 2.75H9.25C10.355 2.75 11.25 3.645 11.25 4.75V8.25C11.25 9.355 10.355 10.25 9.25 10.25H2.75C1.645 10.25 0.75 9.355 0.75 8.25V4.75C0.75 3.645 1.645 2.75 2.75 2.75Z" stroke="currentColor" stroke-linecap="round" stroke-linejoin="round"/>
</svg>
        <svg width="12" height="12" viewBox="0 0 12 12" fill="none" xmlns="http://www.w3.org/2000/svg" class="w-3 h-3 text-blue-500 dark:text-emerald-500" x-show="expanded">
    <g clip-path="url(#clip0_14732_6211)">
        <path d="M1.75 5.25V2.75C1.75 1.922 2.422 1.25 3.25 1.25H4.202C4.808 1.25 5.381 1.525 5.761 1.998L6.364 2.75H8.25C9.355 2.75 10.25 3.645 10.25 4.75V5.25" stroke="currentColor" stroke-linecap="round" stroke-linejoin="round"/>
        <path d="M2.46801 5.25H9.53101C10.44 5.25 11.14 6.052 11.017 6.953L10.735 9.021C10.6 10.012 9.75301 10.751 8.75301 10.751H3.24601C2.24601 10.751 1.39901 10.012 1.26401 9.021L0.982011 6.953C0.859011 6.052 1.55901 5.25 2.46801 5.25Z" stroke="currentColor" stroke-linecap="round" stroke-linejoin="round"/>
    </g>
    <defs>
        <clipPath id="clip0_14732_6211">
            <rect width="12" height="12" />
        </clipPath>
    </defs>
</svg>

        <div class="flex-1 font-mono text-xs leading-3 text-neutral-900 dark:text-neutral-400">
            36 vendor frames
        </div>

        <button
            x-cloak
            type="button"
            class="flex h-6 w-6 cursor-pointer items-center justify-center rounded-md dark:border dark:border-white/8 group-hover:text-blue-500 group-hover:dark:text-emerald-500"
            :class="{
                'text-blue-500 dark:text-emerald-500 dark:bg-white/5': expanded,
                'text-neutral-500 dark:text-neutral-500 dark:bg-white/3': !expanded,
            }"
        >
            <svg xmlns="http://www.w3.org/2000/svg" width="8" height="12" viewBox="0 0 8 12" fill="none" x-show="expanded">
  <g clip-path="url(#clip0_14550_6168)">
    <path d="M6.75 11.0001L4 8.25012L1.25 11.0001" stroke="currentColor" stroke-linecap="round" stroke-linejoin="round"/>
    <path d="M6.75 1.50012L4 4.25012L1.25 1.50012" stroke="currentColor" stroke-linecap="round" stroke-linejoin="round"/>
  </g>
  <defs>
    <clipPath id="clip0_14550_6168">
      <rect width="8" height="11" fill="white" style="fill:white;fill-opacity:1;" transform="translate(0 0.500122)"/>
    </clipPath>
  </defs>
</svg>
            <svg xmlns="http://www.w3.org/2000/svg" width="12" height="12" viewBox="0 0 12 12" fill="none" x-show="!expanded">
  <g clip-path="url(#clip0_14550_6155)">
    <path d="M8.75 8.25012L6 11.0001L3.25 8.25012" stroke="currentColor" stroke-linecap="round" stroke-linejoin="round"/>
    <path d="M8.75 3.75012L6 1.00012L3.25 3.75012" stroke="currentColor" stroke-linecap="round" stroke-linejoin="round"/>
  </g>
  <defs>
    <clipPath id="clip0_14550_6155">
      <rect width="12" height="12" fill="white" style="fill:white;fill-opacity:1;"/>
    </clipPath>
  </defs>
</svg>
        </button>
    </div>

    <div x-cloak class="flex flex-col rounded-b-lg divide-y divide-neutral-200 border-t border-neutral-200 dark:divide-white/5 dark:border-white/5" x-show="expanded">
                    <div class="flex flex-col divide-y divide-neutral-200 dark:divide-white/5">
                <div class="grid gap-3 p-4 bg-neutral-50 dark:bg-transparent overflow-x-auto rounded-lg">
            <div class="flex">
            <div
    x-data="{ highlightedCode: null }"
    x-init="
        highlightedCode = window.highlight(
            'Illuminate\\Routing\\ControllerDispatcher-\u003Edispatch(object(Illuminate\\Routing\\Route), object(App\\Http\\Controllers\\NewLoginController), string)',
            'php',
            true,
            false,
            1,
            null
        );
    "
    class="text-xs min-w-0" data-tippy-content="Illuminate\Routing\ControllerDispatcher-&gt;dispatch(object(Illuminate\Routing\Route), object(App\Http\Controllers\NewLoginController), string)"
>
    <div
        x-cloak
        x-html="highlightedCode"
    ></div>
    <div x-show="!highlightedCode"><pre class="truncate"><code>Illuminate\Routing\ControllerDispatcher-&gt;dispatch(object(Illuminate\Routing\Route), object(App\Http\Controllers\NewLoginController), string)</code></pre></div>
</div>
        </div>
    
    <div
    class="truncate font-mono text-xs text-neutral-500 dark:text-neutral-400 text-xs"
    dir="ltr"
>
    <span data-tippy-content="vendor\laravel\framework\src\Illuminate\Routing\ControllerDispatcher.php:46">
                    vendor\laravel\framework\src\Illuminate\Routing\ControllerDispatcher.php<span class="text-neutral-500">:46</span>
            </span>
</div>
</div>
            </div>
                    <div class="flex flex-col divide-y divide-neutral-200 dark:divide-white/5">
                <div class="grid gap-3 p-4 bg-neutral-50 dark:bg-transparent overflow-x-auto rounded-lg">
            <div class="flex">
            <div
    x-data="{ highlightedCode: null }"
    x-init="
        highlightedCode = window.highlight(
            'Illuminate\\Routing\\Route-\u003ErunController()',
            'php',
            true,
            false,
            1,
            null
        );
    "
    class="text-xs min-w-0" data-tippy-content="Illuminate\Routing\Route-&gt;runController()"
>
    <div
        x-cloak
        x-html="highlightedCode"
    ></div>
    <div x-show="!highlightedCode"><pre class="truncate"><code>Illuminate\Routing\Route-&gt;runController()</code></pre></div>
</div>
        </div>
    
    <div
    class="truncate font-mono text-xs text-neutral-500 dark:text-neutral-400 text-xs"
    dir="ltr"
>
    <span data-tippy-content="vendor\laravel\framework\src\Illuminate\Routing\Route.php:265">
                    vendor\laravel\framework\src\Illuminate\Routing\Route.php<span class="text-neutral-500">:265</span>
            </span>
</div>
</div>
            </div>
                    <div class="flex flex-col divide-y divide-neutral-200 dark:divide-white/5">
                <div class="grid gap-3 p-4 bg-neutral-50 dark:bg-transparent overflow-x-auto rounded-lg">
            <div class="flex">
            <div
    x-data="{ highlightedCode: null }"
    x-init="
        highlightedCode = window.highlight(
            'Illuminate\\Routing\\Route-\u003Erun()',
            'php',
            true,
            false,
            1,
            null
        );
    "
    class="text-xs min-w-0" data-tippy-content="Illuminate\Routing\Route-&gt;run()"
>
    <div
        x-cloak
        x-html="highlightedCode"
    ></div>
    <div x-show="!highlightedCode"><pre class="truncate"><code>Illuminate\Routing\Route-&gt;run()</code></pre></div>
</div>
        </div>
    
    <div
    class="truncate font-mono text-xs text-neutral-500 dark:text-neutral-400 text-xs"
    dir="ltr"
>
    <span data-tippy-content="vendor\laravel\framework\src\Illuminate\Routing\Route.php:211">
                    vendor\laravel\framework\src\Illuminate\Routing\Route.php<span class="text-neutral-500">:211</span>
            </span>
</div>
</div>
            </div>
                    <div class="flex flex-col divide-y divide-neutral-200 dark:divide-white/5">
                <div class="grid gap-3 p-4 bg-neutral-50 dark:bg-transparent overflow-x-auto rounded-lg">
            <div class="flex">
            <div
    x-data="{ highlightedCode: null }"
    x-init="
        highlightedCode = window.highlight(
            'Illuminate\\Routing\\Router-\u003EIlluminate\\Routing\\{closure}(object(Illuminate\\Http\\Request))',
            'php',
            true,
            false,
            1,
            null
        );
    "
    class="text-xs min-w-0" data-tippy-content="Illuminate\Routing\Router-&gt;Illuminate\Routing\{closure}(object(Illuminate\Http\Request))"
>
    <div
        x-cloak
        x-html="highlightedCode"
    ></div>
    <div x-show="!highlightedCode"><pre class="truncate"><code>Illuminate\Routing\Router-&gt;Illuminate\Routing\{closure}(object(Illuminate\Http\Request))</code></pre></div>
</div>
        </div>
    
    <div
    class="truncate font-mono text-xs text-neutral-500 dark:text-neutral-400 text-xs"
    dir="ltr"
>
    <span data-tippy-content="vendor\laravel\framework\src\Illuminate\Routing\Router.php:822">
                    vendor\laravel\framework\src\Illuminate\Routing\Router.php<span class="text-neutral-500">:822</span>
            </span>
</div>
</div>
            </div>
                    <div class="flex flex-col divide-y divide-neutral-200 dark:divide-white/5">
                <div class="grid gap-3 p-4 bg-neutral-50 dark:bg-transparent overflow-x-auto rounded-lg">
            <div class="flex">
            <div
    x-data="{ highlightedCode: null }"
    x-init="
        highlightedCode = window.highlight(
            'Illuminate\\Pipeline\\Pipeline-\u003EIlluminate\\Pipeline\\{closure}(object(Illuminate\\Http\\Request))',
            'php',
            true,
            false,
            1,
            null
        );
    "
    class="text-xs min-w-0" data-tippy-content="Illuminate\Pipeline\Pipeline-&gt;Illuminate\Pipeline\{closure}(object(Illuminate\Http\Request))"
>
    <div
        x-cloak
        x-html="highlightedCode"
    ></div>
    <div x-show="!highlightedCode"><pre class="truncate"><code>Illuminate\Pipeline\Pipeline-&gt;Illuminate\Pipeline\{closure}(object(Illuminate\Http\Request))</code></pre></div>
</div>
        </div>
    
    <div
    class="truncate font-mono text-xs text-neutral-500 dark:text-neutral-400 text-xs"
    dir="ltr"
>
    <span data-tippy-content="vendor\laravel\framework\src\Illuminate\Pipeline\Pipeline.php:180">
                    vendor\laravel\framework\src\Illuminate\Pipeline\Pipeline.php<span class="text-neutral-500">:180</span>
            </span>
</div>
</div>
            </div>
                    <div class="flex flex-col divide-y divide-neutral-200 dark:divide-white/5">
                <div class="grid gap-3 p-4 bg-neutral-50 dark:bg-transparent overflow-x-auto rounded-lg">
            <div class="flex">
            <div
    x-data="{ highlightedCode: null }"
    x-init="
        highlightedCode = window.highlight(
            'Illuminate\\Routing\\Middleware\\SubstituteBindings-\u003Ehandle(object(Illuminate\\Http\\Request), object(Closure))',
            'php',
            true,
            false,
            1,
            null
        );
    "
    class="text-xs min-w-0" data-tippy-content="Illuminate\Routing\Middleware\SubstituteBindings-&gt;handle(object(Illuminate\Http\Request), object(Closure))"
>
    <div
        x-cloak
        x-html="highlightedCode"
    ></div>
    <div x-show="!highlightedCode"><pre class="truncate"><code>Illuminate\Routing\Middleware\SubstituteBindings-&gt;handle(object(Illuminate\Http\Request), object(Closure))</code></pre></div>
</div>
        </div>
    
    <div
    class="truncate font-mono text-xs text-neutral-500 dark:text-neutral-400 text-xs"
    dir="ltr"
>
    <span data-tippy-content="vendor\laravel\framework\src\Illuminate\Routing\Middleware\SubstituteBindings.php:50">
                    vendor\laravel\framework\src\Illuminate\Routing\Middleware\SubstituteBindings.php<span class="text-neutral-500">:50</span>
            </span>
</div>
</div>
            </div>
                    <div class="flex flex-col divide-y divide-neutral-200 dark:divide-white/5">
                <div class="grid gap-3 p-4 bg-neutral-50 dark:bg-transparent overflow-x-auto rounded-lg">
            <div class="flex">
            <div
    x-data="{ highlightedCode: null }"
    x-init="
        highlightedCode = window.highlight(
            'Illuminate\\Pipeline\\Pipeline-\u003EIlluminate\\Pipeline\\{closure}(object(Illuminate\\Http\\Request))',
            'php',
            true,
            false,
            1,
            null
        );
    "
    class="text-xs min-w-0" data-tippy-content="Illuminate\Pipeline\Pipeline-&gt;Illuminate\Pipeline\{closure}(object(Illuminate\Http\Request))"
>
    <div
        x-cloak
        x-html="highlightedCode"
    ></div>
    <div x-show="!highlightedCode"><pre class="truncate"><code>Illuminate\Pipeline\Pipeline-&gt;Illuminate\Pipeline\{closure}(object(Illuminate\Http\Request))</code></pre></div>
</div>
        </div>
    
    <div
    class="truncate font-mono text-xs text-neutral-500 dark:text-neutral-400 text-xs"
    dir="ltr"
>
    <span data-tippy-content="vendor\laravel\framework\src\Illuminate\Pipeline\Pipeline.php:219">
                    vendor\laravel\framework\src\Illuminate\Pipeline\Pipeline.php<span class="text-neutral-500">:219</span>
            </span>
</div>
</div>
            </div>
                    <div class="flex flex-col divide-y divide-neutral-200 dark:divide-white/5">
                <div class="grid gap-3 p-4 bg-neutral-50 dark:bg-transparent overflow-x-auto rounded-lg">
            <div class="flex">
            <div
    x-data="{ highlightedCode: null }"
    x-init="
        highlightedCode = window.highlight(
            'Illuminate\\Pipeline\\Pipeline-\u003Ethen(object(Closure))',
            'php',
            true,
            false,
            1,
            null
        );
    "
    class="text-xs min-w-0" data-tippy-content="Illuminate\Pipeline\Pipeline-&gt;then(object(Closure))"
>
    <div
        x-cloak
        x-html="highlightedCode"
    ></div>
    <div x-show="!highlightedCode"><pre class="truncate"><code>Illuminate\Pipeline\Pipeline-&gt;then(object(Closure))</code></pre></div>
</div>
        </div>
    
    <div
    class="truncate font-mono text-xs text-neutral-500 dark:text-neutral-400 text-xs"
    dir="ltr"
>
    <span data-tippy-content="vendor\laravel\framework\src\Illuminate\Pipeline\Pipeline.php:137">
                    vendor\laravel\framework\src\Illuminate\Pipeline\Pipeline.php<span class="text-neutral-500">:137</span>
            </span>
</div>
</div>
            </div>
                    <div class="flex flex-col divide-y divide-neutral-200 dark:divide-white/5">
                <div class="grid gap-3 p-4 bg-neutral-50 dark:bg-transparent overflow-x-auto rounded-lg">
            <div class="flex">
            <div
    x-data="{ highlightedCode: null }"
    x-init="
        highlightedCode = window.highlight(
            'Illuminate\\Routing\\Router-\u003ErunRouteWithinStack(object(Illuminate\\Routing\\Route), object(Illuminate\\Http\\Request))',
            'php',
            true,
            false,
            1,
            null
        );
    "
    class="text-xs min-w-0" data-tippy-content="Illuminate\Routing\Router-&gt;runRouteWithinStack(object(Illuminate\Routing\Route), object(Illuminate\Http\Request))"
>
    <div
        x-cloak
        x-html="highlightedCode"
    ></div>
    <div x-show="!highlightedCode"><pre class="truncate"><code>Illuminate\Routing\Router-&gt;runRouteWithinStack(object(Illuminate\Routing\Route), object(Illuminate\Http\Request))</code></pre></div>
</div>
        </div>
    
    <div
    class="truncate font-mono text-xs text-neutral-500 dark:text-neutral-400 text-xs"
    dir="ltr"
>
    <span data-tippy-content="vendor\laravel\framework\src\Illuminate\Routing\Router.php:821">
                    vendor\laravel\framework\src\Illuminate\Routing\Router.php<span class="text-neutral-500">:821</span>
            </span>
</div>
</div>
            </div>
                    <div class="flex flex-col divide-y divide-neutral-200 dark:divide-white/5">
                <div class="grid gap-3 p-4 bg-neutral-50 dark:bg-transparent overflow-x-auto rounded-lg">
            <div class="flex">
            <div
    x-data="{ highlightedCode: null }"
    x-init="
        highlightedCode = window.highlight(
            'Illuminate\\Routing\\Router-\u003ErunRoute(object(Illuminate\\Http\\Request), object(Illuminate\\Routing\\Route))',
            'php',
            true,
            false,
            1,
            null
        );
    "
    class="text-xs min-w-0" data-tippy-content="Illuminate\Routing\Router-&gt;runRoute(object(Illuminate\Http\Request), object(Illuminate\Routing\Route))"
>
    <div
        x-cloak
        x-html="highlightedCode"
    ></div>
    <div x-show="!highlightedCode"><pre class="truncate"><code>Illuminate\Routing\Router-&gt;runRoute(object(Illuminate\Http\Request), object(Illuminate\Routing\Route))</code></pre></div>
</div>
        </div>
    
    <div
    class="truncate font-mono text-xs text-neutral-500 dark:text-neutral-400 text-xs"
    dir="ltr"
>
    <span data-tippy-content="vendor\laravel\framework\src\Illuminate\Routing\Router.php:800">
                    vendor\laravel\framework\src\Illuminate\Routing\Router.php<span class="text-neutral-500">:800</span>
            </span>
</div>
</div>
            </div>
                    <div class="flex flex-col divide-y divide-neutral-200 dark:divide-white/5">
                <div class="grid gap-3 p-4 bg-neutral-50 dark:bg-transparent overflow-x-auto rounded-lg">
            <div class="flex">
            <div
    x-data="{ highlightedCode: null }"
    x-init="
        highlightedCode = window.highlight(
            'Illuminate\\Routing\\Router-\u003EdispatchToRoute(object(Illuminate\\Http\\Request))',
            'php',
            true,
            false,
            1,
            null
        );
    "
    class="text-xs min-w-0" data-tippy-content="Illuminate\Routing\Router-&gt;dispatchToRoute(object(Illuminate\Http\Request))"
>
    <div
        x-cloak
        x-html="highlightedCode"
    ></div>
    <div x-show="!highlightedCode"><pre class="truncate"><code>Illuminate\Routing\Router-&gt;dispatchToRoute(object(Illuminate\Http\Request))</code></pre></div>
</div>
        </div>
    
    <div
    class="truncate font-mono text-xs text-neutral-500 dark:text-neutral-400 text-xs"
    dir="ltr"
>
    <span data-tippy-content="vendor\laravel\framework\src\Illuminate\Routing\Router.php:764">
                    vendor\laravel\framework\src\Illuminate\Routing\Router.php<span class="text-neutral-500">:764</span>
            </span>
</div>
</div>
            </div>
                    <div class="flex flex-col divide-y divide-neutral-200 dark:divide-white/5">
                <div class="grid gap-3 p-4 bg-neutral-50 dark:bg-transparent overflow-x-auto rounded-lg">
            <div class="flex">
            <div
    x-data="{ highlightedCode: null }"
    x-init="
        highlightedCode = window.highlight(
            'Illuminate\\Routing\\Router-\u003Edispatch(object(Illuminate\\Http\\Request))',
            'php',
            true,
            false,
            1,
            null
        );
    "
    class="text-xs min-w-0" data-tippy-content="Illuminate\Routing\Router-&gt;dispatch(object(Illuminate\Http\Request))"
>
    <div
        x-cloak
        x-html="highlightedCode"
    ></div>
    <div x-show="!highlightedCode"><pre class="truncate"><code>Illuminate\Routing\Router-&gt;dispatch(object(Illuminate\Http\Request))</code></pre></div>
</div>
        </div>
    
    <div
    class="truncate font-mono text-xs text-neutral-500 dark:text-neutral-400 text-xs"
    dir="ltr"
>
    <span data-tippy-content="vendor\laravel\framework\src\Illuminate\Routing\Router.php:753">
                    vendor\laravel\framework\src\Illuminate\Routing\Router.php<span class="text-neutral-500">:753</span>
            </span>
</div>
</div>
            </div>
                    <div class="flex flex-col divide-y divide-neutral-200 dark:divide-white/5">
                <div class="grid gap-3 p-4 bg-neutral-50 dark:bg-transparent overflow-x-auto rounded-lg">
            <div class="flex">
            <div
    x-data="{ highlightedCode: null }"
    x-init="
        highlightedCode = window.highlight(
            'Illuminate\\Foundation\\Http\\Kernel-\u003EIlluminate\\Foundation\\Http\\{closure}(object(Illuminate\\Http\\Request))',
            'php',
            true,
            false,
            1,
            null
        );
    "
    class="text-xs min-w-0" data-tippy-content="Illuminate\Foundation\Http\Kernel-&gt;Illuminate\Foundation\Http\{closure}(object(Illuminate\Http\Request))"
>
    <div
        x-cloak
        x-html="highlightedCode"
    ></div>
    <div x-show="!highlightedCode"><pre class="truncate"><code>Illuminate\Foundation\Http\Kernel-&gt;Illuminate\Foundation\Http\{closure}(object(Illuminate\Http\Request))</code></pre></div>
</div>
        </div>
    
    <div
    class="truncate font-mono text-xs text-neutral-500 dark:text-neutral-400 text-xs"
    dir="ltr"
>
    <span data-tippy-content="vendor\laravel\framework\src\Illuminate\Foundation\Http\Kernel.php:200">
                    vendor\laravel\framework\src\Illuminate\Foundation\Http\Kernel.php<span class="text-neutral-500">:200</span>
            </span>
</div>
</div>
            </div>
                    <div class="flex flex-col divide-y divide-neutral-200 dark:divide-white/5">
                <div class="grid gap-3 p-4 bg-neutral-50 dark:bg-transparent overflow-x-auto rounded-lg">
            <div class="flex">
            <div
    x-data="{ highlightedCode: null }"
    x-init="
        highlightedCode = window.highlight(
            'Illuminate\\Pipeline\\Pipeline-\u003EIlluminate\\Pipeline\\{closure}(object(Illuminate\\Http\\Request))',
            'php',
            true,
            false,
            1,
            null
        );
    "
    class="text-xs min-w-0" data-tippy-content="Illuminate\Pipeline\Pipeline-&gt;Illuminate\Pipeline\{closure}(object(Illuminate\Http\Request))"
>
    <div
        x-cloak
        x-html="highlightedCode"
    ></div>
    <div x-show="!highlightedCode"><pre class="truncate"><code>Illuminate\Pipeline\Pipeline-&gt;Illuminate\Pipeline\{closure}(object(Illuminate\Http\Request))</code></pre></div>
</div>
        </div>
    
    <div
    class="truncate font-mono text-xs text-neutral-500 dark:text-neutral-400 text-xs"
    dir="ltr"
>
    <span data-tippy-content="vendor\laravel\framework\src\Illuminate\Pipeline\Pipeline.php:180">
                    vendor\laravel\framework\src\Illuminate\Pipeline\Pipeline.php<span class="text-neutral-500">:180</span>
            </span>
</div>
</div>
            </div>
                    <div class="flex flex-col divide-y divide-neutral-200 dark:divide-white/5">
                <div class="grid gap-3 p-4 bg-neutral-50 dark:bg-transparent overflow-x-auto rounded-lg">
            <div class="flex">
            <div
    x-data="{ highlightedCode: null }"
    x-init="
        highlightedCode = window.highlight(
            'Illuminate\\Foundation\\Http\\Middleware\\TransformsRequest-\u003Ehandle(object(Illuminate\\Http\\Request), object(Closure))',
            'php',
            true,
            false,
            1,
            null
        );
    "
    class="text-xs min-w-0" data-tippy-content="Illuminate\Foundation\Http\Middleware\TransformsRequest-&gt;handle(object(Illuminate\Http\Request), object(Closure))"
>
    <div
        x-cloak
        x-html="highlightedCode"
    ></div>
    <div x-show="!highlightedCode"><pre class="truncate"><code>Illuminate\Foundation\Http\Middleware\TransformsRequest-&gt;handle(object(Illuminate\Http\Request), object(Closure))</code></pre></div>
</div>
        </div>
    
    <div
    class="truncate font-mono text-xs text-neutral-500 dark:text-neutral-400 text-xs"
    dir="ltr"
>
    <span data-tippy-content="vendor\laravel\framework\src\Illuminate\Foundation\Http\Middleware\TransformsRequest.php:21">
                    vendor\laravel\framework\src\Illuminate\Foundation\Http\Middleware\TransformsRequest.php<span class="text-neutral-500">:21</span>
            </span>
</div>
</div>
            </div>
                    <div class="flex flex-col divide-y divide-neutral-200 dark:divide-white/5">
                <div class="grid gap-3 p-4 bg-neutral-50 dark:bg-transparent overflow-x-auto rounded-lg">
            <div class="flex">
            <div
    x-data="{ highlightedCode: null }"
    x-init="
        highlightedCode = window.highlight(
            'Illuminate\\Foundation\\Http\\Middleware\\ConvertEmptyStringsToNull-\u003Ehandle(object(Illuminate\\Http\\Request), object(Closure))',
            'php',
            true,
            false,
            1,
            null
        );
    "
    class="text-xs min-w-0" data-tippy-content="Illuminate\Foundation\Http\Middleware\ConvertEmptyStringsToNull-&gt;handle(object(Illuminate\Http\Request), object(Closure))"
>
    <div
        x-cloak
        x-html="highlightedCode"
    ></div>
    <div x-show="!highlightedCode"><pre class="truncate"><code>Illuminate\Foundation\Http\Middleware\ConvertEmptyStringsToNull-&gt;handle(object(Illuminate\Http\Request), object(Closure))</code></pre></div>
</div>
        </div>
    
    <div
    class="truncate font-mono text-xs text-neutral-500 dark:text-neutral-400 text-xs"
    dir="ltr"
>
    <span data-tippy-content="vendor\laravel\framework\src\Illuminate\Foundation\Http\Middleware\ConvertEmptyStringsToNull.php:31">
                    vendor\laravel\framework\src\Illuminate\Foundation\Http\Middleware\ConvertEmptyStringsToNull.php<span class="text-neutral-500">:31</span>
            </span>
</div>
</div>
            </div>
                    <div class="flex flex-col divide-y divide-neutral-200 dark:divide-white/5">
                <div class="grid gap-3 p-4 bg-neutral-50 dark:bg-transparent overflow-x-auto rounded-lg">
            <div class="flex">
            <div
    x-data="{ highlightedCode: null }"
    x-init="
        highlightedCode = window.highlight(
            'Illuminate\\Pipeline\\Pipeline-\u003EIlluminate\\Pipeline\\{closure}(object(Illuminate\\Http\\Request))',
            'php',
            true,
            false,
            1,
            null
        );
    "
    class="text-xs min-w-0" data-tippy-content="Illuminate\Pipeline\Pipeline-&gt;Illuminate\Pipeline\{closure}(object(Illuminate\Http\Request))"
>
    <div
        x-cloak
        x-html="highlightedCode"
    ></div>
    <div x-show="!highlightedCode"><pre class="truncate"><code>Illuminate\Pipeline\Pipeline-&gt;Illuminate\Pipeline\{closure}(object(Illuminate\Http\Request))</code></pre></div>
</div>
        </div>
    
    <div
    class="truncate font-mono text-xs text-neutral-500 dark:text-neutral-400 text-xs"
    dir="ltr"
>
    <span data-tippy-content="vendor\laravel\framework\src\Illuminate\Pipeline\Pipeline.php:219">
                    vendor\laravel\framework\src\Illuminate\Pipeline\Pipeline.php<span class="text-neutral-500">:219</span>
            </span>
</div>
</div>
            </div>
                    <div class="flex flex-col divide-y divide-neutral-200 dark:divide-white/5">
                <div class="grid gap-3 p-4 bg-neutral-50 dark:bg-transparent overflow-x-auto rounded-lg">
            <div class="flex">
            <div
    x-data="{ highlightedCode: null }"
    x-init="
        highlightedCode = window.highlight(
            'Illuminate\\Foundation\\Http\\Middleware\\TransformsRequest-\u003Ehandle(object(Illuminate\\Http\\Request), object(Closure))',
            'php',
            true,
            false,
            1,
            null
        );
    "
    class="text-xs min-w-0" data-tippy-content="Illuminate\Foundation\Http\Middleware\TransformsRequest-&gt;handle(object(Illuminate\Http\Request), object(Closure))"
>
    <div
        x-cloak
        x-html="highlightedCode"
    ></div>
    <div x-show="!highlightedCode"><pre class="truncate"><code>Illuminate\Foundation\Http\Middleware\TransformsRequest-&gt;handle(object(Illuminate\Http\Request), object(Closure))</code></pre></div>
</div>
        </div>
    
    <div
    class="truncate font-mono text-xs text-neutral-500 dark:text-neutral-400 text-xs"
    dir="ltr"
>
    <span data-tippy-content="vendor\laravel\framework\src\Illuminate\Foundation\Http\Middleware\TransformsRequest.php:21">
                    vendor\laravel\framework\src\Illuminate\Foundation\Http\Middleware\TransformsRequest.php<span class="text-neutral-500">:21</span>
            </span>
</div>
</div>
            </div>
                    <div class="flex flex-col divide-y divide-neutral-200 dark:divide-white/5">
                <div class="grid gap-3 p-4 bg-neutral-50 dark:bg-transparent overflow-x-auto rounded-lg">
            <div class="flex">
            <div
    x-data="{ highlightedCode: null }"
    x-init="
        highlightedCode = window.highlight(
            'Illuminate\\Foundation\\Http\\Middleware\\TrimStrings-\u003Ehandle(object(Illuminate\\Http\\Request), object(Closure))',
            'php',
            true,
            false,
            1,
            null
        );
    "
    class="text-xs min-w-0" data-tippy-content="Illuminate\Foundation\Http\Middleware\TrimStrings-&gt;handle(object(Illuminate\Http\Request), object(Closure))"
>
    <div
        x-cloak
        x-html="highlightedCode"
    ></div>
    <div x-show="!highlightedCode"><pre class="truncate"><code>Illuminate\Foundation\Http\Middleware\TrimStrings-&gt;handle(object(Illuminate\Http\Request), object(Closure))</code></pre></div>
</div>
        </div>
    
    <div
    class="truncate font-mono text-xs text-neutral-500 dark:text-neutral-400 text-xs"
    dir="ltr"
>
    <span data-tippy-content="vendor\laravel\framework\src\Illuminate\Foundation\Http\Middleware\TrimStrings.php:51">
                    vendor\laravel\framework\src\Illuminate\Foundation\Http\Middleware\TrimStrings.php<span class="text-neutral-500">:51</span>
            </span>
</div>
</div>
            </div>
                    <div class="flex flex-col divide-y divide-neutral-200 dark:divide-white/5">
                <div class="grid gap-3 p-4 bg-neutral-50 dark:bg-transparent overflow-x-auto rounded-lg">
            <div class="flex">
            <div
    x-data="{ highlightedCode: null }"
    x-init="
        highlightedCode = window.highlight(
            'Illuminate\\Pipeline\\Pipeline-\u003EIlluminate\\Pipeline\\{closure}(object(Illuminate\\Http\\Request))',
            'php',
            true,
            false,
            1,
            null
        );
    "
    class="text-xs min-w-0" data-tippy-content="Illuminate\Pipeline\Pipeline-&gt;Illuminate\Pipeline\{closure}(object(Illuminate\Http\Request))"
>
    <div
        x-cloak
        x-html="highlightedCode"
    ></div>
    <div x-show="!highlightedCode"><pre class="truncate"><code>Illuminate\Pipeline\Pipeline-&gt;Illuminate\Pipeline\{closure}(object(Illuminate\Http\Request))</code></pre></div>
</div>
        </div>
    
    <div
    class="truncate font-mono text-xs text-neutral-500 dark:text-neutral-400 text-xs"
    dir="ltr"
>
    <span data-tippy-content="vendor\laravel\framework\src\Illuminate\Pipeline\Pipeline.php:219">
                    vendor\laravel\framework\src\Illuminate\Pipeline\Pipeline.php<span class="text-neutral-500">:219</span>
            </span>
</div>
</div>
            </div>
                    <div class="flex flex-col divide-y divide-neutral-200 dark:divide-white/5">
                <div class="grid gap-3 p-4 bg-neutral-50 dark:bg-transparent overflow-x-auto rounded-lg">
            <div class="flex">
            <div
    x-data="{ highlightedCode: null }"
    x-init="
        highlightedCode = window.highlight(
            'Illuminate\\Http\\Middleware\\ValidatePostSize-\u003Ehandle(object(Illuminate\\Http\\Request), object(Closure))',
            'php',
            true,
            false,
            1,
            null
        );
    "
    class="text-xs min-w-0" data-tippy-content="Illuminate\Http\Middleware\ValidatePostSize-&gt;handle(object(Illuminate\Http\Request), object(Closure))"
>
    <div
        x-cloak
        x-html="highlightedCode"
    ></div>
    <div x-show="!highlightedCode"><pre class="truncate"><code>Illuminate\Http\Middleware\ValidatePostSize-&gt;handle(object(Illuminate\Http\Request), object(Closure))</code></pre></div>
</div>
        </div>
    
    <div
    class="truncate font-mono text-xs text-neutral-500 dark:text-neutral-400 text-xs"
    dir="ltr"
>
    <span data-tippy-content="vendor\laravel\framework\src\Illuminate\Http\Middleware\ValidatePostSize.php:27">
                    vendor\laravel\framework\src\Illuminate\Http\Middleware\ValidatePostSize.php<span class="text-neutral-500">:27</span>
            </span>
</div>
</div>
            </div>
                    <div class="flex flex-col divide-y divide-neutral-200 dark:divide-white/5">
                <div class="grid gap-3 p-4 bg-neutral-50 dark:bg-transparent overflow-x-auto rounded-lg">
            <div class="flex">
            <div
    x-data="{ highlightedCode: null }"
    x-init="
        highlightedCode = window.highlight(
            'Illuminate\\Pipeline\\Pipeline-\u003EIlluminate\\Pipeline\\{closure}(object(Illuminate\\Http\\Request))',
            'php',
            true,
            false,
            1,
            null
        );
    "
    class="text-xs min-w-0" data-tippy-content="Illuminate\Pipeline\Pipeline-&gt;Illuminate\Pipeline\{closure}(object(Illuminate\Http\Request))"
>
    <div
        x-cloak
        x-html="highlightedCode"
    ></div>
    <div x-show="!highlightedCode"><pre class="truncate"><code>Illuminate\Pipeline\Pipeline-&gt;Illuminate\Pipeline\{closure}(object(Illuminate\Http\Request))</code></pre></div>
</div>
        </div>
    
    <div
    class="truncate font-mono text-xs text-neutral-500 dark:text-neutral-400 text-xs"
    dir="ltr"
>
    <span data-tippy-content="vendor\laravel\framework\src\Illuminate\Pipeline\Pipeline.php:219">
                    vendor\laravel\framework\src\Illuminate\Pipeline\Pipeline.php<span class="text-neutral-500">:219</span>
            </span>
</div>
</div>
            </div>
                    <div class="flex flex-col divide-y divide-neutral-200 dark:divide-white/5">
                <div class="grid gap-3 p-4 bg-neutral-50 dark:bg-transparent overflow-x-auto rounded-lg">
            <div class="flex">
            <div
    x-data="{ highlightedCode: null }"
    x-init="
        highlightedCode = window.highlight(
            'Illuminate\\Foundation\\Http\\Middleware\\PreventRequestsDuringMaintenance-\u003Ehandle(object(Illuminate\\Http\\Request), object(Closure))',
            'php',
            true,
            false,
            1,
            null
        );
    "
    class="text-xs min-w-0" data-tippy-content="Illuminate\Foundation\Http\Middleware\PreventRequestsDuringMaintenance-&gt;handle(object(Illuminate\Http\Request), object(Closure))"
>
    <div
        x-cloak
        x-html="highlightedCode"
    ></div>
    <div x-show="!highlightedCode"><pre class="truncate"><code>Illuminate\Foundation\Http\Middleware\PreventRequestsDuringMaintenance-&gt;handle(object(Illuminate\Http\Request), object(Closure))</code></pre></div>
</div>
        </div>
    
    <div
    class="truncate font-mono text-xs text-neutral-500 dark:text-neutral-400 text-xs"
    dir="ltr"
>
    <span data-tippy-content="vendor\laravel\framework\src\Illuminate\Foundation\Http\Middleware\PreventRequestsDuringMaintenance.php:109">
                    vendor\laravel\framework\src\Illuminate\Foundation\Http\Middleware\PreventRequestsDuringMaintenance.php<span class="text-neutral-500">:109</span>
            </span>
</div>
</div>
            </div>
                    <div class="flex flex-col divide-y divide-neutral-200 dark:divide-white/5">
                <div class="grid gap-3 p-4 bg-neutral-50 dark:bg-transparent overflow-x-auto rounded-lg">
            <div class="flex">
            <div
    x-data="{ highlightedCode: null }"
    x-init="
        highlightedCode = window.highlight(
            'Illuminate\\Pipeline\\Pipeline-\u003EIlluminate\\Pipeline\\{closure}(object(Illuminate\\Http\\Request))',
            'php',
            true,
            false,
            1,
            null
        );
    "
    class="text-xs min-w-0" data-tippy-content="Illuminate\Pipeline\Pipeline-&gt;Illuminate\Pipeline\{closure}(object(Illuminate\Http\Request))"
>
    <div
        x-cloak
        x-html="highlightedCode"
    ></div>
    <div x-show="!highlightedCode"><pre class="truncate"><code>Illuminate\Pipeline\Pipeline-&gt;Illuminate\Pipeline\{closure}(object(Illuminate\Http\Request))</code></pre></div>
</div>
        </div>
    
    <div
    class="truncate font-mono text-xs text-neutral-500 dark:text-neutral-400 text-xs"
    dir="ltr"
>
    <span data-tippy-content="vendor\laravel\framework\src\Illuminate\Pipeline\Pipeline.php:219">
                    vendor\laravel\framework\src\Illuminate\Pipeline\Pipeline.php<span class="text-neutral-500">:219</span>
            </span>
</div>
</div>
            </div>
                    <div class="flex flex-col divide-y divide-neutral-200 dark:divide-white/5">
                <div class="grid gap-3 p-4 bg-neutral-50 dark:bg-transparent overflow-x-auto rounded-lg">
            <div class="flex">
            <div
    x-data="{ highlightedCode: null }"
    x-init="
        highlightedCode = window.highlight(
            'Illuminate\\Http\\Middleware\\HandleCors-\u003Ehandle(object(Illuminate\\Http\\Request), object(Closure))',
            'php',
            true,
            false,
            1,
            null
        );
    "
    class="text-xs min-w-0" data-tippy-content="Illuminate\Http\Middleware\HandleCors-&gt;handle(object(Illuminate\Http\Request), object(Closure))"
>
    <div
        x-cloak
        x-html="highlightedCode"
    ></div>
    <div x-show="!highlightedCode"><pre class="truncate"><code>Illuminate\Http\Middleware\HandleCors-&gt;handle(object(Illuminate\Http\Request), object(Closure))</code></pre></div>
</div>
        </div>
    
    <div
    class="truncate font-mono text-xs text-neutral-500 dark:text-neutral-400 text-xs"
    dir="ltr"
>
    <span data-tippy-content="vendor\laravel\framework\src\Illuminate\Http\Middleware\HandleCors.php:74">
                    vendor\laravel\framework\src\Illuminate\Http\Middleware\HandleCors.php<span class="text-neutral-500">:74</span>
            </span>
</div>
</div>
            </div>
                    <div class="flex flex-col divide-y divide-neutral-200 dark:divide-white/5">
                <div class="grid gap-3 p-4 bg-neutral-50 dark:bg-transparent overflow-x-auto rounded-lg">
            <div class="flex">
            <div
    x-data="{ highlightedCode: null }"
    x-init="
        highlightedCode = window.highlight(
            'Illuminate\\Pipeline\\Pipeline-\u003EIlluminate\\Pipeline\\{closure}(object(Illuminate\\Http\\Request))',
            'php',
            true,
            false,
            1,
            null
        );
    "
    class="text-xs min-w-0" data-tippy-content="Illuminate\Pipeline\Pipeline-&gt;Illuminate\Pipeline\{closure}(object(Illuminate\Http\Request))"
>
    <div
        x-cloak
        x-html="highlightedCode"
    ></div>
    <div x-show="!highlightedCode"><pre class="truncate"><code>Illuminate\Pipeline\Pipeline-&gt;Illuminate\Pipeline\{closure}(object(Illuminate\Http\Request))</code></pre></div>
</div>
        </div>
    
    <div
    class="truncate font-mono text-xs text-neutral-500 dark:text-neutral-400 text-xs"
    dir="ltr"
>
    <span data-tippy-content="vendor\laravel\framework\src\Illuminate\Pipeline\Pipeline.php:219">
                    vendor\laravel\framework\src\Illuminate\Pipeline\Pipeline.php<span class="text-neutral-500">:219</span>
            </span>
</div>
</div>
            </div>
                    <div class="flex flex-col divide-y divide-neutral-200 dark:divide-white/5">
                <div class="grid gap-3 p-4 bg-neutral-50 dark:bg-transparent overflow-x-auto rounded-lg">
            <div class="flex">
            <div
    x-data="{ highlightedCode: null }"
    x-init="
        highlightedCode = window.highlight(
            'Illuminate\\Http\\Middleware\\TrustProxies-\u003Ehandle(object(Illuminate\\Http\\Request), object(Closure))',
            'php',
            true,
            false,
            1,
            null
        );
    "
    class="text-xs min-w-0" data-tippy-content="Illuminate\Http\Middleware\TrustProxies-&gt;handle(object(Illuminate\Http\Request), object(Closure))"
>
    <div
        x-cloak
        x-html="highlightedCode"
    ></div>
    <div x-show="!highlightedCode"><pre class="truncate"><code>Illuminate\Http\Middleware\TrustProxies-&gt;handle(object(Illuminate\Http\Request), object(Closure))</code></pre></div>
</div>
        </div>
    
    <div
    class="truncate font-mono text-xs text-neutral-500 dark:text-neutral-400 text-xs"
    dir="ltr"
>
    <span data-tippy-content="vendor\laravel\framework\src\Illuminate\Http\Middleware\TrustProxies.php:58">
                    vendor\laravel\framework\src\Illuminate\Http\Middleware\TrustProxies.php<span class="text-neutral-500">:58</span>
            </span>
</div>
</div>
            </div>
                    <div class="flex flex-col divide-y divide-neutral-200 dark:divide-white/5">
                <div class="grid gap-3 p-4 bg-neutral-50 dark:bg-transparent overflow-x-auto rounded-lg">
            <div class="flex">
            <div
    x-data="{ highlightedCode: null }"
    x-init="
        highlightedCode = window.highlight(
            'Illuminate\\Pipeline\\Pipeline-\u003EIlluminate\\Pipeline\\{closure}(object(Illuminate\\Http\\Request))',
            'php',
            true,
            false,
            1,
            null
        );
    "
    class="text-xs min-w-0" data-tippy-content="Illuminate\Pipeline\Pipeline-&gt;Illuminate\Pipeline\{closure}(object(Illuminate\Http\Request))"
>
    <div
        x-cloak
        x-html="highlightedCode"
    ></div>
    <div x-show="!highlightedCode"><pre class="truncate"><code>Illuminate\Pipeline\Pipeline-&gt;Illuminate\Pipeline\{closure}(object(Illuminate\Http\Request))</code></pre></div>
</div>
        </div>
    
    <div
    class="truncate font-mono text-xs text-neutral-500 dark:text-neutral-400 text-xs"
    dir="ltr"
>
    <span data-tippy-content="vendor\laravel\framework\src\Illuminate\Pipeline\Pipeline.php:219">
                    vendor\laravel\framework\src\Illuminate\Pipeline\Pipeline.php<span class="text-neutral-500">:219</span>
            </span>
</div>
</div>
            </div>
                    <div class="flex flex-col divide-y divide-neutral-200 dark:divide-white/5">
                <div class="grid gap-3 p-4 bg-neutral-50 dark:bg-transparent overflow-x-auto rounded-lg">
            <div class="flex">
            <div
    x-data="{ highlightedCode: null }"
    x-init="
        highlightedCode = window.highlight(
            'Illuminate\\Foundation\\Http\\Middleware\\InvokeDeferredCallbacks-\u003Ehandle(object(Illuminate\\Http\\Request), object(Closure))',
            'php',
            true,
            false,
            1,
            null
        );
    "
    class="text-xs min-w-0" data-tippy-content="Illuminate\Foundation\Http\Middleware\InvokeDeferredCallbacks-&gt;handle(object(Illuminate\Http\Request), object(Closure))"
>
    <div
        x-cloak
        x-html="highlightedCode"
    ></div>
    <div x-show="!highlightedCode"><pre class="truncate"><code>Illuminate\Foundation\Http\Middleware\InvokeDeferredCallbacks-&gt;handle(object(Illuminate\Http\Request), object(Closure))</code></pre></div>
</div>
        </div>
    
    <div
    class="truncate font-mono text-xs text-neutral-500 dark:text-neutral-400 text-xs"
    dir="ltr"
>
    <span data-tippy-content="vendor\laravel\framework\src\Illuminate\Foundation\Http\Middleware\InvokeDeferredCallbacks.php:22">
                    vendor\laravel\framework\src\Illuminate\Foundation\Http\Middleware\InvokeDeferredCallbacks.php<span class="text-neutral-500">:22</span>
            </span>
</div>
</div>
            </div>
                    <div class="flex flex-col divide-y divide-neutral-200 dark:divide-white/5">
                <div class="grid gap-3 p-4 bg-neutral-50 dark:bg-transparent overflow-x-auto rounded-lg">
            <div class="flex">
            <div
    x-data="{ highlightedCode: null }"
    x-init="
        highlightedCode = window.highlight(
            'Illuminate\\Pipeline\\Pipeline-\u003EIlluminate\\Pipeline\\{closure}(object(Illuminate\\Http\\Request))',
            'php',
            true,
            false,
            1,
            null
        );
    "
    class="text-xs min-w-0" data-tippy-content="Illuminate\Pipeline\Pipeline-&gt;Illuminate\Pipeline\{closure}(object(Illuminate\Http\Request))"
>
    <div
        x-cloak
        x-html="highlightedCode"
    ></div>
    <div x-show="!highlightedCode"><pre class="truncate"><code>Illuminate\Pipeline\Pipeline-&gt;Illuminate\Pipeline\{closure}(object(Illuminate\Http\Request))</code></pre></div>
</div>
        </div>
    
    <div
    class="truncate font-mono text-xs text-neutral-500 dark:text-neutral-400 text-xs"
    dir="ltr"
>
    <span data-tippy-content="vendor\laravel\framework\src\Illuminate\Pipeline\Pipeline.php:219">
                    vendor\laravel\framework\src\Illuminate\Pipeline\Pipeline.php<span class="text-neutral-500">:219</span>
            </span>
</div>
</div>
            </div>
                    <div class="flex flex-col divide-y divide-neutral-200 dark:divide-white/5">
                <div class="grid gap-3 p-4 bg-neutral-50 dark:bg-transparent overflow-x-auto rounded-lg">
            <div class="flex">
            <div
    x-data="{ highlightedCode: null }"
    x-init="
        highlightedCode = window.highlight(
            'Illuminate\\Http\\Middleware\\ValidatePathEncoding-\u003Ehandle(object(Illuminate\\Http\\Request), object(Closure))',
            'php',
            true,
            false,
            1,
            null
        );
    "
    class="text-xs min-w-0" data-tippy-content="Illuminate\Http\Middleware\ValidatePathEncoding-&gt;handle(object(Illuminate\Http\Request), object(Closure))"
>
    <div
        x-cloak
        x-html="highlightedCode"
    ></div>
    <div x-show="!highlightedCode"><pre class="truncate"><code>Illuminate\Http\Middleware\ValidatePathEncoding-&gt;handle(object(Illuminate\Http\Request), object(Closure))</code></pre></div>
</div>
        </div>
    
    <div
    class="truncate font-mono text-xs text-neutral-500 dark:text-neutral-400 text-xs"
    dir="ltr"
>
    <span data-tippy-content="vendor\laravel\framework\src\Illuminate\Http\Middleware\ValidatePathEncoding.php:26">
                    vendor\laravel\framework\src\Illuminate\Http\Middleware\ValidatePathEncoding.php<span class="text-neutral-500">:26</span>
            </span>
</div>
</div>
            </div>
                    <div class="flex flex-col divide-y divide-neutral-200 dark:divide-white/5">
                <div class="grid gap-3 p-4 bg-neutral-50 dark:bg-transparent overflow-x-auto rounded-lg">
            <div class="flex">
            <div
    x-data="{ highlightedCode: null }"
    x-init="
        highlightedCode = window.highlight(
            'Illuminate\\Pipeline\\Pipeline-\u003EIlluminate\\Pipeline\\{closure}(object(Illuminate\\Http\\Request))',
            'php',
            true,
            false,
            1,
            null
        );
    "
    class="text-xs min-w-0" data-tippy-content="Illuminate\Pipeline\Pipeline-&gt;Illuminate\Pipeline\{closure}(object(Illuminate\Http\Request))"
>
    <div
        x-cloak
        x-html="highlightedCode"
    ></div>
    <div x-show="!highlightedCode"><pre class="truncate"><code>Illuminate\Pipeline\Pipeline-&gt;Illuminate\Pipeline\{closure}(object(Illuminate\Http\Request))</code></pre></div>
</div>
        </div>
    
    <div
    class="truncate font-mono text-xs text-neutral-500 dark:text-neutral-400 text-xs"
    dir="ltr"
>
    <span data-tippy-content="vendor\laravel\framework\src\Illuminate\Pipeline\Pipeline.php:219">
                    vendor\laravel\framework\src\Illuminate\Pipeline\Pipeline.php<span class="text-neutral-500">:219</span>
            </span>
</div>
</div>
            </div>
                    <div class="flex flex-col divide-y divide-neutral-200 dark:divide-white/5">
                <div class="grid gap-3 p-4 bg-neutral-50 dark:bg-transparent overflow-x-auto rounded-lg">
            <div class="flex">
            <div
    x-data="{ highlightedCode: null }"
    x-init="
        highlightedCode = window.highlight(
            'Illuminate\\Pipeline\\Pipeline-\u003Ethen(object(Closure))',
            'php',
            true,
            false,
            1,
            null
        );
    "
    class="text-xs min-w-0" data-tippy-content="Illuminate\Pipeline\Pipeline-&gt;then(object(Closure))"
>
    <div
        x-cloak
        x-html="highlightedCode"
    ></div>
    <div x-show="!highlightedCode"><pre class="truncate"><code>Illuminate\Pipeline\Pipeline-&gt;then(object(Closure))</code></pre></div>
</div>
        </div>
    
    <div
    class="truncate font-mono text-xs text-neutral-500 dark:text-neutral-400 text-xs"
    dir="ltr"
>
    <span data-tippy-content="vendor\laravel\framework\src\Illuminate\Pipeline\Pipeline.php:137">
                    vendor\laravel\framework\src\Illuminate\Pipeline\Pipeline.php<span class="text-neutral-500">:137</span>
            </span>
</div>
</div>
            </div>
                    <div class="flex flex-col divide-y divide-neutral-200 dark:divide-white/5">
                <div class="grid gap-3 p-4 bg-neutral-50 dark:bg-transparent overflow-x-auto rounded-lg">
            <div class="flex">
            <div
    x-data="{ highlightedCode: null }"
    x-init="
        highlightedCode = window.highlight(
            'Illuminate\\Foundation\\Http\\Kernel-\u003EsendRequestThroughRouter(object(Illuminate\\Http\\Request))',
            'php',
            true,
            false,
            1,
            null
        );
    "
    class="text-xs min-w-0" data-tippy-content="Illuminate\Foundation\Http\Kernel-&gt;sendRequestThroughRouter(object(Illuminate\Http\Request))"
>
    <div
        x-cloak
        x-html="highlightedCode"
    ></div>
    <div x-show="!highlightedCode"><pre class="truncate"><code>Illuminate\Foundation\Http\Kernel-&gt;sendRequestThroughRouter(object(Illuminate\Http\Request))</code></pre></div>
</div>
        </div>
    
    <div
    class="truncate font-mono text-xs text-neutral-500 dark:text-neutral-400 text-xs"
    dir="ltr"
>
    <span data-tippy-content="vendor\laravel\framework\src\Illuminate\Foundation\Http\Kernel.php:175">
                    vendor\laravel\framework\src\Illuminate\Foundation\Http\Kernel.php<span class="text-neutral-500">:175</span>
            </span>
</div>
</div>
            </div>
                    <div class="flex flex-col divide-y divide-neutral-200 dark:divide-white/5">
                <div class="grid gap-3 p-4 bg-neutral-50 dark:bg-transparent overflow-x-auto rounded-lg">
            <div class="flex">
            <div
    x-data="{ highlightedCode: null }"
    x-init="
        highlightedCode = window.highlight(
            'Illuminate\\Foundation\\Http\\Kernel-\u003Ehandle(object(Illuminate\\Http\\Request))',
            'php',
            true,
            false,
            1,
            null
        );
    "
    class="text-xs min-w-0" data-tippy-content="Illuminate\Foundation\Http\Kernel-&gt;handle(object(Illuminate\Http\Request))"
>
    <div
        x-cloak
        x-html="highlightedCode"
    ></div>
    <div x-show="!highlightedCode"><pre class="truncate"><code>Illuminate\Foundation\Http\Kernel-&gt;handle(object(Illuminate\Http\Request))</code></pre></div>
</div>
        </div>
    
    <div
    class="truncate font-mono text-xs text-neutral-500 dark:text-neutral-400 text-xs"
    dir="ltr"
>
    <span data-tippy-content="vendor\laravel\framework\src\Illuminate\Foundation\Http\Kernel.php:144">
                    vendor\laravel\framework\src\Illuminate\Foundation\Http\Kernel.php<span class="text-neutral-500">:144</span>
            </span>
</div>
</div>
            </div>
                    <div class="flex flex-col divide-y divide-neutral-200 dark:divide-white/5">
                <div class="grid gap-3 p-4 bg-neutral-50 dark:bg-transparent overflow-x-auto rounded-lg">
            <div class="flex">
            <div
    x-data="{ highlightedCode: null }"
    x-init="
        highlightedCode = window.highlight(
            'Illuminate\\Foundation\\Application-\u003EhandleRequest(object(Illuminate\\Http\\Request))',
            'php',
            true,
            false,
            1,
            null
        );
    "
    class="text-xs min-w-0" data-tippy-content="Illuminate\Foundation\Application-&gt;handleRequest(object(Illuminate\Http\Request))"
>
    <div
        x-cloak
        x-html="highlightedCode"
    ></div>
    <div x-show="!highlightedCode"><pre class="truncate"><code>Illuminate\Foundation\Application-&gt;handleRequest(object(Illuminate\Http\Request))</code></pre></div>
</div>
        </div>
    
    <div
    class="truncate font-mono text-xs text-neutral-500 dark:text-neutral-400 text-xs"
    dir="ltr"
>
    <span data-tippy-content="vendor\laravel\framework\src\Illuminate\Foundation\Application.php:1220">
                    vendor\laravel\framework\src\Illuminate\Foundation\Application.php<span class="text-neutral-500">:1220</span>
            </span>
</div>
</div>
            </div>
            </div>
</div>
                                                                    <div
    x-data="{
        expanded: false,
        hasCode: true
    }"
    class="group rounded-lg border border-neutral-200 dark:border-white/10 overflow-hidden shadow-xs"
    :class="{ 'dark:border-white/5': expanded }"
>
    <div
        class="flex h-11 items-center gap-3 bg-white pr-2.5 pl-4 overflow-x-auto dark:bg-white/3"
        :class="{
            'cursor-pointer hover:bg-white/50 dark:hover:bg-white/5 hover:[&_svg]:stroke-emerald-500': hasCode,
            'dark:bg-white/5 rounded-t-lg': expanded,
            'dark:bg-white/3 rounded-lg': !expanded
        }"
        @click="hasCode && (expanded = !expanded)"
    >
        
        <div class="flex size-3 items-center justify-center flex-shrink-0">
          <div
          class="size-2 rounded-full"
          :class="{
            'bg-rose-500 dark:bg-neutral-400': expanded,
            'bg-rose-200 dark:bg-neutral-700': !expanded
          }"
          ></div>
        </div>

        <div class="flex flex-1 items-center justify-between gap-6 min-w-0">
            <div
    x-data="{ highlightedCode: null }"
    x-init="
        highlightedCode = window.highlight(
            'public\\index.php',
            'php',
            true,
            false,
            1,
            null
        );
    "
    class="text-xs min-w-0" data-tippy-content="public\index.php"
>
    <div
        x-cloak
        x-html="highlightedCode"
    ></div>
    <div x-show="!highlightedCode"><pre class="truncate"><code>public\index.php</code></pre></div>
</div>
            <div
    class="truncate font-mono text-xs text-neutral-500 dark:text-neutral-400"
    dir="rtl"
>
    <span data-tippy-content="public\index.php:20">
                    public\index.php<span class="text-neutral-500">:20</span>
            </span>
</div>
        </div>

        <div class="flex-shrink-0">
            <button
                x-cloak
                type="button"
                class="flex h-6 w-6 cursor-pointer items-center justify-center rounded-md dark:border dark:border-white/8 group-hover:text-blue-500 group-hover:dark:text-emerald-500"
                :class="{
                    'text-blue-500 dark:text-emerald-500 dark:bg-white/5': expanded,
                    'text-neutral-500 dark:text-neutral-500 dark:bg-white/3': !expanded,
                }"
            >
                <svg xmlns="http://www.w3.org/2000/svg" width="8" height="12" viewBox="0 0 8 12" fill="none" x-show="expanded">
  <g clip-path="url(#clip0_14550_6168)">
    <path d="M6.75 11.0001L4 8.25012L1.25 11.0001" stroke="currentColor" stroke-linecap="round" stroke-linejoin="round"/>
    <path d="M6.75 1.50012L4 4.25012L1.25 1.50012" stroke="currentColor" stroke-linecap="round" stroke-linejoin="round"/>
  </g>
  <defs>
    <clipPath id="clip0_14550_6168">
      <rect width="8" height="11" fill="white" style="fill:white;fill-opacity:1;" transform="translate(0 0.500122)"/>
    </clipPath>
  </defs>
</svg>
                <svg xmlns="http://www.w3.org/2000/svg" width="12" height="12" viewBox="0 0 12 12" fill="none" x-show="!expanded">
  <g clip-path="url(#clip0_14550_6155)">
    <path d="M8.75 8.25012L6 11.0001L3.25 8.25012" stroke="currentColor" stroke-linecap="round" stroke-linejoin="round"/>
    <path d="M8.75 3.75012L6 1.00012L3.25 3.75012" stroke="currentColor" stroke-linecap="round" stroke-linejoin="round"/>
  </g>
  <defs>
    <clipPath id="clip0_14550_6155">
      <rect width="12" height="12" fill="white" style="fill:white;fill-opacity:1;"/>
    </clipPath>
  </defs>
</svg>
            </button>
        </div>
    </div>

            <div
    class="text-sm rounded-b-lg bg-neutral-50 border-t border-neutral-100 dark:bg-neutral-900 dark:border-white/10"
    x-show="expanded" x-cloak="x-cloak"
>
    <div
    x-data="{ highlightedCode: null }"
    x-init="
        highlightedCode = window.highlight(
            '\n\/\/ Bootstrap Laravel and handle the request...\n\/** @var Application $app *\/\n$app = require_once __DIR__.\u0027\/..\/bootstrap\/app.php\u0027;\n\n$app-\u003EhandleRequest(Request::capture());\n',
            'php',
            false,
            true,
            15,
            5
        );
    "
    class="overflow-x-auto"
>
    <div
        x-cloak
        x-html="highlightedCode"
    ></div>
    <div x-show="!highlightedCode"><pre><code><span class="block px-4 py-1 h-7 even:bg-white odd:bg-white/2 even:dark:bg-white/2 odd:dark:bg-white/4 "><span class="mr-6 text-neutral-500! dark:text-neutral-600! ">15</span></span><span class="block px-4 py-1 h-7 even:bg-white odd:bg-white/2 even:dark:bg-white/2 odd:dark:bg-white/4 "><span class="mr-6 text-neutral-500! dark:text-neutral-600! ">16</span>// Bootstrap Laravel and handle the request...</span><span class="block px-4 py-1 h-7 even:bg-white odd:bg-white/2 even:dark:bg-white/2 odd:dark:bg-white/4 "><span class="mr-6 text-neutral-500! dark:text-neutral-600! ">17</span>/** @var Application $app */</span><span class="block px-4 py-1 h-7 even:bg-white odd:bg-white/2 even:dark:bg-white/2 odd:dark:bg-white/4 "><span class="mr-6 text-neutral-500! dark:text-neutral-600! ">18</span>$app = require_once __DIR__.&#039;/../bootstrap/app.php&#039;;</span><span class="block px-4 py-1 h-7 even:bg-white odd:bg-white/2 even:dark:bg-white/2 odd:dark:bg-white/4 "><span class="mr-6 text-neutral-500! dark:text-neutral-600! ">19</span></span><span class="block px-4 py-1 h-7 even:bg-white odd:bg-white/2 even:dark:bg-white/2 odd:dark:bg-white/4 bg-rose-200! dark:bg-rose-900!"><span class="mr-6 text-neutral-500! dark:text-neutral-600! dark:text-white!">20</span>$app-&gt;handleRequest(Request::capture());</span><span class="block px-4 py-1 h-7 even:bg-white odd:bg-white/2 even:dark:bg-white/2 odd:dark:bg-white/4 "><span class="mr-6 text-neutral-500! dark:text-neutral-600! ">21</span></span></code></pre></div>
</div>
</div>
    </div>
                                                                <div
    x-data="{ expanded: false }"
    class="group rounded-lg border border-neutral-200 dark:border-white/5"
    :class="{
        'bg-white dark:bg-white/5 shadow-xs': expanded,
        'border-dashed border-neutral-300 bg-neutral-50 opacity-90 dark:border-white/10 dark:bg-white/1': !expanded,
    }"
>
    <div
        class="flex h-11 cursor-pointer items-center gap-3 rounded-lg pr-2.5 pl-4 hover:bg-white/50 dark:hover:bg-white/2"
        @click="expanded = !expanded"
    >
        <svg width="12" height="12" viewBox="0 0 12 12" fill="none" xmlns="http://www.w3.org/2000/svg" class="w-3 h-3 text-neutral-400" x-show="!expanded" x-cloak="x-cloak">
    <path d="M2.75 2.75H5.614L5.316 2.114C5.069 1.587 4.54 1.25 3.958 1.25H2.25C1.422 1.25 0.75 1.922 0.75 2.75V4.75C0.75 3.645 1.645 2.75 2.75 2.75Z" />
    <path d="M0.75 4.75V2.75C0.75 1.922 1.422 1.25 2.25 1.25H3.958C4.54 1.25 5.069 1.587 5.316 2.114L5.614 2.75" stroke="currentColor" stroke-linecap="round" stroke-linejoin="round"/>
    <path d="M2.75 2.75H9.25C10.355 2.75 11.25 3.645 11.25 4.75V8.25C11.25 9.355 10.355 10.25 9.25 10.25H2.75C1.645 10.25 0.75 9.355 0.75 8.25V4.75C0.75 3.645 1.645 2.75 2.75 2.75Z" stroke="currentColor" stroke-linecap="round" stroke-linejoin="round"/>
</svg>
        <svg width="12" height="12" viewBox="0 0 12 12" fill="none" xmlns="http://www.w3.org/2000/svg" class="w-3 h-3 text-blue-500 dark:text-emerald-500" x-show="expanded">
    <g clip-path="url(#clip0_14732_6211)">
        <path d="M1.75 5.25V2.75C1.75 1.922 2.422 1.25 3.25 1.25H4.202C4.808 1.25 5.381 1.525 5.761 1.998L6.364 2.75H8.25C9.355 2.75 10.25 3.645 10.25 4.75V5.25" stroke="currentColor" stroke-linecap="round" stroke-linejoin="round"/>
        <path d="M2.46801 5.25H9.53101C10.44 5.25 11.14 6.052 11.017 6.953L10.735 9.021C10.6 10.012 9.75301 10.751 8.75301 10.751H3.24601C2.24601 10.751 1.39901 10.012 1.26401 9.021L0.982011 6.953C0.859011 6.052 1.55901 5.25 2.46801 5.25Z" stroke="currentColor" stroke-linecap="round" stroke-linejoin="round"/>
    </g>
    <defs>
        <clipPath id="clip0_14732_6211">
            <rect width="12" height="12" />
        </clipPath>
    </defs>
</svg>

        <div class="flex-1 font-mono text-xs leading-3 text-neutral-900 dark:text-neutral-400">
            1 vendor frame
        </div>

        <button
            x-cloak
            type="button"
            class="flex h-6 w-6 cursor-pointer items-center justify-center rounded-md dark:border dark:border-white/8 group-hover:text-blue-500 group-hover:dark:text-emerald-500"
            :class="{
                'text-blue-500 dark:text-emerald-500 dark:bg-white/5': expanded,
                'text-neutral-500 dark:text-neutral-500 dark:bg-white/3': !expanded,
            }"
        >
            <svg xmlns="http://www.w3.org/2000/svg" width="8" height="12" viewBox="0 0 8 12" fill="none" x-show="expanded">
  <g clip-path="url(#clip0_14550_6168)">
    <path d="M6.75 11.0001L4 8.25012L1.25 11.0001" stroke="currentColor" stroke-linecap="round" stroke-linejoin="round"/>
    <path d="M6.75 1.50012L4 4.25012L1.25 1.50012" stroke="currentColor" stroke-linecap="round" stroke-linejoin="round"/>
  </g>
  <defs>
    <clipPath id="clip0_14550_6168">
      <rect width="8" height="11" fill="white" style="fill:white;fill-opacity:1;" transform="translate(0 0.500122)"/>
    </clipPath>
  </defs>
</svg>
            <svg xmlns="http://www.w3.org/2000/svg" width="12" height="12" viewBox="0 0 12 12" fill="none" x-show="!expanded">
  <g clip-path="url(#clip0_14550_6155)">
    <path d="M8.75 8.25012L6 11.0001L3.25 8.25012" stroke="currentColor" stroke-linecap="round" stroke-linejoin="round"/>
    <path d="M8.75 3.75012L6 1.00012L3.25 3.75012" stroke="currentColor" stroke-linecap="round" stroke-linejoin="round"/>
  </g>
  <defs>
    <clipPath id="clip0_14550_6155">
      <rect width="12" height="12" fill="white" style="fill:white;fill-opacity:1;"/>
    </clipPath>
  </defs>
</svg>
        </button>
    </div>

    <div x-cloak class="flex flex-col rounded-b-lg divide-y divide-neutral-200 border-t border-neutral-200 dark:divide-white/5 dark:border-white/5" x-show="expanded">
                    <div class="flex flex-col divide-y divide-neutral-200 dark:divide-white/5">
                <div class="grid gap-3 p-4 bg-neutral-50 dark:bg-transparent overflow-x-auto rounded-lg">
            <span class="font-mono text-xs leading-3 text-neutral-500">Entrypoint</span>
    
    <div
    class="truncate font-mono text-xs text-neutral-500 dark:text-neutral-400 text-xs"
    dir="ltr"
>
    <span data-tippy-content="vendor\laravel\framework\src\Illuminate\Foundation\resources\server.php:23">
                    vendor\laravel\framework\src\Illuminate\Foundation\resources\server.php<span class="text-neutral-500">:23</span>
            </span>
</div>
</div>
            </div>
            </div>
</div>
                        </div>
</div>

        <div
    class="flex flex-col gap-2.5 bg-neutral-50 dark:bg-white/1 border border-neutral-200 dark:border-neutral-800 rounded-xl p-2.5 shadow-xs"
    x-data="{
        totalQueries: 1,
        currentPage: 1,
        perPage: 10,
        get totalPages() {
            return Math.ceil(this.totalQueries / this.perPage);
        },
        get hasPrevious() {
            return this.currentPage > 1;
        },
        get hasNext() {
            return this.currentPage < this.totalPages;
        },
        goToPage(page) {
            if (page >= 1 && page <= this.totalPages) {
                this.currentPage = page;
            }
        },
        first() {
            this.currentPage = 1;
        },
        last() {
            this.currentPage = this.totalPages;
        },
        previous() {
            if (this.hasPrevious) {
                this.currentPage--;
            }
        },
        next() {
            if (this.hasNext) {
                this.currentPage++;
            }
        },
        get visiblePages() {
            const total = this.totalPages;
            const current = this.currentPage;
            const pages = [];

            if (total <= 7) {
                for (let i = 1; i <= total; i++) {
                    pages.push({ type: 'page', value: i });
                }
            } else {
                if (current <= 4) {
                    for (let i = 1; i <= 5; i++) {
                        pages.push({ type: 'page', value: i });
                    }
                    if (total > 6) {
                        pages.push({ type: 'ellipsis', value: '...', id: 'end' });
                        pages.push({ type: 'page', value: total });
                    }
                } else if (current > total - 4) {
                    pages.push({ type: 'page', value: 1 });
                    if (total > 6) {
                        pages.push({ type: 'ellipsis', value: '...', id: 'start' });
                    }
                    for (let i = Math.max(total - 4, 2); i <= total; i++) {
                        pages.push({ type: 'page', value: i });
                    }
                } else {
                    pages.push({ type: 'page', value: 1 });
                    pages.push({ type: 'ellipsis', value: '...', id: 'start' });
                    for (let i = current - 1; i <= current + 1; i++) {
                        pages.push({ type: 'page', value: i });
                    }
                    pages.push({ type: 'ellipsis', value: '...', id: 'end' });
                    pages.push({ type: 'page', value: total });
                }
            }
            return pages;
        }
    }"
>
    <div class="flex items-center justify-between p-2">
        <div class="flex items-center gap-2.5">
            <div class="bg-white dark:bg-neutral-800 border border-neutral-200 dark:border-white/5 rounded-md w-6 h-6 flex items-center justify-center p-1">
                <svg width="12" height="12" viewBox="0 0 12 12" fill="none" xmlns="http://www.w3.org/2000/svg" class="w-2.5 h-2.5 text-blue-500 dark:text-emerald-500">
    <path d="M9.75 2.56944C9.75 3.29815 8.07107 3.88889 6 3.88889C3.92893 3.88889 2.25 3.29815 2.25 2.56944M9.75 2.56944C9.75 1.84074 8.07107 1.25 6 1.25C3.92893 1.25 2.25 1.84074 2.25 2.56944M9.75 2.56944V9.43056C9.75 10.1593 8.07107 10.75 6 10.75C3.92893 10.75 2.25 10.1593 2.25 9.43056V2.56944M9.75 5.94434C9.75 6.67304 8.07107 7.26378 6 7.26378C3.92893 7.26378 2.25 6.67304 2.25 5.94434" stroke="currentColor" stroke-linecap="round" stroke-linejoin="round"/>
</svg>
            </div>
            <h3 class="text-base font-semibold">Queries</h3>
        </div>
        <div x-show="totalQueries > 0" class="text-sm text-neutral-500 dark:text-neutral-400 flex items-center gap-2">
            <span x-text="`${((currentPage - 1) * perPage) + 1}-${Math.min(currentPage * perPage, totalQueries)} of ${totalQueries}`"></span>
                    </div>
    </div>

    <div class="flex flex-col gap-1">
                <div
            class="border border-neutral-200 dark:border-none bg-white dark:bg-white/[3%] rounded-md h-10 flex items-center justify-between gap-4 px-4 text-xs font-mono shadow-xs"
            x-show="Math.floor(0 / perPage) === (currentPage - 1)"
        >
            <div class="flex items-center gap-2 truncate">
                <div class="flex items-center gap-2">
                    <svg width="12" height="12" viewBox="0 0 12 12" fill="none" xmlns="http://www.w3.org/2000/svg" class="w-3 h-3 text-neutral-500 dark:text-neutral-400">
    <path d="M9.75 2.56944C9.75 3.29815 8.07107 3.88889 6 3.88889C3.92893 3.88889 2.25 3.29815 2.25 2.56944M9.75 2.56944C9.75 1.84074 8.07107 1.25 6 1.25C3.92893 1.25 2.25 1.84074 2.25 2.56944M9.75 2.56944V9.43056C9.75 10.1593 8.07107 10.75 6 10.75C3.92893 10.75 2.25 10.1593 2.25 9.43056V2.56944M9.75 5.94434C9.75 6.67304 8.07107 7.26378 6 7.26378C3.92893 7.26378 2.25 6.67304 2.25 5.94434" stroke="currentColor" stroke-linecap="round" stroke-linejoin="round"/>
</svg>
                    <span class="text-neutral-500 dark:text-neutral-400">mysql</span>
                </div>
                <div
    x-data="{ highlightedCode: null }"
    x-init="
        highlightedCode = window.highlight(
            'select * from `users` where `email` = \u00272021001@student.polije.ac.id\u0027 limit 1',
            'sql',
            true,
            false,
            1,
            null
        );
    "
    class="min-w-0" data-tippy-content="select * from `users` where `email` = &#039;2021001@student.polije.ac.id&#039; limit 1"
>
    <div
        x-cloak
        x-html="highlightedCode"
    ></div>
    <div x-show="!highlightedCode"><pre class="truncate"><code>select * from `users` where `email` = &#039;2021001@student.polije.ac.id&#039; limit 1</code></pre></div>
</div>
            </div>
            <div class="text-neutral-500 dark:text-neutral-200 text-right flex-shrink-0">21.17ms</div>
        </div>
            </div>

    <!-- Pagination Controls -->
    <div x-cloak x-show="totalPages > 1" class="flex items-center justify-center gap-1 py-4 font-mono">
        <!-- First Button -->
        <button
            @click="first()"
            class="cursor-pointer flex items-center justify-center w-8 h-8 rounded-md transition-colors"
            :disabled="!hasPrevious"
            :class="hasPrevious ? 'text-neutral-500 dark:text-neutral-300 hover:bg-neutral-200 hover:dark:text-white hover:dark:bg-white/5' : 'text-neutral-600 cursor-not-allowed!'"
        >
            <svg width="10" height="10" viewBox="0 0 10 10" fill="none" xmlns="http://www.w3.org/2000/svg" class="w-3 h-3">
    <path d="M4.75 1L0.75 5L4.75 9" stroke="currentColor" stroke-linecap="round" stroke-linejoin="round"/>
    <path d="M9.25 1L5.25 5L9.25 9" stroke="currentColor" stroke-linecap="round" stroke-linejoin="round"/>
</svg>
        </button>

        <!-- Previous Button -->
        <button
            @click="previous()"
            class="cursor-pointer flex items-center justify-center w-8 h-8 rounded-md transition-colors"
            :class="hasPrevious ? 'text-neutral-500 dark:text-neutral-300 hover:bg-neutral-200 hover:dark:text-white hover:dark:bg-white/5' : 'text-neutral-600 cursor-not-allowed!'"
            :disabled="!hasPrevious"
        >
            <svg width="6" height="10" viewBox="0 0 6 10" fill="none" xmlns="http://www.w3.org/2000/svg" class="w-3 h-3">
    <path d="M5.125 0.75L0.875 5L5.125 9.25" stroke="currentColor" stroke-linecap="round" stroke-linejoin="round"/>
</svg>
        </button>

        <!-- Page Numbers -->
        <template x-for="(page, index) in visiblePages" :key="`page-${page.type}-${page.value}-${page.id || index}`">
            <div>
                <template x-if="page.type === 'ellipsis'">
                    <span class="flex items-center justify-center w-8 h-8 text-neutral-500">...</span>
                </template>
                <template x-if="page.type === 'page'">
                    <button
                        @click="goToPage(page.value)"
                        class="cursor-pointer flex items-center justify-center w-8 h-8 rounded-md text-sm font-medium transition-colors"
                        :class="currentPage === page.value ? 'bg-blue-600 text-white' : 'text-neutral-500 dark:text-neutral-300 hover:bg-neutral-200 hover:dark:text-white hover:dark:bg-white/5'"
                        x-text="page.value"
                    ></button>
                </template>
            </div>
        </template>

        <!-- Next Button -->
        <button
            @click="next()"
            class="cursor-pointer flex items-center justify-center w-8 h-8 rounded-md transition-colors"
            :class="hasNext ? 'text-neutral-500 dark:text-neutral-300 hover:bg-neutral-200 hover:dark:text-white hover:dark:bg-white/5' : 'text-neutral-600 cursor-not-allowed!'"
            :disabled="!hasNext"
        >
            <svg width="6" height="10" viewBox="0 0 6 10" fill="none" xmlns="http://www.w3.org/2000/svg" class="w-3 h-3">
    <path d="M0.875 9.25L5.125 5L0.875 0.75" stroke="currentColor" stroke-linecap="round" stroke-linejoin="round"/>
</svg>
        </button>

        <!-- Last Button -->
        <button
            @click="last()"
            class="cursor-pointer flex items-center justify-center w-8 h-8 rounded-md transition-colors"
            :class="hasNext ? 'text-neutral-500 dark:text-neutral-300 hover:bg-neutral-200 hover:dark:text-white hover:dark:bg-white/5' : 'text-neutral-600 cursor-not-allowed!'"
            :disabled="!hasNext"
        >
            <svg width="10" height="10" viewBox="0 0 10 10" fill="none" xmlns="http://www.w3.org/2000/svg" class="w-3 h-3">
    <path d="M5.25 9L9.25 5L5.25 1" stroke="currentColor" stroke-linecap="round" stroke-linejoin="round"/>
    <path d="M0.75 9L4.75 5L0.75 1" stroke="currentColor" stroke-linecap="round" stroke-linejoin="round"/>
</svg>
        </button>
    </div>
</div>
</section>

    <div class="h-0 w-full relative">
    <div class="absolute top-[-1px] left-0 right-0 bottom-0 border-t border-dashed border-neutral-300 dark:border-white/[9%]"></div>
</div>

    <section
    class="w-full max-w-7xl mx-auto p-4 sm:p-14 border-x border-dashed border-neutral-300 dark:border-white/[9%] flex flex-col gap-12"
>
    <div class="flex flex-col gap-3">
    <h2 class="text-lg font-semibold text-neutral-900 dark:text-white">Headers</h2>
    <div class="flex flex-col">
                <div class="flex max-w-full items-baseline gap-2 h-10 text-sm font-mono">
            <div class="uppercase text-neutral-500 dark:text-neutral-400 shrink-0">host</div>
            <div class="min-w-6 grow h-3 border-b-2 border-dotted border-neutral-300 dark:border-white/20"></div>
            <div class="truncate text-neutral-900 dark:text-white">
                <span data-tippy-content="127.0.0.1:8000">
                    127.0.0.1:8000
                </span>
            </div>
        </div>
                <div class="flex max-w-full items-baseline gap-2 h-10 text-sm font-mono">
            <div class="uppercase text-neutral-500 dark:text-neutral-400 shrink-0">user-agent</div>
            <div class="min-w-6 grow h-3 border-b-2 border-dotted border-neutral-300 dark:border-white/20"></div>
            <div class="truncate text-neutral-900 dark:text-white">
                <span data-tippy-content="curl/8.13.0">
                    curl/8.13.0
                </span>
            </div>
        </div>
                <div class="flex max-w-full items-baseline gap-2 h-10 text-sm font-mono">
            <div class="uppercase text-neutral-500 dark:text-neutral-400 shrink-0">accept</div>
            <div class="min-w-6 grow h-3 border-b-2 border-dotted border-neutral-300 dark:border-white/20"></div>
            <div class="truncate text-neutral-900 dark:text-white">
                <span data-tippy-content="*/*">
                    */*
                </span>
            </div>
        </div>
                <div class="flex max-w-full items-baseline gap-2 h-10 text-sm font-mono">
            <div class="uppercase text-neutral-500 dark:text-neutral-400 shrink-0">content-type</div>
            <div class="min-w-6 grow h-3 border-b-2 border-dotted border-neutral-300 dark:border-white/20"></div>
            <div class="truncate text-neutral-900 dark:text-white">
                <span data-tippy-content="application/json">
                    application/json
                </span>
            </div>
        </div>
                <div class="flex max-w-full items-baseline gap-2 h-10 text-sm font-mono">
            <div class="uppercase text-neutral-500 dark:text-neutral-400 shrink-0">content-length</div>
            <div class="min-w-6 grow h-3 border-b-2 border-dotted border-neutral-300 dark:border-white/20"></div>
            <div class="truncate text-neutral-900 dark:text-white">
                <span data-tippy-content="71">
                    71
                </span>
            </div>
        </div>
            </div>
</div>

        <div class="flex flex-col gap-3">
    <h2 class="text-lg font-semibold">Body</h2>
        <div class="bg-white dark:bg-white/[2%] border border-neutral-200 dark:border-neutral-800 rounded-md overflow-x-auto p-5 text-sm font-mono shadow-xs">
        <div
    x-data="{ highlightedCode: null }"
    x-init="
        highlightedCode = window.highlight(
            '{\n    \u0022email\u0022: \u00222021001@student.polije.ac.id\u0022,\n    \u0022password\u0022: \u0022password123\u0022\n}',
            'json',
            false,
            false,
            1,
            null
        );
    "
    
>
    <div
        x-cloak
        x-html="highlightedCode"
    ></div>
    <div x-show="!highlightedCode"><pre><code>{
    &quot;email&quot;: &quot;2021001@student.polije.ac.id&quot;,
    &quot;password&quot;: &quot;password123&quot;
}</code></pre></div>
</div>
    </div>
    </div>

        <div class="flex flex-col gap-3">
    <h2 class="text-lg font-semibold">Routing</h2>
    <div class="flex flex-col">
                <div class="flex max-w-full items-baseline gap-2 h-10 text-sm font-mono">
            <div class="uppercase text-neutral-500 dark:text-neutral-400 shrink-0">controller</div>
            <div class="min-w-6 grow h-3 border-b-2 border-dotted border-neutral-300 dark:border-white/20"></div>
            <div class="truncate text-neutral-900 dark:text-white">
                <span data-tippy-content="App\Http\Controllers\NewLoginController@login">
                    App\Http\Controllers\NewLoginController@login
                </span>
            </div>
        </div>
                <div class="flex max-w-full items-baseline gap-2 h-10 text-sm font-mono">
            <div class="uppercase text-neutral-500 dark:text-neutral-400 shrink-0">middleware</div>
            <div class="min-w-6 grow h-3 border-b-2 border-dotted border-neutral-300 dark:border-white/20"></div>
            <div class="truncate text-neutral-900 dark:text-white">
                <span data-tippy-content="api">
                    api
                </span>
            </div>
        </div>
            </div>
</div>

        <div class="flex flex-col gap-3">
    <h2 class="text-lg font-semibold">Routing parameters</h2>
        <div class="bg-white/[2%] border border-neutral-200 dark:border-neutral-800 rounded-md w-full p-5 uppercase text-sm text-center font-mono shadow-xs text-neutral-600 dark:text-neutral-400">
    <span class="text-neutral-400 dark:text-neutral-600">// </span>No routing parameters
</div>
    </div>
</section>

    <div class="h-0 w-full relative">
    <div class="absolute top-[-1px] left-0 right-0 bottom-0 border-t border-dashed border-neutral-300 dark:border-white/[9%]"></div>
</div>

            <section
    class="w-full max-w-7xl mx-auto p-4 sm:p-14 border-x border-dashed border-neutral-300 dark:border-white/[9%] pb-0 sm:pb-0"
>
    <div
    class="relative text-neutral-400 dark:text-neutral-400"
    x-data="{ spotlight: { x: 0, y: 0 } }"
    @mousemove="const rect = $el.getBoundingClientRect(); spotlight = { x: $event.clientX - rect.left, y: $event.clientY - rect.top }">
    <div
        class="absolute w-full text-neutral-800 dark:text-neutral-100"
        x-data="{ isDark: window.matchMedia('(prefers-color-scheme: dark)').matches || document.documentElement.classList.contains('dark') }"
        :style="
            'mask-image: radial-gradient(circle at ' +
                spotlight.x +
                'px ' +
                spotlight.y +
                'px, black 0%, transparent ' + (isDark ? '150px' : '120px') + '); -webkit-mask-image: radial-gradient(circle at ' +
                spotlight.x +
                'px ' +
                spotlight.y +
                'px, black 0%, transparent ' + (isDark ? '600px' : '400px') + ');'
        ">
        <svg fill="currentColor" viewBox="0 0 1268 308" xmlns="http://www.w3.org/2000/svg">
<defs>
<path id="a" d="m0 0v-0.49449h1.7215v-4.3497l-1.6849-0.00916v-0.40291c1.3278 0 1.6849-0.22893 1.8131-1.1538h0.43954v5.9155h1.7399v0.49449h-4.0292z"/>
<path id="b" d="m0 0c-1.3186 0-2.1062-1.227-2.1062-3.2965 0-2.0696 0.78752-3.2966 2.1062-3.2966s2.1062 1.227 2.1062 3.2966c0 2.0695-0.78752 3.2965-2.1062 3.2965zm0-3.8918c0.3205 0 0.56774 0.2473 0.56774 0.5678 0 0.3113-0.24724 0.5677-0.56774 0.5677-0.31134 0-0.56775-0.2564-0.56775-0.5677 0-0.3205 0.25641-0.5678 0.56775-0.5678zm0 3.3973c0.99813 0 1.5567-1.0164 1.5567-2.802 0-1.7857-0.55859-2.8021-1.5567-2.8021s-1.5567 1.0164-1.5567 2.8021c0 1.7856 0.55859 2.802 1.5567 2.802z"/>
</defs>
</svg>
<script>
(()=>{
const d="10A212.9A|AB2AB2AB2A212.2AB2AB2AB|6AB3A212.4AB4A|2ABAB3ABA212.AB4AB2A|10A212.3AB4AB|AB2ABAB3A212.AB3AB3A|8ABA212.7ABA|ABAB2AB3A212.2ABAB4A|10A212.6AB2A|2AB2ABAB2A32.9A61.9A73.9A19.AB2AB4A|9AB28.5AB2AB2AB4A3.10A6.25A10.5AB2AB2AB4A4.9A4.9A20.11A9.5AB2AB2AB5A15.7ABA|ABABAB4A25.4ABAB9AB4A.2AB3AB2AB6.2AB2AB2ABAB2AB2ABAB2AB3A7.4ABAB9AB5A.2AB2AB2AB4.2AB2AB2ABA18.2AB2AB2AB2A7.4AB11AB2AB3A12.ABABAB3A|7AB2A23.3AB7ABABABAB3AB8AB3A6.4AB10AB7ABA5.3AB7ABABAB4AB2AB5AB4A5.5AB4A17.7AB2A6.3AB4ABABABABAB10A10.8AB|2AB2AB3AB21.3AB3AB2AB14ABABAB4ABA6.AB4AB2ABABAB4ABAB4A3.3AB3AB2AB8AB7ABAB3AB2A6.AB5ABA16.2ABABAB3A6.2AB3AB13AB2ABAB4A8.2AB3AB2A|10A20.2AB10AB7.ABAB7AB4A6.3AB12AB5AB2A2.2AB10AB7.2ABAB10AB6.3AB6A14.11A4.10AB11.7AB3A7.4AB4A|ABAB2ABABA19.6ABABAB14.3AB2AB3AB2A6.AB3ABAB2A16.6ABABAB14.3AB2ABAB4A7.4ABAB3A13.ABAB2AB2AB4.2ABABABABA15.AB2AB2AB2A6.AB5ABA|10A19.AB2AB5A16.12A6.9AB15.2AB2AB5A16.9AB2A8.AB5AB2A11.10A4.10A17.10A5.3AB2AB2A|2ABABAB3A18.4AB3ABA18.AB2ABAB2ABA6.2ABAB2AB2A15.4AB3ABA18.ABAB2AB3AB8.4AB5A10.2AB2ABABABA4.ABAB2AB3A18.AB2ABAB2A5.AB7A|8ABA17.2AB4AB3A19.10A6.10A15.AB4AB2A20.10A9.AB3AB2ABA9.10A4.9AB27AB5.4AB2ABA|AB2AB5A17.4AB5A20.AB2ABABABA6.AB2ABAB2AB14.4AB5A20.2AB2ABAB2A10.10A7.2ABAB2AB2A5.AB2ABAB4AB2AB2AB2ABAB2ABABABABAB5A4.2AB6A|6ABABA17.AB4AB2AB20.10A6.10A14.2AB4AB2A21.8AB11.ABABAB2AB6.11A5.8AB7AB18AB3A4.4ABAB2A|ABAB6A17.3AB6A20.2ABAB2AB2A6.ABAB2ABABA14.5AB4A20.2ABAB2AB2A11.10A4.2ABAB2ABABA6.2AB2AB4ABABAB3AB2ABAB2AB2AB2AB4ABA4.AB6AB|5AB2ABA18.4AB2AB2A19.10A6.10A15.AB4AB2A20.10A12.2AB2AB2ABA3.10A7.7AB2A33.3AB2AB2A|2AB7A18.AB8A18.2AB2ABABABA6.2AB2AB2ABA15.3AB4ABA18.2AB2ABAB2AB12.11A.2AB2ABAB2A9.ABAB6A32.AB7A|4ABAB3A19.2ABABAB4A15.2AB9A6.10A15.5AB6A15.2AB9A13.ABABAB2AB5AB5AB9.5ABAB3A17.4A10.4AB2ABA|AB6ABA19.8AB4A11.2AB3AB2AB3AB6.ABABABAB2A16.AB4AB2AB3A10.3AB4AB2ABABA14.9ABAB4AB2A11.2AB5AB2A14.3AB5A7.2AB6A|3AB2AB20A3.2AB2AB3AB7A.16AB2A6.10A17.2AB7AB5A2.10AB8A14.3ABAB8AB3A13.4AB8A8.4AB3AB5A5.5ABABA|AB7AB2ABAB2AB2ABAB2ABA5.8ABAB2AB3AB2ABAB2AB2ABAB4A6.2AB2AB2ABA19.2ABAB5AB2AB3AB2ABAB5ABAB2ABA15.6ABAB2AB5A15.4AB2ABAB10AB8ABA7.ABAB5A|4AB2AB11AB7A6.2ABAB9AB11AB5ABA6.10A20.5ABAB15ABAB8A16.AB11ABA17.AB8AB2AB2AB4ABABAB2A9.6AB2A|2AB6ABAB2ABAB5ABAB2A9.8AB2ABABABABA2.5ABAB2A6.ABAB2ABABA22.8AB2ABABABAB3A2.4ABAB2A16.3ABAB2AB2AB2A20.2ABAB8AB2AB7A11.2AB5AB|5ABAB10AB8A12.7AB6A4.AB5AB2A6.10A26.AB12A5.2AB6A17.9AB3A24.2AB2ABAB6ABA15.4ABAB2A",
s=document.currentScript.previousElementSibling,
ns="http://www.w3.org/2000/svg";
const ox=0.32415,oy=7.3223,cw=5.4907,rh=10.0,zx=1.923,zy=0.0915;
d.split("|").forEach((r,ri)=>{const g=document.createElementNS(ns,"g");g.setAttribute("transform","translate(0,"+(oy+ri*rh)+")");let col=0;for(let i=0;i<r.length;i++){let c=r[i],n=1;if(c>="0"&&c<="9"){n=c;while(i+1<r.length&&r[i+1]>="0"&&r[i+1]<="9")n+=r[++i];n=+n;c=r[++i];}if(c==="."){col+=n;continue;}for(let j=0;j<n;j++){const u=document.createElementNS(ns,"use");u.setAttribute("href",c==="A"?"#a":"#b");u.setAttribute("x",ox+col*cw+(c==="B"?zx:0));if(c==="B")u.setAttribute("y",zy);g.appendChild(u);col++;}}s.appendChild(g);});
})();
</script>    </div>
    <svg fill="currentColor" viewBox="0 0 1268 308" xmlns="http://www.w3.org/2000/svg">
<defs>
<path id="a" d="m0 0v-0.49449h1.7215v-4.3497l-1.6849-0.00916v-0.40291c1.3278 0 1.6849-0.22893 1.8131-1.1538h0.43954v5.9155h1.7399v0.49449h-4.0292z"/>
<path id="b" d="m0 0c-1.3186 0-2.1062-1.227-2.1062-3.2965 0-2.0696 0.78752-3.2966 2.1062-3.2966s2.1062 1.227 2.1062 3.2966c0 2.0695-0.78752 3.2965-2.1062 3.2965zm0-3.8918c0.3205 0 0.56774 0.2473 0.56774 0.5678 0 0.3113-0.24724 0.5677-0.56774 0.5677-0.31134 0-0.56775-0.2564-0.56775-0.5677 0-0.3205 0.25641-0.5678 0.56775-0.5678zm0 3.3973c0.99813 0 1.5567-1.0164 1.5567-2.802 0-1.7857-0.55859-2.8021-1.5567-2.8021s-1.5567 1.0164-1.5567 2.8021c0 1.7856 0.55859 2.802 1.5567 2.802z"/>
</defs>
</svg>
<script>
(()=>{
const d="10A212.9A|AB2AB2AB2A212.2AB2AB2AB|6AB3A212.4AB4A|2ABAB3ABA212.AB4AB2A|10A212.3AB4AB|AB2ABAB3A212.AB3AB3A|8ABA212.7ABA|ABAB2AB3A212.2ABAB4A|10A212.6AB2A|2AB2ABAB2A32.9A61.9A73.9A19.AB2AB4A|9AB28.5AB2AB2AB4A3.10A6.25A10.5AB2AB2AB4A4.9A4.9A20.11A9.5AB2AB2AB5A15.7ABA|ABABAB4A25.4ABAB9AB4A.2AB3AB2AB6.2AB2AB2ABAB2AB2ABAB2AB3A7.4ABAB9AB5A.2AB2AB2AB4.2AB2AB2ABA18.2AB2AB2AB2A7.4AB11AB2AB3A12.ABABAB3A|7AB2A23.3AB7ABABABAB3AB8AB3A6.4AB10AB7ABA5.3AB7ABABAB4AB2AB5AB4A5.5AB4A17.7AB2A6.3AB4ABABABABAB10A10.8AB|2AB2AB3AB21.3AB3AB2AB14ABABAB4ABA6.AB4AB2ABABAB4ABAB4A3.3AB3AB2AB8AB7ABAB3AB2A6.AB5ABA16.2ABABAB3A6.2AB3AB13AB2ABAB4A8.2AB3AB2A|10A20.2AB10AB7.ABAB7AB4A6.3AB12AB5AB2A2.2AB10AB7.2ABAB10AB6.3AB6A14.11A4.10AB11.7AB3A7.4AB4A|ABAB2ABABA19.6ABABAB14.3AB2AB3AB2A6.AB3ABAB2A16.6ABABAB14.3AB2ABAB4A7.4ABAB3A13.ABAB2AB2AB4.2ABABABABA15.AB2AB2AB2A6.AB5ABA|10A19.AB2AB5A16.12A6.9AB15.2AB2AB5A16.9AB2A8.AB5AB2A11.10A4.10A17.10A5.3AB2AB2A|2ABABAB3A18.4AB3ABA18.AB2ABAB2ABA6.2ABAB2AB2A15.4AB3ABA18.ABAB2AB3AB8.4AB5A10.2AB2ABABABA4.ABAB2AB3A18.AB2ABAB2A5.AB7A|8ABA17.2AB4AB3A19.10A6.10A15.AB4AB2A20.10A9.AB3AB2ABA9.10A4.9AB27AB5.4AB2ABA|AB2AB5A17.4AB5A20.AB2ABABABA6.AB2ABAB2AB14.4AB5A20.2AB2ABAB2A10.10A7.2ABAB2AB2A5.AB2ABAB4AB2AB2AB2ABAB2ABABABABAB5A4.2AB6A|6ABABA17.AB4AB2AB20.10A6.10A14.2AB4AB2A21.8AB11.ABABAB2AB6.11A5.8AB7AB18AB3A4.4ABAB2A|ABAB6A17.3AB6A20.2ABAB2AB2A6.ABAB2ABABA14.5AB4A20.2ABAB2AB2A11.10A4.2ABAB2ABABA6.2AB2AB4ABABAB3AB2ABAB2AB2AB2AB4ABA4.AB6AB|5AB2ABA18.4AB2AB2A19.10A6.10A15.AB4AB2A20.10A12.2AB2AB2ABA3.10A7.7AB2A33.3AB2AB2A|2AB7A18.AB8A18.2AB2ABABABA6.2AB2AB2ABA15.3AB4ABA18.2AB2ABAB2AB12.11A.2AB2ABAB2A9.ABAB6A32.AB7A|4ABAB3A19.2ABABAB4A15.2AB9A6.10A15.5AB6A15.2AB9A13.ABABAB2AB5AB5AB9.5ABAB3A17.4A10.4AB2ABA|AB6ABA19.8AB4A11.2AB3AB2AB3AB6.ABABABAB2A16.AB4AB2AB3A10.3AB4AB2ABABA14.9ABAB4AB2A11.2AB5AB2A14.3AB5A7.2AB6A|3AB2AB20A3.2AB2AB3AB7A.16AB2A6.10A17.2AB7AB5A2.10AB8A14.3ABAB8AB3A13.4AB8A8.4AB3AB5A5.5ABABA|AB7AB2ABAB2AB2ABAB2ABA5.8ABAB2AB3AB2ABAB2AB2ABAB4A6.2AB2AB2ABA19.2ABAB5AB2AB3AB2ABAB5ABAB2ABA15.6ABAB2AB5A15.4AB2ABAB10AB8ABA7.ABAB5A|4AB2AB11AB7A6.2ABAB9AB11AB5ABA6.10A20.5ABAB15ABAB8A16.AB11ABA17.AB8AB2AB2AB4ABABAB2A9.6AB2A|2AB6ABAB2ABAB5ABAB2A9.8AB2ABABABABA2.5ABAB2A6.ABAB2ABABA22.8AB2ABABABAB3A2.4ABAB2A16.3ABAB2AB2AB2A20.2ABAB8AB2AB7A11.2AB5AB|5ABAB10AB8A12.7AB6A4.AB5AB2A6.10A26.AB12A5.2AB6A17.9AB3A24.2AB2ABAB6ABA15.4ABAB2A",
s=document.currentScript.previousElementSibling,
ns="http://www.w3.org/2000/svg";
const ox=0.32415,oy=7.3223,cw=5.4907,rh=10.0,zx=1.923,zy=0.0915;
d.split("|").forEach((r,ri)=>{const g=document.createElementNS(ns,"g");g.setAttribute("transform","translate(0,"+(oy+ri*rh)+")");let col=0;for(let i=0;i<r.length;i++){let c=r[i],n=1;if(c>="0"&&c<="9"){n=c;while(i+1<r.length&&r[i+1]>="0"&&r[i+1]<="9")n+=r[++i];n=+n;c=r[++i];}if(c==="."){col+=n;continue;}for(let j=0;j<n;j++){const u=document.createElementNS(ns,"use");u.setAttribute("href",c==="A"?"#a":"#b");u.setAttribute("x",ox+col*cw+(c==="B"?zx:0));if(c==="B")u.setAttribute("y",zy);g.appendChild(u);col++;}}s.appendChild(g);});
})();
</script></div>
</section>
    </div>

    <script>var cr=!1,lr=!1,ot=[],ur=-1;function Vl(e){Zl(e)}function Zl(e){ot.includes(e)||ot.push(e),Xl()}function Yl(e){let t=ot.indexOf(e);t!==-1&&t>ur&&ot.splice(t,1)}function Xl(){!lr&&!cr&&(cr=!0,queueMicrotask(Kl))}function Kl(){cr=!1,lr=!0;for(let e=0;e<ot.length;e++)ot[e](),ur=e;ot.length=0,ur=-1,lr=!1}var Pt,gt,Dt,ao,pr=!0;function Ql(e){pr=!1,e(),pr=!0}function Jl(e){Pt=e.reactive,Dt=e.release,gt=t=>e.effect(t,{scheduler:n=>{pr?Vl(n):n()}}),ao=e.raw}function Pi(e){gt=e}function eu(e){let t=()=>{};return[a=>{let r=gt(a);return e._x_effects||(e._x_effects=new Set,e._x_runEffects=()=>{e._x_effects.forEach(i=>i())}),e._x_effects.add(r),t=()=>{r!==void 0&&(e._x_effects.delete(r),Dt(r))},r},()=>{t()}]}function ro(e,t){let n=!0,a,r=gt(()=>{let i=e();JSON.stringify(i),n?a=i:queueMicrotask(()=>{t(i,a),a=i}),n=!1});return()=>Dt(r)}var io=[],so=[],oo=[];function tu(e){oo.push(e)}function Vr(e,t){typeof t=="function"?(e._x_cleanups||(e._x_cleanups=[]),e._x_cleanups.push(t)):(t=e,so.push(t))}function co(e){io.push(e)}function lo(e,t,n){e._x_attributeCleanups||(e._x_attributeCleanups={}),e._x_attributeCleanups[t]||(e._x_attributeCleanups[t]=[]),e._x_attributeCleanups[t].push(n)}function uo(e,t){e._x_attributeCleanups&&Object.entries(e._x_attributeCleanups).forEach(([n,a])=>{(t===void 0||t.includes(n))&&(a.forEach(r=>r()),delete e._x_attributeCleanups[n])})}function nu(e){for(e._x_effects?.forEach(Yl);e._x_cleanups?.length;)e._x_cleanups.pop()()}var Zr=new MutationObserver(Qr),Yr=!1;function Xr(){Zr.observe(document,{subtree:!0,childList:!0,attributes:!0,attributeOldValue:!0}),Yr=!0}function po(){au(),Zr.disconnect(),Yr=!1}var Kt=[];function au(){let e=Zr.takeRecords();Kt.push(()=>e.length>0&&Qr(e));let t=Kt.length;queueMicrotask(()=>{if(Kt.length===t)for(;Kt.length>0;)Kt.shift()()})}function z(e){if(!Yr)return e();po();let t=e();return Xr(),t}var Kr=!1,ia=[];function ru(){Kr=!0}function iu(){Kr=!1,Qr(ia),ia=[]}function Qr(e){if(Kr){ia=ia.concat(e);return}let t=[],n=new Set,a=new Map,r=new Map;for(let i=0;i<e.length;i++)if(!e[i].target._x_ignoreMutationObserver&&(e[i].type==="childList"&&(e[i].removedNodes.forEach(s=>{s.nodeType===1&&s._x_marker&&n.add(s)}),e[i].addedNodes.forEach(s=>{if(s.nodeType===1){if(n.has(s)){n.delete(s);return}s._x_marker||t.push(s)}})),e[i].type==="attributes")){let s=e[i].target,o=e[i].attributeName,c=e[i].oldValue,l=()=>{a.has(s)||a.set(s,[]),a.get(s).push({name:o,value:s.getAttribute(o)})},u=()=>{r.has(s)||r.set(s,[]),r.get(s).push(o)};s.hasAttribute(o)&&c===null?l():s.hasAttribute(o)?(u(),l()):u()}r.forEach((i,s)=>{uo(s,i)}),a.forEach((i,s)=>{io.forEach(o=>o(s,i))});for(let i of n)t.some(s=>s.contains(i))||so.forEach(s=>s(i));for(let i of t)i.isConnected&&oo.forEach(s=>s(i));t=null,n=null,a=null,r=null}function mo(e){return wn(At(e))}function vn(e,t,n){return e._x_dataStack=[t,...At(n||e)],()=>{e._x_dataStack=e._x_dataStack.filter(a=>a!==t)}}function At(e){return e._x_dataStack?e._x_dataStack:typeof ShadowRoot=="function"&&e instanceof ShadowRoot?At(e.host):e.parentNode?At(e.parentNode):[]}function wn(e){return new Proxy({objects:e},su)}var su={ownKeys({objects:e}){return Array.from(new Set(e.flatMap(t=>Object.keys(t))))},has({objects:e},t){return t==Symbol.unscopables?!1:e.some(n=>Object.prototype.hasOwnProperty.call(n,t)||Reflect.has(n,t))},get({objects:e},t,n){return t=="toJSON"?ou:Reflect.get(e.find(a=>Reflect.has(a,t))||{},t,n)},set({objects:e},t,n,a){const r=e.find(s=>Object.prototype.hasOwnProperty.call(s,t))||e[e.length-1],i=Object.getOwnPropertyDescriptor(r,t);return i?.set&&i?.get?i.set.call(a,n)||!0:Reflect.set(r,t,n)}};function ou(){return Reflect.ownKeys(this).reduce((t,n)=>(t[n]=Reflect.get(this,n),t),{})}function ho(e){let t=a=>typeof a=="object"&&!Array.isArray(a)&&a!==null,n=(a,r="")=>{Object.entries(Object.getOwnPropertyDescriptors(a)).forEach(([i,{value:s,enumerable:o}])=>{if(o===!1||s===void 0||typeof s=="object"&&s!==null&&s.__v_skip)return;let c=r===""?i:`${r}.${i}`;typeof s=="object"&&s!==null&&s._x_interceptor?a[i]=s.initialize(e,c,i):t(s)&&s!==a&&!(s instanceof Element)&&n(s,c)})};return n(e)}function go(e,t=()=>{}){let n={initialValue:void 0,_x_interceptor:!0,initialize(a,r,i){return e(this.initialValue,()=>cu(a,r),s=>dr(a,r,s),r,i)}};return t(n),a=>{if(typeof a=="object"&&a!==null&&a._x_interceptor){let r=n.initialize.bind(n);n.initialize=(i,s,o)=>{let c=a.initialize(i,s,o);return n.initialValue=c,r(i,s,o)}}else n.initialValue=a;return n}}function cu(e,t){return t.split(".").reduce((n,a)=>n[a],e)}function dr(e,t,n){if(typeof t=="string"&&(t=t.split(".")),t.length===1)e[t[0]]=n;else{if(t.length===0)throw error;return e[t[0]]||(e[t[0]]={}),dr(e[t[0]],t.slice(1),n)}}var fo={};function ve(e,t){fo[e]=t}function mr(e,t){let n=lu(t);return Object.entries(fo).forEach(([a,r])=>{Object.defineProperty(e,`$${a}`,{get(){return r(t,n)},enumerable:!1})}),e}function lu(e){let[t,n]=xo(e),a={interceptor:go,...t};return Vr(e,n),a}function uu(e,t,n,...a){try{return n(...a)}catch(r){dn(r,e,t)}}function dn(e,t,n=void 0){e=Object.assign(e??{message:"No error message given."},{el:t,expression:n}),console.warn(`Alpine Expression Error: ${e.message}

${n?'Expression: "'+n+`"

`:""}`,t),setTimeout(()=>{throw e},0)}var Jn=!0;function bo(e){let t=Jn;Jn=!1;let n=e();return Jn=t,n}function ct(e,t,n={}){let a;return ne(e,t)(r=>a=r,n),a}function ne(...e){return _o(...e)}var _o=yo;function pu(e){_o=e}function yo(e,t){let n={};mr(n,e);let a=[n,...At(e)],r=typeof t=="function"?du(a,t):hu(a,t,e);return uu.bind(null,e,t,r)}function du(e,t){return(n=()=>{},{scope:a={},params:r=[]}={})=>{let i=t.apply(wn([a,...e]),r);sa(n,i)}}var Ma={};function mu(e,t){if(Ma[e])return Ma[e];let n=Object.getPrototypeOf(async function(){}).constructor,a=/^[\n\s]*if.*\(.*\)/.test(e.trim())||/^(let|const)\s/.test(e.trim())?`(async()=>{ ${e} })()`:e,i=(()=>{try{let s=new n(["__self","scope"],`with (scope) { __self.result = ${a} }; __self.finished = true; return __self.result;`);return Object.defineProperty(s,"name",{value:`[Alpine] ${e}`}),s}catch(s){return dn(s,t,e),Promise.resolve()}})();return Ma[e]=i,i}function hu(e,t,n){let a=mu(t,n);return(r=()=>{},{scope:i={},params:s=[]}={})=>{a.result=void 0,a.finished=!1;let o=wn([i,...e]);if(typeof a=="function"){let c=a(a,o).catch(l=>dn(l,n,t));a.finished?(sa(r,a.result,o,s,n),a.result=void 0):c.then(l=>{sa(r,l,o,s,n)}).catch(l=>dn(l,n,t)).finally(()=>a.result=void 0)}}}function sa(e,t,n,a,r){if(Jn&&typeof t=="function"){let i=t.apply(n,a);i instanceof Promise?i.then(s=>sa(e,s,n,a)).catch(s=>dn(s,r,t)):e(i)}else typeof t=="object"&&t instanceof Promise?t.then(i=>e(i)):e(t)}var Jr="x-";function Mt(e=""){return Jr+e}function gu(e){Jr=e}var oa={};function W(e,t){return oa[e]=t,{before(n){if(!oa[n]){console.warn(String.raw`Cannot find directive \`${n}\`. \`${e}\` will use the default order of execution`);return}const a=rt.indexOf(n);rt.splice(a>=0?a:rt.indexOf("DEFAULT"),0,e)}}}function fu(e){return Object.keys(oa).includes(e)}function ei(e,t,n){if(t=Array.from(t),e._x_virtualDirectives){let i=Object.entries(e._x_virtualDirectives).map(([o,c])=>({name:o,value:c})),s=vo(i);i=i.map(o=>s.find(c=>c.name===o.name)?{name:`x-bind:${o.name}`,value:`"${o.value}"`}:o),t=t.concat(i)}let a={};return t.map(Eo((i,s)=>a[i]=s)).filter($o).map(yu(a,n)).sort(vu).map(i=>_u(e,i))}function vo(e){return Array.from(e).map(Eo()).filter(t=>!$o(t))}var hr=!1,nn=new Map,wo=Symbol();function bu(e){hr=!0;let t=Symbol();wo=t,nn.set(t,[]);let n=()=>{for(;nn.get(t).length;)nn.get(t).shift()();nn.delete(t)},a=()=>{hr=!1,n()};e(n),a()}function xo(e){let t=[],n=o=>t.push(o),[a,r]=eu(e);return t.push(r),[{Alpine:xn,effect:a,cleanup:n,evaluateLater:ne.bind(ne,e),evaluate:ct.bind(ct,e)},()=>t.forEach(o=>o())]}function _u(e,t){let n=()=>{},a=oa[t.type]||n,[r,i]=xo(e);lo(e,t.original,i);let s=()=>{e._x_ignore||e._x_ignoreSelf||(a.inline&&a.inline(e,t,r),a=a.bind(a,e,t,r),hr?nn.get(wo).push(a):a())};return s.runCleanups=i,s}var ko=(e,t)=>({name:n,value:a})=>(n.startsWith(e)&&(n=n.replace(e,t)),{name:n,value:a}),Co=e=>e;function Eo(e=()=>{}){return({name:t,value:n})=>{let{name:a,value:r}=Fo.reduce((i,s)=>s(i),{name:t,value:n});return a!==t&&e(a,t),{name:a,value:r}}}var Fo=[];function ti(e){Fo.push(e)}function $o({name:e}){return jo().test(e)}var jo=()=>new RegExp(`^${Jr}([^:^.]+)\\b`);function yu(e,t){return({name:n,value:a})=>{let r=n.match(jo()),i=n.match(/:([a-zA-Z0-9\-_:]+)/),s=n.match(/\.[^.\]]+(?=[^\]]*$)/g)||[],o=t||e[n]||n;return{type:r?r[1]:null,value:i?i[1]:null,modifiers:s.map(c=>c.replace(".","")),expression:a,original:o}}}var gr="DEFAULT",rt=["ignore","ref","data","id","anchor","bind","init","for","model","modelable","transition","show","if",gr,"teleport"];function vu(e,t){let n=rt.indexOf(e.type)===-1?gr:e.type,a=rt.indexOf(t.type)===-1?gr:t.type;return rt.indexOf(n)-rt.indexOf(a)}function rn(e,t,n={}){e.dispatchEvent(new CustomEvent(t,{detail:n,bubbles:!0,composed:!0,cancelable:!0}))}function dt(e,t){if(typeof ShadowRoot=="function"&&e instanceof ShadowRoot){Array.from(e.children).forEach(r=>dt(r,t));return}let n=!1;if(t(e,()=>n=!0),n)return;let a=e.firstElementChild;for(;a;)dt(a,t),a=a.nextElementSibling}function pe(e,...t){console.warn(`Alpine Warning: ${e}`,...t)}var Di=!1;function wu(){Di&&pe("Alpine has already been initialized on this page. Calling Alpine.start() more than once can cause problems."),Di=!0,document.body||pe("Unable to initialize. Trying to load Alpine before `<body>` is available. Did you forget to add `defer` in Alpine's `<script>` tag?"),rn(document,"alpine:init"),rn(document,"alpine:initializing"),Xr(),tu(t=>Pe(t,dt)),Vr(t=>zt(t)),co((t,n)=>{ei(t,n).forEach(a=>a())});let e=t=>!ka(t.parentElement,!0);Array.from(document.querySelectorAll(To().join(","))).filter(e).forEach(t=>{Pe(t)}),rn(document,"alpine:initialized"),setTimeout(()=>{Eu()})}var ni=[],So=[];function Ao(){return ni.map(e=>e())}function To(){return ni.concat(So).map(e=>e())}function Ro(e){ni.push(e)}function Oo(e){So.push(e)}function ka(e,t=!1){return qt(e,n=>{if((t?To():Ao()).some(r=>n.matches(r)))return!0})}function qt(e,t){if(e){if(t(e))return e;if(e._x_teleportBack&&(e=e._x_teleportBack),!!e.parentElement)return qt(e.parentElement,t)}}function xu(e){return Ao().some(t=>e.matches(t))}var Io=[];function ku(e){Io.push(e)}var Cu=1;function Pe(e,t=dt,n=()=>{}){qt(e,a=>a._x_ignore)||bu(()=>{t(e,(a,r)=>{a._x_marker||(n(a,r),Io.forEach(i=>i(a,r)),ei(a,a.attributes).forEach(i=>i()),a._x_ignore||(a._x_marker=Cu++),a._x_ignore&&r())})})}function zt(e,t=dt){t(e,n=>{nu(n),uo(n),delete n._x_marker})}function Eu(){[["ui","dialog",["[x-dialog], [x-popover]"]],["anchor","anchor",["[x-anchor]"]],["sort","sort",["[x-sort]"]]].forEach(([t,n,a])=>{fu(n)||a.some(r=>{if(document.querySelector(r))return pe(`found "${r}", but missing ${t} plugin`),!0})})}var fr=[],ai=!1;function ri(e=()=>{}){return queueMicrotask(()=>{ai||setTimeout(()=>{br()})}),new Promise(t=>{fr.push(()=>{e(),t()})})}function br(){for(ai=!1;fr.length;)fr.shift()()}function Fu(){ai=!0}function ii(e,t){return Array.isArray(t)?Mi(e,t.join(" ")):typeof t=="object"&&t!==null?$u(e,t):typeof t=="function"?ii(e,t()):Mi(e,t)}function Mi(e,t){let n=r=>r.split(" ").filter(i=>!e.classList.contains(i)).filter(Boolean),a=r=>(e.classList.add(...r),()=>{e.classList.remove(...r)});return t=t===!0?t="":t||"",a(n(t))}function $u(e,t){let n=o=>o.split(" ").filter(Boolean),a=Object.entries(t).flatMap(([o,c])=>c?n(o):!1).filter(Boolean),r=Object.entries(t).flatMap(([o,c])=>c?!1:n(o)).filter(Boolean),i=[],s=[];return r.forEach(o=>{e.classList.contains(o)&&(e.classList.remove(o),s.push(o))}),a.forEach(o=>{e.classList.contains(o)||(e.classList.add(o),i.push(o))}),()=>{s.forEach(o=>e.classList.add(o)),i.forEach(o=>e.classList.remove(o))}}function Ca(e,t){return typeof t=="object"&&t!==null?ju(e,t):Su(e,t)}function ju(e,t){let n={};return Object.entries(t).forEach(([a,r])=>{n[a]=e.style[a],a.startsWith("--")||(a=Au(a)),e.style.setProperty(a,r)}),setTimeout(()=>{e.style.length===0&&e.removeAttribute("style")}),()=>{Ca(e,n)}}function Su(e,t){let n=e.getAttribute("style",t);return e.setAttribute("style",t),()=>{e.setAttribute("style",n||"")}}function Au(e){return e.replace(/([a-z])([A-Z])/g,"$1-$2").toLowerCase()}function _r(e,t=()=>{}){let n=!1;return function(){n?t.apply(this,arguments):(n=!0,e.apply(this,arguments))}}W("transition",(e,{value:t,modifiers:n,expression:a},{evaluate:r})=>{typeof a=="function"&&(a=r(a)),a!==!1&&(!a||typeof a=="boolean"?Ru(e,n,t):Tu(e,a,t))});function Tu(e,t,n){No(e,ii,""),{enter:r=>{e._x_transition.enter.during=r},"enter-start":r=>{e._x_transition.enter.start=r},"enter-end":r=>{e._x_transition.enter.end=r},leave:r=>{e._x_transition.leave.during=r},"leave-start":r=>{e._x_transition.leave.start=r},"leave-end":r=>{e._x_transition.leave.end=r}}[n](t)}function Ru(e,t,n){No(e,Ca);let a=!t.includes("in")&&!t.includes("out")&&!n,r=a||t.includes("in")||["enter"].includes(n),i=a||t.includes("out")||["leave"].includes(n);t.includes("in")&&!a&&(t=t.filter((b,_)=>_<t.indexOf("out"))),t.includes("out")&&!a&&(t=t.filter((b,_)=>_>t.indexOf("out")));let s=!t.includes("opacity")&&!t.includes("scale"),o=s||t.includes("opacity"),c=s||t.includes("scale"),l=o?0:1,u=c?Qt(t,"scale",95)/100:1,p=Qt(t,"delay",0)/1e3,d=Qt(t,"origin","center"),m="opacity, transform",g=Qt(t,"duration",150)/1e3,v=Qt(t,"duration",75)/1e3,f="cubic-bezier(0.4, 0.0, 0.2, 1)";r&&(e._x_transition.enter.during={transformOrigin:d,transitionDelay:`${p}s`,transitionProperty:m,transitionDuration:`${g}s`,transitionTimingFunction:f},e._x_transition.enter.start={opacity:l,transform:`scale(${u})`},e._x_transition.enter.end={opacity:1,transform:"scale(1)"}),i&&(e._x_transition.leave.during={transformOrigin:d,transitionDelay:`${p}s`,transitionProperty:m,transitionDuration:`${v}s`,transitionTimingFunction:f},e._x_transition.leave.start={opacity:1,transform:"scale(1)"},e._x_transition.leave.end={opacity:l,transform:`scale(${u})`})}function No(e,t,n={}){e._x_transition||(e._x_transition={enter:{during:n,start:n,end:n},leave:{during:n,start:n,end:n},in(a=()=>{},r=()=>{}){yr(e,t,{during:this.enter.during,start:this.enter.start,end:this.enter.end},a,r)},out(a=()=>{},r=()=>{}){yr(e,t,{during:this.leave.during,start:this.leave.start,end:this.leave.end},a,r)}})}window.Element.prototype._x_toggleAndCascadeWithTransitions=function(e,t,n,a){const r=document.visibilityState==="visible"?requestAnimationFrame:setTimeout;let i=()=>r(n);if(t){e._x_transition&&(e._x_transition.enter||e._x_transition.leave)?e._x_transition.enter&&(Object.entries(e._x_transition.enter.during).length||Object.entries(e._x_transition.enter.start).length||Object.entries(e._x_transition.enter.end).length)?e._x_transition.in(n):i():e._x_transition?e._x_transition.in(n):i();return}e._x_hidePromise=e._x_transition?new Promise((s,o)=>{e._x_transition.out(()=>{},()=>s(a)),e._x_transitioning&&e._x_transitioning.beforeCancel(()=>o({isFromCancelledTransition:!0}))}):Promise.resolve(a),queueMicrotask(()=>{let s=Lo(e);s?(s._x_hideChildren||(s._x_hideChildren=[]),s._x_hideChildren.push(e)):r(()=>{let o=c=>{let l=Promise.all([c._x_hidePromise,...(c._x_hideChildren||[]).map(o)]).then(([u])=>u?.());return delete c._x_hidePromise,delete c._x_hideChildren,l};o(e).catch(c=>{if(!c.isFromCancelledTransition)throw c})})})};function Lo(e){let t=e.parentNode;if(t)return t._x_hidePromise?t:Lo(t)}function yr(e,t,{during:n,start:a,end:r}={},i=()=>{},s=()=>{}){if(e._x_transitioning&&e._x_transitioning.cancel(),Object.keys(n).length===0&&Object.keys(a).length===0&&Object.keys(r).length===0){i(),s();return}let o,c,l;Ou(e,{start(){o=t(e,a)},during(){c=t(e,n)},before:i,end(){o(),l=t(e,r)},after:s,cleanup(){c(),l()}})}function Ou(e,t){let n,a,r,i=_r(()=>{z(()=>{n=!0,a||t.before(),r||(t.end(),br()),t.after(),e.isConnected&&t.cleanup(),delete e._x_transitioning})});e._x_transitioning={beforeCancels:[],beforeCancel(s){this.beforeCancels.push(s)},cancel:_r(function(){for(;this.beforeCancels.length;)this.beforeCancels.shift()();i()}),finish:i},z(()=>{t.start(),t.during()}),Fu(),requestAnimationFrame(()=>{if(n)return;let s=Number(getComputedStyle(e).transitionDuration.replace(/,.*/,"").replace("s",""))*1e3,o=Number(getComputedStyle(e).transitionDelay.replace(/,.*/,"").replace("s",""))*1e3;s===0&&(s=Number(getComputedStyle(e).animationDuration.replace("s",""))*1e3),z(()=>{t.before()}),a=!0,requestAnimationFrame(()=>{n||(z(()=>{t.end()}),br(),setTimeout(e._x_transitioning.finish,s+o),r=!0)})})}function Qt(e,t,n){if(e.indexOf(t)===-1)return n;const a=e[e.indexOf(t)+1];if(!a||t==="scale"&&isNaN(a))return n;if(t==="duration"||t==="delay"){let r=a.match(/([0-9]+)ms/);if(r)return r[1]}return t==="origin"&&["top","right","left","center","bottom"].includes(e[e.indexOf(t)+2])?[a,e[e.indexOf(t)+2]].join(" "):a}var He=!1;function Ve(e,t=()=>{}){return(...n)=>He?t(...n):e(...n)}function Iu(e){return(...t)=>He&&e(...t)}var Po=[];function Ea(e){Po.push(e)}function Nu(e,t){Po.forEach(n=>n(e,t)),He=!0,Do(()=>{Pe(t,(n,a)=>{a(n,()=>{})})}),He=!1}var vr=!1;function Lu(e,t){t._x_dataStack||(t._x_dataStack=e._x_dataStack),He=!0,vr=!0,Do(()=>{Pu(t)}),He=!1,vr=!1}function Pu(e){let t=!1;Pe(e,(a,r)=>{dt(a,(i,s)=>{if(t&&xu(i))return s();t=!0,r(i,s)})})}function Do(e){let t=gt;Pi((n,a)=>{let r=t(n);return Dt(r),()=>{}}),e(),Pi(t)}function Mo(e,t,n,a=[]){switch(e._x_bindings||(e._x_bindings=Pt({})),e._x_bindings[t]=n,t=a.includes("camel")?Hu(t):t,t){case"value":Du(e,n);break;case"style":qu(e,n);break;case"class":Mu(e,n);break;case"selected":case"checked":zu(e,t,n);break;default:qo(e,t,n);break}}function Du(e,t){if(Uo(e))e.attributes.value===void 0&&(e.value=t),window.fromModel&&(typeof t=="boolean"?e.checked=ea(e.value)===t:e.checked=qi(e.value,t));else if(si(e))Number.isInteger(t)?e.value=t:!Array.isArray(t)&&typeof t!="boolean"&&![null,void 0].includes(t)?e.value=String(t):Array.isArray(t)?e.checked=t.some(n=>qi(n,e.value)):e.checked=!!t;else if(e.tagName==="SELECT")Gu(e,t);else{if(e.value===t)return;e.value=t===void 0?"":t}}function Mu(e,t){e._x_undoAddedClasses&&e._x_undoAddedClasses(),e._x_undoAddedClasses=ii(e,t)}function qu(e,t){e._x_undoAddedStyles&&e._x_undoAddedStyles(),e._x_undoAddedStyles=Ca(e,t)}function zu(e,t,n){qo(e,t,n),Uu(e,t,n)}function qo(e,t,n){[null,void 0,!1].includes(n)&&Vu(t)?e.removeAttribute(t):(zo(t)&&(n=t),Bu(e,t,n))}function Bu(e,t,n){e.getAttribute(t)!=n&&e.setAttribute(t,n)}function Uu(e,t,n){e[t]!==n&&(e[t]=n)}function Gu(e,t){const n=[].concat(t).map(a=>a+"");Array.from(e.options).forEach(a=>{a.selected=n.includes(a.value)})}function Hu(e){return e.toLowerCase().replace(/-(\w)/g,(t,n)=>n.toUpperCase())}function qi(e,t){return e==t}function ea(e){return[1,"1","true","on","yes",!0].includes(e)?!0:[0,"0","false","off","no",!1].includes(e)?!1:e?!!e:null}var Wu=new Set(["allowfullscreen","async","autofocus","autoplay","checked","controls","default","defer","disabled","formnovalidate","inert","ismap","itemscope","loop","multiple","muted","nomodule","novalidate","open","playsinline","readonly","required","reversed","selected","shadowrootclonable","shadowrootdelegatesfocus","shadowrootserializable"]);function zo(e){return Wu.has(e)}function Vu(e){return!["aria-pressed","aria-checked","aria-expanded","aria-selected"].includes(e)}function Zu(e,t,n){return e._x_bindings&&e._x_bindings[t]!==void 0?e._x_bindings[t]:Bo(e,t,n)}function Yu(e,t,n,a=!0){if(e._x_bindings&&e._x_bindings[t]!==void 0)return e._x_bindings[t];if(e._x_inlineBindings&&e._x_inlineBindings[t]!==void 0){let r=e._x_inlineBindings[t];return r.extract=a,bo(()=>ct(e,r.expression))}return Bo(e,t,n)}function Bo(e,t,n){let a=e.getAttribute(t);return a===null?typeof n=="function"?n():n:a===""?!0:zo(t)?!![t,"true"].includes(a):a}function si(e){return e.type==="checkbox"||e.localName==="ui-checkbox"||e.localName==="ui-switch"}function Uo(e){return e.type==="radio"||e.localName==="ui-radio"}function Go(e,t){var n;return function(){var a=this,r=arguments,i=function(){n=null,e.apply(a,r)};clearTimeout(n),n=setTimeout(i,t)}}function Ho(e,t){let n;return function(){let a=this,r=arguments;n||(e.apply(a,r),n=!0,setTimeout(()=>n=!1,t))}}function Wo({get:e,set:t},{get:n,set:a}){let r=!0,i,s=gt(()=>{let o=e(),c=n();if(r)a(qa(o)),r=!1;else{let l=JSON.stringify(o),u=JSON.stringify(c);l!==i?a(qa(o)):l!==u&&t(qa(c))}i=JSON.stringify(e()),JSON.stringify(n())});return()=>{Dt(s)}}function qa(e){return typeof e=="object"?JSON.parse(JSON.stringify(e)):e}function Xu(e){(Array.isArray(e)?e:[e]).forEach(n=>n(xn))}var et={},zi=!1;function Ku(e,t){if(zi||(et=Pt(et),zi=!0),t===void 0)return et[e];et[e]=t,ho(et[e]),typeof t=="object"&&t!==null&&t.hasOwnProperty("init")&&typeof t.init=="function"&&et[e].init()}function Qu(){return et}var Vo={};function Ju(e,t){let n=typeof t!="function"?()=>t:t;return e instanceof Element?Zo(e,n()):(Vo[e]=n,()=>{})}function ep(e){return Object.entries(Vo).forEach(([t,n])=>{Object.defineProperty(e,t,{get(){return(...a)=>n(...a)}})}),e}function Zo(e,t,n){let a=[];for(;a.length;)a.pop()();let r=Object.entries(t).map(([s,o])=>({name:s,value:o})),i=vo(r);return r=r.map(s=>i.find(o=>o.name===s.name)?{name:`x-bind:${s.name}`,value:`"${s.value}"`}:s),ei(e,r,n).map(s=>{a.push(s.runCleanups),s()}),()=>{for(;a.length;)a.pop()()}}var Yo={};function tp(e,t){Yo[e]=t}function np(e,t){return Object.entries(Yo).forEach(([n,a])=>{Object.defineProperty(e,n,{get(){return(...r)=>a.bind(t)(...r)},enumerable:!1})}),e}var ap={get reactive(){return Pt},get release(){return Dt},get effect(){return gt},get raw(){return ao},version:"3.14.9",flushAndStopDeferringMutations:iu,dontAutoEvaluateFunctions:bo,disableEffectScheduling:Ql,startObservingMutations:Xr,stopObservingMutations:po,setReactivityEngine:Jl,onAttributeRemoved:lo,onAttributesAdded:co,closestDataStack:At,skipDuringClone:Ve,onlyDuringClone:Iu,addRootSelector:Ro,addInitSelector:Oo,interceptClone:Ea,addScopeToNode:vn,deferMutations:ru,mapAttributes:ti,evaluateLater:ne,interceptInit:ku,setEvaluator:pu,mergeProxies:wn,extractProp:Yu,findClosest:qt,onElRemoved:Vr,closestRoot:ka,destroyTree:zt,interceptor:go,transition:yr,setStyles:Ca,mutateDom:z,directive:W,entangle:Wo,throttle:Ho,debounce:Go,evaluate:ct,initTree:Pe,nextTick:ri,prefixed:Mt,prefix:gu,plugin:Xu,magic:ve,store:Ku,start:wu,clone:Lu,cloneNode:Nu,bound:Zu,$data:mo,watch:ro,walk:dt,data:tp,bind:Ju},xn=ap;function rp(e,t){const n=Object.create(null),a=e.split(",");for(let r=0;r<a.length;r++)n[a[r]]=!0;return r=>!!n[r]}var ip=Object.freeze({}),sp=Object.prototype.hasOwnProperty,Fa=(e,t)=>sp.call(e,t),lt=Array.isArray,sn=e=>Xo(e)==="[object Map]",op=e=>typeof e=="string",oi=e=>typeof e=="symbol",$a=e=>e!==null&&typeof e=="object",cp=Object.prototype.toString,Xo=e=>cp.call(e),Ko=e=>Xo(e).slice(8,-1),ci=e=>op(e)&&e!=="NaN"&&e[0]!=="-"&&""+parseInt(e,10)===e,lp=e=>{const t=Object.create(null);return n=>t[n]||(t[n]=e(n))},up=lp(e=>e.charAt(0).toUpperCase()+e.slice(1)),Qo=(e,t)=>e!==t&&(e===e||t===t),wr=new WeakMap,Jt=[],Ee,ut=Symbol("iterate"),xr=Symbol("Map key iterate");function pp(e){return e&&e._isEffect===!0}function dp(e,t=ip){pp(e)&&(e=e.raw);const n=gp(e,t);return t.lazy||n(),n}function mp(e){e.active&&(Jo(e),e.options.onStop&&e.options.onStop(),e.active=!1)}var hp=0;function gp(e,t){const n=function(){if(!n.active)return e();if(!Jt.includes(n)){Jo(n);try{return bp(),Jt.push(n),Ee=n,e()}finally{Jt.pop(),ec(),Ee=Jt[Jt.length-1]}}};return n.id=hp++,n.allowRecurse=!!t.allowRecurse,n._isEffect=!0,n.active=!0,n.raw=e,n.deps=[],n.options=t,n}function Jo(e){const{deps:t}=e;if(t.length){for(let n=0;n<t.length;n++)t[n].delete(e);t.length=0}}var Tt=!0,li=[];function fp(){li.push(Tt),Tt=!1}function bp(){li.push(Tt),Tt=!0}function ec(){const e=li.pop();Tt=e===void 0?!0:e}function ye(e,t,n){if(!Tt||Ee===void 0)return;let a=wr.get(e);a||wr.set(e,a=new Map);let r=a.get(n);r||a.set(n,r=new Set),r.has(Ee)||(r.add(Ee),Ee.deps.push(r),Ee.options.onTrack&&Ee.options.onTrack({effect:Ee,target:e,type:t,key:n}))}function We(e,t,n,a,r,i){const s=wr.get(e);if(!s)return;const o=new Set,c=u=>{u&&u.forEach(p=>{(p!==Ee||p.allowRecurse)&&o.add(p)})};if(t==="clear")s.forEach(c);else if(n==="length"&&lt(e))s.forEach((u,p)=>{(p==="length"||p>=a)&&c(u)});else switch(n!==void 0&&c(s.get(n)),t){case"add":lt(e)?ci(n)&&c(s.get("length")):(c(s.get(ut)),sn(e)&&c(s.get(xr)));break;case"delete":lt(e)||(c(s.get(ut)),sn(e)&&c(s.get(xr)));break;case"set":sn(e)&&c(s.get(ut));break}const l=u=>{u.options.onTrigger&&u.options.onTrigger({effect:u,target:e,key:n,type:t,newValue:a,oldValue:r,oldTarget:i}),u.options.scheduler?u.options.scheduler(u):u()};o.forEach(l)}var _p=rp("__proto__,__v_isRef,__isVue"),tc=new Set(Object.getOwnPropertyNames(Symbol).map(e=>Symbol[e]).filter(oi)),yp=nc(),vp=nc(!0),Bi=wp();function wp(){const e={};return["includes","indexOf","lastIndexOf"].forEach(t=>{e[t]=function(...n){const a=M(this);for(let i=0,s=this.length;i<s;i++)ye(a,"get",i+"");const r=a[t](...n);return r===-1||r===!1?a[t](...n.map(M)):r}}),["push","pop","shift","unshift","splice"].forEach(t=>{e[t]=function(...n){fp();const a=M(this)[t].apply(this,n);return ec(),a}}),e}function nc(e=!1,t=!1){return function(a,r,i){if(r==="__v_isReactive")return!e;if(r==="__v_isReadonly")return e;if(r==="__v_raw"&&i===(e?t?Np:sc:t?Ip:ic).get(a))return a;const s=lt(a);if(!e&&s&&Fa(Bi,r))return Reflect.get(Bi,r,i);const o=Reflect.get(a,r,i);return(oi(r)?tc.has(r):_p(r))||(e||ye(a,"get",r),t)?o:kr(o)?!s||!ci(r)?o.value:o:$a(o)?e?oc(o):mi(o):o}}var xp=kp();function kp(e=!1){return function(n,a,r,i){let s=n[a];if(!e&&(r=M(r),s=M(s),!lt(n)&&kr(s)&&!kr(r)))return s.value=r,!0;const o=lt(n)&&ci(a)?Number(a)<n.length:Fa(n,a),c=Reflect.set(n,a,r,i);return n===M(i)&&(o?Qo(r,s)&&We(n,"set",a,r,s):We(n,"add",a,r)),c}}function Cp(e,t){const n=Fa(e,t),a=e[t],r=Reflect.deleteProperty(e,t);return r&&n&&We(e,"delete",t,void 0,a),r}function Ep(e,t){const n=Reflect.has(e,t);return(!oi(t)||!tc.has(t))&&ye(e,"has",t),n}function Fp(e){return ye(e,"iterate",lt(e)?"length":ut),Reflect.ownKeys(e)}var $p={get:yp,set:xp,deleteProperty:Cp,has:Ep,ownKeys:Fp},jp={get:vp,set(e,t){return console.warn(`Set operation on key "${String(t)}" failed: target is readonly.`,e),!0},deleteProperty(e,t){return console.warn(`Delete operation on key "${String(t)}" failed: target is readonly.`,e),!0}},ui=e=>$a(e)?mi(e):e,pi=e=>$a(e)?oc(e):e,di=e=>e,ja=e=>Reflect.getPrototypeOf(e);function qn(e,t,n=!1,a=!1){e=e.__v_raw;const r=M(e),i=M(t);t!==i&&!n&&ye(r,"get",t),!n&&ye(r,"get",i);const{has:s}=ja(r),o=a?di:n?pi:ui;if(s.call(r,t))return o(e.get(t));if(s.call(r,i))return o(e.get(i));e!==r&&e.get(t)}function zn(e,t=!1){const n=this.__v_raw,a=M(n),r=M(e);return e!==r&&!t&&ye(a,"has",e),!t&&ye(a,"has",r),e===r?n.has(e):n.has(e)||n.has(r)}function Bn(e,t=!1){return e=e.__v_raw,!t&&ye(M(e),"iterate",ut),Reflect.get(e,"size",e)}function Ui(e){e=M(e);const t=M(this);return ja(t).has.call(t,e)||(t.add(e),We(t,"add",e,e)),this}function Gi(e,t){t=M(t);const n=M(this),{has:a,get:r}=ja(n);let i=a.call(n,e);i?rc(n,a,e):(e=M(e),i=a.call(n,e));const s=r.call(n,e);return n.set(e,t),i?Qo(t,s)&&We(n,"set",e,t,s):We(n,"add",e,t),this}function Hi(e){const t=M(this),{has:n,get:a}=ja(t);let r=n.call(t,e);r?rc(t,n,e):(e=M(e),r=n.call(t,e));const i=a?a.call(t,e):void 0,s=t.delete(e);return r&&We(t,"delete",e,void 0,i),s}function Wi(){const e=M(this),t=e.size!==0,n=sn(e)?new Map(e):new Set(e),a=e.clear();return t&&We(e,"clear",void 0,void 0,n),a}function Un(e,t){return function(a,r){const i=this,s=i.__v_raw,o=M(s),c=t?di:e?pi:ui;return!e&&ye(o,"iterate",ut),s.forEach((l,u)=>a.call(r,c(l),c(u),i))}}function Gn(e,t,n){return function(...a){const r=this.__v_raw,i=M(r),s=sn(i),o=e==="entries"||e===Symbol.iterator&&s,c=e==="keys"&&s,l=r[e](...a),u=n?di:t?pi:ui;return!t&&ye(i,"iterate",c?xr:ut),{next(){const{value:p,done:d}=l.next();return d?{value:p,done:d}:{value:o?[u(p[0]),u(p[1])]:u(p),done:d}},[Symbol.iterator](){return this}}}}function ze(e){return function(...t){{const n=t[0]?`on key "${t[0]}" `:"";console.warn(`${up(e)} operation ${n}failed: target is readonly.`,M(this))}return e==="delete"?!1:this}}function Sp(){const e={get(i){return qn(this,i)},get size(){return Bn(this)},has:zn,add:Ui,set:Gi,delete:Hi,clear:Wi,forEach:Un(!1,!1)},t={get(i){return qn(this,i,!1,!0)},get size(){return Bn(this)},has:zn,add:Ui,set:Gi,delete:Hi,clear:Wi,forEach:Un(!1,!0)},n={get(i){return qn(this,i,!0)},get size(){return Bn(this,!0)},has(i){return zn.call(this,i,!0)},add:ze("add"),set:ze("set"),delete:ze("delete"),clear:ze("clear"),forEach:Un(!0,!1)},a={get(i){return qn(this,i,!0,!0)},get size(){return Bn(this,!0)},has(i){return zn.call(this,i,!0)},add:ze("add"),set:ze("set"),delete:ze("delete"),clear:ze("clear"),forEach:Un(!0,!0)};return["keys","values","entries",Symbol.iterator].forEach(i=>{e[i]=Gn(i,!1,!1),n[i]=Gn(i,!0,!1),t[i]=Gn(i,!1,!0),a[i]=Gn(i,!0,!0)}),[e,n,t,a]}var[Ap,Tp,w_,x_]=Sp();function ac(e,t){const n=e?Tp:Ap;return(a,r,i)=>r==="__v_isReactive"?!e:r==="__v_isReadonly"?e:r==="__v_raw"?a:Reflect.get(Fa(n,r)&&r in a?n:a,r,i)}var Rp={get:ac(!1)},Op={get:ac(!0)};function rc(e,t,n){const a=M(n);if(a!==n&&t.call(e,a)){const r=Ko(e);console.warn(`Reactive ${r} contains both the raw and reactive versions of the same object${r==="Map"?" as keys":""}, which can lead to inconsistencies. Avoid differentiating between the raw and reactive versions of an object and only use the reactive version if possible.`)}}var ic=new WeakMap,Ip=new WeakMap,sc=new WeakMap,Np=new WeakMap;function Lp(e){switch(e){case"Object":case"Array":return 1;case"Map":case"Set":case"WeakMap":case"WeakSet":return 2;default:return 0}}function Pp(e){return e.__v_skip||!Object.isExtensible(e)?0:Lp(Ko(e))}function mi(e){return e&&e.__v_isReadonly?e:cc(e,!1,$p,Rp,ic)}function oc(e){return cc(e,!0,jp,Op,sc)}function cc(e,t,n,a,r){if(!$a(e))return console.warn(`value cannot be made reactive: ${String(e)}`),e;if(e.__v_raw&&!(t&&e.__v_isReactive))return e;const i=r.get(e);if(i)return i;const s=Pp(e);if(s===0)return e;const o=new Proxy(e,s===2?a:n);return r.set(e,o),o}function M(e){return e&&M(e.__v_raw)||e}function kr(e){return!!(e&&e.__v_isRef===!0)}ve("nextTick",()=>ri);ve("dispatch",e=>rn.bind(rn,e));ve("watch",(e,{evaluateLater:t,cleanup:n})=>(a,r)=>{let i=t(a),o=ro(()=>{let c;return i(l=>c=l),c},r);n(o)});ve("store",Qu);ve("data",e=>mo(e));ve("root",e=>ka(e));ve("refs",e=>(e._x_refs_proxy||(e._x_refs_proxy=wn(Dp(e))),e._x_refs_proxy));function Dp(e){let t=[];return qt(e,n=>{n._x_refs&&t.push(n._x_refs)}),t}var za={};function lc(e){return za[e]||(za[e]=0),++za[e]}function Mp(e,t){return qt(e,n=>{if(n._x_ids&&n._x_ids[t])return!0})}function qp(e,t){e._x_ids||(e._x_ids={}),e._x_ids[t]||(e._x_ids[t]=lc(t))}ve("id",(e,{cleanup:t})=>(n,a=null)=>{let r=`${n}${a?`-${a}`:""}`;return zp(e,r,t,()=>{let i=Mp(e,n),s=i?i._x_ids[n]:lc(n);return a?`${n}-${s}-${a}`:`${n}-${s}`})});Ea((e,t)=>{e._x_id&&(t._x_id=e._x_id)});function zp(e,t,n,a){if(e._x_id||(e._x_id={}),e._x_id[t])return e._x_id[t];let r=a();return e._x_id[t]=r,n(()=>{delete e._x_id[t]}),r}ve("el",e=>e);uc("Focus","focus","focus");uc("Persist","persist","persist");function uc(e,t,n){ve(t,a=>pe(`You can't use [$${t}] without first installing the "${e}" plugin here: https://alpinejs.dev/plugins/${n}`,a))}W("modelable",(e,{expression:t},{effect:n,evaluateLater:a,cleanup:r})=>{let i=a(t),s=()=>{let u;return i(p=>u=p),u},o=a(`${t} = __placeholder`),c=u=>o(()=>{},{scope:{__placeholder:u}}),l=s();c(l),queueMicrotask(()=>{if(!e._x_model)return;e._x_removeModelListeners.default();let u=e._x_model.get,p=e._x_model.set,d=Wo({get(){return u()},set(m){p(m)}},{get(){return s()},set(m){c(m)}});r(d)})});W("teleport",(e,{modifiers:t,expression:n},{cleanup:a})=>{e.tagName.toLowerCase()!=="template"&&pe("x-teleport can only be used on a <template> tag",e);let r=Vi(n),i=e.content.cloneNode(!0).firstElementChild;e._x_teleport=i,i._x_teleportBack=e,e.setAttribute("data-teleport-template",!0),i.setAttribute("data-teleport-target",!0),e._x_forwardEvents&&e._x_forwardEvents.forEach(o=>{i.addEventListener(o,c=>{c.stopPropagation(),e.dispatchEvent(new c.constructor(c.type,c))})}),vn(i,{},e);let s=(o,c,l)=>{l.includes("prepend")?c.parentNode.insertBefore(o,c):l.includes("append")?c.parentNode.insertBefore(o,c.nextSibling):c.appendChild(o)};z(()=>{s(i,r,t),Ve(()=>{Pe(i)})()}),e._x_teleportPutBack=()=>{let o=Vi(n);z(()=>{s(e._x_teleport,o,t)})},a(()=>z(()=>{i.remove(),zt(i)}))});var Bp=document.createElement("div");function Vi(e){let t=Ve(()=>document.querySelector(e),()=>Bp)();return t||pe(`Cannot find x-teleport element for selector: "${e}"`),t}var pc=()=>{};pc.inline=(e,{modifiers:t},{cleanup:n})=>{t.includes("self")?e._x_ignoreSelf=!0:e._x_ignore=!0,n(()=>{t.includes("self")?delete e._x_ignoreSelf:delete e._x_ignore})};W("ignore",pc);W("effect",Ve((e,{expression:t},{effect:n})=>{n(ne(e,t))}));function Cr(e,t,n,a){let r=e,i=c=>a(c),s={},o=(c,l)=>u=>l(c,u);if(n.includes("dot")&&(t=Up(t)),n.includes("camel")&&(t=Gp(t)),n.includes("passive")&&(s.passive=!0),n.includes("capture")&&(s.capture=!0),n.includes("window")&&(r=window),n.includes("document")&&(r=document),n.includes("debounce")){let c=n[n.indexOf("debounce")+1]||"invalid-wait",l=ca(c.split("ms")[0])?Number(c.split("ms")[0]):250;i=Go(i,l)}if(n.includes("throttle")){let c=n[n.indexOf("throttle")+1]||"invalid-wait",l=ca(c.split("ms")[0])?Number(c.split("ms")[0]):250;i=Ho(i,l)}return n.includes("prevent")&&(i=o(i,(c,l)=>{l.preventDefault(),c(l)})),n.includes("stop")&&(i=o(i,(c,l)=>{l.stopPropagation(),c(l)})),n.includes("once")&&(i=o(i,(c,l)=>{c(l),r.removeEventListener(t,i,s)})),(n.includes("away")||n.includes("outside"))&&(r=document,i=o(i,(c,l)=>{e.contains(l.target)||l.target.isConnected!==!1&&(e.offsetWidth<1&&e.offsetHeight<1||e._x_isShown!==!1&&c(l))})),n.includes("self")&&(i=o(i,(c,l)=>{l.target===e&&c(l)})),(Wp(t)||dc(t))&&(i=o(i,(c,l)=>{Vp(l,n)||c(l)})),r.addEventListener(t,i,s),()=>{r.removeEventListener(t,i,s)}}function Up(e){return e.replace(/-/g,".")}function Gp(e){return e.toLowerCase().replace(/-(\w)/g,(t,n)=>n.toUpperCase())}function ca(e){return!Array.isArray(e)&&!isNaN(e)}function Hp(e){return[" ","_"].includes(e)?e:e.replace(/([a-z])([A-Z])/g,"$1-$2").replace(/[_\s]/,"-").toLowerCase()}function Wp(e){return["keydown","keyup"].includes(e)}function dc(e){return["contextmenu","click","mouse"].some(t=>e.includes(t))}function Vp(e,t){let n=t.filter(i=>!["window","document","prevent","stop","once","capture","self","away","outside","passive"].includes(i));if(n.includes("debounce")){let i=n.indexOf("debounce");n.splice(i,ca((n[i+1]||"invalid-wait").split("ms")[0])?2:1)}if(n.includes("throttle")){let i=n.indexOf("throttle");n.splice(i,ca((n[i+1]||"invalid-wait").split("ms")[0])?2:1)}if(n.length===0||n.length===1&&Zi(e.key).includes(n[0]))return!1;const r=["ctrl","shift","alt","meta","cmd","super"].filter(i=>n.includes(i));return n=n.filter(i=>!r.includes(i)),!(r.length>0&&r.filter(s=>((s==="cmd"||s==="super")&&(s="meta"),e[`${s}Key`])).length===r.length&&(dc(e.type)||Zi(e.key).includes(n[0])))}function Zi(e){if(!e)return[];e=Hp(e);let t={ctrl:"control",slash:"/",space:" ",spacebar:" ",cmd:"meta",esc:"escape",up:"arrow-up",down:"arrow-down",left:"arrow-left",right:"arrow-right",period:".",comma:",",equal:"=",minus:"-",underscore:"_"};return t[e]=e,Object.keys(t).map(n=>{if(t[n]===e)return n}).filter(n=>n)}W("model",(e,{modifiers:t,expression:n},{effect:a,cleanup:r})=>{let i=e;t.includes("parent")&&(i=e.parentNode);let s=ne(i,n),o;typeof n=="string"?o=ne(i,`${n} = __placeholder`):typeof n=="function"&&typeof n()=="string"?o=ne(i,`${n()} = __placeholder`):o=()=>{};let c=()=>{let d;return s(m=>d=m),Yi(d)?d.get():d},l=d=>{let m;s(g=>m=g),Yi(m)?m.set(d):o(()=>{},{scope:{__placeholder:d}})};typeof n=="string"&&e.type==="radio"&&z(()=>{e.hasAttribute("name")||e.setAttribute("name",n)});var u=e.tagName.toLowerCase()==="select"||["checkbox","radio"].includes(e.type)||t.includes("lazy")?"change":"input";let p=He?()=>{}:Cr(e,u,t,d=>{l(Ba(e,t,d,c()))});if(t.includes("fill")&&([void 0,null,""].includes(c())||si(e)&&Array.isArray(c())||e.tagName.toLowerCase()==="select"&&e.multiple)&&l(Ba(e,t,{target:e},c())),e._x_removeModelListeners||(e._x_removeModelListeners={}),e._x_removeModelListeners.default=p,r(()=>e._x_removeModelListeners.default()),e.form){let d=Cr(e.form,"reset",[],m=>{ri(()=>e._x_model&&e._x_model.set(Ba(e,t,{target:e},c())))});r(()=>d())}e._x_model={get(){return c()},set(d){l(d)}},e._x_forceModelUpdate=d=>{d===void 0&&typeof n=="string"&&n.match(/\./)&&(d=""),window.fromModel=!0,z(()=>Mo(e,"value",d)),delete window.fromModel},a(()=>{let d=c();t.includes("unintrusive")&&document.activeElement.isSameNode(e)||e._x_forceModelUpdate(d)})});function Ba(e,t,n,a){return z(()=>{if(n instanceof CustomEvent&&n.detail!==void 0)return n.detail!==null&&n.detail!==void 0?n.detail:n.target.value;if(si(e))if(Array.isArray(a)){let r=null;return t.includes("number")?r=Ua(n.target.value):t.includes("boolean")?r=ea(n.target.value):r=n.target.value,n.target.checked?a.includes(r)?a:a.concat([r]):a.filter(i=>!Zp(i,r))}else return n.target.checked;else{if(e.tagName.toLowerCase()==="select"&&e.multiple)return t.includes("number")?Array.from(n.target.selectedOptions).map(r=>{let i=r.value||r.text;return Ua(i)}):t.includes("boolean")?Array.from(n.target.selectedOptions).map(r=>{let i=r.value||r.text;return ea(i)}):Array.from(n.target.selectedOptions).map(r=>r.value||r.text);{let r;return Uo(e)?n.target.checked?r=n.target.value:r=a:r=n.target.value,t.includes("number")?Ua(r):t.includes("boolean")?ea(r):t.includes("trim")?r.trim():r}}})}function Ua(e){let t=e?parseFloat(e):null;return Yp(t)?t:e}function Zp(e,t){return e==t}function Yp(e){return!Array.isArray(e)&&!isNaN(e)}function Yi(e){return e!==null&&typeof e=="object"&&typeof e.get=="function"&&typeof e.set=="function"}W("cloak",e=>queueMicrotask(()=>z(()=>e.removeAttribute(Mt("cloak")))));Oo(()=>`[${Mt("init")}]`);W("init",Ve((e,{expression:t},{evaluate:n})=>typeof t=="string"?!!t.trim()&&n(t,{},!1):n(t,{},!1)));W("text",(e,{expression:t},{effect:n,evaluateLater:a})=>{let r=a(t);n(()=>{r(i=>{z(()=>{e.textContent=i})})})});W("html",(e,{expression:t},{effect:n,evaluateLater:a})=>{let r=a(t);n(()=>{r(i=>{z(()=>{e.innerHTML=i,e._x_ignoreSelf=!0,Pe(e),delete e._x_ignoreSelf})})})});ti(ko(":",Co(Mt("bind:"))));var mc=(e,{value:t,modifiers:n,expression:a,original:r},{effect:i,cleanup:s})=>{if(!t){let c={};ep(c),ne(e,a)(u=>{Zo(e,u,r)},{scope:c});return}if(t==="key")return Xp(e,a);if(e._x_inlineBindings&&e._x_inlineBindings[t]&&e._x_inlineBindings[t].extract)return;let o=ne(e,a);i(()=>o(c=>{c===void 0&&typeof a=="string"&&a.match(/\./)&&(c=""),z(()=>Mo(e,t,c,n))})),s(()=>{e._x_undoAddedClasses&&e._x_undoAddedClasses(),e._x_undoAddedStyles&&e._x_undoAddedStyles()})};mc.inline=(e,{value:t,modifiers:n,expression:a})=>{t&&(e._x_inlineBindings||(e._x_inlineBindings={}),e._x_inlineBindings[t]={expression:a,extract:!1})};W("bind",mc);function Xp(e,t){e._x_keyExpression=t}Ro(()=>`[${Mt("data")}]`);W("data",(e,{expression:t},{cleanup:n})=>{if(Kp(e))return;t=t===""?"{}":t;let a={};mr(a,e);let r={};np(r,a);let i=ct(e,t,{scope:r});(i===void 0||i===!0)&&(i={}),mr(i,e);let s=Pt(i);ho(s);let o=vn(e,s);s.init&&ct(e,s.init),n(()=>{s.destroy&&ct(e,s.destroy),o()})});Ea((e,t)=>{e._x_dataStack&&(t._x_dataStack=e._x_dataStack,t.setAttribute("data-has-alpine-state",!0))});function Kp(e){return He?vr?!0:e.hasAttribute("data-has-alpine-state"):!1}W("show",(e,{modifiers:t,expression:n},{effect:a})=>{let r=ne(e,n);e._x_doHide||(e._x_doHide=()=>{z(()=>{e.style.setProperty("display","none",t.includes("important")?"important":void 0)})}),e._x_doShow||(e._x_doShow=()=>{z(()=>{e.style.length===1&&e.style.display==="none"?e.removeAttribute("style"):e.style.removeProperty("display")})});let i=()=>{e._x_doHide(),e._x_isShown=!1},s=()=>{e._x_doShow(),e._x_isShown=!0},o=()=>setTimeout(s),c=_r(p=>p?s():i(),p=>{typeof e._x_toggleAndCascadeWithTransitions=="function"?e._x_toggleAndCascadeWithTransitions(e,p,s,i):p?o():i()}),l,u=!0;a(()=>r(p=>{!u&&p===l||(t.includes("immediate")&&(p?o():i()),c(p),l=p,u=!1)}))});W("for",(e,{expression:t},{effect:n,cleanup:a})=>{let r=Jp(t),i=ne(e,r.items),s=ne(e,e._x_keyExpression||"index");e._x_prevKeys=[],e._x_lookup={},n(()=>Qp(e,r,i,s)),a(()=>{Object.values(e._x_lookup).forEach(o=>z(()=>{zt(o),o.remove()})),delete e._x_prevKeys,delete e._x_lookup})});function Qp(e,t,n,a){let r=s=>typeof s=="object"&&!Array.isArray(s),i=e;n(s=>{ed(s)&&s>=0&&(s=Array.from(Array(s).keys(),f=>f+1)),s===void 0&&(s=[]);let o=e._x_lookup,c=e._x_prevKeys,l=[],u=[];if(r(s))s=Object.entries(s).map(([f,b])=>{let _=Xi(t,b,f,s);a(w=>{u.includes(w)&&pe("Duplicate key on x-for",e),u.push(w)},{scope:{index:f,..._}}),l.push(_)});else for(let f=0;f<s.length;f++){let b=Xi(t,s[f],f,s);a(_=>{u.includes(_)&&pe("Duplicate key on x-for",e),u.push(_)},{scope:{index:f,...b}}),l.push(b)}let p=[],d=[],m=[],g=[];for(let f=0;f<c.length;f++){let b=c[f];u.indexOf(b)===-1&&m.push(b)}c=c.filter(f=>!m.includes(f));let v="template";for(let f=0;f<u.length;f++){let b=u[f],_=c.indexOf(b);if(_===-1)c.splice(f,0,b),p.push([v,f]);else if(_!==f){let w=c.splice(f,1)[0],h=c.splice(_-1,1)[0];c.splice(f,0,h),c.splice(_,0,w),d.push([w,h])}else g.push(b);v=b}for(let f=0;f<m.length;f++){let b=m[f];b in o&&(z(()=>{zt(o[b]),o[b].remove()}),delete o[b])}for(let f=0;f<d.length;f++){let[b,_]=d[f],w=o[b],h=o[_],C=document.createElement("div");z(()=>{h||pe('x-for ":key" is undefined or invalid',i,_,o),h.after(C),w.after(h),h._x_currentIfEl&&h.after(h._x_currentIfEl),C.before(w),w._x_currentIfEl&&w.after(w._x_currentIfEl),C.remove()}),h._x_refreshXForScope(l[u.indexOf(_)])}for(let f=0;f<p.length;f++){let[b,_]=p[f],w=b==="template"?i:o[b];w._x_currentIfEl&&(w=w._x_currentIfEl);let h=l[_],C=u[_],k=document.importNode(i.content,!0).firstElementChild,$=Pt(h);vn(k,$,i),k._x_refreshXForScope=T=>{Object.entries(T).forEach(([N,I])=>{$[N]=I})},z(()=>{w.after(k),Ve(()=>Pe(k))()}),typeof C=="object"&&pe("x-for key cannot be an object, it must be a string or an integer",i),o[C]=k}for(let f=0;f<g.length;f++)o[g[f]]._x_refreshXForScope(l[u.indexOf(g[f])]);i._x_prevKeys=u})}function Jp(e){let t=/,([^,\}\]]*)(?:,([^,\}\]]*))?$/,n=/^\s*\(|\)\s*$/g,a=/([\s\S]*?)\s+(?:in|of)\s+([\s\S]*)/,r=e.match(a);if(!r)return;let i={};i.items=r[2].trim();let s=r[1].replace(n,"").trim(),o=s.match(t);return o?(i.item=s.replace(t,"").trim(),i.index=o[1].trim(),o[2]&&(i.collection=o[2].trim())):i.item=s,i}function Xi(e,t,n,a){let r={};return/^\[.*\]$/.test(e.item)&&Array.isArray(t)?e.item.replace("[","").replace("]","").split(",").map(s=>s.trim()).forEach((s,o)=>{r[s]=t[o]}):/^\{.*\}$/.test(e.item)&&!Array.isArray(t)&&typeof t=="object"?e.item.replace("{","").replace("}","").split(",").map(s=>s.trim()).forEach(s=>{r[s]=t[s]}):r[e.item]=t,e.index&&(r[e.index]=n),e.collection&&(r[e.collection]=a),r}function ed(e){return!Array.isArray(e)&&!isNaN(e)}function hc(){}hc.inline=(e,{expression:t},{cleanup:n})=>{let a=ka(e);a._x_refs||(a._x_refs={}),a._x_refs[t]=e,n(()=>delete a._x_refs[t])};W("ref",hc);W("if",(e,{expression:t},{effect:n,cleanup:a})=>{e.tagName.toLowerCase()!=="template"&&pe("x-if can only be used on a <template> tag",e);let r=ne(e,t),i=()=>{if(e._x_currentIfEl)return e._x_currentIfEl;let o=e.content.cloneNode(!0).firstElementChild;return vn(o,{},e),z(()=>{e.after(o),Ve(()=>Pe(o))()}),e._x_currentIfEl=o,e._x_undoIf=()=>{z(()=>{zt(o),o.remove()}),delete e._x_currentIfEl},o},s=()=>{e._x_undoIf&&(e._x_undoIf(),delete e._x_undoIf)};n(()=>r(o=>{o?i():s()})),a(()=>e._x_undoIf&&e._x_undoIf())});W("id",(e,{expression:t},{evaluate:n})=>{n(t).forEach(r=>qp(e,r))});Ea((e,t)=>{e._x_ids&&(t._x_ids=e._x_ids)});ti(ko("@",Co(Mt("on:"))));W("on",Ve((e,{value:t,modifiers:n,expression:a},{cleanup:r})=>{let i=a?ne(e,a):()=>{};e.tagName.toLowerCase()==="template"&&(e._x_forwardEvents||(e._x_forwardEvents=[]),e._x_forwardEvents.includes(t)||e._x_forwardEvents.push(t));let s=Cr(e,t,n,o=>{i(()=>{},{scope:{$event:o},params:[o]})});r(()=>s())}));Sa("Collapse","collapse","collapse");Sa("Intersect","intersect","intersect");Sa("Focus","trap","focus");Sa("Mask","mask","mask");function Sa(e,t,n){W(t,a=>pe(`You can't use [x-${t}] without first installing the "${e}" plugin here: https://alpinejs.dev/plugins/${n}`,a))}xn.setEvaluator(yo);xn.setReactivityEngine({reactive:mi,effect:dp,release:mp,raw:M});var td=xn,gc=td,ae="top",he="bottom",ge="right",re="left",hi="auto",kn=[ae,he,ge,re],Rt="start",mn="end",nd="clippingParents",fc="viewport",en="popper",ad="reference",Ki=kn.reduce(function(e,t){return e.concat([t+"-"+Rt,t+"-"+mn])},[]),bc=[].concat(kn,[hi]).reduce(function(e,t){return e.concat([t,t+"-"+Rt,t+"-"+mn])},[]),rd="beforeRead",id="read",sd="afterRead",od="beforeMain",cd="main",ld="afterMain",ud="beforeWrite",pd="write",dd="afterWrite",md=[rd,id,sd,od,cd,ld,ud,pd,dd];function je(e){return e?(e.nodeName||"").toLowerCase():null}function oe(e){if(e==null)return window;if(e.toString()!=="[object Window]"){var t=e.ownerDocument;return t&&t.defaultView||window}return e}function mt(e){var t=oe(e).Element;return e instanceof t||e instanceof Element}function me(e){var t=oe(e).HTMLElement;return e instanceof t||e instanceof HTMLElement}function gi(e){if(typeof ShadowRoot>"u")return!1;var t=oe(e).ShadowRoot;return e instanceof t||e instanceof ShadowRoot}function hd(e){var t=e.state;Object.keys(t.elements).forEach(function(n){var a=t.styles[n]||{},r=t.attributes[n]||{},i=t.elements[n];!me(i)||!je(i)||(Object.assign(i.style,a),Object.keys(r).forEach(function(s){var o=r[s];o===!1?i.removeAttribute(s):i.setAttribute(s,o===!0?"":o)}))})}function gd(e){var t=e.state,n={popper:{position:t.options.strategy,left:"0",top:"0",margin:"0"},arrow:{position:"absolute"},reference:{}};return Object.assign(t.elements.popper.style,n.popper),t.styles=n,t.elements.arrow&&Object.assign(t.elements.arrow.style,n.arrow),function(){Object.keys(t.elements).forEach(function(a){var r=t.elements[a],i=t.attributes[a]||{},s=Object.keys(t.styles.hasOwnProperty(a)?t.styles[a]:n[a]),o=s.reduce(function(c,l){return c[l]="",c},{});!me(r)||!je(r)||(Object.assign(r.style,o),Object.keys(i).forEach(function(c){r.removeAttribute(c)}))})}}const _c={name:"applyStyles",enabled:!0,phase:"write",fn:hd,effect:gd,requires:["computeStyles"]};function $e(e){return e.split("-")[0]}var pt=Math.max,la=Math.min,Ot=Math.round;function Er(){var e=navigator.userAgentData;return e!=null&&e.brands&&Array.isArray(e.brands)?e.brands.map(function(t){return t.brand+"/"+t.version}).join(" "):navigator.userAgent}function yc(){return!/^((?!chrome|android).)*safari/i.test(Er())}function It(e,t,n){t===void 0&&(t=!1),n===void 0&&(n=!1);var a=e.getBoundingClientRect(),r=1,i=1;t&&me(e)&&(r=e.offsetWidth>0&&Ot(a.width)/e.offsetWidth||1,i=e.offsetHeight>0&&Ot(a.height)/e.offsetHeight||1);var s=mt(e)?oe(e):window,o=s.visualViewport,c=!yc()&&n,l=(a.left+(c&&o?o.offsetLeft:0))/r,u=(a.top+(c&&o?o.offsetTop:0))/i,p=a.width/r,d=a.height/i;return{width:p,height:d,top:u,right:l+p,bottom:u+d,left:l,x:l,y:u}}function fi(e){var t=It(e),n=e.offsetWidth,a=e.offsetHeight;return Math.abs(t.width-n)<=1&&(n=t.width),Math.abs(t.height-a)<=1&&(a=t.height),{x:e.offsetLeft,y:e.offsetTop,width:n,height:a}}function vc(e,t){var n=t.getRootNode&&t.getRootNode();if(e.contains(t))return!0;if(n&&gi(n)){var a=t;do{if(a&&e.isSameNode(a))return!0;a=a.parentNode||a.host}while(a)}return!1}function De(e){return oe(e).getComputedStyle(e)}function fd(e){return["table","td","th"].indexOf(je(e))>=0}function Ze(e){return((mt(e)?e.ownerDocument:e.document)||window.document).documentElement}function Aa(e){return je(e)==="html"?e:e.assignedSlot||e.parentNode||(gi(e)?e.host:null)||Ze(e)}function Qi(e){return!me(e)||De(e).position==="fixed"?null:e.offsetParent}function bd(e){var t=/firefox/i.test(Er()),n=/Trident/i.test(Er());if(n&&me(e)){var a=De(e);if(a.position==="fixed")return null}var r=Aa(e);for(gi(r)&&(r=r.host);me(r)&&["html","body"].indexOf(je(r))<0;){var i=De(r);if(i.transform!=="none"||i.perspective!=="none"||i.contain==="paint"||["transform","perspective"].indexOf(i.willChange)!==-1||t&&i.willChange==="filter"||t&&i.filter&&i.filter!=="none")return r;r=r.parentNode}return null}function Cn(e){for(var t=oe(e),n=Qi(e);n&&fd(n)&&De(n).position==="static";)n=Qi(n);return n&&(je(n)==="html"||je(n)==="body"&&De(n).position==="static")?t:n||bd(e)||t}function bi(e){return["top","bottom"].indexOf(e)>=0?"x":"y"}function on(e,t,n){return pt(e,la(t,n))}function _d(e,t,n){var a=on(e,t,n);return a>n?n:a}function wc(){return{top:0,right:0,bottom:0,left:0}}function xc(e){return Object.assign({},wc(),e)}function kc(e,t){return t.reduce(function(n,a){return n[a]=e,n},{})}var yd=function(t,n){return t=typeof t=="function"?t(Object.assign({},n.rects,{placement:n.placement})):t,xc(typeof t!="number"?t:kc(t,kn))};function vd(e){var t,n=e.state,a=e.name,r=e.options,i=n.elements.arrow,s=n.modifiersData.popperOffsets,o=$e(n.placement),c=bi(o),l=[re,ge].indexOf(o)>=0,u=l?"height":"width";if(!(!i||!s)){var p=yd(r.padding,n),d=fi(i),m=c==="y"?ae:re,g=c==="y"?he:ge,v=n.rects.reference[u]+n.rects.reference[c]-s[c]-n.rects.popper[u],f=s[c]-n.rects.reference[c],b=Cn(i),_=b?c==="y"?b.clientHeight||0:b.clientWidth||0:0,w=v/2-f/2,h=p[m],C=_-d[u]-p[g],k=_/2-d[u]/2+w,$=on(h,k,C),T=c;n.modifiersData[a]=(t={},t[T]=$,t.centerOffset=$-k,t)}}function wd(e){var t=e.state,n=e.options,a=n.element,r=a===void 0?"[data-popper-arrow]":a;r!=null&&(typeof r=="string"&&(r=t.elements.popper.querySelector(r),!r)||vc(t.elements.popper,r)&&(t.elements.arrow=r))}const xd={name:"arrow",enabled:!0,phase:"main",fn:vd,effect:wd,requires:["popperOffsets"],requiresIfExists:["preventOverflow"]};function Nt(e){return e.split("-")[1]}var kd={top:"auto",right:"auto",bottom:"auto",left:"auto"};function Cd(e,t){var n=e.x,a=e.y,r=t.devicePixelRatio||1;return{x:Ot(n*r)/r||0,y:Ot(a*r)/r||0}}function Ji(e){var t,n=e.popper,a=e.popperRect,r=e.placement,i=e.variation,s=e.offsets,o=e.position,c=e.gpuAcceleration,l=e.adaptive,u=e.roundOffsets,p=e.isFixed,d=s.x,m=d===void 0?0:d,g=s.y,v=g===void 0?0:g,f=typeof u=="function"?u({x:m,y:v}):{x:m,y:v};m=f.x,v=f.y;var b=s.hasOwnProperty("x"),_=s.hasOwnProperty("y"),w=re,h=ae,C=window;if(l){var k=Cn(n),$="clientHeight",T="clientWidth";if(k===oe(n)&&(k=Ze(n),De(k).position!=="static"&&o==="absolute"&&($="scrollHeight",T="scrollWidth")),k=k,r===ae||(r===re||r===ge)&&i===mn){h=he;var N=p&&k===C&&C.visualViewport?C.visualViewport.height:k[$];v-=N-a.height,v*=c?1:-1}if(r===re||(r===ae||r===he)&&i===mn){w=ge;var I=p&&k===C&&C.visualViewport?C.visualViewport.width:k[T];m-=I-a.width,m*=c?1:-1}}var D=Object.assign({position:o},l&&kd),R=u===!0?Cd({x:m,y:v},oe(n)):{x:m,y:v};if(m=R.x,v=R.y,c){var L;return Object.assign({},D,(L={},L[h]=_?"0":"",L[w]=b?"0":"",L.transform=(C.devicePixelRatio||1)<=1?"translate("+m+"px, "+v+"px)":"translate3d("+m+"px, "+v+"px, 0)",L))}return Object.assign({},D,(t={},t[h]=_?v+"px":"",t[w]=b?m+"px":"",t.transform="",t))}function Ed(e){var t=e.state,n=e.options,a=n.gpuAcceleration,r=a===void 0?!0:a,i=n.adaptive,s=i===void 0?!0:i,o=n.roundOffsets,c=o===void 0?!0:o,l={placement:$e(t.placement),variation:Nt(t.placement),popper:t.elements.popper,popperRect:t.rects.popper,gpuAcceleration:r,isFixed:t.options.strategy==="fixed"};t.modifiersData.popperOffsets!=null&&(t.styles.popper=Object.assign({},t.styles.popper,Ji(Object.assign({},l,{offsets:t.modifiersData.popperOffsets,position:t.options.strategy,adaptive:s,roundOffsets:c})))),t.modifiersData.arrow!=null&&(t.styles.arrow=Object.assign({},t.styles.arrow,Ji(Object.assign({},l,{offsets:t.modifiersData.arrow,position:"absolute",adaptive:!1,roundOffsets:c})))),t.attributes.popper=Object.assign({},t.attributes.popper,{"data-popper-placement":t.placement})}const Fd={name:"computeStyles",enabled:!0,phase:"beforeWrite",fn:Ed,data:{}};var Hn={passive:!0};function $d(e){var t=e.state,n=e.instance,a=e.options,r=a.scroll,i=r===void 0?!0:r,s=a.resize,o=s===void 0?!0:s,c=oe(t.elements.popper),l=[].concat(t.scrollParents.reference,t.scrollParents.popper);return i&&l.forEach(function(u){u.addEventListener("scroll",n.update,Hn)}),o&&c.addEventListener("resize",n.update,Hn),function(){i&&l.forEach(function(u){u.removeEventListener("scroll",n.update,Hn)}),o&&c.removeEventListener("resize",n.update,Hn)}}const jd={name:"eventListeners",enabled:!0,phase:"write",fn:function(){},effect:$d,data:{}};var Sd={left:"right",right:"left",bottom:"top",top:"bottom"};function ta(e){return e.replace(/left|right|bottom|top/g,function(t){return Sd[t]})}var Ad={start:"end",end:"start"};function es(e){return e.replace(/start|end/g,function(t){return Ad[t]})}function _i(e){var t=oe(e),n=t.pageXOffset,a=t.pageYOffset;return{scrollLeft:n,scrollTop:a}}function yi(e){return It(Ze(e)).left+_i(e).scrollLeft}function Td(e,t){var n=oe(e),a=Ze(e),r=n.visualViewport,i=a.clientWidth,s=a.clientHeight,o=0,c=0;if(r){i=r.width,s=r.height;var l=yc();(l||!l&&t==="fixed")&&(o=r.offsetLeft,c=r.offsetTop)}return{width:i,height:s,x:o+yi(e),y:c}}function Rd(e){var t,n=Ze(e),a=_i(e),r=(t=e.ownerDocument)==null?void 0:t.body,i=pt(n.scrollWidth,n.clientWidth,r?r.scrollWidth:0,r?r.clientWidth:0),s=pt(n.scrollHeight,n.clientHeight,r?r.scrollHeight:0,r?r.clientHeight:0),o=-a.scrollLeft+yi(e),c=-a.scrollTop;return De(r||n).direction==="rtl"&&(o+=pt(n.clientWidth,r?r.clientWidth:0)-i),{width:i,height:s,x:o,y:c}}function vi(e){var t=De(e),n=t.overflow,a=t.overflowX,r=t.overflowY;return/auto|scroll|overlay|hidden/.test(n+r+a)}function Cc(e){return["html","body","#document"].indexOf(je(e))>=0?e.ownerDocument.body:me(e)&&vi(e)?e:Cc(Aa(e))}function cn(e,t){var n;t===void 0&&(t=[]);var a=Cc(e),r=a===((n=e.ownerDocument)==null?void 0:n.body),i=oe(a),s=r?[i].concat(i.visualViewport||[],vi(a)?a:[]):a,o=t.concat(s);return r?o:o.concat(cn(Aa(s)))}function Fr(e){return Object.assign({},e,{left:e.x,top:e.y,right:e.x+e.width,bottom:e.y+e.height})}function Od(e,t){var n=It(e,!1,t==="fixed");return n.top=n.top+e.clientTop,n.left=n.left+e.clientLeft,n.bottom=n.top+e.clientHeight,n.right=n.left+e.clientWidth,n.width=e.clientWidth,n.height=e.clientHeight,n.x=n.left,n.y=n.top,n}function ts(e,t,n){return t===fc?Fr(Td(e,n)):mt(t)?Od(t,n):Fr(Rd(Ze(e)))}function Id(e){var t=cn(Aa(e)),n=["absolute","fixed"].indexOf(De(e).position)>=0,a=n&&me(e)?Cn(e):e;return mt(a)?t.filter(function(r){return mt(r)&&vc(r,a)&&je(r)!=="body"}):[]}function Nd(e,t,n,a){var r=t==="clippingParents"?Id(e):[].concat(t),i=[].concat(r,[n]),s=i[0],o=i.reduce(function(c,l){var u=ts(e,l,a);return c.top=pt(u.top,c.top),c.right=la(u.right,c.right),c.bottom=la(u.bottom,c.bottom),c.left=pt(u.left,c.left),c},ts(e,s,a));return o.width=o.right-o.left,o.height=o.bottom-o.top,o.x=o.left,o.y=o.top,o}function Ec(e){var t=e.reference,n=e.element,a=e.placement,r=a?$e(a):null,i=a?Nt(a):null,s=t.x+t.width/2-n.width/2,o=t.y+t.height/2-n.height/2,c;switch(r){case ae:c={x:s,y:t.y-n.height};break;case he:c={x:s,y:t.y+t.height};break;case ge:c={x:t.x+t.width,y:o};break;case re:c={x:t.x-n.width,y:o};break;default:c={x:t.x,y:t.y}}var l=r?bi(r):null;if(l!=null){var u=l==="y"?"height":"width";switch(i){case Rt:c[l]=c[l]-(t[u]/2-n[u]/2);break;case mn:c[l]=c[l]+(t[u]/2-n[u]/2);break}}return c}function hn(e,t){t===void 0&&(t={});var n=t,a=n.placement,r=a===void 0?e.placement:a,i=n.strategy,s=i===void 0?e.strategy:i,o=n.boundary,c=o===void 0?nd:o,l=n.rootBoundary,u=l===void 0?fc:l,p=n.elementContext,d=p===void 0?en:p,m=n.altBoundary,g=m===void 0?!1:m,v=n.padding,f=v===void 0?0:v,b=xc(typeof f!="number"?f:kc(f,kn)),_=d===en?ad:en,w=e.rects.popper,h=e.elements[g?_:d],C=Nd(mt(h)?h:h.contextElement||Ze(e.elements.popper),c,u,s),k=It(e.elements.reference),$=Ec({reference:k,element:w,placement:r}),T=Fr(Object.assign({},w,$)),N=d===en?T:k,I={top:C.top-N.top+b.top,bottom:N.bottom-C.bottom+b.bottom,left:C.left-N.left+b.left,right:N.right-C.right+b.right},D=e.modifiersData.offset;if(d===en&&D){var R=D[r];Object.keys(I).forEach(function(L){var q=[ge,he].indexOf(L)>=0?1:-1,U=[ae,he].indexOf(L)>=0?"y":"x";I[L]+=R[U]*q})}return I}function Ld(e,t){t===void 0&&(t={});var n=t,a=n.placement,r=n.boundary,i=n.rootBoundary,s=n.padding,o=n.flipVariations,c=n.allowedAutoPlacements,l=c===void 0?bc:c,u=Nt(a),p=u?o?Ki:Ki.filter(function(g){return Nt(g)===u}):kn,d=p.filter(function(g){return l.indexOf(g)>=0});d.length===0&&(d=p);var m=d.reduce(function(g,v){return g[v]=hn(e,{placement:v,boundary:r,rootBoundary:i,padding:s})[$e(v)],g},{});return Object.keys(m).sort(function(g,v){return m[g]-m[v]})}function Pd(e){if($e(e)===hi)return[];var t=ta(e);return[es(e),t,es(t)]}function Dd(e){var t=e.state,n=e.options,a=e.name;if(!t.modifiersData[a]._skip){for(var r=n.mainAxis,i=r===void 0?!0:r,s=n.altAxis,o=s===void 0?!0:s,c=n.fallbackPlacements,l=n.padding,u=n.boundary,p=n.rootBoundary,d=n.altBoundary,m=n.flipVariations,g=m===void 0?!0:m,v=n.allowedAutoPlacements,f=t.options.placement,b=$e(f),_=b===f,w=c||(_||!g?[ta(f)]:Pd(f)),h=[f].concat(w).reduce(function(Se,fe){return Se.concat($e(fe)===hi?Ld(t,{placement:fe,boundary:u,rootBoundary:p,padding:l,flipVariations:g,allowedAutoPlacements:v}):fe)},[]),C=t.rects.reference,k=t.rects.popper,$=new Map,T=!0,N=h[0],I=0;I<h.length;I++){var D=h[I],R=$e(D),L=Nt(D)===Rt,q=[ae,he].indexOf(R)>=0,U=q?"width":"height",G=hn(t,{placement:D,boundary:u,rootBoundary:p,altBoundary:d,padding:l}),Q=q?L?ge:re:L?he:ae;C[U]>k[U]&&(Q=ta(Q));var K=ta(Q),we=[];if(i&&we.push(G[R]<=0),o&&we.push(G[Q]<=0,G[K]<=0),we.every(function(Se){return Se})){N=D,T=!1;break}$.set(D,we)}if(T)for(var xe=g?3:1,Ye=function(fe){var Ae=h.find(function(bt){var Te=$.get(bt);if(Te)return Te.slice(0,fe).every(function(_t){return _t})});if(Ae)return N=Ae,"break"},ke=xe;ke>0;ke--){var Xe=Ye(ke);if(Xe==="break")break}t.placement!==N&&(t.modifiersData[a]._skip=!0,t.placement=N,t.reset=!0)}}const Md={name:"flip",enabled:!0,phase:"main",fn:Dd,requiresIfExists:["offset"],data:{_skip:!1}};function ns(e,t,n){return n===void 0&&(n={x:0,y:0}),{top:e.top-t.height-n.y,right:e.right-t.width+n.x,bottom:e.bottom-t.height+n.y,left:e.left-t.width-n.x}}function as(e){return[ae,ge,he,re].some(function(t){return e[t]>=0})}function qd(e){var t=e.state,n=e.name,a=t.rects.reference,r=t.rects.popper,i=t.modifiersData.preventOverflow,s=hn(t,{elementContext:"reference"}),o=hn(t,{altBoundary:!0}),c=ns(s,a),l=ns(o,r,i),u=as(c),p=as(l);t.modifiersData[n]={referenceClippingOffsets:c,popperEscapeOffsets:l,isReferenceHidden:u,hasPopperEscaped:p},t.attributes.popper=Object.assign({},t.attributes.popper,{"data-popper-reference-hidden":u,"data-popper-escaped":p})}const zd={name:"hide",enabled:!0,phase:"main",requiresIfExists:["preventOverflow"],fn:qd};function Bd(e,t,n){var a=$e(e),r=[re,ae].indexOf(a)>=0?-1:1,i=typeof n=="function"?n(Object.assign({},t,{placement:e})):n,s=i[0],o=i[1];return s=s||0,o=(o||0)*r,[re,ge].indexOf(a)>=0?{x:o,y:s}:{x:s,y:o}}function Ud(e){var t=e.state,n=e.options,a=e.name,r=n.offset,i=r===void 0?[0,0]:r,s=bc.reduce(function(u,p){return u[p]=Bd(p,t.rects,i),u},{}),o=s[t.placement],c=o.x,l=o.y;t.modifiersData.popperOffsets!=null&&(t.modifiersData.popperOffsets.x+=c,t.modifiersData.popperOffsets.y+=l),t.modifiersData[a]=s}const Gd={name:"offset",enabled:!0,phase:"main",requires:["popperOffsets"],fn:Ud};function Hd(e){var t=e.state,n=e.name;t.modifiersData[n]=Ec({reference:t.rects.reference,element:t.rects.popper,placement:t.placement})}const Wd={name:"popperOffsets",enabled:!0,phase:"read",fn:Hd,data:{}};function Vd(e){return e==="x"?"y":"x"}function Zd(e){var t=e.state,n=e.options,a=e.name,r=n.mainAxis,i=r===void 0?!0:r,s=n.altAxis,o=s===void 0?!1:s,c=n.boundary,l=n.rootBoundary,u=n.altBoundary,p=n.padding,d=n.tether,m=d===void 0?!0:d,g=n.tetherOffset,v=g===void 0?0:g,f=hn(t,{boundary:c,rootBoundary:l,padding:p,altBoundary:u}),b=$e(t.placement),_=Nt(t.placement),w=!_,h=bi(b),C=Vd(h),k=t.modifiersData.popperOffsets,$=t.rects.reference,T=t.rects.popper,N=typeof v=="function"?v(Object.assign({},t.rects,{placement:t.placement})):v,I=typeof N=="number"?{mainAxis:N,altAxis:N}:Object.assign({mainAxis:0,altAxis:0},N),D=t.modifiersData.offset?t.modifiersData.offset[t.placement]:null,R={x:0,y:0};if(k){if(i){var L,q=h==="y"?ae:re,U=h==="y"?he:ge,G=h==="y"?"height":"width",Q=k[h],K=Q+f[q],we=Q-f[U],xe=m?-T[G]/2:0,Ye=_===Rt?$[G]:T[G],ke=_===Rt?-T[G]:-$[G],Xe=t.elements.arrow,Se=m&&Xe?fi(Xe):{width:0,height:0},fe=t.modifiersData["arrow#persistent"]?t.modifiersData["arrow#persistent"].padding:wc(),Ae=fe[q],bt=fe[U],Te=on(0,$[G],Se[G]),_t=w?$[G]/2-xe-Te-Ae-I.mainAxis:Ye-Te-Ae-I.mainAxis,Me=w?-$[G]/2+xe+Te+bt+I.mainAxis:ke+Te+bt+I.mainAxis,yt=t.elements.arrow&&Cn(t.elements.arrow),Sn=yt?h==="y"?yt.clientTop||0:yt.clientLeft||0:0,Wt=(L=D?.[h])!=null?L:0,An=Q+_t-Wt-Sn,Tn=Q+Me-Wt,Vt=on(m?la(K,An):K,Q,m?pt(we,Tn):we);k[h]=Vt,R[h]=Vt-Q}if(o){var Zt,Rn=h==="x"?ae:re,On=h==="x"?he:ge,Re=k[C],qe=C==="y"?"height":"width",Yt=Re+f[Rn],Ke=Re-f[On],Xt=[ae,re].indexOf(b)!==-1,In=(Zt=D?.[C])!=null?Zt:0,Nn=Xt?Yt:Re-$[qe]-T[qe]-In+I.altAxis,Ln=Xt?Re+$[qe]+T[qe]-In-I.altAxis:Ke,Pn=m&&Xt?_d(Nn,Re,Ln):on(m?Nn:Yt,Re,m?Ln:Ke);k[C]=Pn,R[C]=Pn-Re}t.modifiersData[a]=R}}const Yd={name:"preventOverflow",enabled:!0,phase:"main",fn:Zd,requiresIfExists:["offset"]};function Xd(e){return{scrollLeft:e.scrollLeft,scrollTop:e.scrollTop}}function Kd(e){return e===oe(e)||!me(e)?_i(e):Xd(e)}function Qd(e){var t=e.getBoundingClientRect(),n=Ot(t.width)/e.offsetWidth||1,a=Ot(t.height)/e.offsetHeight||1;return n!==1||a!==1}function Jd(e,t,n){n===void 0&&(n=!1);var a=me(t),r=me(t)&&Qd(t),i=Ze(t),s=It(e,r,n),o={scrollLeft:0,scrollTop:0},c={x:0,y:0};return(a||!a&&!n)&&((je(t)!=="body"||vi(i))&&(o=Kd(t)),me(t)?(c=It(t,!0),c.x+=t.clientLeft,c.y+=t.clientTop):i&&(c.x=yi(i))),{x:s.left+o.scrollLeft-c.x,y:s.top+o.scrollTop-c.y,width:s.width,height:s.height}}function em(e){var t=new Map,n=new Set,a=[];e.forEach(function(i){t.set(i.name,i)});function r(i){n.add(i.name);var s=[].concat(i.requires||[],i.requiresIfExists||[]);s.forEach(function(o){if(!n.has(o)){var c=t.get(o);c&&r(c)}}),a.push(i)}return e.forEach(function(i){n.has(i.name)||r(i)}),a}function tm(e){var t=em(e);return md.reduce(function(n,a){return n.concat(t.filter(function(r){return r.phase===a}))},[])}function nm(e){var t;return function(){return t||(t=new Promise(function(n){Promise.resolve().then(function(){t=void 0,n(e())})})),t}}function am(e){var t=e.reduce(function(n,a){var r=n[a.name];return n[a.name]=r?Object.assign({},r,a,{options:Object.assign({},r.options,a.options),data:Object.assign({},r.data,a.data)}):a,n},{});return Object.keys(t).map(function(n){return t[n]})}var rs={placement:"bottom",modifiers:[],strategy:"absolute"};function is(){for(var e=arguments.length,t=new Array(e),n=0;n<e;n++)t[n]=arguments[n];return!t.some(function(a){return!(a&&typeof a.getBoundingClientRect=="function")})}function rm(e){e===void 0&&(e={});var t=e,n=t.defaultModifiers,a=n===void 0?[]:n,r=t.defaultOptions,i=r===void 0?rs:r;return function(o,c,l){l===void 0&&(l=i);var u={placement:"bottom",orderedModifiers:[],options:Object.assign({},rs,i),modifiersData:{},elements:{reference:o,popper:c},attributes:{},styles:{}},p=[],d=!1,m={state:u,setOptions:function(b){var _=typeof b=="function"?b(u.options):b;v(),u.options=Object.assign({},i,u.options,_),u.scrollParents={reference:mt(o)?cn(o):o.contextElement?cn(o.contextElement):[],popper:cn(c)};var w=tm(am([].concat(a,u.options.modifiers)));return u.orderedModifiers=w.filter(function(h){return h.enabled}),g(),m.update()},forceUpdate:function(){if(!d){var b=u.elements,_=b.reference,w=b.popper;if(is(_,w)){u.rects={reference:Jd(_,Cn(w),u.options.strategy==="fixed"),popper:fi(w)},u.reset=!1,u.placement=u.options.placement,u.orderedModifiers.forEach(function(I){return u.modifiersData[I.name]=Object.assign({},I.data)});for(var h=0;h<u.orderedModifiers.length;h++){if(u.reset===!0){u.reset=!1,h=-1;continue}var C=u.orderedModifiers[h],k=C.fn,$=C.options,T=$===void 0?{}:$,N=C.name;typeof k=="function"&&(u=k({state:u,options:T,name:N,instance:m})||u)}}}},update:nm(function(){return new Promise(function(f){m.forceUpdate(),f(u)})}),destroy:function(){v(),d=!0}};if(!is(o,c))return m;m.setOptions(l).then(function(f){!d&&l.onFirstUpdate&&l.onFirstUpdate(f)});function g(){u.orderedModifiers.forEach(function(f){var b=f.name,_=f.options,w=_===void 0?{}:_,h=f.effect;if(typeof h=="function"){var C=h({state:u,name:b,instance:m,options:w}),k=function(){};p.push(C||k)}})}function v(){p.forEach(function(f){return f()}),p=[]}return m}}var im=[jd,Wd,Fd,_c,Gd,Md,Yd,xd,zd],sm=rm({defaultModifiers:im}),om="tippy-box",Fc="tippy-content",cm="tippy-backdrop",$c="tippy-arrow",jc="tippy-svg-arrow",tt={passive:!0,capture:!0},Sc=function(){return document.body};function Ga(e,t,n){if(Array.isArray(e)){var a=e[t];return a??(Array.isArray(n)?n[t]:n)}return e}function wi(e,t){var n={}.toString.call(e);return n.indexOf("[object")===0&&n.indexOf(t+"]")>-1}function Ac(e,t){return typeof e=="function"?e.apply(void 0,t):e}function ss(e,t){if(t===0)return e;var n;return function(a){clearTimeout(n),n=setTimeout(function(){e(a)},t)}}function lm(e){return e.split(/\s+/).filter(Boolean)}function Ct(e){return[].concat(e)}function os(e,t){e.indexOf(t)===-1&&e.push(t)}function um(e){return e.filter(function(t,n){return e.indexOf(t)===n})}function pm(e){return e.split("-")[0]}function ua(e){return[].slice.call(e)}function cs(e){return Object.keys(e).reduce(function(t,n){return e[n]!==void 0&&(t[n]=e[n]),t},{})}function ln(){return document.createElement("div")}function Ta(e){return["Element","Fragment"].some(function(t){return wi(e,t)})}function dm(e){return wi(e,"NodeList")}function mm(e){return wi(e,"MouseEvent")}function hm(e){return!!(e&&e._tippy&&e._tippy.reference===e)}function gm(e){return Ta(e)?[e]:dm(e)?ua(e):Array.isArray(e)?e:ua(document.querySelectorAll(e))}function Ha(e,t){e.forEach(function(n){n&&(n.style.transitionDuration=t+"ms")})}function ls(e,t){e.forEach(function(n){n&&n.setAttribute("data-state",t)})}function fm(e){var t,n=Ct(e),a=n[0];return a!=null&&(t=a.ownerDocument)!=null&&t.body?a.ownerDocument:document}function bm(e,t){var n=t.clientX,a=t.clientY;return e.every(function(r){var i=r.popperRect,s=r.popperState,o=r.props,c=o.interactiveBorder,l=pm(s.placement),u=s.modifiersData.offset;if(!u)return!0;var p=l==="bottom"?u.top.y:0,d=l==="top"?u.bottom.y:0,m=l==="right"?u.left.x:0,g=l==="left"?u.right.x:0,v=i.top-a+p>c,f=a-i.bottom-d>c,b=i.left-n+m>c,_=n-i.right-g>c;return v||f||b||_})}function Wa(e,t,n){var a=t+"EventListener";["transitionend","webkitTransitionEnd"].forEach(function(r){e[a](r,n)})}function us(e,t){for(var n=t;n;){var a;if(e.contains(n))return!0;n=n.getRootNode==null||(a=n.getRootNode())==null?void 0:a.host}return!1}var Fe={isTouch:!1},ps=0;function _m(){Fe.isTouch||(Fe.isTouch=!0,window.performance&&document.addEventListener("mousemove",Tc))}function Tc(){var e=performance.now();e-ps<20&&(Fe.isTouch=!1,document.removeEventListener("mousemove",Tc)),ps=e}function ym(){var e=document.activeElement;if(hm(e)){var t=e._tippy;e.blur&&!t.state.isVisible&&e.blur()}}function vm(){document.addEventListener("touchstart",_m,tt),window.addEventListener("blur",ym)}var wm=typeof window<"u"&&typeof document<"u",xm=wm?!!window.msCrypto:!1,km={animateFill:!1,followCursor:!1,inlinePositioning:!1,sticky:!1},Cm={allowHTML:!1,animation:"fade",arrow:!0,content:"",inertia:!1,maxWidth:350,role:"tooltip",theme:"",zIndex:9999},_e=Object.assign({appendTo:Sc,aria:{content:"auto",expanded:"auto"},delay:0,duration:[300,250],getReferenceClientRect:null,hideOnClick:!0,ignoreAttributes:!1,interactive:!1,interactiveBorder:2,interactiveDebounce:0,moveTransition:"",offset:[0,10],onAfterUpdate:function(){},onBeforeUpdate:function(){},onCreate:function(){},onDestroy:function(){},onHidden:function(){},onHide:function(){},onMount:function(){},onShow:function(){},onShown:function(){},onTrigger:function(){},onUntrigger:function(){},onClickOutside:function(){},placement:"top",plugins:[],popperOptions:{},render:null,showOnCreate:!1,touch:!0,trigger:"mouseenter focus",triggerTarget:null},km,Cm),Em=Object.keys(_e),Fm=function(t){var n=Object.keys(t);n.forEach(function(a){_e[a]=t[a]})};function Rc(e){var t=e.plugins||[],n=t.reduce(function(a,r){var i=r.name,s=r.defaultValue;if(i){var o;a[i]=e[i]!==void 0?e[i]:(o=_e[i])!=null?o:s}return a},{});return Object.assign({},e,n)}function $m(e,t){var n=t?Object.keys(Rc(Object.assign({},_e,{plugins:t}))):Em,a=n.reduce(function(r,i){var s=(e.getAttribute("data-tippy-"+i)||"").trim();if(!s)return r;if(i==="content")r[i]=s;else try{r[i]=JSON.parse(s)}catch{r[i]=s}return r},{});return a}function ds(e,t){var n=Object.assign({},t,{content:Ac(t.content,[e])},t.ignoreAttributes?{}:$m(e,t.plugins));return n.aria=Object.assign({},_e.aria,n.aria),n.aria={expanded:n.aria.expanded==="auto"?t.interactive:n.aria.expanded,content:n.aria.content==="auto"?t.interactive?null:"describedby":n.aria.content},n}var jm=function(){return"innerHTML"};function $r(e,t){e[jm()]=t}function ms(e){var t=ln();return e===!0?t.className=$c:(t.className=jc,Ta(e)?t.appendChild(e):$r(t,e)),t}function hs(e,t){Ta(t.content)?($r(e,""),e.appendChild(t.content)):typeof t.content!="function"&&(t.allowHTML?$r(e,t.content):e.textContent=t.content)}function jr(e){var t=e.firstElementChild,n=ua(t.children);return{box:t,content:n.find(function(a){return a.classList.contains(Fc)}),arrow:n.find(function(a){return a.classList.contains($c)||a.classList.contains(jc)}),backdrop:n.find(function(a){return a.classList.contains(cm)})}}function Oc(e){var t=ln(),n=ln();n.className=om,n.setAttribute("data-state","hidden"),n.setAttribute("tabindex","-1");var a=ln();a.className=Fc,a.setAttribute("data-state","hidden"),hs(a,e.props),t.appendChild(n),n.appendChild(a),r(e.props,e.props);function r(i,s){var o=jr(t),c=o.box,l=o.content,u=o.arrow;s.theme?c.setAttribute("data-theme",s.theme):c.removeAttribute("data-theme"),typeof s.animation=="string"?c.setAttribute("data-animation",s.animation):c.removeAttribute("data-animation"),s.inertia?c.setAttribute("data-inertia",""):c.removeAttribute("data-inertia"),c.style.maxWidth=typeof s.maxWidth=="number"?s.maxWidth+"px":s.maxWidth,s.role?c.setAttribute("role",s.role):c.removeAttribute("role"),(i.content!==s.content||i.allowHTML!==s.allowHTML)&&hs(l,e.props),s.arrow?u?i.arrow!==s.arrow&&(c.removeChild(u),c.appendChild(ms(s.arrow))):c.appendChild(ms(s.arrow)):u&&c.removeChild(u)}return{popper:t,onUpdate:r}}Oc.$$tippy=!0;var Sm=1,Wn=[],Va=[];function Am(e,t){var n=ds(e,Object.assign({},_e,Rc(cs(t)))),a,r,i,s=!1,o=!1,c=!1,l=!1,u,p,d,m=[],g=ss(An,n.interactiveDebounce),v,f=Sm++,b=null,_=um(n.plugins),w={isEnabled:!0,isVisible:!1,isDestroyed:!1,isMounted:!1,isShown:!1},h={id:f,reference:e,popper:ln(),popperInstance:b,props:n,state:w,plugins:_,clearDelayTimeouts:Nn,setProps:Ln,setContent:Pn,show:zl,hide:Bl,hideWithInteractivity:Ul,enable:Xt,disable:In,unmount:Gl,destroy:Hl};if(!n.render)return h;var C=n.render(h),k=C.popper,$=C.onUpdate;k.setAttribute("data-tippy-root",""),k.id="tippy-"+h.id,h.popper=k,e._tippy=h,k._tippy=h;var T=_.map(function(y){return y.fn(h)}),N=e.hasAttribute("aria-expanded");return yt(),xe(),Q(),K("onCreate",[h]),n.showOnCreate&&Yt(),k.addEventListener("mouseenter",function(){h.props.interactive&&h.state.isVisible&&h.clearDelayTimeouts()}),k.addEventListener("mouseleave",function(){h.props.interactive&&h.props.trigger.indexOf("mouseenter")>=0&&q().addEventListener("mousemove",g)}),h;function I(){var y=h.props.touch;return Array.isArray(y)?y:[y,0]}function D(){return I()[0]==="hold"}function R(){var y;return!!((y=h.props.render)!=null&&y.$$tippy)}function L(){return v||e}function q(){var y=L().parentNode;return y?fm(y):document}function U(){return jr(k)}function G(y){return h.state.isMounted&&!h.state.isVisible||Fe.isTouch||u&&u.type==="focus"?0:Ga(h.props.delay,y?0:1,_e.delay)}function Q(y){y===void 0&&(y=!1),k.style.pointerEvents=h.props.interactive&&!y?"":"none",k.style.zIndex=""+h.props.zIndex}function K(y,E,F){if(F===void 0&&(F=!0),T.forEach(function(A){A[y]&&A[y].apply(A,E)}),F){var O;(O=h.props)[y].apply(O,E)}}function we(){var y=h.props.aria;if(y.content){var E="aria-"+y.content,F=k.id,O=Ct(h.props.triggerTarget||e);O.forEach(function(A){var te=A.getAttribute(E);if(h.state.isVisible)A.setAttribute(E,te?te+" "+F:F);else{var ce=te&&te.replace(F,"").trim();ce?A.setAttribute(E,ce):A.removeAttribute(E)}})}}function xe(){if(!(N||!h.props.aria.expanded)){var y=Ct(h.props.triggerTarget||e);y.forEach(function(E){h.props.interactive?E.setAttribute("aria-expanded",h.state.isVisible&&E===L()?"true":"false"):E.removeAttribute("aria-expanded")})}}function Ye(){q().removeEventListener("mousemove",g),Wn=Wn.filter(function(y){return y!==g})}function ke(y){if(!(Fe.isTouch&&(c||y.type==="mousedown"))){var E=y.composedPath&&y.composedPath()[0]||y.target;if(!(h.props.interactive&&us(k,E))){if(Ct(h.props.triggerTarget||e).some(function(F){return us(F,E)})){if(Fe.isTouch||h.state.isVisible&&h.props.trigger.indexOf("click")>=0)return}else K("onClickOutside",[h,y]);h.props.hideOnClick===!0&&(h.clearDelayTimeouts(),h.hide(),o=!0,setTimeout(function(){o=!1}),h.state.isMounted||Ae())}}}function Xe(){c=!0}function Se(){c=!1}function fe(){var y=q();y.addEventListener("mousedown",ke,!0),y.addEventListener("touchend",ke,tt),y.addEventListener("touchstart",Se,tt),y.addEventListener("touchmove",Xe,tt)}function Ae(){var y=q();y.removeEventListener("mousedown",ke,!0),y.removeEventListener("touchend",ke,tt),y.removeEventListener("touchstart",Se,tt),y.removeEventListener("touchmove",Xe,tt)}function bt(y,E){_t(y,function(){!h.state.isVisible&&k.parentNode&&k.parentNode.contains(k)&&E()})}function Te(y,E){_t(y,E)}function _t(y,E){var F=U().box;function O(A){A.target===F&&(Wa(F,"remove",O),E())}if(y===0)return E();Wa(F,"remove",p),Wa(F,"add",O),p=O}function Me(y,E,F){F===void 0&&(F=!1);var O=Ct(h.props.triggerTarget||e);O.forEach(function(A){A.addEventListener(y,E,F),m.push({node:A,eventType:y,handler:E,options:F})})}function yt(){D()&&(Me("touchstart",Wt,{passive:!0}),Me("touchend",Tn,{passive:!0})),lm(h.props.trigger).forEach(function(y){if(y!=="manual")switch(Me(y,Wt),y){case"mouseenter":Me("mouseleave",Tn);break;case"focus":Me(xm?"focusout":"blur",Vt);break;case"focusin":Me("focusout",Vt);break}})}function Sn(){m.forEach(function(y){var E=y.node,F=y.eventType,O=y.handler,A=y.options;E.removeEventListener(F,O,A)}),m=[]}function Wt(y){var E,F=!1;if(!(!h.state.isEnabled||Zt(y)||o)){var O=((E=u)==null?void 0:E.type)==="focus";u=y,v=y.currentTarget,xe(),!h.state.isVisible&&mm(y)&&Wn.forEach(function(A){return A(y)}),y.type==="click"&&(h.props.trigger.indexOf("mouseenter")<0||s)&&h.props.hideOnClick!==!1&&h.state.isVisible?F=!0:Yt(y),y.type==="click"&&(s=!F),F&&!O&&Ke(y)}}function An(y){var E=y.target,F=L().contains(E)||k.contains(E);if(!(y.type==="mousemove"&&F)){var O=qe().concat(k).map(function(A){var te,ce=A._tippy,vt=(te=ce.popperInstance)==null?void 0:te.state;return vt?{popperRect:A.getBoundingClientRect(),popperState:vt,props:n}:null}).filter(Boolean);bm(O,y)&&(Ye(),Ke(y))}}function Tn(y){var E=Zt(y)||h.props.trigger.indexOf("click")>=0&&s;if(!E){if(h.props.interactive){h.hideWithInteractivity(y);return}Ke(y)}}function Vt(y){h.props.trigger.indexOf("focusin")<0&&y.target!==L()||h.props.interactive&&y.relatedTarget&&k.contains(y.relatedTarget)||Ke(y)}function Zt(y){return Fe.isTouch?D()!==y.type.indexOf("touch")>=0:!1}function Rn(){On();var y=h.props,E=y.popperOptions,F=y.placement,O=y.offset,A=y.getReferenceClientRect,te=y.moveTransition,ce=R()?jr(k).arrow:null,vt=A?{getBoundingClientRect:A,contextElement:A.contextElement||L()}:e,Li={name:"$$tippy",enabled:!0,phase:"beforeWrite",requires:["computeStyles"],fn:function(Dn){var wt=Dn.state;if(R()){var Wl=U(),Da=Wl.box;["placement","reference-hidden","escaped"].forEach(function(Mn){Mn==="placement"?Da.setAttribute("data-placement",wt.placement):wt.attributes.popper["data-popper-"+Mn]?Da.setAttribute("data-"+Mn,""):Da.removeAttribute("data-"+Mn)}),wt.attributes.popper={}}}},Qe=[{name:"offset",options:{offset:O}},{name:"preventOverflow",options:{padding:{top:2,bottom:2,left:5,right:5}}},{name:"flip",options:{padding:5}},{name:"computeStyles",options:{adaptive:!te}},Li];R()&&ce&&Qe.push({name:"arrow",options:{element:ce,padding:3}}),Qe.push.apply(Qe,E?.modifiers||[]),h.popperInstance=sm(vt,k,Object.assign({},E,{placement:F,onFirstUpdate:d,modifiers:Qe}))}function On(){h.popperInstance&&(h.popperInstance.destroy(),h.popperInstance=null)}function Re(){var y=h.props.appendTo,E,F=L();h.props.interactive&&y===Sc||y==="parent"?E=F.parentNode:E=Ac(y,[F]),E.contains(k)||E.appendChild(k),h.state.isMounted=!0,Rn()}function qe(){return ua(k.querySelectorAll("[data-tippy-root]"))}function Yt(y){h.clearDelayTimeouts(),y&&K("onTrigger",[h,y]),fe();var E=G(!0),F=I(),O=F[0],A=F[1];Fe.isTouch&&O==="hold"&&A&&(E=A),E?a=setTimeout(function(){h.show()},E):h.show()}function Ke(y){if(h.clearDelayTimeouts(),K("onUntrigger",[h,y]),!h.state.isVisible){Ae();return}if(!(h.props.trigger.indexOf("mouseenter")>=0&&h.props.trigger.indexOf("click")>=0&&["mouseleave","mousemove"].indexOf(y.type)>=0&&s)){var E=G(!1);E?r=setTimeout(function(){h.state.isVisible&&h.hide()},E):i=requestAnimationFrame(function(){h.hide()})}}function Xt(){h.state.isEnabled=!0}function In(){h.hide(),h.state.isEnabled=!1}function Nn(){clearTimeout(a),clearTimeout(r),cancelAnimationFrame(i)}function Ln(y){if(!h.state.isDestroyed){K("onBeforeUpdate",[h,y]),Sn();var E=h.props,F=ds(e,Object.assign({},E,cs(y),{ignoreAttributes:!0}));h.props=F,yt(),E.interactiveDebounce!==F.interactiveDebounce&&(Ye(),g=ss(An,F.interactiveDebounce)),E.triggerTarget&&!F.triggerTarget?Ct(E.triggerTarget).forEach(function(O){O.removeAttribute("aria-expanded")}):F.triggerTarget&&e.removeAttribute("aria-expanded"),xe(),Q(),$&&$(E,F),h.popperInstance&&(Rn(),qe().forEach(function(O){requestAnimationFrame(O._tippy.popperInstance.forceUpdate)})),K("onAfterUpdate",[h,y])}}function Pn(y){h.setProps({content:y})}function zl(){var y=h.state.isVisible,E=h.state.isDestroyed,F=!h.state.isEnabled,O=Fe.isTouch&&!h.props.touch,A=Ga(h.props.duration,0,_e.duration);if(!(y||E||F||O)&&!L().hasAttribute("disabled")&&(K("onShow",[h],!1),h.props.onShow(h)!==!1)){if(h.state.isVisible=!0,R()&&(k.style.visibility="visible"),Q(),fe(),h.state.isMounted||(k.style.transition="none"),R()){var te=U(),ce=te.box,vt=te.content;Ha([ce,vt],0)}d=function(){var Qe;if(!(!h.state.isVisible||l)){if(l=!0,k.offsetHeight,k.style.transition=h.props.moveTransition,R()&&h.props.animation){var Pa=U(),Dn=Pa.box,wt=Pa.content;Ha([Dn,wt],A),ls([Dn,wt],"visible")}we(),xe(),os(Va,h),(Qe=h.popperInstance)==null||Qe.forceUpdate(),K("onMount",[h]),h.props.animation&&R()&&Te(A,function(){h.state.isShown=!0,K("onShown",[h])})}},Re()}}function Bl(){var y=!h.state.isVisible,E=h.state.isDestroyed,F=!h.state.isEnabled,O=Ga(h.props.duration,1,_e.duration);if(!(y||E||F)&&(K("onHide",[h],!1),h.props.onHide(h)!==!1)){if(h.state.isVisible=!1,h.state.isShown=!1,l=!1,s=!1,R()&&(k.style.visibility="hidden"),Ye(),Ae(),Q(!0),R()){var A=U(),te=A.box,ce=A.content;h.props.animation&&(Ha([te,ce],O),ls([te,ce],"hidden"))}we(),xe(),h.props.animation?R()&&bt(O,h.unmount):h.unmount()}}function Ul(y){q().addEventListener("mousemove",g),os(Wn,g),g(y)}function Gl(){h.state.isVisible&&h.hide(),h.state.isMounted&&(On(),qe().forEach(function(y){y._tippy.unmount()}),k.parentNode&&k.parentNode.removeChild(k),Va=Va.filter(function(y){return y!==h}),h.state.isMounted=!1,K("onHidden",[h]))}function Hl(){h.state.isDestroyed||(h.clearDelayTimeouts(),h.unmount(),Sn(),delete e._tippy,h.state.isDestroyed=!0,K("onDestroy",[h]))}}function En(e,t){t===void 0&&(t={});var n=_e.plugins.concat(t.plugins||[]);vm();var a=Object.assign({},t,{plugins:n}),r=gm(e),i=r.reduce(function(s,o){var c=o&&Am(o,a);return c&&s.push(c),s},[]);return Ta(e)?i[0]:i}En.defaultProps=_e;En.setDefaultProps=Fm;En.currentInput=Fe;Object.assign({},_c,{effect:function(t){var n=t.state,a={popper:{position:n.options.strategy,left:"0",top:"0",margin:"0"},arrow:{position:"absolute"},reference:{}};Object.assign(n.elements.popper.style,a.popper),n.styles=a,n.elements.arrow&&Object.assign(n.elements.arrow.style,a.arrow)}});En.setDefaultProps({render:Oc});let Y=class extends Error{constructor(t){super(t),this.name="ShikiError"}};function Tm(e){return xi(e)}function xi(e){return Array.isArray(e)?Rm(e):e instanceof RegExp?e:typeof e=="object"?Om(e):e}function Rm(e){let t=[];for(let n=0,a=e.length;n<a;n++)t[n]=xi(e[n]);return t}function Om(e){let t={};for(let n in e)t[n]=xi(e[n]);return t}function Ic(e,...t){return t.forEach(n=>{for(let a in n)e[a]=n[a]}),e}function Nc(e){const t=~e.lastIndexOf("/")||~e.lastIndexOf("\\");return t===0?e:~t===e.length-1?Nc(e.substring(0,e.length-1)):e.substr(~t+1)}var Za=/\$(\d+)|\${(\d+):\/(downcase|upcase)}/g,Vn=class{static hasCaptures(e){return e===null?!1:(Za.lastIndex=0,Za.test(e))}static replaceCaptures(e,t,n){return e.replace(Za,(a,r,i,s)=>{let o=n[parseInt(r||i,10)];if(o){let c=t.substring(o.start,o.end);for(;c[0]===".";)c=c.substring(1);switch(s){case"downcase":return c.toLowerCase();case"upcase":return c.toUpperCase();default:return c}}else return a})}};function Lc(e,t){return e<t?-1:e>t?1:0}function Pc(e,t){if(e===null&&t===null)return 0;if(!e)return-1;if(!t)return 1;let n=e.length,a=t.length;if(n===a){for(let r=0;r<n;r++){let i=Lc(e[r],t[r]);if(i!==0)return i}return 0}return n-a}function gs(e){return!!(/^#[0-9a-f]{6}$/i.test(e)||/^#[0-9a-f]{8}$/i.test(e)||/^#[0-9a-f]{3}$/i.test(e)||/^#[0-9a-f]{4}$/i.test(e))}function Dc(e){return e.replace(/[\-\\\{\}\*\+\?\|\^\$\.\,\[\]\(\)\#\s]/g,"\\$&")}var Mc=class{constructor(e){this.fn=e}cache=new Map;get(e){if(this.cache.has(e))return this.cache.get(e);const t=this.fn(e);return this.cache.set(e,t),t}},pa=class{constructor(e,t,n){this._colorMap=e,this._defaults=t,this._root=n}static createFromRawTheme(e,t){return this.createFromParsedTheme(Lm(e),t)}static createFromParsedTheme(e,t){return Dm(e,t)}_cachedMatchRoot=new Mc(e=>this._root.match(e));getColorMap(){return this._colorMap.getColorMap()}getDefaults(){return this._defaults}match(e){if(e===null)return this._defaults;const t=e.scopeName,a=this._cachedMatchRoot.get(t).find(r=>Im(e.parent,r.parentScopes));return a?new qc(a.fontStyle,a.foreground,a.background):null}},Ya=class na{constructor(t,n){this.parent=t,this.scopeName=n}static push(t,n){for(const a of n)t=new na(t,a);return t}static from(...t){let n=null;for(let a=0;a<t.length;a++)n=new na(n,t[a]);return n}push(t){return new na(this,t)}getSegments(){let t=this;const n=[];for(;t;)n.push(t.scopeName),t=t.parent;return n.reverse(),n}toString(){return this.getSegments().join(" ")}extends(t){return this===t?!0:this.parent===null?!1:this.parent.extends(t)}getExtensionIfDefined(t){const n=[];let a=this;for(;a&&a!==t;)n.push(a.scopeName),a=a.parent;return a===t?n.reverse():void 0}};function Im(e,t){if(t.length===0)return!0;for(let n=0;n<t.length;n++){let a=t[n],r=!1;if(a===">"){if(n===t.length-1)return!1;a=t[++n],r=!0}for(;e&&!Nm(e.scopeName,a);){if(r)return!1;e=e.parent}if(!e)return!1;e=e.parent}return!0}function Nm(e,t){return t===e||e.startsWith(t)&&e[t.length]==="."}var qc=class{constructor(e,t,n){this.fontStyle=e,this.foregroundId=t,this.backgroundId=n}};function Lm(e){if(!e)return[];if(!e.settings||!Array.isArray(e.settings))return[];let t=e.settings,n=[],a=0;for(let r=0,i=t.length;r<i;r++){let s=t[r];if(!s.settings)continue;let o;if(typeof s.scope=="string"){let p=s.scope;p=p.replace(/^[,]+/,""),p=p.replace(/[,]+$/,""),o=p.split(",")}else Array.isArray(s.scope)?o=s.scope:o=[""];let c=-1;if(typeof s.settings.fontStyle=="string"){c=0;let p=s.settings.fontStyle.split(" ");for(let d=0,m=p.length;d<m;d++)switch(p[d]){case"italic":c=c|1;break;case"bold":c=c|2;break;case"underline":c=c|4;break;case"strikethrough":c=c|8;break}}let l=null;typeof s.settings.foreground=="string"&&gs(s.settings.foreground)&&(l=s.settings.foreground);let u=null;typeof s.settings.background=="string"&&gs(s.settings.background)&&(u=s.settings.background);for(let p=0,d=o.length;p<d;p++){let g=o[p].trim().split(" "),v=g[g.length-1],f=null;g.length>1&&(f=g.slice(0,g.length-1),f.reverse()),n[a++]=new Pm(v,f,r,c,l,u)}}return n}var Pm=class{constructor(e,t,n,a,r,i){this.scope=e,this.parentScopes=t,this.index=n,this.fontStyle=a,this.foreground=r,this.background=i}},ee=(e=>(e[e.NotSet=-1]="NotSet",e[e.None=0]="None",e[e.Italic=1]="Italic",e[e.Bold=2]="Bold",e[e.Underline=4]="Underline",e[e.Strikethrough=8]="Strikethrough",e))(ee||{});function Dm(e,t){e.sort((c,l)=>{let u=Lc(c.scope,l.scope);return u!==0||(u=Pc(c.parentScopes,l.parentScopes),u!==0)?u:c.index-l.index});let n=0,a="#000000",r="#ffffff";for(;e.length>=1&&e[0].scope==="";){let c=e.shift();c.fontStyle!==-1&&(n=c.fontStyle),c.foreground!==null&&(a=c.foreground),c.background!==null&&(r=c.background)}let i=new Mm(t),s=new qc(n,i.getId(a),i.getId(r)),o=new zm(new Sr(0,null,-1,0,0),[]);for(let c=0,l=e.length;c<l;c++){let u=e[c];o.insert(0,u.scope,u.parentScopes,u.fontStyle,i.getId(u.foreground),i.getId(u.background))}return new pa(i,s,o)}var Mm=class{_isFrozen;_lastColorId;_id2color;_color2id;constructor(e){if(this._lastColorId=0,this._id2color=[],this._color2id=Object.create(null),Array.isArray(e)){this._isFrozen=!0;for(let t=0,n=e.length;t<n;t++)this._color2id[e[t]]=t,this._id2color[t]=e[t]}else this._isFrozen=!1}getId(e){if(e===null)return 0;e=e.toUpperCase();let t=this._color2id[e];if(t)return t;if(this._isFrozen)throw new Error(`Missing color in color map - ${e}`);return t=++this._lastColorId,this._color2id[e]=t,this._id2color[t]=e,t}getColorMap(){return this._id2color.slice(0)}},qm=Object.freeze([]),Sr=class zc{scopeDepth;parentScopes;fontStyle;foreground;background;constructor(t,n,a,r,i){this.scopeDepth=t,this.parentScopes=n||qm,this.fontStyle=a,this.foreground=r,this.background=i}clone(){return new zc(this.scopeDepth,this.parentScopes,this.fontStyle,this.foreground,this.background)}static cloneArr(t){let n=[];for(let a=0,r=t.length;a<r;a++)n[a]=t[a].clone();return n}acceptOverwrite(t,n,a,r){this.scopeDepth>t?console.log("how did this happen?"):this.scopeDepth=t,n!==-1&&(this.fontStyle=n),a!==0&&(this.foreground=a),r!==0&&(this.background=r)}},zm=class Ar{constructor(t,n=[],a={}){this._mainRule=t,this._children=a,this._rulesWithParentScopes=n}_rulesWithParentScopes;static _cmpBySpecificity(t,n){if(t.scopeDepth!==n.scopeDepth)return n.scopeDepth-t.scopeDepth;let a=0,r=0;for(;t.parentScopes[a]===">"&&a++,n.parentScopes[r]===">"&&r++,!(a>=t.parentScopes.length||r>=n.parentScopes.length);){const i=n.parentScopes[r].length-t.parentScopes[a].length;if(i!==0)return i;a++,r++}return n.parentScopes.length-t.parentScopes.length}match(t){if(t!==""){let a=t.indexOf("."),r,i;if(a===-1?(r=t,i=""):(r=t.substring(0,a),i=t.substring(a+1)),this._children.hasOwnProperty(r))return this._children[r].match(i)}const n=this._rulesWithParentScopes.concat(this._mainRule);return n.sort(Ar._cmpBySpecificity),n}insert(t,n,a,r,i,s){if(n===""){this._doInsertHere(t,a,r,i,s);return}let o=n.indexOf("."),c,l;o===-1?(c=n,l=""):(c=n.substring(0,o),l=n.substring(o+1));let u;this._children.hasOwnProperty(c)?u=this._children[c]:(u=new Ar(this._mainRule.clone(),Sr.cloneArr(this._rulesWithParentScopes)),this._children[c]=u),u.insert(t+1,l,a,r,i,s)}_doInsertHere(t,n,a,r,i){if(n===null){this._mainRule.acceptOverwrite(t,a,r,i);return}for(let s=0,o=this._rulesWithParentScopes.length;s<o;s++){let c=this._rulesWithParentScopes[s];if(Pc(c.parentScopes,n)===0){c.acceptOverwrite(t,a,r,i);return}}a===-1&&(a=this._mainRule.fontStyle),r===0&&(r=this._mainRule.foreground),i===0&&(i=this._mainRule.background),this._rulesWithParentScopes.push(new Sr(t,n,a,r,i))}},Lt=class le{static toBinaryStr(t){return t.toString(2).padStart(32,"0")}static print(t){const n=le.getLanguageId(t),a=le.getTokenType(t),r=le.getFontStyle(t),i=le.getForeground(t),s=le.getBackground(t);console.log({languageId:n,tokenType:a,fontStyle:r,foreground:i,background:s})}static getLanguageId(t){return(t&255)>>>0}static getTokenType(t){return(t&768)>>>8}static containsBalancedBrackets(t){return(t&1024)!==0}static getFontStyle(t){return(t&30720)>>>11}static getForeground(t){return(t&16744448)>>>15}static getBackground(t){return(t&4278190080)>>>24}static set(t,n,a,r,i,s,o){let c=le.getLanguageId(t),l=le.getTokenType(t),u=le.containsBalancedBrackets(t)?1:0,p=le.getFontStyle(t),d=le.getForeground(t),m=le.getBackground(t);return n!==0&&(c=n),a!==8&&(l=a),r!==null&&(u=r?1:0),i!==-1&&(p=i),s!==0&&(d=s),o!==0&&(m=o),(c<<0|l<<8|u<<10|p<<11|d<<15|m<<24)>>>0}};function da(e,t){const n=[],a=Bm(e);let r=a.next();for(;r!==null;){let c=0;if(r.length===2&&r.charAt(1)===":"){switch(r.charAt(0)){case"R":c=1;break;case"L":c=-1;break;default:console.log(`Unknown priority ${r} in scope selector`)}r=a.next()}let l=s();if(n.push({matcher:l,priority:c}),r!==",")break;r=a.next()}return n;function i(){if(r==="-"){r=a.next();const c=i();return l=>!!c&&!c(l)}if(r==="("){r=a.next();const c=o();return r===")"&&(r=a.next()),c}if(fs(r)){const c=[];do c.push(r),r=a.next();while(fs(r));return l=>t(c,l)}return null}function s(){const c=[];let l=i();for(;l;)c.push(l),l=i();return u=>c.every(p=>p(u))}function o(){const c=[];let l=s();for(;l&&(c.push(l),r==="|"||r===",");){do r=a.next();while(r==="|"||r===",");l=s()}return u=>c.some(p=>p(u))}}function fs(e){return!!e&&!!e.match(/[\w\.:]+/)}function Bm(e){let t=/([LR]:|[\w\.:][\w\.:\-]*|[\,\|\-\(\)])/g,n=t.exec(e);return{next:()=>{if(!n)return null;const a=n[0];return n=t.exec(e),a}}}function Bc(e){typeof e.dispose=="function"&&e.dispose()}var gn=class{constructor(e){this.scopeName=e}toKey(){return this.scopeName}},Um=class{constructor(e,t){this.scopeName=e,this.ruleName=t}toKey(){return`${this.scopeName}#${this.ruleName}`}},Gm=class{_references=[];_seenReferenceKeys=new Set;get references(){return this._references}visitedRule=new Set;add(e){const t=e.toKey();this._seenReferenceKeys.has(t)||(this._seenReferenceKeys.add(t),this._references.push(e))}},Hm=class{constructor(e,t){this.repo=e,this.initialScopeName=t,this.seenFullScopeRequests.add(this.initialScopeName),this.Q=[new gn(this.initialScopeName)]}seenFullScopeRequests=new Set;seenPartialScopeRequests=new Set;Q;processQueue(){const e=this.Q;this.Q=[];const t=new Gm;for(const n of e)Wm(n,this.initialScopeName,this.repo,t);for(const n of t.references)if(n instanceof gn){if(this.seenFullScopeRequests.has(n.scopeName))continue;this.seenFullScopeRequests.add(n.scopeName),this.Q.push(n)}else{if(this.seenFullScopeRequests.has(n.scopeName)||this.seenPartialScopeRequests.has(n.toKey()))continue;this.seenPartialScopeRequests.add(n.toKey()),this.Q.push(n)}}};function Wm(e,t,n,a){const r=n.lookup(e.scopeName);if(!r){if(e.scopeName===t)throw new Error(`No grammar provided for <${t}>`);return}const i=n.lookup(t);e instanceof gn?aa({baseGrammar:i,selfGrammar:r},a):Tr(e.ruleName,{baseGrammar:i,selfGrammar:r,repository:r.repository},a);const s=n.injections(e.scopeName);if(s)for(const o of s)a.add(new gn(o))}function Tr(e,t,n){if(t.repository&&t.repository[e]){const a=t.repository[e];ma([a],t,n)}}function aa(e,t){e.selfGrammar.patterns&&Array.isArray(e.selfGrammar.patterns)&&ma(e.selfGrammar.patterns,{...e,repository:e.selfGrammar.repository},t),e.selfGrammar.injections&&ma(Object.values(e.selfGrammar.injections),{...e,repository:e.selfGrammar.repository},t)}function ma(e,t,n){for(const a of e){if(n.visitedRule.has(a))continue;n.visitedRule.add(a);const r=a.repository?Ic({},t.repository,a.repository):t.repository;Array.isArray(a.patterns)&&ma(a.patterns,{...t,repository:r},n);const i=a.include;if(!i)continue;const s=Uc(i);switch(s.kind){case 0:aa({...t,selfGrammar:t.baseGrammar},n);break;case 1:aa(t,n);break;case 2:Tr(s.ruleName,{...t,repository:r},n);break;case 3:case 4:const o=s.scopeName===t.selfGrammar.scopeName?t.selfGrammar:s.scopeName===t.baseGrammar.scopeName?t.baseGrammar:void 0;if(o){const c={baseGrammar:t.baseGrammar,selfGrammar:o,repository:r};s.kind===4?Tr(s.ruleName,c,n):aa(c,n)}else s.kind===4?n.add(new Um(s.scopeName,s.ruleName)):n.add(new gn(s.scopeName));break}}}var Vm=class{kind=0},Zm=class{kind=1},Ym=class{constructor(e){this.ruleName=e}kind=2},Xm=class{constructor(e){this.scopeName=e}kind=3},Km=class{constructor(e,t){this.scopeName=e,this.ruleName=t}kind=4};function Uc(e){if(e==="$base")return new Vm;if(e==="$self")return new Zm;const t=e.indexOf("#");if(t===-1)return new Xm(e);if(t===0)return new Ym(e.substring(1));{const n=e.substring(0,t),a=e.substring(t+1);return new Km(n,a)}}var Qm=/\\(\d+)/,bs=/\\(\d+)/g,Jm=-1,Gc=-2;var Fn=class{$location;id;_nameIsCapturing;_name;_contentNameIsCapturing;_contentName;constructor(e,t,n,a){this.$location=e,this.id=t,this._name=n||null,this._nameIsCapturing=Vn.hasCaptures(this._name),this._contentName=a||null,this._contentNameIsCapturing=Vn.hasCaptures(this._contentName)}get debugName(){const e=this.$location?`${Nc(this.$location.filename)}:${this.$location.line}`:"unknown";return`${this.constructor.name}#${this.id} @ ${e}`}getName(e,t){return!this._nameIsCapturing||this._name===null||e===null||t===null?this._name:Vn.replaceCaptures(this._name,e,t)}getContentName(e,t){return!this._contentNameIsCapturing||this._contentName===null?this._contentName:Vn.replaceCaptures(this._contentName,e,t)}},eh=class extends Fn{retokenizeCapturedWithRuleId;constructor(e,t,n,a,r){super(e,t,n,a),this.retokenizeCapturedWithRuleId=r}dispose(){}collectPatterns(e,t){throw new Error("Not supported!")}compile(e,t){throw new Error("Not supported!")}compileAG(e,t,n,a){throw new Error("Not supported!")}},th=class extends Fn{_match;captures;_cachedCompiledPatterns;constructor(e,t,n,a,r){super(e,t,n,null),this._match=new fn(a,this.id),this.captures=r,this._cachedCompiledPatterns=null}dispose(){this._cachedCompiledPatterns&&(this._cachedCompiledPatterns.dispose(),this._cachedCompiledPatterns=null)}get debugMatchRegExp(){return`${this._match.source}`}collectPatterns(e,t){t.push(this._match)}compile(e,t){return this._getCachedCompiledPatterns(e).compile(e)}compileAG(e,t,n,a){return this._getCachedCompiledPatterns(e).compileAG(e,n,a)}_getCachedCompiledPatterns(e){return this._cachedCompiledPatterns||(this._cachedCompiledPatterns=new bn,this.collectPatterns(e,this._cachedCompiledPatterns)),this._cachedCompiledPatterns}},_s=class extends Fn{hasMissingPatterns;patterns;_cachedCompiledPatterns;constructor(e,t,n,a,r){super(e,t,n,a),this.patterns=r.patterns,this.hasMissingPatterns=r.hasMissingPatterns,this._cachedCompiledPatterns=null}dispose(){this._cachedCompiledPatterns&&(this._cachedCompiledPatterns.dispose(),this._cachedCompiledPatterns=null)}collectPatterns(e,t){for(const n of this.patterns)e.getRule(n).collectPatterns(e,t)}compile(e,t){return this._getCachedCompiledPatterns(e).compile(e)}compileAG(e,t,n,a){return this._getCachedCompiledPatterns(e).compileAG(e,n,a)}_getCachedCompiledPatterns(e){return this._cachedCompiledPatterns||(this._cachedCompiledPatterns=new bn,this.collectPatterns(e,this._cachedCompiledPatterns)),this._cachedCompiledPatterns}},Rr=class extends Fn{_begin;beginCaptures;_end;endHasBackReferences;endCaptures;applyEndPatternLast;hasMissingPatterns;patterns;_cachedCompiledPatterns;constructor(e,t,n,a,r,i,s,o,c,l){super(e,t,n,a),this._begin=new fn(r,this.id),this.beginCaptures=i,this._end=new fn(s||"∩┐┐",-1),this.endHasBackReferences=this._end.hasBackReferences,this.endCaptures=o,this.applyEndPatternLast=c||!1,this.patterns=l.patterns,this.hasMissingPatterns=l.hasMissingPatterns,this._cachedCompiledPatterns=null}dispose(){this._cachedCompiledPatterns&&(this._cachedCompiledPatterns.dispose(),this._cachedCompiledPatterns=null)}get debugBeginRegExp(){return`${this._begin.source}`}get debugEndRegExp(){return`${this._end.source}`}getEndWithResolvedBackReferences(e,t){return this._end.resolveBackReferences(e,t)}collectPatterns(e,t){t.push(this._begin)}compile(e,t){return this._getCachedCompiledPatterns(e,t).compile(e)}compileAG(e,t,n,a){return this._getCachedCompiledPatterns(e,t).compileAG(e,n,a)}_getCachedCompiledPatterns(e,t){if(!this._cachedCompiledPatterns){this._cachedCompiledPatterns=new bn;for(const n of this.patterns)e.getRule(n).collectPatterns(e,this._cachedCompiledPatterns);this.applyEndPatternLast?this._cachedCompiledPatterns.push(this._end.hasBackReferences?this._end.clone():this._end):this._cachedCompiledPatterns.unshift(this._end.hasBackReferences?this._end.clone():this._end)}return this._end.hasBackReferences&&(this.applyEndPatternLast?this._cachedCompiledPatterns.setSource(this._cachedCompiledPatterns.length()-1,t):this._cachedCompiledPatterns.setSource(0,t)),this._cachedCompiledPatterns}},ha=class extends Fn{_begin;beginCaptures;whileCaptures;_while;whileHasBackReferences;hasMissingPatterns;patterns;_cachedCompiledPatterns;_cachedCompiledWhilePatterns;constructor(e,t,n,a,r,i,s,o,c){super(e,t,n,a),this._begin=new fn(r,this.id),this.beginCaptures=i,this.whileCaptures=o,this._while=new fn(s,Gc),this.whileHasBackReferences=this._while.hasBackReferences,this.patterns=c.patterns,this.hasMissingPatterns=c.hasMissingPatterns,this._cachedCompiledPatterns=null,this._cachedCompiledWhilePatterns=null}dispose(){this._cachedCompiledPatterns&&(this._cachedCompiledPatterns.dispose(),this._cachedCompiledPatterns=null),this._cachedCompiledWhilePatterns&&(this._cachedCompiledWhilePatterns.dispose(),this._cachedCompiledWhilePatterns=null)}get debugBeginRegExp(){return`${this._begin.source}`}get debugWhileRegExp(){return`${this._while.source}`}getWhileWithResolvedBackReferences(e,t){return this._while.resolveBackReferences(e,t)}collectPatterns(e,t){t.push(this._begin)}compile(e,t){return this._getCachedCompiledPatterns(e).compile(e)}compileAG(e,t,n,a){return this._getCachedCompiledPatterns(e).compileAG(e,n,a)}_getCachedCompiledPatterns(e){if(!this._cachedCompiledPatterns){this._cachedCompiledPatterns=new bn;for(const t of this.patterns)e.getRule(t).collectPatterns(e,this._cachedCompiledPatterns)}return this._cachedCompiledPatterns}compileWhile(e,t){return this._getCachedCompiledWhilePatterns(e,t).compile(e)}compileWhileAG(e,t,n,a){return this._getCachedCompiledWhilePatterns(e,t).compileAG(e,n,a)}_getCachedCompiledWhilePatterns(e,t){return this._cachedCompiledWhilePatterns||(this._cachedCompiledWhilePatterns=new bn,this._cachedCompiledWhilePatterns.push(this._while.hasBackReferences?this._while.clone():this._while)),this._while.hasBackReferences&&this._cachedCompiledWhilePatterns.setSource(0,t||"∩┐┐"),this._cachedCompiledWhilePatterns}},Hc=class J{static createCaptureRule(t,n,a,r,i){return t.registerRule(s=>new eh(n,s,a,r,i))}static getCompiledRuleId(t,n,a){return t.id||n.registerRule(r=>{if(t.id=r,t.match)return new th(t.$vscodeTextmateLocation,t.id,t.name,t.match,J._compileCaptures(t.captures,n,a));if(typeof t.begin>"u"){t.repository&&(a=Ic({},a,t.repository));let i=t.patterns;return typeof i>"u"&&t.include&&(i=[{include:t.include}]),new _s(t.$vscodeTextmateLocation,t.id,t.name,t.contentName,J._compilePatterns(i,n,a))}return t.while?new ha(t.$vscodeTextmateLocation,t.id,t.name,t.contentName,t.begin,J._compileCaptures(t.beginCaptures||t.captures,n,a),t.while,J._compileCaptures(t.whileCaptures||t.captures,n,a),J._compilePatterns(t.patterns,n,a)):new Rr(t.$vscodeTextmateLocation,t.id,t.name,t.contentName,t.begin,J._compileCaptures(t.beginCaptures||t.captures,n,a),t.end,J._compileCaptures(t.endCaptures||t.captures,n,a),t.applyEndPatternLast,J._compilePatterns(t.patterns,n,a))}),t.id}static _compileCaptures(t,n,a){let r=[];if(t){let i=0;for(const s in t){if(s==="$vscodeTextmateLocation")continue;const o=parseInt(s,10);o>i&&(i=o)}for(let s=0;s<=i;s++)r[s]=null;for(const s in t){if(s==="$vscodeTextmateLocation")continue;const o=parseInt(s,10);let c=0;t[s].patterns&&(c=J.getCompiledRuleId(t[s],n,a)),r[o]=J.createCaptureRule(n,t[s].$vscodeTextmateLocation,t[s].name,t[s].contentName,c)}}return r}static _compilePatterns(t,n,a){let r=[];if(t)for(let i=0,s=t.length;i<s;i++){const o=t[i];let c=-1;if(o.include){const l=Uc(o.include);switch(l.kind){case 0:case 1:c=J.getCompiledRuleId(a[o.include],n,a);break;case 2:let u=a[l.ruleName];u&&(c=J.getCompiledRuleId(u,n,a));break;case 3:case 4:const p=l.scopeName,d=l.kind===4?l.ruleName:null,m=n.getExternalGrammar(p,a);if(m)if(d){let g=m.repository[d];g&&(c=J.getCompiledRuleId(g,n,m.repository))}else c=J.getCompiledRuleId(m.repository.$self,n,m.repository);break}}else c=J.getCompiledRuleId(o,n,a);if(c!==-1){const l=n.getRule(c);let u=!1;if((l instanceof _s||l instanceof Rr||l instanceof ha)&&l.hasMissingPatterns&&l.patterns.length===0&&(u=!0),u)continue;r.push(c)}}return{patterns:r,hasMissingPatterns:(t?t.length:0)!==r.length}}},fn=class Wc{source;ruleId;hasAnchor;hasBackReferences;_anchorCache;constructor(t,n){if(t&&typeof t=="string"){const a=t.length;let r=0,i=[],s=!1;for(let o=0;o<a;o++)if(t.charAt(o)==="\\"&&o+1<a){const l=t.charAt(o+1);l==="z"?(i.push(t.substring(r,o)),i.push("$(?!\\n)(?<!\\n)"),r=o+2):(l==="A"||l==="G")&&(s=!0),o++}this.hasAnchor=s,r===0?this.source=t:(i.push(t.substring(r,a)),this.source=i.join(""))}else this.hasAnchor=!1,this.source=t;this.hasAnchor?this._anchorCache=this._buildAnchorCache():this._anchorCache=null,this.ruleId=n,typeof this.source=="string"?this.hasBackReferences=Qm.test(this.source):this.hasBackReferences=!1}clone(){return new Wc(this.source,this.ruleId)}setSource(t){this.source!==t&&(this.source=t,this.hasAnchor&&(this._anchorCache=this._buildAnchorCache()))}resolveBackReferences(t,n){if(typeof this.source!="string")throw new Error("This method should only be called if the source is a string");let a=n.map(r=>t.substring(r.start,r.end));return bs.lastIndex=0,this.source.replace(bs,(r,i)=>Dc(a[parseInt(i,10)]||""))}_buildAnchorCache(){if(typeof this.source!="string")throw new Error("This method should only be called if the source is a string");let t=[],n=[],a=[],r=[],i,s,o,c;for(i=0,s=this.source.length;i<s;i++)o=this.source.charAt(i),t[i]=o,n[i]=o,a[i]=o,r[i]=o,o==="\\"&&i+1<s&&(c=this.source.charAt(i+1),c==="A"?(t[i+1]="∩┐┐",n[i+1]="∩┐┐",a[i+1]="A",r[i+1]="A"):c==="G"?(t[i+1]="∩┐┐",n[i+1]="G",a[i+1]="∩┐┐",r[i+1]="G"):(t[i+1]=c,n[i+1]=c,a[i+1]=c,r[i+1]=c),i++);return{A0_G0:t.join(""),A0_G1:n.join(""),A1_G0:a.join(""),A1_G1:r.join("")}}resolveAnchors(t,n){return!this.hasAnchor||!this._anchorCache||typeof this.source!="string"?this.source:t?n?this._anchorCache.A1_G1:this._anchorCache.A1_G0:n?this._anchorCache.A0_G1:this._anchorCache.A0_G0}},bn=class{_items;_hasAnchors;_cached;_anchorCache;constructor(){this._items=[],this._hasAnchors=!1,this._cached=null,this._anchorCache={A0_G0:null,A0_G1:null,A1_G0:null,A1_G1:null}}dispose(){this._disposeCaches()}_disposeCaches(){this._cached&&(this._cached.dispose(),this._cached=null),this._anchorCache.A0_G0&&(this._anchorCache.A0_G0.dispose(),this._anchorCache.A0_G0=null),this._anchorCache.A0_G1&&(this._anchorCache.A0_G1.dispose(),this._anchorCache.A0_G1=null),this._anchorCache.A1_G0&&(this._anchorCache.A1_G0.dispose(),this._anchorCache.A1_G0=null),this._anchorCache.A1_G1&&(this._anchorCache.A1_G1.dispose(),this._anchorCache.A1_G1=null)}push(e){this._items.push(e),this._hasAnchors=this._hasAnchors||e.hasAnchor}unshift(e){this._items.unshift(e),this._hasAnchors=this._hasAnchors||e.hasAnchor}length(){return this._items.length}setSource(e,t){this._items[e].source!==t&&(this._disposeCaches(),this._items[e].setSource(t))}compile(e){if(!this._cached){let t=this._items.map(n=>n.source);this._cached=new ys(e,t,this._items.map(n=>n.ruleId))}return this._cached}compileAG(e,t,n){return this._hasAnchors?t?n?(this._anchorCache.A1_G1||(this._anchorCache.A1_G1=this._resolveAnchors(e,t,n)),this._anchorCache.A1_G1):(this._anchorCache.A1_G0||(this._anchorCache.A1_G0=this._resolveAnchors(e,t,n)),this._anchorCache.A1_G0):n?(this._anchorCache.A0_G1||(this._anchorCache.A0_G1=this._resolveAnchors(e,t,n)),this._anchorCache.A0_G1):(this._anchorCache.A0_G0||(this._anchorCache.A0_G0=this._resolveAnchors(e,t,n)),this._anchorCache.A0_G0):this.compile(e)}_resolveAnchors(e,t,n){let a=this._items.map(r=>r.resolveAnchors(t,n));return new ys(e,a,this._items.map(r=>r.ruleId))}},ys=class{constructor(e,t,n){this.regExps=t,this.rules=n,this.scanner=e.createOnigScanner(t)}scanner;dispose(){typeof this.scanner.dispose=="function"&&this.scanner.dispose()}toString(){const e=[];for(let t=0,n=this.rules.length;t<n;t++)e.push("   - "+this.rules[t]+": "+this.regExps[t]);return e.join(`
`)}findNextMatchSync(e,t,n){const a=this.scanner.findNextMatchSync(e,t,n);return a?{ruleId:this.rules[a.index],captureIndices:a.captureIndices}:null}},Xa=class{constructor(e,t){this.languageId=e,this.tokenType=t}},nh=class Or{_defaultAttributes;_embeddedLanguagesMatcher;constructor(t,n){this._defaultAttributes=new Xa(t,8),this._embeddedLanguagesMatcher=new ah(Object.entries(n||{}))}getDefaultAttributes(){return this._defaultAttributes}getBasicScopeAttributes(t){return t===null?Or._NULL_SCOPE_METADATA:this._getBasicScopeAttributes.get(t)}static _NULL_SCOPE_METADATA=new Xa(0,0);_getBasicScopeAttributes=new Mc(t=>{const n=this._scopeToLanguage(t),a=this._toStandardTokenType(t);return new Xa(n,a)});_scopeToLanguage(t){return this._embeddedLanguagesMatcher.match(t)||0}_toStandardTokenType(t){const n=t.match(Or.STANDARD_TOKEN_TYPE_REGEXP);if(!n)return 8;switch(n[1]){case"comment":return 1;case"string":return 2;case"regex":return 3;case"meta.embedded":return 0}throw new Error("Unexpected match for standard token type!")}static STANDARD_TOKEN_TYPE_REGEXP=/\b(comment|string|regex|meta\.embedded)\b/},ah=class{values;scopesRegExp;constructor(e){if(e.length===0)this.values=null,this.scopesRegExp=null;else{this.values=new Map(e);const t=e.map(([n,a])=>Dc(n));t.sort(),t.reverse(),this.scopesRegExp=new RegExp(`^((${t.join(")|(")}))($|\\.)`,"")}}match(e){if(!this.scopesRegExp)return;const t=e.match(this.scopesRegExp);if(t)return this.values.get(t[1])}},vs=class{constructor(e,t){this.stack=e,this.stoppedEarly=t}};function Vc(e,t,n,a,r,i,s,o){const c=t.content.length;let l=!1,u=-1;if(s){const m=rh(e,t,n,a,r,i);r=m.stack,a=m.linePos,n=m.isFirstLine,u=m.anchorPosition}const p=Date.now();for(;!l;){if(o!==0&&Date.now()-p>o)return new vs(r,!0);d()}return new vs(r,!1);function d(){const m=ih(e,t,n,a,r,u);if(!m){i.produce(r,c),l=!0;return}const g=m.captureIndices,v=m.matchedRuleId,f=g&&g.length>0?g[0].end>a:!1;if(v===Jm){const b=r.getRule(e);i.produce(r,g[0].start),r=r.withContentNameScopesList(r.nameScopesList),an(e,t,n,r,i,b.endCaptures,g),i.produce(r,g[0].end);const _=r;if(r=r.parent,u=_.getAnchorPos(),!f&&_.getEnterPos()===a){r=_,i.produce(r,c),l=!0;return}}else{const b=e.getRule(v);i.produce(r,g[0].start);const _=r,w=b.getName(t.content,g),h=r.contentNameScopesList.pushAttributed(w,e);if(r=r.push(v,a,u,g[0].end===c,null,h,h),b instanceof Rr){const C=b;an(e,t,n,r,i,C.beginCaptures,g),i.produce(r,g[0].end),u=g[0].end;const k=C.getContentName(t.content,g),$=h.pushAttributed(k,e);if(r=r.withContentNameScopesList($),C.endHasBackReferences&&(r=r.withEndRule(C.getEndWithResolvedBackReferences(t.content,g))),!f&&_.hasSameRuleAs(r)){r=r.pop(),i.produce(r,c),l=!0;return}}else if(b instanceof ha){const C=b;an(e,t,n,r,i,C.beginCaptures,g),i.produce(r,g[0].end),u=g[0].end;const k=C.getContentName(t.content,g),$=h.pushAttributed(k,e);if(r=r.withContentNameScopesList($),C.whileHasBackReferences&&(r=r.withEndRule(C.getWhileWithResolvedBackReferences(t.content,g))),!f&&_.hasSameRuleAs(r)){r=r.pop(),i.produce(r,c),l=!0;return}}else if(an(e,t,n,r,i,b.captures,g),i.produce(r,g[0].end),r=r.pop(),!f){r=r.safePop(),i.produce(r,c),l=!0;return}}g[0].end>a&&(a=g[0].end,n=!1)}}function rh(e,t,n,a,r,i){let s=r.beginRuleCapturedEOL?0:-1;const o=[];for(let c=r;c;c=c.pop()){const l=c.getRule(e);l instanceof ha&&o.push({rule:l,stack:c})}for(let c=o.pop();c;c=o.pop()){const{ruleScanner:l,findOptions:u}=ch(c.rule,e,c.stack.endRule,n,a===s),p=l.findNextMatchSync(t,a,u);if(p){if(p.ruleId!==Gc){r=c.stack.pop();break}p.captureIndices&&p.captureIndices.length&&(i.produce(c.stack,p.captureIndices[0].start),an(e,t,n,c.stack,i,c.rule.whileCaptures,p.captureIndices),i.produce(c.stack,p.captureIndices[0].end),s=p.captureIndices[0].end,p.captureIndices[0].end>a&&(a=p.captureIndices[0].end,n=!1))}else{r=c.stack.pop();break}}return{stack:r,linePos:a,anchorPosition:s,isFirstLine:n}}function ih(e,t,n,a,r,i){const s=sh(e,t,n,a,r,i),o=e.getInjections();if(o.length===0)return s;const c=oh(o,e,t,n,a,r,i);if(!c)return s;if(!s)return c;const l=s.captureIndices[0].start,u=c.captureIndices[0].start;return u<l||c.priorityMatch&&u===l?c:s}function sh(e,t,n,a,r,i){const s=r.getRule(e),{ruleScanner:o,findOptions:c}=Zc(s,e,r.endRule,n,a===i),l=o.findNextMatchSync(t,a,c);return l?{captureIndices:l.captureIndices,matchedRuleId:l.ruleId}:null}function oh(e,t,n,a,r,i,s){let o=Number.MAX_VALUE,c=null,l,u=0;const p=i.contentNameScopesList.getScopeNames();for(let d=0,m=e.length;d<m;d++){const g=e[d];if(!g.matcher(p))continue;const v=t.getRule(g.ruleId),{ruleScanner:f,findOptions:b}=Zc(v,t,null,a,r===s),_=f.findNextMatchSync(n,r,b);if(!_)continue;const w=_.captureIndices[0].start;if(!(w>=o)&&(o=w,c=_.captureIndices,l=_.ruleId,u=g.priority,o===r))break}return c?{priorityMatch:u===-1,captureIndices:c,matchedRuleId:l}:null}function Zc(e,t,n,a,r){return{ruleScanner:e.compileAG(t,n,a,r),findOptions:0}}function ch(e,t,n,a,r){return{ruleScanner:e.compileWhileAG(t,n,a,r),findOptions:0}}function an(e,t,n,a,r,i,s){if(i.length===0)return;const o=t.content,c=Math.min(i.length,s.length),l=[],u=s[0].end;for(let p=0;p<c;p++){const d=i[p];if(d===null)continue;const m=s[p];if(m.length===0)continue;if(m.start>u)break;for(;l.length>0&&l[l.length-1].endPos<=m.start;)r.produceFromScopes(l[l.length-1].scopes,l[l.length-1].endPos),l.pop();if(l.length>0?r.produceFromScopes(l[l.length-1].scopes,m.start):r.produce(a,m.start),d.retokenizeCapturedWithRuleId){const v=d.getName(o,s),f=a.contentNameScopesList.pushAttributed(v,e),b=d.getContentName(o,s),_=f.pushAttributed(b,e),w=a.push(d.retokenizeCapturedWithRuleId,m.start,-1,!1,null,f,_),h=e.createOnigString(o.substring(0,m.end));Vc(e,h,n&&m.start===0,m.start,w,r,!1,0),Bc(h);continue}const g=d.getName(o,s);if(g!==null){const f=(l.length>0?l[l.length-1].scopes:a.contentNameScopesList).pushAttributed(g,e);l.push(new lh(f,m.end))}}for(;l.length>0;)r.produceFromScopes(l[l.length-1].scopes,l[l.length-1].endPos),l.pop()}var lh=class{scopes;endPos;constructor(e,t){this.scopes=e,this.endPos=t}};function uh(e,t,n,a,r,i,s,o){return new dh(e,t,n,a,r,i,s,o)}function ws(e,t,n,a,r){const i=da(t,ga),s=Hc.getCompiledRuleId(n,a,r.repository);for(const o of i)e.push({debugSelector:t,matcher:o.matcher,ruleId:s,grammar:r,priority:o.priority})}function ga(e,t){if(t.length<e.length)return!1;let n=0;return e.every(a=>{for(let r=n;r<t.length;r++)if(ph(t[r],a))return n=r+1,!0;return!1})}function ph(e,t){if(!e)return!1;if(e===t)return!0;const n=t.length;return e.length>n&&e.substr(0,n)===t&&e[n]==="."}var dh=class{constructor(e,t,n,a,r,i,s,o){if(this._rootScopeName=e,this.balancedBracketSelectors=i,this._onigLib=o,this._basicScopeAttributesProvider=new nh(n,a),this._rootId=-1,this._lastRuleId=0,this._ruleId2desc=[null],this._includedGrammars={},this._grammarRepository=s,this._grammar=xs(t,null),this._injections=null,this._tokenTypeMatchers=[],r)for(const c of Object.keys(r)){const l=da(c,ga);for(const u of l)this._tokenTypeMatchers.push({matcher:u.matcher,type:r[c]})}}_rootId;_lastRuleId;_ruleId2desc;_includedGrammars;_grammarRepository;_grammar;_injections;_basicScopeAttributesProvider;_tokenTypeMatchers;get themeProvider(){return this._grammarRepository}dispose(){for(const e of this._ruleId2desc)e&&e.dispose()}createOnigScanner(e){return this._onigLib.createOnigScanner(e)}createOnigString(e){return this._onigLib.createOnigString(e)}getMetadataForScope(e){return this._basicScopeAttributesProvider.getBasicScopeAttributes(e)}_collectInjections(){const e={lookup:r=>r===this._rootScopeName?this._grammar:this.getExternalGrammar(r),injections:r=>this._grammarRepository.injections(r)},t=[],n=this._rootScopeName,a=e.lookup(n);if(a){const r=a.injections;if(r)for(let s in r)ws(t,s,r[s],this,a);const i=this._grammarRepository.injections(n);i&&i.forEach(s=>{const o=this.getExternalGrammar(s);if(o){const c=o.injectionSelector;c&&ws(t,c,o,this,o)}})}return t.sort((r,i)=>r.priority-i.priority),t}getInjections(){return this._injections===null&&(this._injections=this._collectInjections()),this._injections}registerRule(e){const t=++this._lastRuleId,n=e(t);return this._ruleId2desc[t]=n,n}getRule(e){return this._ruleId2desc[e]}getExternalGrammar(e,t){if(this._includedGrammars[e])return this._includedGrammars[e];if(this._grammarRepository){const n=this._grammarRepository.lookup(e);if(n)return this._includedGrammars[e]=xs(n,t&&t.$base),this._includedGrammars[e]}}tokenizeLine(e,t,n=0){const a=this._tokenize(e,t,!1,n);return{tokens:a.lineTokens.getResult(a.ruleStack,a.lineLength),ruleStack:a.ruleStack,stoppedEarly:a.stoppedEarly}}tokenizeLine2(e,t,n=0){const a=this._tokenize(e,t,!0,n);return{tokens:a.lineTokens.getBinaryResult(a.ruleStack,a.lineLength),ruleStack:a.ruleStack,stoppedEarly:a.stoppedEarly}}_tokenize(e,t,n,a){this._rootId===-1&&(this._rootId=Hc.getCompiledRuleId(this._grammar.repository.$self,this,this._grammar.repository),this.getInjections());let r;if(!t||t===Ir.NULL){r=!0;const l=this._basicScopeAttributesProvider.getDefaultAttributes(),u=this.themeProvider.getDefaults(),p=Lt.set(0,l.languageId,l.tokenType,null,u.fontStyle,u.foregroundId,u.backgroundId),d=this.getRule(this._rootId).getName(null,null);let m;d?m=un.createRootAndLookUpScopeName(d,p,this):m=un.createRoot("unknown",p),t=new Ir(null,this._rootId,-1,-1,!1,null,m,m)}else r=!1,t.reset();e=e+`
`;const i=this.createOnigString(e),s=i.content.length,o=new hh(n,e,this._tokenTypeMatchers,this.balancedBracketSelectors),c=Vc(this,i,r,0,t,o,!0,a);return Bc(i),{lineLength:s,lineTokens:o,ruleStack:c.stack,stoppedEarly:c.stoppedEarly}}};function xs(e,t){return e=Tm(e),e.repository=e.repository||{},e.repository.$self={$vscodeTextmateLocation:e.$vscodeTextmateLocation,patterns:e.patterns,name:e.scopeName},e.repository.$base=t||e.repository.$self,e}var un=class Ce{constructor(t,n,a){this.parent=t,this.scopePath=n,this.tokenAttributes=a}static fromExtension(t,n){let a=t,r=t?.scopePath??null;for(const i of n)r=Ya.push(r,i.scopeNames),a=new Ce(a,r,i.encodedTokenAttributes);return a}static createRoot(t,n){return new Ce(null,new Ya(null,t),n)}static createRootAndLookUpScopeName(t,n,a){const r=a.getMetadataForScope(t),i=new Ya(null,t),s=a.themeProvider.themeMatch(i),o=Ce.mergeAttributes(n,r,s);return new Ce(null,i,o)}get scopeName(){return this.scopePath.scopeName}toString(){return this.getScopeNames().join(" ")}equals(t){return Ce.equals(this,t)}static equals(t,n){do{if(t===n||!t&&!n)return!0;if(!t||!n||t.scopeName!==n.scopeName||t.tokenAttributes!==n.tokenAttributes)return!1;t=t.parent,n=n.parent}while(!0)}static mergeAttributes(t,n,a){let r=-1,i=0,s=0;return a!==null&&(r=a.fontStyle,i=a.foregroundId,s=a.backgroundId),Lt.set(t,n.languageId,n.tokenType,null,r,i,s)}pushAttributed(t,n){if(t===null)return this;if(t.indexOf(" ")===-1)return Ce._pushAttributed(this,t,n);const a=t.split(/ /g);let r=this;for(const i of a)r=Ce._pushAttributed(r,i,n);return r}static _pushAttributed(t,n,a){const r=a.getMetadataForScope(n),i=t.scopePath.push(n),s=a.themeProvider.themeMatch(i),o=Ce.mergeAttributes(t.tokenAttributes,r,s);return new Ce(t,i,o)}getScopeNames(){return this.scopePath.getSegments()}getExtensionIfDefined(t){const n=[];let a=this;for(;a&&a!==t;)n.push({encodedTokenAttributes:a.tokenAttributes,scopeNames:a.scopePath.getExtensionIfDefined(a.parent?.scopePath??null)}),a=a.parent;return a===t?n.reverse():void 0}},Ir=class nt{constructor(t,n,a,r,i,s,o,c){this.parent=t,this.ruleId=n,this.beginRuleCapturedEOL=i,this.endRule=s,this.nameScopesList=o,this.contentNameScopesList=c,this.depth=this.parent?this.parent.depth+1:1,this._enterPos=a,this._anchorPos=r}_stackElementBrand=void 0;static NULL=new nt(null,0,0,0,!1,null,null,null);_enterPos;_anchorPos;depth;equals(t){return t===null?!1:nt._equals(this,t)}static _equals(t,n){return t===n?!0:this._structuralEquals(t,n)?un.equals(t.contentNameScopesList,n.contentNameScopesList):!1}static _structuralEquals(t,n){do{if(t===n||!t&&!n)return!0;if(!t||!n||t.depth!==n.depth||t.ruleId!==n.ruleId||t.endRule!==n.endRule)return!1;t=t.parent,n=n.parent}while(!0)}clone(){return this}static _reset(t){for(;t;)t._enterPos=-1,t._anchorPos=-1,t=t.parent}reset(){nt._reset(this)}pop(){return this.parent}safePop(){return this.parent?this.parent:this}push(t,n,a,r,i,s,o){return new nt(this,t,n,a,r,i,s,o)}getEnterPos(){return this._enterPos}getAnchorPos(){return this._anchorPos}getRule(t){return t.getRule(this.ruleId)}toString(){const t=[];return this._writeString(t,0),"["+t.join(",")+"]"}_writeString(t,n){return this.parent&&(n=this.parent._writeString(t,n)),t[n++]=`(${this.ruleId}, ${this.nameScopesList?.toString()}, ${this.contentNameScopesList?.toString()})`,n}withContentNameScopesList(t){return this.contentNameScopesList===t?this:this.parent.push(this.ruleId,this._enterPos,this._anchorPos,this.beginRuleCapturedEOL,this.endRule,this.nameScopesList,t)}withEndRule(t){return this.endRule===t?this:new nt(this.parent,this.ruleId,this._enterPos,this._anchorPos,this.beginRuleCapturedEOL,t,this.nameScopesList,this.contentNameScopesList)}hasSameRuleAs(t){let n=this;for(;n&&n._enterPos===t._enterPos;){if(n.ruleId===t.ruleId)return!0;n=n.parent}return!1}toStateStackFrame(){return{ruleId:this.ruleId,beginRuleCapturedEOL:this.beginRuleCapturedEOL,endRule:this.endRule,nameScopesList:this.nameScopesList?.getExtensionIfDefined(this.parent?.nameScopesList??null)??[],contentNameScopesList:this.contentNameScopesList?.getExtensionIfDefined(this.nameScopesList)??[]}}static pushFrame(t,n){const a=un.fromExtension(t?.nameScopesList??null,n.nameScopesList);return new nt(t,n.ruleId,n.enterPos??-1,n.anchorPos??-1,n.beginRuleCapturedEOL,n.endRule,a,un.fromExtension(a,n.contentNameScopesList))}},mh=class{balancedBracketScopes;unbalancedBracketScopes;allowAny=!1;constructor(e,t){this.balancedBracketScopes=e.flatMap(n=>n==="*"?(this.allowAny=!0,[]):da(n,ga).map(a=>a.matcher)),this.unbalancedBracketScopes=t.flatMap(n=>da(n,ga).map(a=>a.matcher))}get matchesAlways(){return this.allowAny&&this.unbalancedBracketScopes.length===0}get matchesNever(){return this.balancedBracketScopes.length===0&&!this.allowAny}match(e){for(const t of this.unbalancedBracketScopes)if(t(e))return!1;for(const t of this.balancedBracketScopes)if(t(e))return!0;return this.allowAny}},hh=class{constructor(e,t,n,a){this.balancedBracketSelectors=a,this._emitBinaryTokens=e,this._tokenTypeOverrides=n,this._lineText=null,this._tokens=[],this._binaryTokens=[],this._lastTokenEndIndex=0}_emitBinaryTokens;_lineText;_tokens;_binaryTokens;_lastTokenEndIndex;_tokenTypeOverrides;produce(e,t){this.produceFromScopes(e.contentNameScopesList,t)}produceFromScopes(e,t){if(this._lastTokenEndIndex>=t)return;if(this._emitBinaryTokens){let a=e?.tokenAttributes??0,r=!1;if(this.balancedBracketSelectors?.matchesAlways&&(r=!0),this._tokenTypeOverrides.length>0||this.balancedBracketSelectors&&!this.balancedBracketSelectors.matchesAlways&&!this.balancedBracketSelectors.matchesNever){const i=e?.getScopeNames()??[];for(const s of this._tokenTypeOverrides)s.matcher(i)&&(a=Lt.set(a,0,s.type,null,-1,0,0));this.balancedBracketSelectors&&(r=this.balancedBracketSelectors.match(i))}if(r&&(a=Lt.set(a,0,8,r,-1,0,0)),this._binaryTokens.length>0&&this._binaryTokens[this._binaryTokens.length-1]===a){this._lastTokenEndIndex=t;return}this._binaryTokens.push(this._lastTokenEndIndex),this._binaryTokens.push(a),this._lastTokenEndIndex=t;return}const n=e?.getScopeNames()??[];this._tokens.push({startIndex:this._lastTokenEndIndex,endIndex:t,scopes:n}),this._lastTokenEndIndex=t}getResult(e,t){return this._tokens.length>0&&this._tokens[this._tokens.length-1].startIndex===t-1&&this._tokens.pop(),this._tokens.length===0&&(this._lastTokenEndIndex=-1,this.produce(e,t),this._tokens[this._tokens.length-1].startIndex=0),this._tokens}getBinaryResult(e,t){this._binaryTokens.length>0&&this._binaryTokens[this._binaryTokens.length-2]===t-1&&(this._binaryTokens.pop(),this._binaryTokens.pop()),this._binaryTokens.length===0&&(this._lastTokenEndIndex=-1,this.produce(e,t),this._binaryTokens[this._binaryTokens.length-2]=0);const n=new Uint32Array(this._binaryTokens.length);for(let a=0,r=this._binaryTokens.length;a<r;a++)n[a]=this._binaryTokens[a];return n}},gh=class{constructor(e,t){this._onigLib=t,this._theme=e}_grammars=new Map;_rawGrammars=new Map;_injectionGrammars=new Map;_theme;dispose(){for(const e of this._grammars.values())e.dispose()}setTheme(e){this._theme=e}getColorMap(){return this._theme.getColorMap()}addGrammar(e,t){this._rawGrammars.set(e.scopeName,e),t&&this._injectionGrammars.set(e.scopeName,t)}lookup(e){return this._rawGrammars.get(e)}injections(e){return this._injectionGrammars.get(e)}getDefaults(){return this._theme.getDefaults()}themeMatch(e){return this._theme.match(e)}grammarForScopeName(e,t,n,a,r){if(!this._grammars.has(e)){let i=this._rawGrammars.get(e);if(!i)return null;this._grammars.set(e,uh(e,i,t,n,a,r,this,this._onigLib))}return this._grammars.get(e)}},fh=class{_options;_syncRegistry;_ensureGrammarCache;constructor(t){this._options=t,this._syncRegistry=new gh(pa.createFromRawTheme(t.theme,t.colorMap),t.onigLib),this._ensureGrammarCache=new Map}dispose(){this._syncRegistry.dispose()}setTheme(t,n){this._syncRegistry.setTheme(pa.createFromRawTheme(t,n))}getColorMap(){return this._syncRegistry.getColorMap()}loadGrammarWithEmbeddedLanguages(t,n,a){return this.loadGrammarWithConfiguration(t,n,{embeddedLanguages:a})}loadGrammarWithConfiguration(t,n,a){return this._loadGrammar(t,n,a.embeddedLanguages,a.tokenTypes,new mh(a.balancedBracketSelectors||[],a.unbalancedBracketSelectors||[]))}loadGrammar(t){return this._loadGrammar(t,0,null,null,null)}_loadGrammar(t,n,a,r,i){const s=new Hm(this._syncRegistry,t);for(;s.Q.length>0;)s.Q.map(o=>this._loadSingleGrammar(o.scopeName)),s.processQueue();return this._grammarForScopeName(t,n,a,r,i)}_loadSingleGrammar(t){this._ensureGrammarCache.has(t)||(this._doLoadSingleGrammar(t),this._ensureGrammarCache.set(t,!0))}_doLoadSingleGrammar(t){const n=this._options.loadGrammar(t);if(n){const a=typeof this._options.getInjections=="function"?this._options.getInjections(t):void 0;this._syncRegistry.addGrammar(n,a)}}addGrammar(t,n=[],a=0,r=null){return this._syncRegistry.addGrammar(t,n),this._grammarForScopeName(t.scopeName,a,r)}_grammarForScopeName(t,n=0,a=null,r=null,i=null){return this._syncRegistry.grammarForScopeName(t,n,a,r,i)}},Nr=Ir.NULL;const bh=["area","base","basefont","bgsound","br","col","command","embed","frame","hr","image","img","input","keygen","link","meta","param","source","track","wbr"];class $n{constructor(t,n,a){this.normal=n,this.property=t,a&&(this.space=a)}}$n.prototype.normal={};$n.prototype.property={};$n.prototype.space=void 0;function Yc(e,t){const n={},a={};for(const r of e)Object.assign(n,r.property),Object.assign(a,r.normal);return new $n(n,a,t)}function Lr(e){return e.toLowerCase()}class ie{constructor(t,n){this.attribute=n,this.property=t}}ie.prototype.attribute="";ie.prototype.booleanish=!1;ie.prototype.boolean=!1;ie.prototype.commaOrSpaceSeparated=!1;ie.prototype.commaSeparated=!1;ie.prototype.defined=!1;ie.prototype.mustUseProperty=!1;ie.prototype.number=!1;ie.prototype.overloadedBoolean=!1;ie.prototype.property="";ie.prototype.spaceSeparated=!1;ie.prototype.space=void 0;let _h=0;const S=ft(),H=ft(),Pr=ft(),x=ft(),P=ft(),jt=ft(),se=ft();function ft(){return 2**++_h}const Dr=Object.freeze(Object.defineProperty({__proto__:null,boolean:S,booleanish:H,commaOrSpaceSeparated:se,commaSeparated:jt,number:x,overloadedBoolean:Pr,spaceSeparated:P},Symbol.toStringTag,{value:"Module"})),Ka=Object.keys(Dr);class ki extends ie{constructor(t,n,a,r){let i=-1;if(super(t,n),ks(this,"space",r),typeof a=="number")for(;++i<Ka.length;){const s=Ka[i];ks(this,Ka[i],(a&Dr[s])===Dr[s])}}}ki.prototype.defined=!0;function ks(e,t,n){n&&(e[t]=n)}function Bt(e){const t={},n={};for(const[a,r]of Object.entries(e.properties)){const i=new ki(a,e.transform(e.attributes||{},a),r,e.space);e.mustUseProperty&&e.mustUseProperty.includes(a)&&(i.mustUseProperty=!0),t[a]=i,n[Lr(a)]=a,n[Lr(i.attribute)]=a}return new $n(t,n,e.space)}const Xc=Bt({properties:{ariaActiveDescendant:null,ariaAtomic:H,ariaAutoComplete:null,ariaBusy:H,ariaChecked:H,ariaColCount:x,ariaColIndex:x,ariaColSpan:x,ariaControls:P,ariaCurrent:null,ariaDescribedBy:P,ariaDetails:null,ariaDisabled:H,ariaDropEffect:P,ariaErrorMessage:null,ariaExpanded:H,ariaFlowTo:P,ariaGrabbed:H,ariaHasPopup:null,ariaHidden:H,ariaInvalid:null,ariaKeyShortcuts:null,ariaLabel:null,ariaLabelledBy:P,ariaLevel:x,ariaLive:null,ariaModal:H,ariaMultiLine:H,ariaMultiSelectable:H,ariaOrientation:null,ariaOwns:P,ariaPlaceholder:null,ariaPosInSet:x,ariaPressed:H,ariaReadOnly:H,ariaRelevant:null,ariaRequired:H,ariaRoleDescription:P,ariaRowCount:x,ariaRowIndex:x,ariaRowSpan:x,ariaSelected:H,ariaSetSize:x,ariaSort:null,ariaValueMax:x,ariaValueMin:x,ariaValueNow:x,ariaValueText:null,role:null},transform(e,t){return t==="role"?t:"aria-"+t.slice(4).toLowerCase()}});function Kc(e,t){return t in e?e[t]:t}function Qc(e,t){return Kc(e,t.toLowerCase())}const yh=Bt({attributes:{acceptcharset:"accept-charset",classname:"class",htmlfor:"for",httpequiv:"http-equiv"},mustUseProperty:["checked","multiple","muted","selected"],properties:{abbr:null,accept:jt,acceptCharset:P,accessKey:P,action:null,allow:null,allowFullScreen:S,allowPaymentRequest:S,allowUserMedia:S,alt:null,as:null,async:S,autoCapitalize:null,autoComplete:P,autoFocus:S,autoPlay:S,blocking:P,capture:null,charSet:null,checked:S,cite:null,className:P,cols:x,colSpan:null,content:null,contentEditable:H,controls:S,controlsList:P,coords:x|jt,crossOrigin:null,data:null,dateTime:null,decoding:null,default:S,defer:S,dir:null,dirName:null,disabled:S,download:Pr,draggable:H,encType:null,enterKeyHint:null,fetchPriority:null,form:null,formAction:null,formEncType:null,formMethod:null,formNoValidate:S,formTarget:null,headers:P,height:x,hidden:Pr,high:x,href:null,hrefLang:null,htmlFor:P,httpEquiv:P,id:null,imageSizes:null,imageSrcSet:null,inert:S,inputMode:null,integrity:null,is:null,isMap:S,itemId:null,itemProp:P,itemRef:P,itemScope:S,itemType:P,kind:null,label:null,lang:null,language:null,list:null,loading:null,loop:S,low:x,manifest:null,max:null,maxLength:x,media:null,method:null,min:null,minLength:x,multiple:S,muted:S,name:null,nonce:null,noModule:S,noValidate:S,onAbort:null,onAfterPrint:null,onAuxClick:null,onBeforeMatch:null,onBeforePrint:null,onBeforeToggle:null,onBeforeUnload:null,onBlur:null,onCancel:null,onCanPlay:null,onCanPlayThrough:null,onChange:null,onClick:null,onClose:null,onContextLost:null,onContextMenu:null,onContextRestored:null,onCopy:null,onCueChange:null,onCut:null,onDblClick:null,onDrag:null,onDragEnd:null,onDragEnter:null,onDragExit:null,onDragLeave:null,onDragOver:null,onDragStart:null,onDrop:null,onDurationChange:null,onEmptied:null,onEnded:null,onError:null,onFocus:null,onFormData:null,onHashChange:null,onInput:null,onInvalid:null,onKeyDown:null,onKeyPress:null,onKeyUp:null,onLanguageChange:null,onLoad:null,onLoadedData:null,onLoadedMetadata:null,onLoadEnd:null,onLoadStart:null,onMessage:null,onMessageError:null,onMouseDown:null,onMouseEnter:null,onMouseLeave:null,onMouseMove:null,onMouseOut:null,onMouseOver:null,onMouseUp:null,onOffline:null,onOnline:null,onPageHide:null,onPageShow:null,onPaste:null,onPause:null,onPlay:null,onPlaying:null,onPopState:null,onProgress:null,onRateChange:null,onRejectionHandled:null,onReset:null,onResize:null,onScroll:null,onScrollEnd:null,onSecurityPolicyViolation:null,onSeeked:null,onSeeking:null,onSelect:null,onSlotChange:null,onStalled:null,onStorage:null,onSubmit:null,onSuspend:null,onTimeUpdate:null,onToggle:null,onUnhandledRejection:null,onUnload:null,onVolumeChange:null,onWaiting:null,onWheel:null,open:S,optimum:x,pattern:null,ping:P,placeholder:null,playsInline:S,popover:null,popoverTarget:null,popoverTargetAction:null,poster:null,preload:null,readOnly:S,referrerPolicy:null,rel:P,required:S,reversed:S,rows:x,rowSpan:x,sandbox:P,scope:null,scoped:S,seamless:S,selected:S,shadowRootClonable:S,shadowRootDelegatesFocus:S,shadowRootMode:null,shape:null,size:x,sizes:null,slot:null,span:x,spellCheck:H,src:null,srcDoc:null,srcLang:null,srcSet:null,start:x,step:null,style:null,tabIndex:x,target:null,title:null,translate:null,type:null,typeMustMatch:S,useMap:null,value:H,width:x,wrap:null,writingSuggestions:null,align:null,aLink:null,archive:P,axis:null,background:null,bgColor:null,border:x,borderColor:null,bottomMargin:x,cellPadding:null,cellSpacing:null,char:null,charOff:null,classId:null,clear:null,code:null,codeBase:null,codeType:null,color:null,compact:S,declare:S,event:null,face:null,frame:null,frameBorder:null,hSpace:x,leftMargin:x,link:null,longDesc:null,lowSrc:null,marginHeight:x,marginWidth:x,noResize:S,noHref:S,noShade:S,noWrap:S,object:null,profile:null,prompt:null,rev:null,rightMargin:x,rules:null,scheme:null,scrolling:H,standby:null,summary:null,text:null,topMargin:x,valueType:null,version:null,vAlign:null,vLink:null,vSpace:x,allowTransparency:null,autoCorrect:null,autoSave:null,disablePictureInPicture:S,disableRemotePlayback:S,prefix:null,property:null,results:x,security:null,unselectable:null},space:"html",transform:Qc}),vh=Bt({attributes:{accentHeight:"accent-height",alignmentBaseline:"alignment-baseline",arabicForm:"arabic-form",baselineShift:"baseline-shift",capHeight:"cap-height",className:"class",clipPath:"clip-path",clipRule:"clip-rule",colorInterpolation:"color-interpolation",colorInterpolationFilters:"color-interpolation-filters",colorProfile:"color-profile",colorRendering:"color-rendering",crossOrigin:"crossorigin",dataType:"datatype",dominantBaseline:"dominant-baseline",enableBackground:"enable-background",fillOpacity:"fill-opacity",fillRule:"fill-rule",floodColor:"flood-color",floodOpacity:"flood-opacity",fontFamily:"font-family",fontSize:"font-size",fontSizeAdjust:"font-size-adjust",fontStretch:"font-stretch",fontStyle:"font-style",fontVariant:"font-variant",fontWeight:"font-weight",glyphName:"glyph-name",glyphOrientationHorizontal:"glyph-orientation-horizontal",glyphOrientationVertical:"glyph-orientation-vertical",hrefLang:"hreflang",horizAdvX:"horiz-adv-x",horizOriginX:"horiz-origin-x",horizOriginY:"horiz-origin-y",imageRendering:"image-rendering",letterSpacing:"letter-spacing",lightingColor:"lighting-color",markerEnd:"marker-end",markerMid:"marker-mid",markerStart:"marker-start",navDown:"nav-down",navDownLeft:"nav-down-left",navDownRight:"nav-down-right",navLeft:"nav-left",navNext:"nav-next",navPrev:"nav-prev",navRight:"nav-right",navUp:"nav-up",navUpLeft:"nav-up-left",navUpRight:"nav-up-right",onAbort:"onabort",onActivate:"onactivate",onAfterPrint:"onafterprint",onBeforePrint:"onbeforeprint",onBegin:"onbegin",onCancel:"oncancel",onCanPlay:"oncanplay",onCanPlayThrough:"oncanplaythrough",onChange:"onchange",onClick:"onclick",onClose:"onclose",onCopy:"oncopy",onCueChange:"oncuechange",onCut:"oncut",onDblClick:"ondblclick",onDrag:"ondrag",onDragEnd:"ondragend",onDragEnter:"ondragenter",onDragExit:"ondragexit",onDragLeave:"ondragleave",onDragOver:"ondragover",onDragStart:"ondragstart",onDrop:"ondrop",onDurationChange:"ondurationchange",onEmptied:"onemptied",onEnd:"onend",onEnded:"onended",onError:"onerror",onFocus:"onfocus",onFocusIn:"onfocusin",onFocusOut:"onfocusout",onHashChange:"onhashchange",onInput:"oninput",onInvalid:"oninvalid",onKeyDown:"onkeydown",onKeyPress:"onkeypress",onKeyUp:"onkeyup",onLoad:"onload",onLoadedData:"onloadeddata",onLoadedMetadata:"onloadedmetadata",onLoadStart:"onloadstart",onMessage:"onmessage",onMouseDown:"onmousedown",onMouseEnter:"onmouseenter",onMouseLeave:"onmouseleave",onMouseMove:"onmousemove",onMouseOut:"onmouseout",onMouseOver:"onmouseover",onMouseUp:"onmouseup",onMouseWheel:"onmousewheel",onOffline:"onoffline",onOnline:"ononline",onPageHide:"onpagehide",onPageShow:"onpageshow",onPaste:"onpaste",onPause:"onpause",onPlay:"onplay",onPlaying:"onplaying",onPopState:"onpopstate",onProgress:"onprogress",onRateChange:"onratechange",onRepeat:"onrepeat",onReset:"onreset",onResize:"onresize",onScroll:"onscroll",onSeeked:"onseeked",onSeeking:"onseeking",onSelect:"onselect",onShow:"onshow",onStalled:"onstalled",onStorage:"onstorage",onSubmit:"onsubmit",onSuspend:"onsuspend",onTimeUpdate:"ontimeupdate",onToggle:"ontoggle",onUnload:"onunload",onVolumeChange:"onvolumechange",onWaiting:"onwaiting",onZoom:"onzoom",overlinePosition:"overline-position",overlineThickness:"overline-thickness",paintOrder:"paint-order",panose1:"panose-1",pointerEvents:"pointer-events",referrerPolicy:"referrerpolicy",renderingIntent:"rendering-intent",shapeRendering:"shape-rendering",stopColor:"stop-color",stopOpacity:"stop-opacity",strikethroughPosition:"strikethrough-position",strikethroughThickness:"strikethrough-thickness",strokeDashArray:"stroke-dasharray",strokeDashOffset:"stroke-dashoffset",strokeLineCap:"stroke-linecap",strokeLineJoin:"stroke-linejoin",strokeMiterLimit:"stroke-miterlimit",strokeOpacity:"stroke-opacity",strokeWidth:"stroke-width",tabIndex:"tabindex",textAnchor:"text-anchor",textDecoration:"text-decoration",textRendering:"text-rendering",transformOrigin:"transform-origin",typeOf:"typeof",underlinePosition:"underline-position",underlineThickness:"underline-thickness",unicodeBidi:"unicode-bidi",unicodeRange:"unicode-range",unitsPerEm:"units-per-em",vAlphabetic:"v-alphabetic",vHanging:"v-hanging",vIdeographic:"v-ideographic",vMathematical:"v-mathematical",vectorEffect:"vector-effect",vertAdvY:"vert-adv-y",vertOriginX:"vert-origin-x",vertOriginY:"vert-origin-y",wordSpacing:"word-spacing",writingMode:"writing-mode",xHeight:"x-height",playbackOrder:"playbackorder",timelineBegin:"timelinebegin"},properties:{about:se,accentHeight:x,accumulate:null,additive:null,alignmentBaseline:null,alphabetic:x,amplitude:x,arabicForm:null,ascent:x,attributeName:null,attributeType:null,azimuth:x,bandwidth:null,baselineShift:null,baseFrequency:null,baseProfile:null,bbox:null,begin:null,bias:x,by:null,calcMode:null,capHeight:x,className:P,clip:null,clipPath:null,clipPathUnits:null,clipRule:null,color:null,colorInterpolation:null,colorInterpolationFilters:null,colorProfile:null,colorRendering:null,content:null,contentScriptType:null,contentStyleType:null,crossOrigin:null,cursor:null,cx:null,cy:null,d:null,dataType:null,defaultAction:null,descent:x,diffuseConstant:x,direction:null,display:null,dur:null,divisor:x,dominantBaseline:null,download:S,dx:null,dy:null,edgeMode:null,editable:null,elevation:x,enableBackground:null,end:null,event:null,exponent:x,externalResourcesRequired:null,fill:null,fillOpacity:x,fillRule:null,filter:null,filterRes:null,filterUnits:null,floodColor:null,floodOpacity:null,focusable:null,focusHighlight:null,fontFamily:null,fontSize:null,fontSizeAdjust:null,fontStretch:null,fontStyle:null,fontVariant:null,fontWeight:null,format:null,fr:null,from:null,fx:null,fy:null,g1:jt,g2:jt,glyphName:jt,glyphOrientationHorizontal:null,glyphOrientationVertical:null,glyphRef:null,gradientTransform:null,gradientUnits:null,handler:null,hanging:x,hatchContentUnits:null,hatchUnits:null,height:null,href:null,hrefLang:null,horizAdvX:x,horizOriginX:x,horizOriginY:x,id:null,ideographic:x,imageRendering:null,initialVisibility:null,in:null,in2:null,intercept:x,k:x,k1:x,k2:x,k3:x,k4:x,kernelMatrix:se,kernelUnitLength:null,keyPoints:null,keySplines:null,keyTimes:null,kerning:null,lang:null,lengthAdjust:null,letterSpacing:null,lightingColor:null,limitingConeAngle:x,local:null,markerEnd:null,markerMid:null,markerStart:null,markerHeight:null,markerUnits:null,markerWidth:null,mask:null,maskContentUnits:null,maskUnits:null,mathematical:null,max:null,media:null,mediaCharacterEncoding:null,mediaContentEncodings:null,mediaSize:x,mediaTime:null,method:null,min:null,mode:null,name:null,navDown:null,navDownLeft:null,navDownRight:null,navLeft:null,navNext:null,navPrev:null,navRight:null,navUp:null,navUpLeft:null,navUpRight:null,numOctaves:null,observer:null,offset:null,onAbort:null,onActivate:null,onAfterPrint:null,onBeforePrint:null,onBegin:null,onCancel:null,onCanPlay:null,onCanPlayThrough:null,onChange:null,onClick:null,onClose:null,onCopy:null,onCueChange:null,onCut:null,onDblClick:null,onDrag:null,onDragEnd:null,onDragEnter:null,onDragExit:null,onDragLeave:null,onDragOver:null,onDragStart:null,onDrop:null,onDurationChange:null,onEmptied:null,onEnd:null,onEnded:null,onError:null,onFocus:null,onFocusIn:null,onFocusOut:null,onHashChange:null,onInput:null,onInvalid:null,onKeyDown:null,onKeyPress:null,onKeyUp:null,onLoad:null,onLoadedData:null,onLoadedMetadata:null,onLoadStart:null,onMessage:null,onMouseDown:null,onMouseEnter:null,onMouseLeave:null,onMouseMove:null,onMouseOut:null,onMouseOver:null,onMouseUp:null,onMouseWheel:null,onOffline:null,onOnline:null,onPageHide:null,onPageShow:null,onPaste:null,onPause:null,onPlay:null,onPlaying:null,onPopState:null,onProgress:null,onRateChange:null,onRepeat:null,onReset:null,onResize:null,onScroll:null,onSeeked:null,onSeeking:null,onSelect:null,onShow:null,onStalled:null,onStorage:null,onSubmit:null,onSuspend:null,onTimeUpdate:null,onToggle:null,onUnload:null,onVolumeChange:null,onWaiting:null,onZoom:null,opacity:null,operator:null,order:null,orient:null,orientation:null,origin:null,overflow:null,overlay:null,overlinePosition:x,overlineThickness:x,paintOrder:null,panose1:null,path:null,pathLength:x,patternContentUnits:null,patternTransform:null,patternUnits:null,phase:null,ping:P,pitch:null,playbackOrder:null,pointerEvents:null,points:null,pointsAtX:x,pointsAtY:x,pointsAtZ:x,preserveAlpha:null,preserveAspectRatio:null,primitiveUnits:null,propagate:null,property:se,r:null,radius:null,referrerPolicy:null,refX:null,refY:null,rel:se,rev:se,renderingIntent:null,repeatCount:null,repeatDur:null,requiredExtensions:se,requiredFeatures:se,requiredFonts:se,requiredFormats:se,resource:null,restart:null,result:null,rotate:null,rx:null,ry:null,scale:null,seed:null,shapeRendering:null,side:null,slope:null,snapshotTime:null,specularConstant:x,specularExponent:x,spreadMethod:null,spacing:null,startOffset:null,stdDeviation:null,stemh:null,stemv:null,stitchTiles:null,stopColor:null,stopOpacity:null,strikethroughPosition:x,strikethroughThickness:x,string:null,stroke:null,strokeDashArray:se,strokeDashOffset:null,strokeLineCap:null,strokeLineJoin:null,strokeMiterLimit:x,strokeOpacity:x,strokeWidth:null,style:null,surfaceScale:x,syncBehavior:null,syncBehaviorDefault:null,syncMaster:null,syncTolerance:null,syncToleranceDefault:null,systemLanguage:se,tabIndex:x,tableValues:null,target:null,targetX:x,targetY:x,textAnchor:null,textDecoration:null,textRendering:null,textLength:null,timelineBegin:null,title:null,transformBehavior:null,type:null,typeOf:se,to:null,transform:null,transformOrigin:null,u1:null,u2:null,underlinePosition:x,underlineThickness:x,unicode:null,unicodeBidi:null,unicodeRange:null,unitsPerEm:x,values:null,vAlphabetic:x,vMathematical:x,vectorEffect:null,vHanging:x,vIdeographic:x,version:null,vertAdvY:x,vertOriginX:x,vertOriginY:x,viewBox:null,viewTarget:null,visibility:null,width:null,widths:null,wordSpacing:null,writingMode:null,x:null,x1:null,x2:null,xChannelSelector:null,xHeight:x,y:null,y1:null,y2:null,yChannelSelector:null,z:null,zoomAndPan:null},space:"svg",transform:Kc}),Jc=Bt({properties:{xLinkActuate:null,xLinkArcRole:null,xLinkHref:null,xLinkRole:null,xLinkShow:null,xLinkTitle:null,xLinkType:null},space:"xlink",transform(e,t){return"xlink:"+t.slice(5).toLowerCase()}}),el=Bt({attributes:{xmlnsxlink:"xmlns:xlink"},properties:{xmlnsXLink:null,xmlns:null},space:"xmlns",transform:Qc}),tl=Bt({properties:{xmlBase:null,xmlLang:null,xmlSpace:null},space:"xml",transform(e,t){return"xml:"+t.slice(3).toLowerCase()}}),wh=/[A-Z]/g,Cs=/-[a-z]/g,xh=/^data[-\w.:]+$/i;function kh(e,t){const n=Lr(t);let a=t,r=ie;if(n in e.normal)return e.property[e.normal[n]];if(n.length>4&&n.slice(0,4)==="data"&&xh.test(t)){if(t.charAt(4)==="-"){const i=t.slice(5).replace(Cs,Eh);a="data"+i.charAt(0).toUpperCase()+i.slice(1)}else{const i=t.slice(4);if(!Cs.test(i)){let s=i.replace(wh,Ch);s.charAt(0)!=="-"&&(s="-"+s),t="data"+s}}r=ki}return new r(a,t)}function Ch(e){return"-"+e.toLowerCase()}function Eh(e){return e.charAt(1).toUpperCase()}const Fh=Yc([Xc,yh,Jc,el,tl],"html"),nl=Yc([Xc,vh,Jc,el,tl],"svg"),Es={}.hasOwnProperty;function $h(e,t){const n=t||{};function a(r,...i){let s=a.invalid;const o=a.handlers;if(r&&Es.call(r,e)){const c=String(r[e]);s=Es.call(o,c)?o[c]:a.unknown}if(s)return s.call(this,r,...i)}return a.handlers=n.handlers||{},a.invalid=n.invalid,a.unknown=n.unknown,a}const jh=/["&'<>`]/g,Sh=/[\uD800-\uDBFF][\uDC00-\uDFFF]/g,Ah=/[\x01-\t\v\f\x0E-\x1F\x7F\x81\x8D\x8F\x90\x9D\xA0-\uFFFF]/g,Th=/[|\\{}()[\]^$+*?.]/g,Fs=new WeakMap;function Rh(e,t){if(e=e.replace(t.subset?Oh(t.subset):jh,a),t.subset||t.escapeOnly)return e;return e.replace(Sh,n).replace(Ah,a);function n(r,i,s){return t.format((r.charCodeAt(0)-55296)*1024+r.charCodeAt(1)-56320+65536,s.charCodeAt(i+2),t)}function a(r,i,s){return t.format(r.charCodeAt(0),s.charCodeAt(i+1),t)}}function Oh(e){let t=Fs.get(e);return t||(t=Ih(e),Fs.set(e,t)),t}function Ih(e){const t=[];let n=-1;for(;++n<e.length;)t.push(e[n].replace(Th,"\\$&"));return new RegExp("(?:"+t.join("|")+")","g")}const Nh=/[\dA-Fa-f]/;function Lh(e,t,n){const a="&#x"+e.toString(16).toUpperCase();return n&&t&&!Nh.test(String.fromCharCode(t))?a:a+";"}const Ph=/\d/;function Dh(e,t,n){const a="&#"+String(e);return n&&t&&!Ph.test(String.fromCharCode(t))?a:a+";"}const Mh=["AElig","AMP","Aacute","Acirc","Agrave","Aring","Atilde","Auml","COPY","Ccedil","ETH","Eacute","Ecirc","Egrave","Euml","GT","Iacute","Icirc","Igrave","Iuml","LT","Ntilde","Oacute","Ocirc","Ograve","Oslash","Otilde","Ouml","QUOT","REG","THORN","Uacute","Ucirc","Ugrave","Uuml","Yacute","aacute","acirc","acute","aelig","agrave","amp","aring","atilde","auml","brvbar","ccedil","cedil","cent","copy","curren","deg","divide","eacute","ecirc","egrave","eth","euml","frac12","frac14","frac34","gt","iacute","icirc","iexcl","igrave","iquest","iuml","laquo","lt","macr","micro","middot","nbsp","not","ntilde","oacute","ocirc","ograve","ordf","ordm","oslash","otilde","ouml","para","plusmn","pound","quot","raquo","reg","sect","shy","sup1","sup2","sup3","szlig","thorn","times","uacute","ucirc","ugrave","uml","uuml","yacute","yen","yuml"],Qa={nbsp:"┬á",iexcl:"┬í",cent:"┬ó",pound:"┬ú",curren:"┬ñ",yen:"┬Ñ",brvbar:"┬ª",sect:"┬º",uml:"┬¿",copy:"┬⌐",ordf:"┬¬",laquo:"┬½",not:"┬¼",shy:"┬¡",reg:"┬«",macr:"┬»",deg:"┬░",plusmn:"┬▒",sup2:"┬▓",sup3:"┬│",acute:"┬┤",micro:"┬╡",para:"┬╢",middot:"┬╖",cedil:"┬╕",sup1:"┬╣",ordm:"┬║",raquo:"┬╗",frac14:"┬╝",frac12:"┬╜",frac34:"┬╛",iquest:"┬┐",Agrave:"├Ç",Aacute:"├ü",Acirc:"├é",Atilde:"├â",Auml:"├ä",Aring:"├à",AElig:"├å",Ccedil:"├ç",Egrave:"├ê",Eacute:"├ë",Ecirc:"├è",Euml:"├ï",Igrave:"├î",Iacute:"├ì",Icirc:"├Ä",Iuml:"├Å",ETH:"├É",Ntilde:"├æ",Ograve:"├Æ",Oacute:"├ô",Ocirc:"├ö",Otilde:"├ò",Ouml:"├û",times:"├ù",Oslash:"├ÿ",Ugrave:"├Ö",Uacute:"├Ü",Ucirc:"├¢",Uuml:"├£",Yacute:"├¥",THORN:"├₧",szlig:"├ƒ",agrave:"├á",aacute:"├í",acirc:"├ó",atilde:"├ú",auml:"├ñ",aring:"├Ñ",aelig:"├ª",ccedil:"├º",egrave:"├¿",eacute:"├⌐",ecirc:"├¬",euml:"├½",igrave:"├¼",iacute:"├¡",icirc:"├«",iuml:"├»",eth:"├░",ntilde:"├▒",ograve:"├▓",oacute:"├│",ocirc:"├┤",otilde:"├╡",ouml:"├╢",divide:"├╖",oslash:"├╕",ugrave:"├╣",uacute:"├║",ucirc:"├╗",uuml:"├╝",yacute:"├╜",thorn:"├╛",yuml:"├┐",fnof:"╞Æ",Alpha:"╬æ",Beta:"╬Æ",Gamma:"╬ô",Delta:"╬ö",Epsilon:"╬ò",Zeta:"╬û",Eta:"╬ù",Theta:"╬ÿ",Iota:"╬Ö",Kappa:"╬Ü",Lambda:"╬¢",Mu:"╬£",Nu:"╬¥",Xi:"╬₧",Omicron:"╬ƒ",Pi:"╬á",Rho:"╬í",Sigma:"╬ú",Tau:"╬ñ",Upsilon:"╬Ñ",Phi:"╬ª",Chi:"╬º",Psi:"╬¿",Omega:"╬⌐",alpha:"╬▒",beta:"╬▓",gamma:"╬│",delta:"╬┤",epsilon:"╬╡",zeta:"╬╢",eta:"╬╖",theta:"╬╕",iota:"╬╣",kappa:"╬║",lambda:"╬╗",mu:"╬╝",nu:"╬╜",xi:"╬╛",omicron:"╬┐",pi:"╧Ç",rho:"╧ü",sigmaf:"╧é",sigma:"╧â",tau:"╧ä",upsilon:"╧à",phi:"╧å",chi:"╧ç",psi:"╧ê",omega:"╧ë",thetasym:"╧æ",upsih:"╧Æ",piv:"╧û",bull:"ΓÇó",hellip:"ΓÇª",prime:"ΓÇ▓",Prime:"ΓÇ│",oline:"ΓÇ╛",frasl:"Γüä",weierp:"Γäÿ",image:"Γäæ",real:"Γä£",trade:"Γäó",alefsym:"Γä╡",larr:"ΓåÉ",uarr:"Γåæ",rarr:"ΓåÆ",darr:"Γåô",harr:"Γåö",crarr:"Γå╡",lArr:"ΓçÉ",uArr:"Γçæ",rArr:"ΓçÆ",dArr:"Γçô",hArr:"Γçö",forall:"ΓêÇ",part:"Γêé",exist:"Γêâ",empty:"Γêà",nabla:"Γêç",isin:"Γêê",notin:"Γêë",ni:"Γêï",prod:"ΓêÅ",sum:"Γêæ",minus:"ΓêÆ",lowast:"Γêù",radic:"ΓêÜ",prop:"Γê¥",infin:"Γê₧",ang:"Γêá",and:"Γêº",or:"Γê¿",cap:"Γê⌐",cup:"Γê¬",int:"Γê½",there4:"Γê┤",sim:"Γê╝",cong:"Γëà",asymp:"Γëê",ne:"Γëá",equiv:"Γëí",le:"Γëñ",ge:"ΓëÑ",sub:"Γèé",sup:"Γèâ",nsub:"Γèä",sube:"Γèå",supe:"Γèç",oplus:"Γèò",otimes:"Γèù",perp:"ΓèÑ",sdot:"Γïà",lceil:"Γîê",rceil:"Γîë",lfloor:"Γîè",rfloor:"Γîï",lang:"Γî⌐",rang:"Γî¬",loz:"Γùè",spades:"ΓÖá",clubs:"ΓÖú",hearts:"ΓÖÑ",diams:"ΓÖª",quot:'"',amp:"&",lt:"<",gt:">",OElig:"┼Æ",oelig:"┼ô",Scaron:"┼á",scaron:"┼í",Yuml:"┼╕",circ:"╦å",tilde:"╦£",ensp:"ΓÇé",emsp:"ΓÇâ",thinsp:"ΓÇë",zwnj:"ΓÇî",zwj:"ΓÇì",lrm:"ΓÇÄ",rlm:"ΓÇÅ",ndash:"ΓÇô",mdash:"ΓÇö",lsquo:"ΓÇÿ",rsquo:"ΓÇÖ",sbquo:"ΓÇÜ",ldquo:"ΓÇ£",rdquo:"ΓÇ¥",bdquo:"ΓÇ₧",dagger:"ΓÇá",Dagger:"ΓÇí",permil:"ΓÇ░",lsaquo:"ΓÇ╣",rsaquo:"ΓÇ║",euro:"Γé¼"},qh=["cent","copy","divide","gt","lt","not","para","times"],al={}.hasOwnProperty,Mr={};let Zn;for(Zn in Qa)al.call(Qa,Zn)&&(Mr[Qa[Zn]]=Zn);const zh=/[^\dA-Za-z]/;function Bh(e,t,n,a){const r=String.fromCharCode(e);if(al.call(Mr,r)){const i=Mr[r],s="&"+i;return n&&Mh.includes(i)&&!qh.includes(i)&&(!a||t&&t!==61&&zh.test(String.fromCharCode(t)))?s:s+";"}return""}function Uh(e,t,n){let a=Lh(e,t,n.omitOptionalSemicolons),r;if((n.useNamedReferences||n.useShortestReferences)&&(r=Bh(e,t,n.omitOptionalSemicolons,n.attribute)),(n.useShortestReferences||!r)&&n.useShortestReferences){const i=Dh(e,t,n.omitOptionalSemicolons);i.length<a.length&&(a=i)}return r&&(!n.useShortestReferences||r.length<a.length)?r:a}function St(e,t){return Rh(e,Object.assign({format:Uh},t))}const Gh=/^>|^->|<!--|-->|--!>|<!-$/g,Hh=[">"],Wh=["<",">"];function Vh(e,t,n,a){return a.settings.bogusComments?"<?"+St(e.value,Object.assign({},a.settings.characterReferences,{subset:Hh}))+">":"<!--"+e.value.replace(Gh,r)+"-->";function r(i){return St(i,Object.assign({},a.settings.characterReferences,{subset:Wh}))}}function Zh(e,t,n,a){return"<!"+(a.settings.upperDoctype?"DOCTYPE":"doctype")+(a.settings.tightDoctype?"":" ")+"html>"}function $s(e,t){const n=String(e);if(typeof t!="string")throw new TypeError("Expected character");let a=0,r=n.indexOf(t);for(;r!==-1;)a++,r=n.indexOf(t,r+t.length);return a}function Yh(e,t){const n=t||{};return(e[e.length-1]===""?[...e,""]:e).join((n.padRight?" ":"")+","+(n.padLeft===!1?"":" ")).trim()}function Xh(e){return e.join(" ").trim()}const Kh=/[ \t\n\f\r]/g;function Ci(e){return typeof e=="object"?e.type==="text"?js(e.value):!1:js(e)}function js(e){return e.replace(Kh,"")===""}const Z=il(1),rl=il(-1),Qh=[];function il(e){return t;function t(n,a,r){const i=n?n.children:Qh;let s=(a||0)+e,o=i[s];if(!r)for(;o&&Ci(o);)s+=e,o=i[s];return o}}const Jh={}.hasOwnProperty;function sl(e){return t;function t(n,a,r){return Jh.call(e,n.tagName)&&e[n.tagName](n,a,r)}}const Ei=sl({body:tg,caption:Ja,colgroup:Ja,dd:ig,dt:rg,head:Ja,html:eg,li:ag,optgroup:sg,option:og,p:ng,rp:Ss,rt:Ss,tbody:lg,td:As,tfoot:ug,th:As,thead:cg,tr:pg});function Ja(e,t,n){const a=Z(n,t,!0);return!a||a.type!=="comment"&&!(a.type==="text"&&Ci(a.value.charAt(0)))}function eg(e,t,n){const a=Z(n,t);return!a||a.type!=="comment"}function tg(e,t,n){const a=Z(n,t);return!a||a.type!=="comment"}function ng(e,t,n){const a=Z(n,t);return a?a.type==="element"&&(a.tagName==="address"||a.tagName==="article"||a.tagName==="aside"||a.tagName==="blockquote"||a.tagName==="details"||a.tagName==="div"||a.tagName==="dl"||a.tagName==="fieldset"||a.tagName==="figcaption"||a.tagName==="figure"||a.tagName==="footer"||a.tagName==="form"||a.tagName==="h1"||a.tagName==="h2"||a.tagName==="h3"||a.tagName==="h4"||a.tagName==="h5"||a.tagName==="h6"||a.tagName==="header"||a.tagName==="hgroup"||a.tagName==="hr"||a.tagName==="main"||a.tagName==="menu"||a.tagName==="nav"||a.tagName==="ol"||a.tagName==="p"||a.tagName==="pre"||a.tagName==="section"||a.tagName==="table"||a.tagName==="ul"):!n||!(n.type==="element"&&(n.tagName==="a"||n.tagName==="audio"||n.tagName==="del"||n.tagName==="ins"||n.tagName==="map"||n.tagName==="noscript"||n.tagName==="video"))}function ag(e,t,n){const a=Z(n,t);return!a||a.type==="element"&&a.tagName==="li"}function rg(e,t,n){const a=Z(n,t);return!!(a&&a.type==="element"&&(a.tagName==="dt"||a.tagName==="dd"))}function ig(e,t,n){const a=Z(n,t);return!a||a.type==="element"&&(a.tagName==="dt"||a.tagName==="dd")}function Ss(e,t,n){const a=Z(n,t);return!a||a.type==="element"&&(a.tagName==="rp"||a.tagName==="rt")}function sg(e,t,n){const a=Z(n,t);return!a||a.type==="element"&&a.tagName==="optgroup"}function og(e,t,n){const a=Z(n,t);return!a||a.type==="element"&&(a.tagName==="option"||a.tagName==="optgroup")}function cg(e,t,n){const a=Z(n,t);return!!(a&&a.type==="element"&&(a.tagName==="tbody"||a.tagName==="tfoot"))}function lg(e,t,n){const a=Z(n,t);return!a||a.type==="element"&&(a.tagName==="tbody"||a.tagName==="tfoot")}function ug(e,t,n){return!Z(n,t)}function pg(e,t,n){const a=Z(n,t);return!a||a.type==="element"&&a.tagName==="tr"}function As(e,t,n){const a=Z(n,t);return!a||a.type==="element"&&(a.tagName==="td"||a.tagName==="th")}const dg=sl({body:gg,colgroup:fg,head:hg,html:mg,tbody:bg});function mg(e){const t=Z(e,-1);return!t||t.type!=="comment"}function hg(e){const t=new Set;for(const a of e.children)if(a.type==="element"&&(a.tagName==="base"||a.tagName==="title")){if(t.has(a.tagName))return!1;t.add(a.tagName)}const n=e.children[0];return!n||n.type==="element"}function gg(e){const t=Z(e,-1,!0);return!t||t.type!=="comment"&&!(t.type==="text"&&Ci(t.value.charAt(0)))&&!(t.type==="element"&&(t.tagName==="meta"||t.tagName==="link"||t.tagName==="script"||t.tagName==="style"||t.tagName==="template"))}function fg(e,t,n){const a=rl(n,t),r=Z(e,-1,!0);return n&&a&&a.type==="element"&&a.tagName==="colgroup"&&Ei(a,n.children.indexOf(a),n)?!1:!!(r&&r.type==="element"&&r.tagName==="col")}function bg(e,t,n){const a=rl(n,t),r=Z(e,-1);return n&&a&&a.type==="element"&&(a.tagName==="thead"||a.tagName==="tbody")&&Ei(a,n.children.indexOf(a),n)?!1:!!(r&&r.type==="element"&&r.tagName==="tr")}const Yn={name:[[`	
\f\r &/=>`.split(""),`	
\f\r "&'/=>\``.split("")],[`\0	
\f\r "&'/<=>`.split(""),`\0	
\f\r "&'/<=>\``.split("")]],unquoted:[[`	
\f\r &>`.split(""),`\0	
\f\r "&'<=>\``.split("")],[`\0	
\f\r "&'<=>\``.split(""),`\0	
\f\r "&'<=>\``.split("")]],single:[["&'".split(""),"\"&'`".split("")],["\0&'".split(""),"\0\"&'`".split("")]],double:[['"&'.split(""),"\"&'`".split("")],['\0"&'.split(""),"\0\"&'`".split("")]]};function _g(e,t,n,a){const r=a.schema,i=r.space==="svg"?!1:a.settings.omitOptionalTags;let s=r.space==="svg"?a.settings.closeEmptyElements:a.settings.voids.includes(e.tagName.toLowerCase());const o=[];let c;r.space==="html"&&e.tagName==="svg"&&(a.schema=nl);const l=yg(a,e.properties),u=a.all(r.space==="html"&&e.tagName==="template"?e.content:e);return a.schema=r,u&&(s=!1),(l||!i||!dg(e,t,n))&&(o.push("<",e.tagName,l?" "+l:""),s&&(r.space==="svg"||a.settings.closeSelfClosing)&&(c=l.charAt(l.length-1),(!a.settings.tightSelfClosing||c==="/"||c&&c!=='"'&&c!=="'")&&o.push(" "),o.push("/")),o.push(">")),o.push(u),!s&&(!i||!Ei(e,t,n))&&o.push("</"+e.tagName+">"),o.join("")}function yg(e,t){const n=[];let a=-1,r;if(t){for(r in t)if(t[r]!==null&&t[r]!==void 0){const i=vg(e,r,t[r]);i&&n.push(i)}}for(;++a<n.length;){const i=e.settings.tightAttributes?n[a].charAt(n[a].length-1):void 0;a!==n.length-1&&i!=='"'&&i!=="'"&&(n[a]+=" ")}return n.join("")}function vg(e,t,n){const a=kh(e.schema,t),r=e.settings.allowParseErrors&&e.schema.space==="html"?0:1,i=e.settings.allowDangerousCharacters?0:1;let s=e.quote,o;if(a.overloadedBoolean&&(n===a.attribute||n==="")?n=!0:(a.boolean||a.overloadedBoolean)&&(typeof n!="string"||n===a.attribute||n==="")&&(n=!!n),n==null||n===!1||typeof n=="number"&&Number.isNaN(n))return"";const c=St(a.attribute,Object.assign({},e.settings.characterReferences,{subset:Yn.name[r][i]}));return n===!0||(n=Array.isArray(n)?(a.commaSeparated?Yh:Xh)(n,{padLeft:!e.settings.tightCommaSeparatedLists}):String(n),e.settings.collapseEmptyAttributes&&!n)?c:(e.settings.preferUnquoted&&(o=St(n,Object.assign({},e.settings.characterReferences,{attribute:!0,subset:Yn.unquoted[r][i]}))),o!==n&&(e.settings.quoteSmart&&$s(n,s)>$s(n,e.alternative)&&(s=e.alternative),o=s+St(n,Object.assign({},e.settings.characterReferences,{subset:(s==="'"?Yn.single:Yn.double)[r][i],attribute:!0}))+s),c+(o&&"="+o))}const wg=["<","&"];function ol(e,t,n,a){return n&&n.type==="element"&&(n.tagName==="script"||n.tagName==="style")?e.value:St(e.value,Object.assign({},a.settings.characterReferences,{subset:wg}))}function xg(e,t,n,a){return a.settings.allowDangerousHtml?e.value:ol(e,t,n,a)}function kg(e,t,n,a){return a.all(e)}const Cg=$h("type",{invalid:Eg,unknown:Fg,handlers:{comment:Vh,doctype:Zh,element:_g,raw:xg,root:kg,text:ol}});function Eg(e){throw new Error("Expected node, not `"+e+"`")}function Fg(e){const t=e;throw new Error("Cannot compile unknown node `"+t.type+"`")}const $g={},jg={},Sg=[];function Ag(e,t){const n=t||$g,a=n.quote||'"',r=a==='"'?"'":'"';if(a!=='"'&&a!=="'")throw new Error("Invalid quote `"+a+"`, expected `'` or `\"`");return{one:Tg,all:Rg,settings:{omitOptionalTags:n.omitOptionalTags||!1,allowParseErrors:n.allowParseErrors||!1,allowDangerousCharacters:n.allowDangerousCharacters||!1,quoteSmart:n.quoteSmart||!1,preferUnquoted:n.preferUnquoted||!1,tightAttributes:n.tightAttributes||!1,upperDoctype:n.upperDoctype||!1,tightDoctype:n.tightDoctype||!1,bogusComments:n.bogusComments||!1,tightCommaSeparatedLists:n.tightCommaSeparatedLists||!1,tightSelfClosing:n.tightSelfClosing||!1,collapseEmptyAttributes:n.collapseEmptyAttributes||!1,allowDangerousHtml:n.allowDangerousHtml||!1,voids:n.voids||bh,characterReferences:n.characterReferences||jg,closeSelfClosing:n.closeSelfClosing||!1,closeEmptyElements:n.closeEmptyElements||!1},schema:n.space==="svg"?nl:Fh,quote:a,alternative:r}.one(Array.isArray(e)?{type:"root",children:e}:e,void 0,void 0)}function Tg(e,t,n){return Cg(e,t,n,this)}function Rg(e){const t=[],n=e&&e.children||Sg;let a=-1;for(;++a<n.length;)t[a]=this.one(n[a],a,e);return t.join("")}function fa(e,t){const n=typeof e=="string"?{}:{...e.colorReplacements},a=typeof e=="string"?e:e.name;for(const[r,i]of Object.entries(t?.colorReplacements||{}))typeof i=="string"?n[r]=i:r===a&&Object.assign(n,i);return n}function Ge(e,t){return e&&(t?.[e?.toLowerCase()]||e)}function Og(e){return Array.isArray(e)?e:[e]}async function cl(e){return Promise.resolve(typeof e=="function"?e():e).then(t=>t.default||t)}function Fi(e){return!e||["plaintext","txt","text","plain"].includes(e)}function Ig(e){return e==="ansi"||Fi(e)}function $i(e){return e==="none"}function Ng(e){return $i(e)}function ll(e,t){if(!t)return e;e.properties||={},e.properties.class||=[],typeof e.properties.class=="string"&&(e.properties.class=e.properties.class.split(/\s+/g)),Array.isArray(e.properties.class)||(e.properties.class=[]);const n=Array.isArray(t)?t:t.split(/\s+/g);for(const a of n)a&&!e.properties.class.includes(a)&&e.properties.class.push(a);return e}function Ra(e,t=!1){const n=e.split(/(\r?\n)/g);let a=0;const r=[];for(let i=0;i<n.length;i+=2){const s=t?n[i]+(n[i+1]||""):n[i];r.push([s,a]),a+=n[i].length,a+=n[i+1]?.length||0}return r}function Lg(e){const t=Ra(e,!0).map(([r])=>r);function n(r){if(r===e.length)return{line:t.length-1,character:t[t.length-1].length};let i=r,s=0;for(const o of t){if(i<o.length)break;i-=o.length,s++}return{line:s,character:i}}function a(r,i){let s=0;for(let o=0;o<r;o++)s+=t[o].length;return s+=i,s}return{lines:t,indexToPos:n,posToIndex:a}}const ji="light-dark()",Pg=["color","background-color"];function Dg(e,t){let n=0;const a=[];for(const r of t)r>n&&a.push({...e,content:e.content.slice(n,r),offset:e.offset+n}),n=r;return n<e.content.length&&a.push({...e,content:e.content.slice(n),offset:e.offset+n}),a}function Mg(e,t){const n=Array.from(t instanceof Set?t:new Set(t)).sort((a,r)=>a-r);return n.length?e.map(a=>a.flatMap(r=>{const i=n.filter(s=>r.offset<s&&s<r.offset+r.content.length).map(s=>s-r.offset).sort((s,o)=>s-o);return i.length?Dg(r,i):r})):e}function qg(e,t,n,a,r="css-vars"){const i={content:e.content,explanation:e.explanation,offset:e.offset},s=t.map(u=>ba(e.variants[u])),o=new Set(s.flatMap(u=>Object.keys(u))),c={},l=(u,p)=>{const d=p==="color"?"":p==="background-color"?"-bg":`-${p}`;return n+t[u]+(p==="color"?"":d)};return s.forEach((u,p)=>{for(const d of o){const m=u[d]||"inherit";if(p===0&&a&&Pg.includes(d))if(a===ji&&s.length>1){const g=t.findIndex(_=>_==="light"),v=t.findIndex(_=>_==="dark");if(g===-1||v===-1)throw new Y('When using `defaultColor: "light-dark()"`, you must provide both `light` and `dark` themes');const f=s[g][d]||"inherit",b=s[v][d]||"inherit";c[d]=`light-dark(${f}, ${b})`,r==="css-vars"&&(c[l(p,d)]=m)}else c[d]=m;else r==="css-vars"&&(c[l(p,d)]=m)}}),i.htmlStyle=c,i}function ba(e){const t={};if(e.color&&(t.color=e.color),e.bgColor&&(t["background-color"]=e.bgColor),e.fontStyle){e.fontStyle&ee.Italic&&(t["font-style"]="italic"),e.fontStyle&ee.Bold&&(t["font-weight"]="bold");const n=[];e.fontStyle&ee.Underline&&n.push("underline"),e.fontStyle&ee.Strikethrough&&n.push("line-through"),n.length&&(t["text-decoration"]=n.join(" "))}return t}function qr(e){return typeof e=="string"?e:Object.entries(e).map(([t,n])=>`${t}:${n}`).join(";")}const ul=new WeakMap;function Oa(e,t){ul.set(e,t)}function _n(e){return ul.get(e)}class Ut{_stacks={};lang;get themes(){return Object.keys(this._stacks)}get theme(){return this.themes[0]}get _stack(){return this._stacks[this.theme]}static initial(t,n){return new Ut(Object.fromEntries(Og(n).map(a=>[a,Nr])),t)}constructor(...t){if(t.length===2){const[n,a]=t;this.lang=a,this._stacks=n}else{const[n,a,r]=t;this.lang=a,this._stacks={[r]:n}}}getInternalStack(t=this.theme){return this._stacks[t]}getScopes(t=this.theme){return zg(this._stacks[t])}toJSON(){return{lang:this.lang,theme:this.theme,themes:this.themes,scopes:this.getScopes()}}}function zg(e){const t=[],n=new Set;function a(r){if(n.has(r))return;n.add(r);const i=r?.nameScopesList?.scopeName;i&&t.push(i),r.parent&&a(r.parent)}return a(e),t}function Bg(e,t){if(!(e instanceof Ut))throw new Y("Invalid grammar state");return e.getInternalStack(t)}function Ug(){const e=new WeakMap;function t(n){if(!e.has(n.meta)){let a=function(s){if(typeof s=="number"){if(s<0||s>n.source.length)throw new Y(`Invalid decoration offset: ${s}. Code length: ${n.source.length}`);return{...r.indexToPos(s),offset:s}}else{const o=r.lines[s.line];if(o===void 0)throw new Y(`Invalid decoration position ${JSON.stringify(s)}. Lines length: ${r.lines.length}`);let c=s.character;if(c<0&&(c=o.length+c),c<0||c>o.length)throw new Y(`Invalid decoration position ${JSON.stringify(s)}. Line ${s.line} length: ${o.length}`);return{...s,character:c,offset:r.posToIndex(s.line,c)}}};const r=Lg(n.source),i=(n.options.decorations||[]).map(s=>({...s,start:a(s.start),end:a(s.end)}));Gg(i),e.set(n.meta,{decorations:i,converter:r,source:n.source})}return e.get(n.meta)}return{name:"shiki:decorations",tokens(n){if(!this.options.decorations?.length)return;const r=t(this).decorations.flatMap(s=>[s.start.offset,s.end.offset]);return Mg(n,r)},code(n){if(!this.options.decorations?.length)return;const a=t(this),r=Array.from(n.children).filter(u=>u.type==="element"&&u.tagName==="span");if(r.length!==a.converter.lines.length)throw new Y(`Number of lines in code element (${r.length}) does not match the number of lines in the source (${a.converter.lines.length}). Failed to apply decorations.`);function i(u,p,d,m){const g=r[u];let v="",f=-1,b=-1;if(p===0&&(f=0),d===0&&(b=0),d===Number.POSITIVE_INFINITY&&(b=g.children.length),f===-1||b===-1)for(let w=0;w<g.children.length;w++)v+=pl(g.children[w]),f===-1&&v.length===p&&(f=w+1),b===-1&&v.length===d&&(b=w+1);if(f===-1)throw new Y(`Failed to find start index for decoration ${JSON.stringify(m.start)}`);if(b===-1)throw new Y(`Failed to find end index for decoration ${JSON.stringify(m.end)}`);const _=g.children.slice(f,b);if(!m.alwaysWrap&&_.length===g.children.length)o(g,m,"line");else if(!m.alwaysWrap&&_.length===1&&_[0].type==="element")o(_[0],m,"token");else{const w={type:"element",tagName:"span",properties:{},children:_};o(w,m,"wrapper"),g.children.splice(f,_.length,w)}}function s(u,p){r[u]=o(r[u],p,"line")}function o(u,p,d){const m=p.properties||{},g=p.transform||(v=>v);return u.tagName=p.tagName||"span",u.properties={...u.properties,...m,class:u.properties.class},p.properties?.class&&ll(u,p.properties.class),u=g(u,d)||u,u}const c=[],l=a.decorations.sort((u,p)=>p.start.offset-u.start.offset||u.end.offset-p.end.offset);for(const u of l){const{start:p,end:d}=u;if(p.line===d.line)i(p.line,p.character,d.character,u);else if(p.line<d.line){i(p.line,p.character,Number.POSITIVE_INFINITY,u);for(let m=p.line+1;m<d.line;m++)c.unshift(()=>s(m,u));i(d.line,0,d.character,u)}}c.forEach(u=>u())}}}function Gg(e){for(let t=0;t<e.length;t++){const n=e[t];if(n.start.offset>n.end.offset)throw new Y(`Invalid decoration range: ${JSON.stringify(n.start)} - ${JSON.stringify(n.end)}`);for(let a=t+1;a<e.length;a++){const r=e[a],i=n.start.offset<=r.start.offset&&r.start.offset<n.end.offset,s=n.start.offset<r.end.offset&&r.end.offset<=n.end.offset,o=r.start.offset<=n.start.offset&&n.start.offset<r.end.offset,c=r.start.offset<n.end.offset&&n.end.offset<=r.end.offset;if(i||s||o||c){if(i&&s||o&&c||o&&n.start.offset===n.end.offset||s&&r.start.offset===r.end.offset)continue;throw new Y(`Decorations ${JSON.stringify(n.start)} and ${JSON.stringify(r.start)} intersect.`)}}}}function pl(e){return e.type==="text"?e.value:e.type==="element"?e.children.map(pl).join(""):""}const Hg=[Ug()];function _a(e){const t=Wg(e.transformers||[]);return[...t.pre,...t.normal,...t.post,...Hg]}function Wg(e){const t=[],n=[],a=[];for(const r of e)switch(r.enforce){case"pre":t.push(r);break;case"post":n.push(r);break;default:a.push(r)}return{pre:t,post:n,normal:a}}var it=["black","red","green","yellow","blue","magenta","cyan","white","brightBlack","brightRed","brightGreen","brightYellow","brightBlue","brightMagenta","brightCyan","brightWhite"],er={1:"bold",2:"dim",3:"italic",4:"underline",7:"reverse",8:"hidden",9:"strikethrough"};function Vg(e,t){const n=e.indexOf("\x1B",t);if(n!==-1&&e[n+1]==="["){const a=e.indexOf("m",n);if(a!==-1)return{sequence:e.substring(n+2,a).split(";"),startPosition:n,position:a+1}}return{position:e.length}}function Ts(e){const t=e.shift();if(t==="2"){const n=e.splice(0,3).map(a=>Number.parseInt(a));return n.length!==3||n.some(a=>Number.isNaN(a))?void 0:{type:"rgb",rgb:n}}else if(t==="5"){const n=e.shift();if(n)return{type:"table",index:Number(n)}}}function Zg(e){const t=[];for(;e.length>0;){const n=e.shift();if(!n)continue;const a=Number.parseInt(n);if(!Number.isNaN(a))if(a===0)t.push({type:"resetAll"});else if(a<=9)er[a]&&t.push({type:"setDecoration",value:er[a]});else if(a<=29){const r=er[a-20];r&&(t.push({type:"resetDecoration",value:r}),r==="dim"&&t.push({type:"resetDecoration",value:"bold"}))}else if(a<=37)t.push({type:"setForegroundColor",value:{type:"named",name:it[a-30]}});else if(a===38){const r=Ts(e);r&&t.push({type:"setForegroundColor",value:r})}else if(a===39)t.push({type:"resetForegroundColor"});else if(a<=47)t.push({type:"setBackgroundColor",value:{type:"named",name:it[a-40]}});else if(a===48){const r=Ts(e);r&&t.push({type:"setBackgroundColor",value:r})}else a===49?t.push({type:"resetBackgroundColor"}):a===53?t.push({type:"setDecoration",value:"overline"}):a===55?t.push({type:"resetDecoration",value:"overline"}):a>=90&&a<=97?t.push({type:"setForegroundColor",value:{type:"named",name:it[a-90+8]}}):a>=100&&a<=107&&t.push({type:"setBackgroundColor",value:{type:"named",name:it[a-100+8]}})}return t}function Yg(){let e=null,t=null,n=new Set;return{parse(a){const r=[];let i=0;do{const s=Vg(a,i),o=s.sequence?a.substring(i,s.startPosition):a.substring(i);if(o.length>0&&r.push({value:o,foreground:e,background:t,decorations:new Set(n)}),s.sequence){const c=Zg(s.sequence);for(const l of c)l.type==="resetAll"?(e=null,t=null,n.clear()):l.type==="resetForegroundColor"?e=null:l.type==="resetBackgroundColor"?t=null:l.type==="resetDecoration"&&n.delete(l.value);for(const l of c)l.type==="setForegroundColor"?e=l.value:l.type==="setBackgroundColor"?t=l.value:l.type==="setDecoration"&&n.add(l.value)}i=s.position}while(i<a.length);return r}}}var Xg={black:"#000000",red:"#bb0000",green:"#00bb00",yellow:"#bbbb00",blue:"#0000bb",magenta:"#ff00ff",cyan:"#00bbbb",white:"#eeeeee",brightBlack:"#555555",brightRed:"#ff5555",brightGreen:"#00ff00",brightYellow:"#ffff55",brightBlue:"#5555ff",brightMagenta:"#ff55ff",brightCyan:"#55ffff",brightWhite:"#ffffff"};function Kg(e=Xg){function t(o){return e[o]}function n(o){return`#${o.map(c=>Math.max(0,Math.min(c,255)).toString(16).padStart(2,"0")).join("")}`}let a;function r(){if(a)return a;a=[];for(let l=0;l<it.length;l++)a.push(t(it[l]));let o=[0,95,135,175,215,255];for(let l=0;l<6;l++)for(let u=0;u<6;u++)for(let p=0;p<6;p++)a.push(n([o[l],o[u],o[p]]));let c=8;for(let l=0;l<24;l++,c+=10)a.push(n([c,c,c]));return a}function i(o){return r()[o]}function s(o){switch(o.type){case"named":return t(o.name);case"rgb":return n(o.rgb);case"table":return i(o.index)}}return{value:s}}function Qg(e,t,n){const a=fa(e,n),r=Ra(t),i=Kg(Object.fromEntries(it.map(o=>[o,e.colors?.[`terminal.ansi${o[0].toUpperCase()}${o.substring(1)}`]]))),s=Yg();return r.map(o=>s.parse(o[0]).map(c=>{let l,u;c.decorations.has("reverse")?(l=c.background?i.value(c.background):e.bg,u=c.foreground?i.value(c.foreground):e.fg):(l=c.foreground?i.value(c.foreground):e.fg,u=c.background?i.value(c.background):void 0),l=Ge(l,a),u=Ge(u,a),c.decorations.has("dim")&&(l=Jg(l));let p=ee.None;return c.decorations.has("bold")&&(p|=ee.Bold),c.decorations.has("italic")&&(p|=ee.Italic),c.decorations.has("underline")&&(p|=ee.Underline),c.decorations.has("strikethrough")&&(p|=ee.Strikethrough),{content:c.value,offset:o[1],color:l,bgColor:u,fontStyle:p}}))}function Jg(e){const t=e.match(/#([0-9a-f]{3})([0-9a-f]{3})?([0-9a-f]{2})?/);if(t)if(t[3]){const a=Math.round(Number.parseInt(t[3],16)/2).toString(16).padStart(2,"0");return`#${t[1]}${t[2]}${a}`}else return t[2]?`#${t[1]}${t[2]}80`:`#${Array.from(t[1]).map(a=>`${a}${a}`).join("")}80`;const n=e.match(/var\((--[\w-]+-ansi-[\w-]+)\)/);return n?`var(${n[1]}-dim)`:e}function Si(e,t,n={}){const{lang:a="text",theme:r=e.getLoadedThemes()[0]}=n;if(Fi(a)||$i(r))return Ra(t).map(c=>[{content:c[0],offset:c[1]}]);const{theme:i,colorMap:s}=e.setTheme(r);if(a==="ansi")return Qg(i,t,n);const o=e.getLanguage(a);if(n.grammarState){if(n.grammarState.lang!==o.name)throw new Y(`Grammar state language "${n.grammarState.lang}" does not match highlight language "${o.name}"`);if(!n.grammarState.themes.includes(i.name))throw new Y(`Grammar state themes "${n.grammarState.themes}" do not contain highlight theme "${i.name}"`)}return tf(t,o,i,s,n)}function ef(...e){if(e.length===2)return _n(e[1]);const[t,n,a={}]=e,{lang:r="text",theme:i=t.getLoadedThemes()[0]}=a;if(Fi(r)||$i(i))throw new Y("Plain language does not have grammar state");if(r==="ansi")throw new Y("ANSI language does not have grammar state");const{theme:s,colorMap:o}=t.setTheme(i),c=t.getLanguage(r);return new Ut(ya(n,c,s,o,a).stateStack,c.name,s.name)}function tf(e,t,n,a,r){const i=ya(e,t,n,a,r),s=new Ut(ya(e,t,n,a,r).stateStack,t.name,n.name);return Oa(i.tokens,s),i.tokens}function ya(e,t,n,a,r){const i=fa(n,r),{tokenizeMaxLineLength:s=0,tokenizeTimeLimit:o=500}=r,c=Ra(e);let l=r.grammarState?Bg(r.grammarState,n.name)??Nr:r.grammarContextCode!=null?ya(r.grammarContextCode,t,n,a,{...r,grammarState:void 0,grammarContextCode:void 0}).stateStack:Nr,u=[];const p=[];for(let d=0,m=c.length;d<m;d++){const[g,v]=c[d];if(g===""){u=[],p.push([]);continue}if(s>0&&g.length>=s){u=[],p.push([{content:g,offset:v,color:"",fontStyle:0}]);continue}let f,b,_;r.includeExplanation&&(f=t.tokenizeLine(g,l,o),b=f.tokens,_=0);const w=t.tokenizeLine2(g,l,o),h=w.tokens.length/2;for(let C=0;C<h;C++){const k=w.tokens[2*C],$=C+1<h?w.tokens[2*C+2]:g.length;if(k===$)continue;const T=w.tokens[2*C+1],N=Ge(a[Lt.getForeground(T)],i),I=Lt.getFontStyle(T),D={content:g.substring(k,$),offset:v+k,color:N,fontStyle:I};if(r.includeExplanation){const R=[];if(r.includeExplanation!=="scopeName")for(const q of n.settings){let U;switch(typeof q.scope){case"string":U=q.scope.split(/,/).map(G=>G.trim());break;case"object":U=q.scope;break;default:continue}R.push({settings:q,selectors:U.map(G=>G.split(/ /))})}D.explanation=[];let L=0;for(;k+L<$;){const q=b[_],U=g.substring(q.startIndex,q.endIndex);L+=U.length,D.explanation.push({content:U,scopes:r.includeExplanation==="scopeName"?nf(q.scopes):af(R,q.scopes)}),_+=1}}u.push(D)}p.push(u),u=[],l=w.ruleStack}return{tokens:p,stateStack:l}}function nf(e){return e.map(t=>({scopeName:t}))}function af(e,t){const n=[];for(let a=0,r=t.length;a<r;a++){const i=t[a];n[a]={scopeName:i,themeMatches:sf(e,i,t.slice(0,a))}}return n}function Rs(e,t){return e===t||t.substring(0,e.length)===e&&t[e.length]==="."}function rf(e,t,n){if(!Rs(e[e.length-1],t))return!1;let a=e.length-2,r=n.length-1;for(;a>=0&&r>=0;)Rs(e[a],n[r])&&(a-=1),r-=1;return a===-1}function sf(e,t,n){const a=[];for(const{selectors:r,settings:i}of e)for(const s of r)if(rf(s,t,n)){a.push(i);break}return a}function dl(e,t,n){const a=Object.entries(n.themes).filter(c=>c[1]).map(c=>({color:c[0],theme:c[1]})),r=a.map(c=>{const l=Si(e,t,{...n,theme:c.theme}),u=_n(l),p=typeof c.theme=="string"?c.theme:c.theme.name;return{tokens:l,state:u,theme:p}}),i=of(...r.map(c=>c.tokens)),s=i[0].map((c,l)=>c.map((u,p)=>{const d={content:u.content,variants:{},offset:u.offset};return"includeExplanation"in n&&n.includeExplanation&&(d.explanation=u.explanation),i.forEach((m,g)=>{const{content:v,explanation:f,offset:b,..._}=m[l][p];d.variants[a[g].color]=_}),d})),o=r[0].state?new Ut(Object.fromEntries(r.map(c=>[c.theme,c.state?.getInternalStack(c.theme)])),r[0].state.lang):void 0;return o&&Oa(s,o),s}function of(...e){const t=e.map(()=>[]),n=e.length;for(let a=0;a<e[0].length;a++){const r=e.map(c=>c[a]),i=t.map(()=>[]);t.forEach((c,l)=>c.push(i[l]));const s=r.map(()=>0),o=r.map(c=>c[0]);for(;o.every(c=>c);){const c=Math.min(...o.map(l=>l.content.length));for(let l=0;l<n;l++){const u=o[l];u.content.length===c?(i[l].push(u),s[l]+=1,o[l]=r[l][s[l]]):(i[l].push({...u,content:u.content.slice(0,c)}),o[l]={...u,content:u.content.slice(c),offset:u.offset+c})}}}return t}function va(e,t,n){let a,r,i,s,o,c;if("themes"in n){const{defaultColor:l="light",cssVariablePrefix:u="--shiki-",colorsRendering:p="css-vars"}=n,d=Object.entries(n.themes).filter(b=>b[1]).map(b=>({color:b[0],theme:b[1]})).sort((b,_)=>b.color===l?-1:_.color===l?1:0);if(d.length===0)throw new Y("`themes` option must not be empty");const m=dl(e,t,n);if(c=_n(m),l&&ji!==l&&!d.find(b=>b.color===l))throw new Y(`\`themes\` option must contain the defaultColor key \`${l}\``);const g=d.map(b=>e.getTheme(b.theme)),v=d.map(b=>b.color);i=m.map(b=>b.map(_=>qg(_,v,u,l,p))),c&&Oa(i,c);const f=d.map(b=>fa(b.theme,n));r=Os(d,g,f,u,l,"fg",p),a=Os(d,g,f,u,l,"bg",p),s=`shiki-themes ${g.map(b=>b.name).join(" ")}`,o=l?void 0:[r,a].join(";")}else if("theme"in n){const l=fa(n.theme,n);i=Si(e,t,n);const u=e.getTheme(n.theme);a=Ge(u.bg,l),r=Ge(u.fg,l),s=u.name,c=_n(i)}else throw new Y("Invalid options, either `theme` or `themes` must be provided");return{tokens:i,fg:r,bg:a,themeName:s,rootStyle:o,grammarState:c}}function Os(e,t,n,a,r,i,s){return e.map((o,c)=>{const l=Ge(t[c][i],n[c])||"inherit",u=`${a+o.color}${i==="bg"?"-bg":""}:${l}`;if(c===0&&r){if(r===ji&&e.length>1){const p=e.findIndex(v=>v.color==="light"),d=e.findIndex(v=>v.color==="dark");if(p===-1||d===-1)throw new Y('When using `defaultColor: "light-dark()"`, you must provide both `light` and `dark` themes');const m=Ge(t[p][i],n[p])||"inherit",g=Ge(t[d][i],n[d])||"inherit";return`light-dark(${m}, ${g});${u}`}return l}return s==="css-vars"?u:null}).filter(o=>!!o).join(";")}function wa(e,t,n,a={meta:{},options:n,codeToHast:(r,i)=>wa(e,r,i),codeToTokens:(r,i)=>va(e,r,i)}){let r=t;for(const g of _a(n))r=g.preprocess?.call(a,r,n)||r;let{tokens:i,fg:s,bg:o,themeName:c,rootStyle:l,grammarState:u}=va(e,r,n);const{mergeWhitespaces:p=!0,mergeSameStyleTokens:d=!1}=n;p===!0?i=lf(i):p==="never"&&(i=uf(i)),d&&(i=pf(i));const m={...a,get source(){return r}};for(const g of _a(n))i=g.tokens?.call(m,i)||i;return cf(i,{...n,fg:s,bg:o,themeName:c,rootStyle:l},m,u)}function cf(e,t,n,a=_n(e)){const r=_a(t),i=[],s={type:"root",children:[]},{structure:o="classic",tabindex:c="0"}=t;let l={type:"element",tagName:"pre",properties:{class:`shiki ${t.themeName||""}`,style:t.rootStyle||`background-color:${t.bg};color:${t.fg}`,...c!==!1&&c!=null?{tabindex:c.toString()}:{},...Object.fromEntries(Array.from(Object.entries(t.meta||{})).filter(([g])=>!g.startsWith("_")))},children:[]},u={type:"element",tagName:"code",properties:{},children:i};const p=[],d={...n,structure:o,addClassToHast:ll,get source(){return n.source},get tokens(){return e},get options(){return t},get root(){return s},get pre(){return l},get code(){return u},get lines(){return p}};if(e.forEach((g,v)=>{v&&(o==="inline"?s.children.push({type:"element",tagName:"br",properties:{},children:[]}):o==="classic"&&i.push({type:"text",value:`
`}));let f={type:"element",tagName:"span",properties:{class:"line"},children:[]},b=0;for(const _ of g){let w={type:"element",tagName:"span",properties:{..._.htmlAttrs},children:[{type:"text",value:_.content}]};const h=qr(_.htmlStyle||ba(_));h&&(w.properties.style=h);for(const C of r)w=C?.span?.call(d,w,v+1,b,f,_)||w;o==="inline"?s.children.push(w):o==="classic"&&f.children.push(w),b+=_.content.length}if(o==="classic"){for(const _ of r)f=_?.line?.call(d,f,v+1)||f;p.push(f),i.push(f)}}),o==="classic"){for(const g of r)u=g?.code?.call(d,u)||u;l.children.push(u);for(const g of r)l=g?.pre?.call(d,l)||l;s.children.push(l)}let m=s;for(const g of r)m=g?.root?.call(d,m)||m;return a&&Oa(m,a),m}function lf(e){return e.map(t=>{const n=[];let a="",r=0;return t.forEach((i,s)=>{const c=!(i.fontStyle&&(i.fontStyle&ee.Underline||i.fontStyle&ee.Strikethrough));c&&i.content.match(/^\s+$/)&&t[s+1]?(r||(r=i.offset),a+=i.content):a?(c?n.push({...i,offset:r,content:a+i.content}):n.push({content:a,offset:r},i),r=0,a=""):n.push(i)}),n})}function uf(e){return e.map(t=>t.flatMap(n=>{if(n.content.match(/^\s+$/))return n;const a=n.content.match(/^(\s*)(.*?)(\s*)$/);if(!a)return n;const[,r,i,s]=a;if(!r&&!s)return n;const o=[{...n,offset:n.offset+r.length,content:i}];return r&&o.unshift({content:r,offset:n.offset}),s&&o.push({content:s,offset:n.offset+r.length+i.length}),o}))}function pf(e){return e.map(t=>{const n=[];for(const a of t){if(n.length===0){n.push({...a});continue}const r=n[n.length-1],i=qr(r.htmlStyle||ba(r)),s=qr(a.htmlStyle||ba(a)),o=r.fontStyle&&(r.fontStyle&ee.Underline||r.fontStyle&ee.Strikethrough),c=a.fontStyle&&(a.fontStyle&ee.Underline||a.fontStyle&ee.Strikethrough);!o&&!c&&i===s?r.content+=a.content:n.push({...a})}return n})}const df=Ag;function mf(e,t,n){const a={meta:{},options:n,codeToHast:(i,s)=>wa(e,i,s),codeToTokens:(i,s)=>va(e,i,s)};let r=df(wa(e,t,n,a));for(const i of _a(n))r=i.postprocess?.call(a,r,n)||r;return r}const Is={light:"#333333",dark:"#bbbbbb"},Ns={light:"#fffffe",dark:"#1e1e1e"},Ls="__shiki_resolved";function Ai(e){if(e?.[Ls])return e;const t={...e};t.tokenColors&&!t.settings&&(t.settings=t.tokenColors,delete t.tokenColors),t.type||="dark",t.colorReplacements={...t.colorReplacements},t.settings||=[];let{bg:n,fg:a}=t;if(!n||!a){const o=t.settings?t.settings.find(c=>!c.name&&!c.scope):void 0;o?.settings?.foreground&&(a=o.settings.foreground),o?.settings?.background&&(n=o.settings.background),!a&&t?.colors?.["editor.foreground"]&&(a=t.colors["editor.foreground"]),!n&&t?.colors?.["editor.background"]&&(n=t.colors["editor.background"]),a||(a=t.type==="light"?Is.light:Is.dark),n||(n=t.type==="light"?Ns.light:Ns.dark),t.fg=a,t.bg=n}t.settings[0]&&t.settings[0].settings&&!t.settings[0].scope||t.settings.unshift({settings:{foreground:t.fg,background:t.bg}});let r=0;const i=new Map;function s(o){if(i.has(o))return i.get(o);r+=1;const c=`#${r.toString(16).padStart(8,"0").toLowerCase()}`;return t.colorReplacements?.[`#${c}`]?s(o):(i.set(o,c),c)}t.settings=t.settings.map(o=>{const c=o.settings?.foreground&&!o.settings.foreground.startsWith("#"),l=o.settings?.background&&!o.settings.background.startsWith("#");if(!c&&!l)return o;const u={...o,settings:{...o.settings}};if(c){const p=s(o.settings.foreground);t.colorReplacements[p]=o.settings.foreground,u.settings.foreground=p}if(l){const p=s(o.settings.background);t.colorReplacements[p]=o.settings.background,u.settings.background=p}return u});for(const o of Object.keys(t.colors||{}))if((o==="editor.foreground"||o==="editor.background"||o.startsWith("terminal.ansi"))&&!t.colors[o]?.startsWith("#")){const c=s(t.colors[o]);t.colorReplacements[c]=t.colors[o],t.colors[o]=c}return Object.defineProperty(t,Ls,{enumerable:!1,writable:!1,value:!0}),t}async function hf(e){return Array.from(new Set((await Promise.all(e.filter(t=>!Ig(t)).map(async t=>await cl(t).then(n=>Array.isArray(n)?n:[n])))).flat()))}async function gf(e){return(await Promise.all(e.map(async n=>Ng(n)?null:Ai(await cl(n))))).filter(n=>!!n)}class $t extends Error{constructor(t){super(t),this.name="ShikiError"}}class ff extends fh{constructor(t,n,a,r={}){super(t),this._resolver=t,this._themes=n,this._langs=a,this._alias=r,this._themes.map(i=>this.loadTheme(i)),this.loadLanguages(this._langs)}_resolvedThemes=new Map;_resolvedGrammars=new Map;_langMap=new Map;_langGraph=new Map;_textmateThemeCache=new WeakMap;_loadedThemesCache=null;_loadedLanguagesCache=null;getTheme(t){return typeof t=="string"?this._resolvedThemes.get(t):this.loadTheme(t)}loadTheme(t){const n=Ai(t);return n.name&&(this._resolvedThemes.set(n.name,n),this._loadedThemesCache=null),n}getLoadedThemes(){return this._loadedThemesCache||(this._loadedThemesCache=[...this._resolvedThemes.keys()]),this._loadedThemesCache}setTheme(t){let n=this._textmateThemeCache.get(t);n||(n=pa.createFromRawTheme(t),this._textmateThemeCache.set(t,n)),this._syncRegistry.setTheme(n)}getGrammar(t){if(this._alias[t]){const n=new Set([t]);for(;this._alias[t];){if(t=this._alias[t],n.has(t))throw new $t(`Circular alias \`${Array.from(n).join(" -> ")} -> ${t}\``);n.add(t)}}return this._resolvedGrammars.get(t)}loadLanguage(t){if(this.getGrammar(t.name))return;const n=new Set([...this._langMap.values()].filter(i=>i.embeddedLangsLazy?.includes(t.name)));this._resolver.addLanguage(t);const a={balancedBracketSelectors:t.balancedBracketSelectors||["*"],unbalancedBracketSelectors:t.unbalancedBracketSelectors||[]};this._syncRegistry._rawGrammars.set(t.scopeName,t);const r=this.loadGrammarWithConfiguration(t.scopeName,1,a);if(r.name=t.name,this._resolvedGrammars.set(t.name,r),t.aliases&&t.aliases.forEach(i=>{this._alias[i]=t.name}),this._loadedLanguagesCache=null,n.size)for(const i of n)this._resolvedGrammars.delete(i.name),this._loadedLanguagesCache=null,this._syncRegistry?._injectionGrammars?.delete(i.scopeName),this._syncRegistry?._grammars?.delete(i.scopeName),this.loadLanguage(this._langMap.get(i.name))}dispose(){super.dispose(),this._resolvedThemes.clear(),this._resolvedGrammars.clear(),this._langMap.clear(),this._langGraph.clear(),this._loadedThemesCache=null}loadLanguages(t){for(const r of t)this.resolveEmbeddedLanguages(r);const n=Array.from(this._langGraph.entries()),a=n.filter(([r,i])=>!i);if(a.length){const r=n.filter(([i,s])=>s&&s.embeddedLangs?.some(o=>a.map(([c])=>c).includes(o))).filter(i=>!a.includes(i));throw new $t(`Missing languages ${a.map(([i])=>`\`${i}\``).join(", ")}, required by ${r.map(([i])=>`\`${i}\``).join(", ")}`)}for(const[r,i]of n)this._resolver.addLanguage(i);for(const[r,i]of n)this.loadLanguage(i)}getLoadedLanguages(){return this._loadedLanguagesCache||(this._loadedLanguagesCache=[...new Set([...this._resolvedGrammars.keys(),...Object.keys(this._alias)])]),this._loadedLanguagesCache}resolveEmbeddedLanguages(t){if(this._langMap.set(t.name,t),this._langGraph.set(t.name,t),t.embeddedLangs)for(const n of t.embeddedLangs)this._langGraph.set(n,this._langMap.get(n))}}class bf{_langs=new Map;_scopeToLang=new Map;_injections=new Map;_onigLib;constructor(t,n){this._onigLib={createOnigScanner:a=>t.createScanner(a),createOnigString:a=>t.createString(a)},n.forEach(a=>this.addLanguage(a))}get onigLib(){return this._onigLib}getLangRegistration(t){return this._langs.get(t)}loadGrammar(t){return this._scopeToLang.get(t)}addLanguage(t){this._langs.set(t.name,t),t.aliases&&t.aliases.forEach(n=>{this._langs.set(n,t)}),this._scopeToLang.set(t.scopeName,t),t.injectTo&&t.injectTo.forEach(n=>{this._injections.get(n)||this._injections.set(n,[]),this._injections.get(n).push(t.scopeName)})}getInjections(t){const n=t.split(".");let a=[];for(let r=1;r<=n.length;r++){const i=n.slice(0,r).join(".");a=[...a,...this._injections.get(i)||[]]}return a}}let tn=0;function _f(e){tn+=1,e.warnings!==!1&&tn>=10&&tn%10===0&&console.warn(`[Shiki] ${tn} instances have been created. Shiki is supposed to be used as a singleton, consider refactoring your code to cache your highlighter instance; Or call \`highlighter.dispose()\` to release unused instances.`);let t=!1;if(!e.engine)throw new $t("`engine` option is required for synchronous mode");const n=(e.langs||[]).flat(1),a=(e.themes||[]).flat(1).map(Ai),r=new bf(e.engine,n),i=new ff(r,a,n,e.langAlias);let s;function o(_){f();const w=i.getGrammar(typeof _=="string"?_:_.name);if(!w)throw new $t(`Language \`${_}\` not found, you may need to load it first`);return w}function c(_){if(_==="none")return{bg:"",fg:"",name:"none",settings:[],type:"dark"};f();const w=i.getTheme(_);if(!w)throw new $t(`Theme \`${_}\` not found, you may need to load it first`);return w}function l(_){f();const w=c(_);s!==_&&(i.setTheme(w),s=_);const h=i.getColorMap();return{theme:w,colorMap:h}}function u(){return f(),i.getLoadedThemes()}function p(){return f(),i.getLoadedLanguages()}function d(..._){f(),i.loadLanguages(_.flat(1))}async function m(..._){return d(await hf(_))}function g(..._){f();for(const w of _.flat(1))i.loadTheme(w)}async function v(..._){return f(),g(await gf(_))}function f(){if(t)throw new $t("Shiki instance has been disposed")}function b(){t||(t=!0,i.dispose(),tn-=1)}return{setTheme:l,getTheme:c,getLanguage:o,getLoadedThemes:u,getLoadedLanguages:p,loadLanguage:m,loadLanguageSync:d,loadTheme:v,loadThemeSync:g,dispose:b,[Symbol.dispose]:b}}function yf(e){const t=_f(e);return{getLastGrammarState:(...n)=>ef(t,...n),codeToTokensBase:(n,a)=>Si(t,n,a),codeToTokensWithThemes:(n,a)=>dl(t,n,a),codeToTokens:(n,a)=>va(t,n,a),codeToHast:(n,a)=>wa(t,n,a),codeToHtml:(n,a)=>mf(t,n,a),getBundledLanguages:()=>({}),getBundledThemes:()=>({}),...t,getInternalContext:()=>t}}function Gt(e){if([...e].length!==1)throw new Error(`Expected "${e}" to be a single code point`);return e.codePointAt(0)}function vf(e,t,n){return e.has(t)||e.set(t,n),e.get(t)}const Ti=new Set(["alnum","alpha","ascii","blank","cntrl","digit","graph","lower","print","punct","space","upper","word","xdigit"]),X=String.raw;function Ht(e,t){if(e==null)throw new Error(t??"Value expected");return e}const ml=X`\[\^?`,hl=`c.? | C(?:-.?)?|${X`[pP]\{(?:\^?[-\x20_]*[A-Za-z][-\x20\w]*\})?`}|${X`x[89A-Fa-f]\p{AHex}(?:\\x[89A-Fa-f]\p{AHex})*`}|${X`u(?:\p{AHex}{4})? | x\{[^\}]*\}? | x\p{AHex}{0,2}`}|${X`o\{[^\}]*\}?`}|${X`\d{1,3}`}`,Ri=/[?*+][?+]?|\{(?:\d+(?:,\d*)?|,\d+)\}\??/,Xn=new RegExp(X`
  \\ (?:
    ${hl}
    | [gk]<[^>]*>?
    | [gk]'[^']*'?
    | .
  )
  | \( (?:
    \? (?:
      [:=!>({]
      | <[=!]
      | <[^>]*>
      | '[^']*'
      | ~\|?
      | #(?:[^)\\]|\\.?)*
      | [^:)]*[:)]
    )?
    | \*[^\)]*\)?
  )?
  | (?:${Ri.source})+
  | ${ml}
  | .
`.replace(/\s+/g,""),"gsu"),tr=new RegExp(X`
  \\ (?:
    ${hl}
    | .
  )
  | \[:(?:\^?\p{Alpha}+|\^):\]
  | ${ml}
  | &&
  | .
`.replace(/\s+/g,""),"gsu");function wf(e,t={}){const n={flags:"",...t,rules:{captureGroup:!1,singleline:!1,...t.rules}};if(typeof e!="string")throw new Error("String expected as pattern");const a=qf(n.flags),r=[a.extended],i={captureGroup:n.rules.captureGroup,getCurrentModX(){return r.at(-1)},numOpenGroups:0,popModX(){r.pop()},pushModX(p){r.push(p)},replaceCurrentModX(p){r[r.length-1]=p},singleline:n.rules.singleline};let s=[],o;for(Xn.lastIndex=0;o=Xn.exec(e);){const p=xf(i,e,o[0],Xn.lastIndex);p.tokens?s.push(...p.tokens):p.token&&s.push(p.token),p.lastIndex!==void 0&&(Xn.lastIndex=p.lastIndex)}const c=[];let l=0;s.filter(p=>p.type==="GroupOpen").forEach(p=>{p.kind==="capturing"?p.number=++l:p.raw==="("&&c.push(p)}),l||c.forEach((p,d)=>{p.kind="capturing",p.number=d+1});const u=l||c.length;return{tokens:s.map(p=>p.type==="EscapedNumber"?Bf(p,u):p).flat(),flags:a}}function xf(e,t,n,a){const[r,i]=n;if(n==="["||n==="[^"){const s=kf(t,n,a);return{tokens:s.tokens,lastIndex:s.lastIndex}}if(r==="\\"){if("AbBGyYzZ".includes(i))return{token:Ps(n,n)};if(/^\\g[<']/.test(n)){if(!/^\\g(?:<[^>]+>|'[^']+')$/.test(n))throw new Error(`Invalid group name "${n}"`);return{token:Of(n)}}if(/^\\k[<']/.test(n)){if(!/^\\k(?:<[^>]+>|'[^']+')$/.test(n))throw new Error(`Invalid group name "${n}"`);return{token:fl(n)}}if(i==="K")return{token:bl("keep",n)};if(i==="N"||i==="R")return{token:st("newline",n,{negate:i==="N"})};if(i==="O")return{token:st("any",n)};if(i==="X")return{token:st("text_segment",n)};const s=gl(n,{inCharClass:!1});return Array.isArray(s)?{tokens:s}:{token:s}}if(r==="("){if(i==="*")return{token:Pf(n)};if(n==="(?{")throw new Error(`Unsupported callout "${n}"`);if(n.startsWith("(?#")){if(t[a]!==")")throw new Error('Unclosed comment group "(?#"');return{lastIndex:a+1}}if(/^\(\?[-imx]+[:)]$/.test(n))return{token:Lf(n,e)};if(e.pushModX(e.getCurrentModX()),e.numOpenGroups++,n==="("&&!e.captureGroup||n==="(?:")return{token:Et("group",n)};if(n==="(?>")return{token:Et("atomic",n)};if(n==="(?="||n==="(?!"||n==="(?<="||n==="(?<!")return{token:Et(n[2]==="<"?"lookbehind":"lookahead",n,{negate:n.endsWith("!")})};if(n==="("&&e.captureGroup||n.startsWith("(?<")&&n.endsWith(">")||n.startsWith("(?'")&&n.endsWith("'"))return{token:Et("capturing",n,{...n!=="("&&{name:n.slice(3,-1)}})};if(n.startsWith("(?~")){if(n==="(?~|")throw new Error(`Unsupported absence function kind "${n}"`);return{token:Et("absence_repeater",n)}}throw n==="(?("?new Error(`Unsupported conditional "${n}"`):new Error(`Invalid or unsupported group option "${n}"`)}if(n===")"){if(e.popModX(),e.numOpenGroups--,e.numOpenGroups<0)throw new Error('Unmatched ")"');return{token:Af(n)}}if(e.getCurrentModX()){if(n==="#"){const s=t.indexOf(`
`,a);return{lastIndex:s===-1?t.length:s}}if(/^\s$/.test(n)){const s=/\s+/y;return s.lastIndex=a,{lastIndex:s.exec(t)?s.lastIndex:a}}}if(n===".")return{token:st("dot",n)};if(n==="^"||n==="$"){const s=e.singleline?{"^":X`\A`,$:X`\Z`}[n]:n;return{token:Ps(s,n)}}return n==="|"?{token:Ef(n)}:Ri.test(n)?{tokens:Uf(n)}:{token:Ne(Gt(n),n)}}function kf(e,t,n){const a=[Ds(t[1]==="^",t)];let r=1,i;for(tr.lastIndex=n;i=tr.exec(e);){const s=i[0];if(s[0]==="["&&s[1]!==":")r++,a.push(Ds(s[1]==="^",s));else if(s==="]"){if(a.at(-1).type==="CharacterClassOpen")a.push(Ne(93,s));else if(r--,a.push(Ff(s)),!r)break}else{const o=Cf(s);Array.isArray(o)?a.push(...o):a.push(o)}}return{tokens:a,lastIndex:tr.lastIndex||e.length}}function Cf(e){if(e[0]==="\\")return gl(e,{inCharClass:!0});if(e[0]==="["){const t=/\[:(?<negate>\^?)(?<name>[a-z]+):\]/.exec(e);if(!t||!Ti.has(t.groups.name))throw new Error(`Invalid POSIX class "${e}"`);return st("posix",e,{value:t.groups.name,negate:!!t.groups.negate})}return e==="-"?$f(e):e==="&&"?jf(e):Ne(Gt(e),e)}function gl(e,{inCharClass:t}){const n=e[1];if(n==="c"||n==="C")return Nf(e);if("dDhHsSwW".includes(n))return Df(e);if(e.startsWith(X`\o{`))throw new Error(`Incomplete, invalid, or unsupported octal code point "${e}"`);if(/^\\[pP]\{/.test(e)){if(e.length===3)throw new Error(`Incomplete or invalid Unicode property "${e}"`);return Mf(e)}if(new RegExp("^\\\\x[89A-Fa-f]\\p{AHex}","u").test(e))try{const a=e.split(/\\x/).slice(1).map(s=>parseInt(s,16)),r=new TextDecoder("utf-8",{ignoreBOM:!0,fatal:!0}).decode(new Uint8Array(a)),i=new TextEncoder;return[...r].map(s=>{const o=[...i.encode(s)].map(c=>`\\x${c.toString(16)}`).join("");return Ne(Gt(s),o)})}catch{throw new Error(`Multibyte code "${e}" incomplete or invalid in Oniguruma`)}if(n==="u"||n==="x")return Ne(zf(e),e);if(Ms.has(n))return Ne(Ms.get(n),e);if(/\d/.test(n))return Sf(t,e);if(e==="\\")throw new Error(X`Incomplete escape "\"`);if(n==="M")throw new Error(`Unsupported meta "${e}"`);if([...e].length===2)return Ne(e.codePointAt(1),e);throw new Error(`Unexpected escape "${e}"`)}function Ef(e){return{type:"Alternator",raw:e}}function Ps(e,t){return{type:"Assertion",kind:e,raw:t}}function fl(e){return{type:"Backreference",raw:e}}function Ne(e,t){return{type:"Character",value:e,raw:t}}function Ff(e){return{type:"CharacterClassClose",raw:e}}function $f(e){return{type:"CharacterClassHyphen",raw:e}}function jf(e){return{type:"CharacterClassIntersector",raw:e}}function Ds(e,t){return{type:"CharacterClassOpen",negate:e,raw:t}}function st(e,t,n={}){return{type:"CharacterSet",kind:e,...n,raw:t}}function bl(e,t,n={}){return e==="keep"?{type:"Directive",kind:e,raw:t}:{type:"Directive",kind:e,flags:Ht(n.flags),raw:t}}function Sf(e,t){return{type:"EscapedNumber",inCharClass:e,raw:t}}function Af(e){return{type:"GroupClose",raw:e}}function Et(e,t,n={}){return{type:"GroupOpen",kind:e,...n,raw:t}}function Tf(e,t,n,a){return{type:"NamedCallout",kind:e,tag:t,arguments:n,raw:a}}function Rf(e,t,n,a){return{type:"Quantifier",kind:e,min:t,max:n,raw:a}}function Of(e){return{type:"Subroutine",raw:e}}const If=new Set(["COUNT","CMP","ERROR","FAIL","MAX","MISMATCH","SKIP","TOTAL_COUNT"]),Ms=new Map([["a",7],["b",8],["e",27],["f",12],["n",10],["r",13],["t",9],["v",11]]);function Nf(e){const t=e[1]==="c"?e[2]:e[3];if(!t||!/[A-Za-z]/.test(t))throw new Error(`Unsupported control character "${e}"`);return Ne(Gt(t.toUpperCase())-64,e)}function Lf(e,t){let{on:n,off:a}=/^\(\?(?<on>[imx]*)(?:-(?<off>[-imx]*))?/.exec(e).groups;a??="";const r=(t.getCurrentModX()||n.includes("x"))&&!a.includes("x"),i=zs(n),s=zs(a),o={};if(i&&(o.enable=i),s&&(o.disable=s),e.endsWith(")"))return t.replaceCurrentModX(r),bl("flags",e,{flags:o});if(e.endsWith(":"))return t.pushModX(r),t.numOpenGroups++,Et("group",e,{...(i||s)&&{flags:o}});throw new Error(`Unexpected flag modifier "${e}"`)}function Pf(e){const t=/\(\*(?<name>[A-Za-z_]\w*)?(?:\[(?<tag>(?:[A-Za-z_]\w*)?)\])?(?:\{(?<args>[^}]*)\})?\)/.exec(e);if(!t)throw new Error(`Incomplete or invalid named callout "${e}"`);const{name:n,tag:a,args:r}=t.groups;if(!n)throw new Error(`Invalid named callout "${e}"`);if(a==="")throw new Error(`Named callout tag with empty value not allowed "${e}"`);const i=r?r.split(",").filter(u=>u!=="").map(u=>/^[+-]?\d+$/.test(u)?+u:u):[],[s,o,c]=i,l=If.has(n)?n.toLowerCase():"custom";switch(l){case"fail":case"mismatch":case"skip":if(i.length>0)throw new Error(`Named callout arguments not allowed "${i}"`);break;case"error":if(i.length>1)throw new Error(`Named callout allows only one argument "${i}"`);if(typeof s=="string")throw new Error(`Named callout argument must be a number "${s}"`);break;case"max":if(!i.length||i.length>2)throw new Error(`Named callout must have one or two arguments "${i}"`);if(typeof s=="string"&&!/^[A-Za-z_]\w*$/.test(s))throw new Error(`Named callout argument one must be a tag or number "${s}"`);if(i.length===2&&(typeof o=="number"||!/^[<>X]$/.test(o)))throw new Error(`Named callout optional argument two must be '<', '>', or 'X' "${o}"`);break;case"count":case"total_count":if(i.length>1)throw new Error(`Named callout allows only one argument "${i}"`);if(i.length===1&&(typeof s=="number"||!/^[<>X]$/.test(s)))throw new Error(`Named callout optional argument must be '<', '>', or 'X' "${s}"`);break;case"cmp":if(i.length!==3)throw new Error(`Named callout must have three arguments "${i}"`);if(typeof s=="string"&&!/^[A-Za-z_]\w*$/.test(s))throw new Error(`Named callout argument one must be a tag or number "${s}"`);if(typeof o=="number"||!/^(?:[<>!=]=|[<>])$/.test(o))throw new Error(`Named callout argument two must be '==', '!=', '>', '<', '>=', or '<=' "${o}"`);if(typeof c=="string"&&!/^[A-Za-z_]\w*$/.test(c))throw new Error(`Named callout argument three must be a tag or number "${c}"`);break;case"custom":throw new Error(`Undefined callout name "${n}"`);default:throw new Error(`Unexpected named callout kind "${l}"`)}return Tf(l,a??null,r?.split(",")??null,e)}function qs(e){let t=null,n,a;if(e[0]==="{"){const{minStr:r,maxStr:i}=/^\{(?<minStr>\d*)(?:,(?<maxStr>\d*))?/.exec(e).groups,s=1e5;if(+r>s||i&&+i>s)throw new Error("Quantifier value unsupported in Oniguruma");if(n=+r,a=i===void 0?+r:i===""?1/0:+i,n>a&&(t="possessive",[n,a]=[a,n]),e.endsWith("?")){if(t==="possessive")throw new Error('Unsupported possessive interval quantifier chain with "?"');t="lazy"}else t||(t="greedy")}else n=e[0]==="+"?1:0,a=e[0]==="?"?1:1/0,t=e[1]==="+"?"possessive":e[1]==="?"?"lazy":"greedy";return Rf(t,n,a,e)}function Df(e){const t=e[1].toLowerCase();return st({d:"digit",h:"hex",s:"space",w:"word"}[t],e,{negate:e[1]!==t})}function Mf(e){const{p:t,neg:n,value:a}=/^\\(?<p>[pP])\{(?<neg>\^?)(?<value>[^}]+)/.exec(e).groups;return st("property",e,{value:a,negate:t==="P"&&!n||t==="p"&&!!n})}function zs(e){const t={};return e.includes("i")&&(t.ignoreCase=!0),e.includes("m")&&(t.dotAll=!0),e.includes("x")&&(t.extended=!0),Object.keys(t).length?t:null}function qf(e){const t={ignoreCase:!1,dotAll:!1,extended:!1,digitIsAscii:!1,posixIsAscii:!1,spaceIsAscii:!1,wordIsAscii:!1,textSegmentMode:null};for(let n=0;n<e.length;n++){const a=e[n];if(!"imxDPSWy".includes(a))throw new Error(`Invalid flag "${a}"`);if(a==="y"){if(!/^y{[gw]}/.test(e.slice(n)))throw new Error('Invalid or unspecified flag "y" mode');t.textSegmentMode=e[n+2]==="g"?"grapheme":"word",n+=3;continue}t[{i:"ignoreCase",m:"dotAll",x:"extended",D:"digitIsAscii",P:"posixIsAscii",S:"spaceIsAscii",W:"wordIsAscii"}[a]]=!0}return t}function zf(e){if(new RegExp("^(?:\\\\u(?!\\p{AHex}{4})|\\\\x(?!\\p{AHex}{1,2}|\\{\\p{AHex}{1,8}\\}))","u").test(e))throw new Error(`Incomplete or invalid escape "${e}"`);const t=e[2]==="{"?new RegExp("^\\\\x\\{\\s*(?<hex>\\p{AHex}+)","u").exec(e).groups.hex:e.slice(2);return parseInt(t,16)}function Bf(e,t){const{raw:n,inCharClass:a}=e,r=n.slice(1);if(!a&&(r!=="0"&&r.length===1||r[0]!=="0"&&+r<=t))return[fl(n)];const i=[],s=r.match(/^[0-7]+|\d/g);for(let o=0;o<s.length;o++){const c=s[o];let l;if(o===0&&c!=="8"&&c!=="9"){if(l=parseInt(c,8),l>127)throw new Error(X`Octal encoded byte above 177 unsupported "${n}"`)}else l=Gt(c);i.push(Ne(l,(o===0?"\\":"")+c))}return i}function Uf(e){const t=[],n=new RegExp(Ri,"gy");let a;for(;a=n.exec(e);){const r=a[0];if(r[0]==="{"){const i=/^\{(?<min>\d+),(?<max>\d+)\}\??$/.exec(r);if(i){const{min:s,max:o}=i.groups;if(+s>+o&&r.endsWith("?")){n.lastIndex--,t.push(qs(r.slice(0,-1)));continue}}}t.push(qs(r))}return t}function _l(e,t){if(!Array.isArray(e.body))throw new Error("Expected node with body array");if(e.body.length!==1)return!1;const n=e.body[0];return!t||Object.keys(t).every(a=>t[a]===n[a])}function Gf(e){return Hf.has(e.type)}const Hf=new Set(["AbsenceFunction","Backreference","CapturingGroup","Character","CharacterClass","CharacterSet","Group","Quantifier","Subroutine"]);function yl(e,t={}){const n={flags:"",normalizeUnknownPropertyNames:!1,skipBackrefValidation:!1,skipLookbehindValidation:!1,skipPropertyNameValidation:!1,unicodePropertyMap:null,...t,rules:{captureGroup:!1,singleline:!1,...t.rules}},a=wf(e,{flags:n.flags,rules:{captureGroup:n.rules.captureGroup,singleline:n.rules.singleline}}),r=(d,m)=>{const g=a.tokens[i.nextIndex];switch(i.parent=d,i.nextIndex++,g.type){case"Alternator":return ht();case"Assertion":return Wf(g);case"Backreference":return Vf(g,i);case"Character":return Ia(g.value,{useLastValid:!!m.isCheckingRangeEnd});case"CharacterClassHyphen":return Zf(g,i,m);case"CharacterClassOpen":return Yf(g,i,m);case"CharacterSet":return Xf(g,i);case"Directive":return nb(g.kind,{flags:g.flags});case"GroupOpen":return Kf(g,i,m);case"NamedCallout":return rb(g.kind,g.tag,g.arguments);case"Quantifier":return Qf(g,i);case"Subroutine":return Jf(g,i);default:throw new Error(`Unexpected token type "${g.type}"`)}},i={capturingGroups:[],hasNumberedRef:!1,namedGroupsByName:new Map,nextIndex:0,normalizeUnknownPropertyNames:n.normalizeUnknownPropertyNames,parent:null,skipBackrefValidation:n.skipBackrefValidation,skipLookbehindValidation:n.skipLookbehindValidation,skipPropertyNameValidation:n.skipPropertyNameValidation,subroutines:[],tokens:a.tokens,unicodePropertyMap:n.unicodePropertyMap,walk:r},s=sb(ab(a.flags));let o=s.body[0];for(;i.nextIndex<a.tokens.length;){const d=r(o,{});d.type==="Alternative"?(s.body.push(d),o=d):o.body.push(d)}const{capturingGroups:c,hasNumberedRef:l,namedGroupsByName:u,subroutines:p}=i;if(l&&u.size&&!n.rules.captureGroup)throw new Error("Numbered backref/subroutine not allowed when using named capture");for(const{ref:d}of p)if(typeof d=="number"){if(d>c.length)throw new Error("Subroutine uses a group number that's not defined");d&&(c[d-1].isSubroutined=!0)}else if(u.has(d)){if(u.get(d).length>1)throw new Error(X`Subroutine uses a duplicate group name "\g<${d}>"`);u.get(d)[0].isSubroutined=!0}else throw new Error(X`Subroutine uses a group name that's not defined "\g<${d}>"`);return s}function Wf({kind:e}){return zr(Ht({"^":"line_start",$:"line_end","\\A":"string_start","\\b":"word_boundary","\\B":"word_boundary","\\G":"search_start","\\y":"text_segment_boundary","\\Y":"text_segment_boundary","\\z":"string_end","\\Z":"string_end_newline"}[e],`Unexpected assertion kind "${e}"`),{negate:e===X`\B`||e===X`\Y`})}function Vf({raw:e},t){const n=/^\\k[<']/.test(e),a=n?e.slice(3,-1):e.slice(1),r=(i,s=!1)=>{const o=t.capturingGroups.length;let c=!1;if(i>o)if(t.skipBackrefValidation)c=!0;else throw new Error(`Not enough capturing groups defined to the left "${e}"`);return t.hasNumberedRef=!0,Br(s?o+1-i:i,{orphan:c})};if(n){const i=/^(?<sign>-?)0*(?<num>[1-9]\d*)$/.exec(a);if(i)return r(+i.groups.num,!!i.groups.sign);if(/[-+]/.test(a))throw new Error(`Invalid backref name "${e}"`);if(!t.namedGroupsByName.has(a))throw new Error(`Group name not defined to the left "${e}"`);return Br(a)}return r(+a)}function Zf(e,t,n){const{tokens:a,walk:r}=t,i=t.parent,s=i.body.at(-1),o=a[t.nextIndex];if(!n.isCheckingRangeEnd&&s&&s.type!=="CharacterClass"&&s.type!=="CharacterClassRange"&&o&&o.type!=="CharacterClassOpen"&&o.type!=="CharacterClassClose"&&o.type!=="CharacterClassIntersector"){const c=r(i,{...n,isCheckingRangeEnd:!0});if(s.type==="Character"&&c.type==="Character")return i.body.pop(),tb(s,c);throw new Error("Invalid character class range")}return Ia(Gt("-"))}function Yf({negate:e},t,n){const{tokens:a,walk:r}=t,i=a[t.nextIndex],s=[ra()];let o=Gs(i);for(;o.type!=="CharacterClassClose";){if(o.type==="CharacterClassIntersector")s.push(ra()),t.nextIndex++;else{const l=s.at(-1);l.body.push(r(l,n))}o=Gs(a[t.nextIndex],i)}const c=ra({negate:e});return s.length===1?c.body=s[0].body:(c.kind="intersection",c.body=s.map(l=>l.body.length===1?l.body[0]:l)),t.nextIndex++,c}function Xf({kind:e,negate:t,value:n},a){const{normalizeUnknownPropertyNames:r,skipPropertyNameValidation:i,unicodePropertyMap:s}=a;if(e==="property"){const o=Na(n);if(Ti.has(o)&&!s?.has(o))e="posix",n=o;else return Ft(n,{negate:t,normalizeUnknownPropertyNames:r,skipPropertyNameValidation:i,unicodePropertyMap:s})}return e==="posix"?ib(n,{negate:t}):Ur(e,{negate:t})}function Kf(e,t,n){const{tokens:a,capturingGroups:r,namedGroupsByName:i,skipLookbehindValidation:s,walk:o}=t,c=ob(e),l=c.type==="AbsenceFunction",u=Us(c),p=u&&c.negate;if(c.type==="CapturingGroup"&&(r.push(c),c.name&&vf(i,c.name,[]).push(c)),l&&n.isInAbsenceFunction)throw new Error("Nested absence function not supported by Oniguruma");let d=Hs(a[t.nextIndex]);for(;d.type!=="GroupClose";){if(d.type==="Alternator")c.body.push(ht()),t.nextIndex++;else{const m=c.body.at(-1),g=o(m,{...n,isInAbsenceFunction:n.isInAbsenceFunction||l,isInLookbehind:n.isInLookbehind||u,isInNegLookbehind:n.isInNegLookbehind||p});if(m.body.push(g),(u||n.isInLookbehind)&&!s){const v="Lookbehind includes a pattern not allowed by Oniguruma";if(p||n.isInNegLookbehind){if(Bs(g)||g.type==="CapturingGroup")throw new Error(v)}else if(Bs(g)||Us(g)&&g.negate)throw new Error(v)}}d=Hs(a[t.nextIndex])}return t.nextIndex++,c}function Qf({kind:e,min:t,max:n},a){const r=a.parent,i=r.body.at(-1);if(!i||!Gf(i))throw new Error("Quantifier requires a repeatable token");const s=wl(e,t,n,i);return r.body.pop(),s}function Jf({raw:e},t){const{capturingGroups:n,subroutines:a}=t;let r=e.slice(3,-1);const i=/^(?<sign>[-+]?)0*(?<num>[1-9]\d*)$/.exec(r);if(i){const o=+i.groups.num,c=n.length;if(t.hasNumberedRef=!0,r={"":o,"+":c+o,"-":c+1-o}[i.groups.sign],r<1)throw new Error("Invalid subroutine number")}else r==="0"&&(r=0);const s=xl(r);return a.push(s),s}function eb(e,t){return{type:"AbsenceFunction",kind:e,body:jn(t?.body)}}function ht(e){return{type:"Alternative",body:kl(e?.body)}}function zr(e,t){const n={type:"Assertion",kind:e};return(e==="word_boundary"||e==="text_segment_boundary")&&(n.negate=!!t?.negate),n}function Br(e,t){const n=!!t?.orphan;return{type:"Backreference",ref:e,...n&&{orphan:n}}}function vl(e,t){const n={name:void 0,isSubroutined:!1,...t};if(n.name!==void 0&&!cb(n.name))throw new Error(`Group name "${n.name}" invalid in Oniguruma`);return{type:"CapturingGroup",number:e,...n.name&&{name:n.name},...n.isSubroutined&&{isSubroutined:n.isSubroutined},body:jn(t?.body)}}function Ia(e,t){const n={useLastValid:!1,...t};if(e>1114111){const a=e.toString(16);if(n.useLastValid)e=1114111;else throw e>1310719?new Error(`Invalid code point out of range "\\x{${a}}"`):new Error(`Invalid code point out of range in JS "\\x{${a}}"`)}return{type:"Character",value:e}}function ra(e){const t={kind:"union",negate:!1,...e};return{type:"CharacterClass",kind:t.kind,negate:t.negate,body:kl(e?.body)}}function tb(e,t){if(t.value<e.value)throw new Error("Character class range out of order");return{type:"CharacterClassRange",min:e,max:t}}function Ur(e,t){const n=!!t?.negate,a={type:"CharacterSet",kind:e};return(e==="digit"||e==="hex"||e==="newline"||e==="space"||e==="word")&&(a.negate=n),(e==="text_segment"||e==="newline"&&!n)&&(a.variableLength=!0),a}function nb(e,t={}){if(e==="keep")return{type:"Directive",kind:e};if(e==="flags")return{type:"Directive",kind:e,flags:Ht(t.flags)};throw new Error(`Unexpected directive kind "${e}"`)}function ab(e){return{type:"Flags",...e}}function be(e){const t=e?.atomic,n=e?.flags;if(t&&n)throw new Error("Atomic group cannot have flags");return{type:"Group",...t&&{atomic:t},...n&&{flags:n},body:jn(e?.body)}}function at(e){const t={behind:!1,negate:!1,...e};return{type:"LookaroundAssertion",kind:t.behind?"lookbehind":"lookahead",negate:t.negate,body:jn(e?.body)}}function rb(e,t,n){return{type:"NamedCallout",kind:e,tag:t,arguments:n}}function ib(e,t){const n=!!t?.negate;if(!Ti.has(e))throw new Error(`Invalid POSIX class "${e}"`);return{type:"CharacterSet",kind:"posix",value:e,negate:n}}function wl(e,t,n,a){if(t>n)throw new Error("Invalid reversed quantifier range");return{type:"Quantifier",kind:e,min:t,max:n,body:a}}function sb(e,t){return{type:"Regex",body:jn(t?.body),flags:e}}function xl(e){return{type:"Subroutine",ref:e}}function Ft(e,t){const n={negate:!1,normalizeUnknownPropertyNames:!1,skipPropertyNameValidation:!1,unicodePropertyMap:null,...t};let a=n.unicodePropertyMap?.get(Na(e));if(!a){if(n.normalizeUnknownPropertyNames)a=lb(e);else if(n.unicodePropertyMap&&!n.skipPropertyNameValidation)throw new Error(X`Invalid Unicode property "\p{${e}}"`)}return{type:"CharacterSet",kind:"property",value:a??e,negate:n.negate}}function ob({flags:e,kind:t,name:n,negate:a,number:r}){switch(t){case"absence_repeater":return eb("repeater");case"atomic":return be({atomic:!0});case"capturing":return vl(r,{name:n});case"group":return be({flags:e});case"lookahead":case"lookbehind":return at({behind:t==="lookbehind",negate:a});default:throw new Error(`Unexpected group kind "${t}"`)}}function jn(e){if(e===void 0)e=[ht()];else if(!Array.isArray(e)||!e.length||!e.every(t=>t.type==="Alternative"))throw new Error("Invalid body; expected array of one or more Alternative nodes");return e}function kl(e){if(e===void 0)e=[];else if(!Array.isArray(e)||!e.every(t=>!!t.type))throw new Error("Invalid body; expected array of nodes");return e}function Bs(e){return e.type==="LookaroundAssertion"&&e.kind==="lookahead"}function Us(e){return e.type==="LookaroundAssertion"&&e.kind==="lookbehind"}function cb(e){return/^[\p{Alpha}\p{Pc}][^)]*$/u.test(e)}function lb(e){return e.trim().replace(/[- _]+/g,"_").replace(/[A-Z][a-z]+(?=[A-Z])/g,"$&_").replace(/[A-Za-z]+/g,t=>t[0].toUpperCase()+t.slice(1).toLowerCase())}function Na(e){return e.replace(/[- _]+/g,"").toLowerCase()}function Gs(e,t){return Ht(e,`${t?.type==="Character"&&t.value===93?"Empty":"Unclosed"} character class`)}function Hs(e){return Ht(e,"Unclosed group")}function pn(e,t,n=null){function a(i,s){for(let o=0;o<i.length;o++){const c=r(i[o],s,o,i);o=Math.max(-1,o+c)}}function r(i,s=null,o=null,c=null){let l=0,u=!1;const p={node:i,parent:s,key:o,container:c,root:e,remove(){Kn(c).splice(Math.max(0,xt(o)+l),1),l--,u=!0},removeAllNextSiblings(){return Kn(c).splice(xt(o)+1)},removeAllPrevSiblings(){const b=xt(o)+l;return l-=b,Kn(c).splice(0,Math.max(0,b))},replaceWith(b,_={}){const w=!!_.traverse;c?c[Math.max(0,xt(o)+l)]=b:Ht(s,"Can't replace root node")[o]=b,w&&r(b,s,o,c),u=!0},replaceWithMultiple(b,_={}){const w=!!_.traverse;if(Kn(c).splice(Math.max(0,xt(o)+l),1,...b),l+=b.length-1,w){let h=0;for(let C=0;C<b.length;C++)h+=r(b[C],s,xt(o)+C+h,c)}u=!0},skip(){u=!0}},{type:d}=i,m=t["*"],g=t[d],v=typeof m=="function"?m:m?.enter,f=typeof g=="function"?g:g?.enter;if(v?.(p,n),f?.(p,n),!u)switch(d){case"AbsenceFunction":case"CapturingGroup":case"Group":a(i.body,i);break;case"Alternative":case"CharacterClass":a(i.body,i);break;case"Assertion":case"Backreference":case"Character":case"CharacterSet":case"Directive":case"Flags":case"NamedCallout":case"Subroutine":break;case"CharacterClassRange":r(i.min,i,"min"),r(i.max,i,"max");break;case"LookaroundAssertion":a(i.body,i);break;case"Quantifier":r(i.body,i,"body");break;case"Regex":a(i.body,i),r(i.flags,i,"flags");break;default:throw new Error(`Unexpected node type "${d}"`)}return g?.exit?.(p,n),m?.exit?.(p,n),l}return r(e),e}function Kn(e){if(!Array.isArray(e))throw new Error("Container expected");return e}function xt(e){if(typeof e!="number")throw new Error("Numeric key expected");return e}const ub=String.raw`\(\?(?:[:=!>A-Za-z\-]|<[=!]|\(DEFINE\))`;function pb(e,t){for(let n=0;n<e.length;n++)e[n]>=t&&e[n]++}function db(e,t,n,a){return e.slice(0,t)+a+e.slice(t+n.length)}const de=Object.freeze({DEFAULT:"DEFAULT",CHAR_CLASS:"CHAR_CLASS"});function Oi(e,t,n,a){const r=new RegExp(String.raw`${t}|(?<$skip>\[\^?|\\?.)`,"gsu"),i=[!1];let s=0,o="";for(const c of e.matchAll(r)){const{0:l,groups:{$skip:u}}=c;if(!u&&(!a||a===de.DEFAULT==!s)){n instanceof Function?o+=n(c,{context:s?de.CHAR_CLASS:de.DEFAULT,negated:i[i.length-1]}):o+=n;continue}l[0]==="["?(s++,i.push(l[1]==="^")):l==="]"&&s&&(s--,i.pop()),o+=l}return o}function Cl(e,t,n,a){Oi(e,t,n,a)}function mb(e,t,n=0,a){if(!new RegExp(t,"su").test(e))return null;const r=new RegExp(`${t}|(?<$skip>\\\\?.)`,"gsu");r.lastIndex=n;let i=0,s;for(;s=r.exec(e);){const{0:o,groups:{$skip:c}}=s;if(!c&&(!a||a===de.DEFAULT==!i))return s;o==="["?i++:o==="]"&&i&&i--,r.lastIndex==s.index&&r.lastIndex++}return null}function Qn(e,t,n){return!!mb(e,t,0,n)}function hb(e,t){const n=/\\?./gsu;n.lastIndex=t;let a=e.length,r=0,i=1,s;for(;s=n.exec(e);){const[o]=s;if(o==="[")r++;else if(r)o==="]"&&r--;else if(o==="(")i++;else if(o===")"&&(i--,!i)){a=s.index;break}}return e.slice(t,a)}const Ws=new RegExp(String.raw`(?<noncapturingStart>${ub})|(?<capturingStart>\((?:\?<[^>]+>)?)|\\?.`,"gsu");function gb(e,t){const n=t?.hiddenCaptures??[];let a=t?.captureTransfers??new Map;if(!/\(\?>/.test(e))return{pattern:e,captureTransfers:a,hiddenCaptures:n};const r="(?>",i="(?:(?=(",s=[0],o=[];let c=0,l=0,u=NaN,p;do{p=!1;let d=0,m=0,g=!1,v;for(Ws.lastIndex=Number.isNaN(u)?0:u+i.length;v=Ws.exec(e);){const{0:f,index:b,groups:{capturingStart:_,noncapturingStart:w}}=v;if(f==="[")d++;else if(d)f==="]"&&d--;else if(f===r&&!g)u=b,g=!0;else if(g&&w)m++;else if(_)g?m++:(c++,s.push(c+l));else if(f===")"&&g){if(!m){l++;const h=c+l;if(e=`${e.slice(0,u)}${i}${e.slice(u+r.length,b)}))<$$${h}>)${e.slice(b+1)}`,p=!0,o.push(h),pb(n,h),a.size){const C=new Map;a.forEach((k,$)=>{C.set($>=h?$+1:$,k.map(T=>T>=h?T+1:T))}),a=C}break}m--}}}while(p);return n.push(...o),e=Oi(e,String.raw`\\(?<backrefNum>[1-9]\d*)|<\$\$(?<wrappedBackrefNum>\d+)>`,({0:d,groups:{backrefNum:m,wrappedBackrefNum:g}})=>{if(m){const v=+m;if(v>s.length-1)throw new Error(`Backref "${d}" greater than number of captures`);return`\\${s[v]}`}return`\\${g}`},de.DEFAULT),{pattern:e,captureTransfers:a,hiddenCaptures:n}}const El=String.raw`(?:[?*+]|\{\d+(?:,\d*)?\})`,nr=new RegExp(String.raw`
\\(?: \d+
  | c[A-Za-z]
  | [gk]<[^>]+>
  | [pPu]\{[^\}]+\}
  | u[A-Fa-f\d]{4}
  | x[A-Fa-f\d]{2}
  )
| \((?: \? (?: [:=!>]
  | <(?:[=!]|[^>]+>)
  | [A-Za-z\-]+:
  | \(DEFINE\)
  ))?
| (?<qBase>${El})(?<qMod>[?+]?)(?<invalidQ>[?*+\{]?)
| \\?.
`.replace(/\s+/g,""),"gsu");function fb(e){if(!new RegExp(`${El}\\+`).test(e))return{pattern:e};const t=[];let n=null,a=null,r="",i=0,s;for(nr.lastIndex=0;s=nr.exec(e);){const{0:o,index:c,groups:{qBase:l,qMod:u,invalidQ:p}}=s;if(o==="[")i||(a=c),i++;else if(o==="]")i?i--:a=null;else if(!i)if(u==="+"&&r&&!r.startsWith("(")){if(p)throw new Error(`Invalid quantifier "${o}"`);let d=-1;if(/^\{\d+\}$/.test(l))e=db(e,c+l.length,u,"");else{if(r===")"||r==="]"){const m=r===")"?n:a;if(m===null)throw new Error(`Invalid unmatched "${r}"`);e=`${e.slice(0,m)}(?>${e.slice(m,c)}${l})${e.slice(c+o.length)}`}else e=`${e.slice(0,c-r.length)}(?>${r}${l})${e.slice(c+o.length)}`;d+=4}nr.lastIndex+=d}else o[0]==="("?t.push(c):o===")"&&(n=t.length?t.pop():null);r=o}return{pattern:e}}const ue=String.raw,bb=ue`\\g<(?<gRNameOrNum>[^>&]+)&R=(?<gRDepth>[^>]+)>`,Gr=ue`\(\?R=(?<rDepth>[^\)]+)\)|${bb}`,La=ue`\(\?<(?![=!])(?<captureName>[^>]+)>`,Fl=ue`${La}|(?<unnamed>\()(?!\?)`,Je=new RegExp(ue`${La}|${Gr}|\(\?|\\?.`,"gsu"),ar="Cannot use multiple overlapping recursions";function _b(e,t){const{hiddenCaptures:n,mode:a}={hiddenCaptures:[],mode:"plugin",...t};let r=t?.captureTransfers??new Map;if(!new RegExp(Gr,"su").test(e))return{pattern:e,captureTransfers:r,hiddenCaptures:n};if(a==="plugin"&&Qn(e,ue`\(\?\(DEFINE\)`,de.DEFAULT))throw new Error("DEFINE groups cannot be used with recursion");const i=[],s=Qn(e,ue`\\[1-9]`,de.DEFAULT),o=new Map,c=[];let l=!1,u=0,p=0,d;for(Je.lastIndex=0;d=Je.exec(e);){const{0:m,groups:{captureName:g,rDepth:v,gRNameOrNum:f,gRDepth:b}}=d;if(m==="[")u++;else if(u)m==="]"&&u--;else if(v){if(Vs(v),l)throw new Error(ar);if(s)throw new Error(`${a==="external"?"Backrefs":"Numbered backrefs"} cannot be used with global recursion`);const _=e.slice(0,d.index),w=e.slice(Je.lastIndex);if(Qn(w,Gr,de.DEFAULT))throw new Error(ar);const h=+v-1;e=Zs(_,w,h,!1,n,i,p),r=Xs(r,_,h,i.length,0,p);break}else if(f){Vs(b);let _=!1;for(const R of c)if(R.name===f||R.num===+f){if(_=!0,R.hasRecursedWithin)throw new Error(ar);break}if(!_)throw new Error(ue`Recursive \g cannot be used outside the referenced group "${a==="external"?f:ue`\g<${f}&R=${b}>`}"`);const w=o.get(f),h=hb(e,w);if(s&&Qn(h,ue`${La}|\((?!\?)`,de.DEFAULT))throw new Error(`${a==="external"?"Backrefs":"Numbered backrefs"} cannot be used with recursion of capturing groups`);const C=e.slice(w,d.index),k=h.slice(C.length+m.length),$=i.length,T=+b-1,N=Zs(C,k,T,!0,n,i,p);r=Xs(r,C,T,i.length-$,$,p);const I=e.slice(0,w),D=e.slice(w+h.length);e=`${I}${N}${D}`,Je.lastIndex+=N.length-m.length-C.length-k.length,c.forEach(R=>R.hasRecursedWithin=!0),l=!0}else if(g)p++,o.set(String(p),Je.lastIndex),o.set(g,Je.lastIndex),c.push({num:p,name:g});else if(m[0]==="("){const _=m==="(";_&&(p++,o.set(String(p),Je.lastIndex)),c.push(_?{num:p}:{})}else m===")"&&c.pop()}return n.push(...i),{pattern:e,captureTransfers:r,hiddenCaptures:n}}function Vs(e){const t=`Max depth must be integer between 2 and 100; used ${e}`;if(!/^[1-9]\d*$/.test(e))throw new Error(t);if(e=+e,e<2||e>100)throw new Error(t)}function Zs(e,t,n,a,r,i,s){const o=new Set;a&&Cl(e+t,La,({groups:{captureName:l}})=>{o.add(l)},de.DEFAULT);const c=[n,a?o:null,r,i,s];return`${e}${Ys(`(?:${e}`,"forward",...c)}(?:)${Ys(`${t})`,"backward",...c)}${t}`}function Ys(e,t,n,a,r,i,s){const c=u=>t==="forward"?u+2:n-u+2-1;let l="";for(let u=0;u<n;u++){const p=c(u);l+=Oi(e,ue`${Fl}|\\k<(?<backref>[^>]+)>`,({0:d,groups:{captureName:m,unnamed:g,backref:v}})=>{if(v&&a&&!a.has(v))return d;const f=`_$${p}`;if(g||m){const b=s+i.length+1;return i.push(b),yb(r,b),g?d:`(?<${m}${f}>`}return ue`\k<${v}${f}>`},de.DEFAULT)}return l}function yb(e,t){for(let n=0;n<e.length;n++)e[n]>=t&&e[n]++}function Xs(e,t,n,a,r,i){if(e.size&&a){let s=0;Cl(t,Fl,()=>s++,de.DEFAULT);const o=i-s+r,c=new Map;return e.forEach((l,u)=>{const p=(a-s*n)/n,d=s*n,m=u>o+s?u+a:u,g=[];for(const v of l)if(v<=o)g.push(v);else if(v>o+s+p)g.push(v+a);else if(v<=o+s)for(let f=0;f<=n;f++)g.push(v+s*f);else for(let f=0;f<=n;f++)g.push(v+d+p*f);c.set(m,g)}),c}return e}var V=String.fromCodePoint,j=String.raw,Le={flagGroups:(()=>{try{new RegExp("(?i:)")}catch{return!1}return!0})(),unicodeSets:(()=>{try{new RegExp("","v")}catch{return!1}return!0})()};Le.bugFlagVLiteralHyphenIsRange=Le.unicodeSets?(()=>{try{new RegExp(j`[\d\-a]`,"v")}catch{return!0}return!1})():!1;Le.bugNestedClassIgnoresNegation=Le.unicodeSets&&new RegExp("[[^a]]","v").test("a");function xa(e,{enable:t,disable:n}){return{dotAll:!n?.dotAll&&!!(t?.dotAll||e.dotAll),ignoreCase:!n?.ignoreCase&&!!(t?.ignoreCase||e.ignoreCase)}}function yn(e,t,n){return e.has(t)||e.set(t,n),e.get(t)}function Hr(e,t){return Ks[e]>=Ks[t]}function vb(e,t){if(e==null)throw new Error(t??"Value expected");return e}var Ks={ES2025:2025,ES2024:2024,ES2018:2018},wb={auto:"auto",ES2025:"ES2025",ES2024:"ES2024",ES2018:"ES2018"};function $l(e={}){if({}.toString.call(e)!=="[object Object]")throw new Error("Unexpected options");if(e.target!==void 0&&!wb[e.target])throw new Error(`Unexpected target "${e.target}"`);const t={accuracy:"default",avoidSubclass:!1,flags:"",global:!1,hasIndices:!1,lazyCompileLength:1/0,target:"auto",verbose:!1,...e,rules:{allowOrphanBackrefs:!1,asciiWordBoundaries:!1,captureGroup:!1,recursionLimit:20,singleline:!1,...e.rules}};return t.target==="auto"&&(t.target=Le.flagGroups?"ES2025":Le.unicodeSets?"ES2024":"ES2018"),t}var xb="[	-\r ]",kb=new Set([V(304),V(305)]),Oe=j`[\p{L}\p{M}\p{N}\p{Pc}]`;function jl(e){if(kb.has(e))return[e];const t=new Set,n=e.toLowerCase(),a=n.toUpperCase(),r=Fb.get(n),i=Cb.get(n),s=Eb.get(n);return[...a].length===1&&t.add(a),s&&t.add(s),r&&t.add(r),t.add(n),i&&t.add(i),[...t]}var Ii=new Map(`C Other
Cc Control cntrl
Cf Format
Cn Unassigned
Co Private_Use
Cs Surrogate
L Letter
LC Cased_Letter
Ll Lowercase_Letter
Lm Modifier_Letter
Lo Other_Letter
Lt Titlecase_Letter
Lu Uppercase_Letter
M Mark Combining_Mark
Mc Spacing_Mark
Me Enclosing_Mark
Mn Nonspacing_Mark
N Number
Nd Decimal_Number digit
Nl Letter_Number
No Other_Number
P Punctuation punct
Pc Connector_Punctuation
Pd Dash_Punctuation
Pe Close_Punctuation
Pf Final_Punctuation
Pi Initial_Punctuation
Po Other_Punctuation
Ps Open_Punctuation
S Symbol
Sc Currency_Symbol
Sk Modifier_Symbol
Sm Math_Symbol
So Other_Symbol
Z Separator
Zl Line_Separator
Zp Paragraph_Separator
Zs Space_Separator
ASCII
ASCII_Hex_Digit AHex
Alphabetic Alpha
Any
Assigned
Bidi_Control Bidi_C
Bidi_Mirrored Bidi_M
Case_Ignorable CI
Cased
Changes_When_Casefolded CWCF
Changes_When_Casemapped CWCM
Changes_When_Lowercased CWL
Changes_When_NFKC_Casefolded CWKCF
Changes_When_Titlecased CWT
Changes_When_Uppercased CWU
Dash
Default_Ignorable_Code_Point DI
Deprecated Dep
Diacritic Dia
Emoji
Emoji_Component EComp
Emoji_Modifier EMod
Emoji_Modifier_Base EBase
Emoji_Presentation EPres
Extended_Pictographic ExtPict
Extender Ext
Grapheme_Base Gr_Base
Grapheme_Extend Gr_Ext
Hex_Digit Hex
IDS_Binary_Operator IDSB
IDS_Trinary_Operator IDST
ID_Continue IDC
ID_Start IDS
Ideographic Ideo
Join_Control Join_C
Logical_Order_Exception LOE
Lowercase Lower
Math
Noncharacter_Code_Point NChar
Pattern_Syntax Pat_Syn
Pattern_White_Space Pat_WS
Quotation_Mark QMark
Radical
Regional_Indicator RI
Sentence_Terminal STerm
Soft_Dotted SD
Terminal_Punctuation Term
Unified_Ideograph UIdeo
Uppercase Upper
Variation_Selector VS
White_Space space
XID_Continue XIDC
XID_Start XIDS`.split(/\s/).map(e=>[Na(e),e])),Cb=new Map([["s",V(383)],[V(383),"s"]]),Eb=new Map([[V(223),V(7838)],[V(107),V(8490)],[V(229),V(8491)],[V(969),V(8486)]]),Fb=new Map([Be(453),Be(456),Be(459),Be(498),...rr(8072,8079),...rr(8088,8095),...rr(8104,8111),Be(8124),Be(8140),Be(8188)]),$b=new Map([["alnum",j`[\p{Alpha}\p{Nd}]`],["alpha",j`\p{Alpha}`],["ascii",j`\p{ASCII}`],["blank",j`[\p{Zs}\t]`],["cntrl",j`\p{Cc}`],["digit",j`\p{Nd}`],["graph",j`[\P{space}&&\P{Cc}&&\P{Cn}&&\P{Cs}]`],["lower",j`\p{Lower}`],["print",j`[[\P{space}&&\P{Cc}&&\P{Cn}&&\P{Cs}]\p{Zs}]`],["punct",j`[\p{P}\p{S}]`],["space",j`\p{space}`],["upper",j`\p{Upper}`],["word",j`[\p{Alpha}\p{M}\p{Nd}\p{Pc}]`],["xdigit",j`\p{AHex}`]]);function jb(e,t){const n=[];for(let a=e;a<=t;a++)n.push(a);return n}function Be(e){const t=V(e);return[t.toLowerCase(),t]}function rr(e,t){return jb(e,t).map(n=>Be(n))}var Sl=new Set(["Lower","Lowercase","Upper","Uppercase","Ll","Lowercase_Letter","Lt","Titlecase_Letter","Lu","Uppercase_Letter"]);function Sb(e,t){const n={accuracy:"default",asciiWordBoundaries:!1,avoidSubclass:!1,bestEffortTarget:"ES2025",...t};Al(e);const a={accuracy:n.accuracy,asciiWordBoundaries:n.asciiWordBoundaries,avoidSubclass:n.avoidSubclass,flagDirectivesByAlt:new Map,jsGroupNameMap:new Map,minTargetEs2024:Hr(n.bestEffortTarget,"ES2024"),passedLookbehind:!1,strategy:null,subroutineRefMap:new Map,supportedGNodes:new Set,digitIsAscii:e.flags.digitIsAscii,spaceIsAscii:e.flags.spaceIsAscii,wordIsAscii:e.flags.wordIsAscii};pn(e,Ab,a);const r={dotAll:e.flags.dotAll,ignoreCase:e.flags.ignoreCase},i={currentFlags:r,prevFlags:null,globalFlags:r,groupOriginByCopy:new Map,groupsByName:new Map,multiplexCapturesToLeftByRef:new Map,openRefs:new Map,reffedNodesByReferencer:new Map,subroutineRefMap:a.subroutineRefMap};pn(e,Tb,i);const s={groupsByName:i.groupsByName,highestOrphanBackref:0,numCapturesToLeft:0,reffedNodesByReferencer:i.reffedNodesByReferencer};return pn(e,Rb,s),e._originMap=i.groupOriginByCopy,e._strategy=a.strategy,e}var Ab={AbsenceFunction({node:e,parent:t,replaceWith:n}){const{body:a,kind:r}=e;if(r==="repeater"){const i=be();i.body[0].body.push(at({negate:!0,body:a}),Ft("Any"));const s=be();s.body[0].body.push(wl("greedy",0,1/0,i)),n(B(s,t),{traverse:!0})}else throw new Error('Unsupported absence function "(?~|"')},Alternative:{enter({node:e,parent:t,key:n},{flagDirectivesByAlt:a}){const r=e.body.filter(i=>i.kind==="flags");for(let i=n+1;i<t.body.length;i++){const s=t.body[i];yn(a,s,[]).push(...r)}},exit({node:e},{flagDirectivesByAlt:t}){if(t.get(e)?.length){const n=Rl(t.get(e));if(n){const a=be({flags:n});a.body[0].body=e.body,e.body=[B(a,e)]}}}},Assertion({node:e,parent:t,key:n,container:a,root:r,remove:i,replaceWith:s},o){const{kind:c,negate:l}=e,{asciiWordBoundaries:u,avoidSubclass:p,supportedGNodes:d,wordIsAscii:m}=o;if(c==="text_segment_boundary")throw new Error(`Unsupported text segment boundary "\\${l?"Y":"y"}"`);if(c==="line_end")s(B(at({body:[ht({body:[zr("string_end")]}),ht({body:[Ia(10)]})]}),t));else if(c==="line_start")s(B(Ie(j`(?<=\A|\n(?!\z))`,{skipLookbehindValidation:!0}),t));else if(c==="search_start")if(d.has(e))r.flags.sticky=!0,i();else{const g=a[n-1];if(g&&Db(g))s(B(at({negate:!0}),t));else{if(p)throw new Error(j`Uses "\G" in a way that requires a subclass`);s(Ue(zr("string_start"),t)),o.strategy="clip_search"}}else if(!(c==="string_end"||c==="string_start"))if(c==="string_end_newline")s(B(Ie(j`(?=\n?\z)`),t));else if(c==="word_boundary"){if(!m&&!u){const g=`(?:(?<=${Oe})(?!${Oe})|(?<!${Oe})(?=${Oe}))`,v=`(?:(?<=${Oe})(?=${Oe})|(?<!${Oe})(?!${Oe}))`;s(B(Ie(l?v:g),t))}}else throw new Error(`Unexpected assertion kind "${c}"`)},Backreference({node:e},{jsGroupNameMap:t}){let{ref:n}=e;typeof n=="string"&&!sr(n)&&(n=ir(n,t),e.ref=n)},CapturingGroup({node:e},{jsGroupNameMap:t,subroutineRefMap:n}){let{name:a}=e;a&&!sr(a)&&(a=ir(a,t),e.name=a),n.set(e.number,e),a&&n.set(a,e)},CharacterClassRange({node:e,parent:t,replaceWith:n}){if(t.kind==="intersection"){const a=ra({body:[e]});n(B(a,t),{traverse:!0})}},CharacterSet({node:e,parent:t,replaceWith:n},{accuracy:a,minTargetEs2024:r,digitIsAscii:i,spaceIsAscii:s,wordIsAscii:o}){const{kind:c,negate:l,value:u}=e;if(i&&(c==="digit"||u==="digit")){n(Ue(Ur("digit",{negate:l}),t));return}if(s&&(c==="space"||u==="space")){n(B(or(Ie(xb),l),t));return}if(o&&(c==="word"||u==="word")){n(Ue(Ur("word",{negate:l}),t));return}if(c==="any")n(Ue(Ft("Any"),t));else if(c==="digit")n(Ue(Ft("Nd",{negate:l}),t));else if(c!=="dot")if(c==="text_segment"){if(a==="strict")throw new Error(j`Use of "\X" requires non-strict accuracy`);const p="\\p{Emoji}(?:\\p{EMod}|\\uFE0F\\u20E3?|[\\x{E0020}-\\x{E007E}]+\\x{E007F})?",d=j`\p{RI}{2}|${p}(?:\u200D${p})*`;n(B(Ie(j`(?>\r\n|${r?j`\p{RGI_Emoji}`:d}|\P{M}\p{M}*)`,{skipPropertyNameValidation:!0}),t))}else if(c==="hex")n(Ue(Ft("AHex",{negate:l}),t));else if(c==="newline")n(B(Ie(l?`[^
]`:`(?>\r
?|[
\v\f┬à\u2028\u2029])`),t));else if(c==="posix")if(!r&&(u==="graph"||u==="print")){if(a==="strict")throw new Error(`POSIX class "${u}" requires min target ES2024 or non-strict accuracy`);let p={graph:"!-~",print:" -~"}[u];l&&(p=`\0-${V(p.codePointAt(0)-1)}${V(p.codePointAt(2)+1)}-⌠Å┐┐`),n(B(Ie(`[${p}]`),t))}else n(B(or(Ie($b.get(u)),l),t));else if(c==="property")Ii.has(Na(u))||(e.key="sc");else if(c==="space")n(Ue(Ft("space",{negate:l}),t));else if(c==="word")n(B(or(Ie(Oe),l),t));else throw new Error(`Unexpected character set kind "${c}"`)},Directive({node:e,parent:t,root:n,remove:a,replaceWith:r,removeAllPrevSiblings:i,removeAllNextSiblings:s}){const{kind:o,flags:c}=e;if(o==="flags")if(!c.enable&&!c.disable)a();else{const l=be({flags:c});l.body[0].body=s(),r(B(l,t),{traverse:!0})}else if(o==="keep"){const l=n.body[0],p=n.body.length===1&&_l(l,{type:"Group"})&&l.body[0].body.length===1?l.body[0]:n;if(t.parent!==p||p.body.length>1)throw new Error(j`Uses "\K" in a way that's unsupported`);const d=at({behind:!0});d.body[0].body=i(),r(B(d,t))}else throw new Error(`Unexpected directive kind "${o}"`)},Flags({node:e,parent:t}){if(e.posixIsAscii)throw new Error('Unsupported flag "P"');if(e.textSegmentMode==="word")throw new Error('Unsupported flag "y{w}"');["digitIsAscii","extended","posixIsAscii","spaceIsAscii","wordIsAscii","textSegmentMode"].forEach(n=>delete e[n]),Object.assign(e,{global:!1,hasIndices:!1,multiline:!1,sticky:e.sticky??!1}),t.options={disable:{x:!0,n:!0},force:{v:!0}}},Group({node:e}){if(!e.flags)return;const{enable:t,disable:n}=e.flags;t?.extended&&delete t.extended,n?.extended&&delete n.extended,t?.dotAll&&n?.dotAll&&delete t.dotAll,t?.ignoreCase&&n?.ignoreCase&&delete t.ignoreCase,t&&!Object.keys(t).length&&delete e.flags.enable,n&&!Object.keys(n).length&&delete e.flags.disable,!e.flags.enable&&!e.flags.disable&&delete e.flags},LookaroundAssertion({node:e},t){const{kind:n}=e;n==="lookbehind"&&(t.passedLookbehind=!0)},NamedCallout({node:e,parent:t,replaceWith:n}){const{kind:a}=e;if(a==="fail")n(B(at({negate:!0}),t));else throw new Error(`Unsupported named callout "(*${a.toUpperCase()}"`)},Quantifier({node:e}){if(e.body.type==="Quantifier"){const t=be();t.body[0].body.push(e.body),e.body=B(t,e)}},Regex:{enter({node:e},{supportedGNodes:t}){const n=[];let a=!1,r=!1;for(const i of e.body)if(i.body.length===1&&i.body[0].kind==="search_start")i.body.pop();else{const s=Il(i.body);s?(a=!0,Array.isArray(s)?n.push(...s):n.push(s)):r=!0}a&&!r&&n.forEach(i=>t.add(i))},exit(e,{accuracy:t,passedLookbehind:n,strategy:a}){if(t==="strict"&&n&&a)throw new Error(j`Uses "\G" in a way that requires non-strict accuracy`)}},Subroutine({node:e},{jsGroupNameMap:t}){let{ref:n}=e;typeof n=="string"&&!sr(n)&&(n=ir(n,t),e.ref=n)}},Tb={Backreference({node:e},{multiplexCapturesToLeftByRef:t,reffedNodesByReferencer:n}){const{orphan:a,ref:r}=e;a||n.set(e,[...t.get(r).map(({node:i})=>i)])},CapturingGroup:{enter({node:e,parent:t,replaceWith:n,skip:a},{groupOriginByCopy:r,groupsByName:i,multiplexCapturesToLeftByRef:s,openRefs:o,reffedNodesByReferencer:c}){const l=r.get(e);if(l&&o.has(e.number)){const p=Ue(Qs(e.number),t);c.set(p,o.get(e.number)),n(p);return}o.set(e.number,e),s.set(e.number,[]),e.name&&yn(s,e.name,[]);const u=s.get(e.name??e.number);for(let p=0;p<u.length;p++){const d=u[p];if(l===d.node||l&&l===d.origin||e===d.origin){u.splice(p,1);break}}if(s.get(e.number).push({node:e,origin:l}),e.name&&s.get(e.name).push({node:e,origin:l}),e.name){const p=yn(i,e.name,new Map);let d=!1;if(l)d=!0;else for(const m of p.values())if(!m.hasDuplicateNameToRemove){d=!0;break}i.get(e.name).set(e,{node:e,hasDuplicateNameToRemove:d})}},exit({node:e},{openRefs:t}){t.delete(e.number)}},Group:{enter({node:e},t){t.prevFlags=t.currentFlags,e.flags&&(t.currentFlags=xa(t.currentFlags,e.flags))},exit(e,t){t.currentFlags=t.prevFlags}},Subroutine({node:e,parent:t,replaceWith:n},a){const{isRecursive:r,ref:i}=e;if(r){let u=t;for(;(u=u.parent)&&!(u.type==="CapturingGroup"&&(u.name===i||u.number===i)););a.reffedNodesByReferencer.set(e,u);return}const s=a.subroutineRefMap.get(i),o=i===0,c=o?Qs(0):Tl(s,a.groupOriginByCopy,null);let l=c;if(!o){const u=Rl(Nb(s,d=>d.type==="Group"&&!!d.flags)),p=u?xa(a.globalFlags,u):a.globalFlags;Ob(p,a.currentFlags)||(l=be({flags:Lb(p)}),l.body[0].body.push(c))}n(B(l,t),{traverse:!o})}},Rb={Backreference({node:e,parent:t,replaceWith:n},a){if(e.orphan){a.highestOrphanBackref=Math.max(a.highestOrphanBackref,e.ref);return}const i=a.reffedNodesByReferencer.get(e).filter(s=>Ib(s,e));if(!i.length)n(B(at({negate:!0}),t));else if(i.length>1){const s=be({atomic:!0,body:i.reverse().map(o=>ht({body:[Br(o.number)]}))});n(B(s,t))}else e.ref=i[0].number},CapturingGroup({node:e},t){e.number=++t.numCapturesToLeft,e.name&&t.groupsByName.get(e.name).get(e).hasDuplicateNameToRemove&&delete e.name},Regex:{exit({node:e},t){const n=Math.max(t.highestOrphanBackref-t.numCapturesToLeft,0);for(let a=0;a<n;a++){const r=vl();e.body.at(-1).body.push(r)}}},Subroutine({node:e},t){!e.isRecursive||e.ref===0||(e.ref=t.reffedNodesByReferencer.get(e).number)}};function Al(e){pn(e,{"*"({node:t,parent:n}){t.parent=n}})}function Ob(e,t){return e.dotAll===t.dotAll&&e.ignoreCase===t.ignoreCase}function Ib(e,t){let n=t;do{if(n.type==="Regex")return!1;if(n.type==="Alternative")continue;if(n===e)return!1;const a=Ol(n.parent);for(const r of a){if(r===n)break;if(r===e||Nl(r,e))return!0}}while(n=n.parent);throw new Error("Unexpected path")}function Tl(e,t,n,a){const r=Array.isArray(e)?[]:{};for(const[i,s]of Object.entries(e))i==="parent"?r.parent=Array.isArray(n)?a:n:s&&typeof s=="object"?r[i]=Tl(s,t,r,n):(i==="type"&&s==="CapturingGroup"&&t.set(r,t.get(e)??e),r[i]=s);return r}function Qs(e){const t=xl(e);return t.isRecursive=!0,t}function Nb(e,t){const n=[];for(;e=e.parent;)(!t||t(e))&&n.push(e);return n}function ir(e,t){if(t.has(e))return t.get(e);const n=`$${t.size}_${e.replace(/^[^$_\p{IDS}]|[^$\u200C\u200D\p{IDC}]/ug,"_")}`;return t.set(e,n),n}function Rl(e){const t=["dotAll","ignoreCase"],n={enable:{},disable:{}};return e.forEach(({flags:a})=>{t.forEach(r=>{a.enable?.[r]&&(delete n.disable[r],n.enable[r]=!0),a.disable?.[r]&&(n.disable[r]=!0)})}),Object.keys(n.enable).length||delete n.enable,Object.keys(n.disable).length||delete n.disable,n.enable||n.disable?n:null}function Lb({dotAll:e,ignoreCase:t}){const n={};return(e||t)&&(n.enable={},e&&(n.enable.dotAll=!0),t&&(n.enable.ignoreCase=!0)),(!e||!t)&&(n.disable={},!e&&(n.disable.dotAll=!0),!t&&(n.disable.ignoreCase=!0)),n}function Ol(e){if(!e)throw new Error("Node expected");const{body:t}=e;return Array.isArray(t)?t:t?[t]:null}function Il(e){const t=e.find(n=>n.kind==="search_start"||Mb(n,{negate:!1})||!Pb(n));if(!t)return null;if(t.kind==="search_start")return t;if(t.type==="LookaroundAssertion")return t.body[0].body[0];if(t.type==="CapturingGroup"||t.type==="Group"){const n=[];for(const a of t.body){const r=Il(a.body);if(!r)return null;Array.isArray(r)?n.push(...r):n.push(r)}return n}return null}function Nl(e,t){const n=Ol(e)??[];for(const a of n)if(a===t||Nl(a,t))return!0;return!1}function Pb({type:e}){return e==="Assertion"||e==="Directive"||e==="LookaroundAssertion"}function Db(e){const t=["Character","CharacterClass","CharacterSet"];return t.includes(e.type)||e.type==="Quantifier"&&e.min&&t.includes(e.body.type)}function Mb(e,t){const n={negate:null,...t};return e.type==="LookaroundAssertion"&&(n.negate===null||e.negate===n.negate)&&e.body.length===1&&_l(e.body[0],{type:"Assertion",kind:"search_start"})}function sr(e){return/^[$_\p{IDS}][$\u200C\u200D\p{IDC}]*$/u.test(e)}function Ie(e,t){const a=yl(e,{...t,unicodePropertyMap:Ii}).body;return a.length>1||a[0].body.length>1?be({body:a}):a[0].body[0]}function or(e,t){return e.negate=t,e}function Ue(e,t){return e.parent=t,e}function B(e,t){return Al(e),e.parent=t,e}function qb(e,t){const n=$l(t),a=Hr(n.target,"ES2024"),r=Hr(n.target,"ES2025"),i=n.rules.recursionLimit;if(!Number.isInteger(i)||i<2||i>20)throw new Error("Invalid recursionLimit; use 2-20");let s=null,o=null;if(!r){const m=[e.flags.ignoreCase];pn(e,zb,{getCurrentModI:()=>m.at(-1),popModI(){m.pop()},pushModI(g){m.push(g)},setHasCasedChar(){m.at(-1)?s=!0:o=!0}})}const c={dotAll:e.flags.dotAll,ignoreCase:!!((e.flags.ignoreCase||s)&&!o)};let l=e;const u={accuracy:n.accuracy,appliedGlobalFlags:c,captureMap:new Map,currentFlags:{dotAll:e.flags.dotAll,ignoreCase:e.flags.ignoreCase},inCharClass:!1,lastNode:l,originMap:e._originMap,recursionLimit:i,useAppliedIgnoreCase:!!(!r&&s&&o),useFlagMods:r,useFlagV:a,verbose:n.verbose};function p(m){return u.lastNode=l,l=m,vb(Bb[m.type],`Unexpected node type "${m.type}"`)(m,u,p)}const d={pattern:e.body.map(p).join("|"),flags:p(e.flags),options:{...e.options}};return a||(delete d.options.force.v,d.options.disable.v=!0,d.options.unicodeSetsPlugin=null),d._captureTransfers=new Map,d._hiddenCaptures=[],u.captureMap.forEach((m,g)=>{m.hidden&&d._hiddenCaptures.push(g),m.transferTo&&yn(d._captureTransfers,m.transferTo,[]).push(g)}),d}var zb={"*":{enter({node:e},t){if(eo(e)){const n=t.getCurrentModI();t.pushModI(e.flags?xa({ignoreCase:n},e.flags).ignoreCase:n)}},exit({node:e},t){eo(e)&&t.popModI()}},Backreference(e,t){t.setHasCasedChar()},Character({node:e},t){Ni(V(e.value))&&t.setHasCasedChar()},CharacterClassRange({node:e,skip:t},n){t(),Ll(e,{firstOnly:!0}).length&&n.setHasCasedChar()},CharacterSet({node:e},t){e.kind==="property"&&Sl.has(e.value)&&t.setHasCasedChar()}},Bb={Alternative({body:e},t,n){return e.map(n).join("")},Assertion({kind:e,negate:t}){if(e==="string_end")return"$";if(e==="string_start")return"^";if(e==="word_boundary")return t?j`\B`:j`\b`;throw new Error(`Unexpected assertion kind "${e}"`)},Backreference({ref:e},t){if(typeof e!="number")throw new Error("Unexpected named backref in transformed AST");if(!t.useFlagMods&&t.accuracy==="strict"&&t.currentFlags.ignoreCase&&!t.captureMap.get(e).ignoreCase)throw new Error("Use of case-insensitive backref to case-sensitive group requires target ES2025 or non-strict accuracy");return"\\"+e},CapturingGroup(e,t,n){const{body:a,name:r,number:i}=e,s={ignoreCase:t.currentFlags.ignoreCase},o=t.originMap.get(e);return o&&(s.hidden=!0,i>o.number&&(s.transferTo=o.number)),t.captureMap.set(i,s),`(${r?`?<${r}>`:""}${a.map(n).join("|")})`},Character({value:e},t){const n=V(e),a=kt(e,{escDigit:t.lastNode.type==="Backreference",inCharClass:t.inCharClass,useFlagV:t.useFlagV});if(a!==n)return a;if(t.useAppliedIgnoreCase&&t.currentFlags.ignoreCase&&Ni(n)){const r=jl(n);return t.inCharClass?r.join(""):r.length>1?`[${r.join("")}]`:r[0]}return n},CharacterClass(e,t,n){const{kind:a,negate:r,parent:i}=e;let{body:s}=e;if(a==="intersection"&&!t.useFlagV)throw new Error("Use of class intersection requires min target ES2024");Le.bugFlagVLiteralHyphenIsRange&&t.useFlagV&&s.some(to)&&(s=[Ia(45),...s.filter(l=>!to(l))]);const o=()=>`[${r?"^":""}${s.map(n).join(a==="intersection"?"&&":"")}]`;if(!t.inCharClass){if((!t.useFlagV||Le.bugNestedClassIgnoresNegation)&&!r){const u=s.filter(p=>p.type==="CharacterClass"&&p.kind==="union"&&p.negate);if(u.length){const p=be(),d=p.body[0];return p.parent=i,d.parent=p,s=s.filter(m=>!u.includes(m)),e.body=s,s.length?(e.parent=d,d.body.push(e)):p.body.pop(),u.forEach(m=>{const g=ht({body:[m]});m.parent=g,g.parent=p,p.body.push(g)}),n(p)}}t.inCharClass=!0;const l=o();return t.inCharClass=!1,l}const c=s[0];if(a==="union"&&!r&&c&&((!t.useFlagV||!t.verbose)&&i.kind==="union"&&!(Le.bugFlagVLiteralHyphenIsRange&&t.useFlagV)||!t.verbose&&i.kind==="intersection"&&s.length===1&&c.type!=="CharacterClassRange"))return s.map(n).join("");if(!t.useFlagV&&i.type==="CharacterClass")throw new Error("Use of nested character class requires min target ES2024");return o()},CharacterClassRange(e,t){const n=e.min.value,a=e.max.value,r={escDigit:!1,inCharClass:!0,useFlagV:t.useFlagV},i=kt(n,r),s=kt(a,r),o=new Set;if(t.useAppliedIgnoreCase&&t.currentFlags.ignoreCase){const c=Ll(e);Vb(c).forEach(u=>{o.add(Array.isArray(u)?`${kt(u[0],r)}-${kt(u[1],r)}`:kt(u,r))})}return`${i}-${s}${[...o].join("")}`},CharacterSet({kind:e,negate:t,value:n,key:a},r){if(e==="dot")return r.currentFlags.dotAll?r.appliedGlobalFlags.dotAll||r.useFlagMods?".":"[^]":j`[^\n]`;if(e==="digit")return t?j`\D`:j`\d`;if(e==="property"){if(r.useAppliedIgnoreCase&&r.currentFlags.ignoreCase&&Sl.has(n))throw new Error(`Unicode property "${n}" can't be case-insensitive when other chars have specific case`);return`${t?j`\P`:j`\p`}{${a?`${a}=`:""}${n}}`}if(e==="word")return t?j`\W`:j`\w`;throw new Error(`Unexpected character set kind "${e}"`)},Flags(e,t){return(t.appliedGlobalFlags.ignoreCase?"i":"")+(e.dotAll?"s":"")+(e.sticky?"y":"")},Group({atomic:e,body:t,flags:n,parent:a},r,i){const s=r.currentFlags;n&&(r.currentFlags=xa(s,n));const o=t.map(i).join("|"),c=!r.verbose&&t.length===1&&a.type!=="Quantifier"&&!e&&(!r.useFlagMods||!n)?o:`(?${Zb(e,n,r.useFlagMods)}${o})`;return r.currentFlags=s,c},LookaroundAssertion({body:e,kind:t,negate:n},a,r){return`(?${`${t==="lookahead"?"":"<"}${n?"!":"="}`}${e.map(r).join("|")})`},Quantifier(e,t,n){return n(e.body)+Yb(e)},Subroutine({isRecursive:e,ref:t},n){if(!e)throw new Error("Unexpected non-recursive subroutine in transformed AST");const a=n.recursionLimit;return t===0?`(?R=${a})`:j`\g<${t}&R=${a}>`}},Ub=new Set(["$","(",")","*","+",".","?","[","\\","]","^","{","|","}"]),Gb=new Set(["-","\\","]","^","["]),Hb=new Set(["(",")","-","/","[","\\","]","^","{","|","}","!","#","$","%","&","*","+",",",".",":",";","<","=",">","?","@","`","~"]),Js=new Map([[9,j`\t`],[10,j`\n`],[11,j`\v`],[12,j`\f`],[13,j`\r`],[8232,j`\u2028`],[8233,j`\u2029`],[65279,j`\uFEFF`]]),Wb=new RegExp("^\\p{Cased}$","u");function Ni(e){return Wb.test(e)}function Ll(e,t){const n=!!t?.firstOnly,a=e.min.value,r=e.max.value,i=[];if(a<65&&(r===65535||r>=131071)||a===65536&&r>=131071)return i;for(let s=a;s<=r;s++){const o=V(s);if(!Ni(o))continue;const c=jl(o).filter(l=>{const u=l.codePointAt(0);return u<a||u>r});if(c.length&&(i.push(...c),n))break}return i}function kt(e,{escDigit:t,inCharClass:n,useFlagV:a}){if(Js.has(e))return Js.get(e);if(e<32||e>126&&e<160||e>262143||t&&Xb(e))return e>255?`\\u{${e.toString(16).toUpperCase()}}`:`\\x${e.toString(16).toUpperCase().padStart(2,"0")}`;const r=n?a?Hb:Gb:Ub,i=V(e);return(r.has(i)?"\\":"")+i}function Vb(e){const t=e.map(r=>r.codePointAt(0)).sort((r,i)=>r-i),n=[];let a=null;for(let r=0;r<t.length;r++)t[r+1]===t[r]+1?a??=t[r]:a===null?n.push(t[r]):(n.push([a,t[r]]),a=null);return n}function Zb(e,t,n){if(e)return">";let a="";if(t&&n){const{enable:r,disable:i}=t;a=(r?.ignoreCase?"i":"")+(r?.dotAll?"s":"")+(i?"-":"")+(i?.ignoreCase?"i":"")+(i?.dotAll?"s":"")}return`${a}:`}function Yb({kind:e,max:t,min:n}){let a;return!n&&t===1?a="?":!n&&t===1/0?a="*":n===1&&t===1/0?a="+":n===t?a=`{${n}}`:a=`{${n},${t===1/0?"":t}}`,a+{greedy:"",lazy:"?",possessive:"+"}[e]}function eo({type:e}){return e==="CapturingGroup"||e==="Group"||e==="LookaroundAssertion"}function Xb(e){return e>47&&e<58}function to({type:e,value:t}){return e==="Character"&&t===45}var Kb=class Wr extends RegExp{#t=new Map;#e=null;#a;#n=null;#r=null;rawOptions={};get source(){return this.#a||"(?:)"}constructor(t,n,a){const r=!!a?.lazyCompile;if(t instanceof RegExp){if(a)throw new Error("Cannot provide options when copying a regexp");const i=t;super(i,n),this.#a=i.source,i instanceof Wr&&(this.#t=i.#t,this.#n=i.#n,this.#r=i.#r,this.rawOptions=i.rawOptions)}else{const i={hiddenCaptures:[],strategy:null,transfers:[],...a};super(r?"":t,n),this.#a=t,this.#t=Jb(i.hiddenCaptures,i.transfers),this.#r=i.strategy,this.rawOptions=a??{}}r||(this.#e=this)}exec(t){if(!this.#e){const{lazyCompile:r,...i}=this.rawOptions;this.#e=new Wr(this.#a,this.flags,i)}const n=this.global||this.sticky,a=this.lastIndex;if(this.#r==="clip_search"&&n&&a){this.lastIndex=0;const r=this.#i(t.slice(a));return r&&(Qb(r,a,t,this.hasIndices),this.lastIndex+=a),r}return this.#i(t)}#i(t){this.#e.lastIndex=this.lastIndex;const n=super.exec.call(this.#e,t);if(this.lastIndex=this.#e.lastIndex,!n||!this.#t.size)return n;const a=[...n];n.length=1;let r;this.hasIndices&&(r=[...n.indices],n.indices.length=1);const i=[0];for(let s=1;s<a.length;s++){const{hidden:o,transferTo:c}=this.#t.get(s)??{};if(o?i.push(null):(i.push(n.length),n.push(a[s]),this.hasIndices&&n.indices.push(r[s])),c&&a[s]!==void 0){const l=i[c];if(!l)throw new Error(`Invalid capture transfer to "${l}"`);if(n[l]=a[s],this.hasIndices&&(n.indices[l]=r[s]),n.groups){this.#n||(this.#n=e_(this.source));const u=this.#n.get(c);u&&(n.groups[u]=a[s],this.hasIndices&&(n.indices.groups[u]=r[s]))}}}return n}};function Qb(e,t,n,a){if(e.index+=t,e.input=n,a){const r=e.indices;for(let s=0;s<r.length;s++){const o=r[s];o&&(r[s]=[o[0]+t,o[1]+t])}const i=r.groups;i&&Object.keys(i).forEach(s=>{const o=i[s];o&&(i[s]=[o[0]+t,o[1]+t])})}}function Jb(e,t){const n=new Map;for(const a of e)n.set(a,{hidden:!0});for(const[a,r]of t)for(const i of r)yn(n,i,{}).transferTo=a;return n}function e_(e){const t=/(?<capture>\((?:\?<(?![=!])(?<name>[^>]+)>|(?!\?)))|\\?./gsu,n=new Map;let a=0,r=0,i;for(;i=t.exec(e);){const{0:s,groups:{capture:o,name:c}}=i;s==="["?a++:a?s==="]"&&a--:o&&(r++,c&&n.set(r,c))}return n}function t_(e,t){const n=n_(e,t);return n.options?new Kb(n.pattern,n.flags,n.options):new RegExp(n.pattern,n.flags)}function n_(e,t){const n=$l(t),a=yl(e,{flags:n.flags,normalizeUnknownPropertyNames:!0,rules:{captureGroup:n.rules.captureGroup,singleline:n.rules.singleline},skipBackrefValidation:n.rules.allowOrphanBackrefs,unicodePropertyMap:Ii}),r=Sb(a,{accuracy:n.accuracy,asciiWordBoundaries:n.rules.asciiWordBoundaries,avoidSubclass:n.avoidSubclass,bestEffortTarget:n.target}),i=qb(r,n),s=_b(i.pattern,{captureTransfers:i._captureTransfers,hiddenCaptures:i._hiddenCaptures,mode:"external"}),o=fb(s.pattern),c=gb(o.pattern,{captureTransfers:s.captureTransfers,hiddenCaptures:s.hiddenCaptures}),l={pattern:c.pattern,flags:`${n.hasIndices?"d":""}${n.global?"g":""}${i.flags}${i.options.disable.v?"u":"v"}`};if(n.avoidSubclass){if(n.lazyCompileLength!==1/0)throw new Error("Lazy compilation requires subclass")}else{const u=c.hiddenCaptures.sort((g,v)=>g-v),p=Array.from(c.captureTransfers),d=r._strategy,m=l.pattern.length>=n.lazyCompileLength;(u.length||p.length||d||m)&&(l.options={...u.length&&{hiddenCaptures:u},...p.length&&{transfers:p},...d&&{strategy:d},...m&&{lazyCompile:m}})}return l}const no=4294967295;class a_{constructor(t,n={}){this.patterns=t,this.options=n;const{forgiving:a=!1,cache:r,regexConstructor:i}=n;if(!i)throw new Error("Option `regexConstructor` is not provided");this.regexps=t.map(s=>{if(typeof s!="string")return s;const o=r?.get(s);if(o){if(o instanceof RegExp)return o;if(a)return null;throw o}try{const c=i(s);return r?.set(s,c),c}catch(c){if(r?.set(s,c),a)return null;throw c}})}regexps;findNextMatchSync(t,n,a){const r=typeof t=="string"?t:t.content,i=[];function s(o,c,l=0){return{index:o,captureIndices:c.indices.map(u=>u==null?{start:no,end:no,length:0}:{start:u[0]+l,end:u[1]+l,length:u[1]-u[0]})}}for(let o=0;o<this.regexps.length;o++){const c=this.regexps[o];if(c)try{c.lastIndex=n;const l=c.exec(r);if(!l)continue;if(l.index===n)return s(o,l,0);i.push([o,l,0])}catch(l){if(this.options.forgiving)continue;throw l}}if(i.length){const o=Math.min(...i.map(c=>c[1].index));for(const[c,l,u]of i)if(l.index===o)return s(c,l,u)}return null}}function r_(e,t){return t_(e,{global:!0,hasIndices:!0,lazyCompileLength:3e3,rules:{allowOrphanBackrefs:!0,asciiWordBoundaries:!0,captureGroup:!0,recursionLimit:5,singleline:!0},...t})}function i_(e={}){const t=Object.assign({target:"auto",cache:new Map},e);return t.regexConstructor||=n=>r_(n,{target:t.target}),{createScanner(n){return new a_(n,t)},createString(n){return{content:n}}}}const s_=Object.freeze(JSON.parse('{"displayName":"JSON","name":"json","patterns":[{"include":"#value"}],"repository":{"array":{"begin":"\\\\[","beginCaptures":{"0":{"name":"punctuation.definition.array.begin.json"}},"end":"]","endCaptures":{"0":{"name":"punctuation.definition.array.end.json"}},"name":"meta.structure.array.json","patterns":[{"include":"#value"},{"match":",","name":"punctuation.separator.array.json"},{"match":"[^]\\\\s]","name":"invalid.illegal.expected-array-separator.json"}]},"comments":{"patterns":[{"begin":"/\\\\*\\\\*(?!/)","captures":{"0":{"name":"punctuation.definition.comment.json"}},"end":"\\\\*/","name":"comment.block.documentation.json"},{"begin":"/\\\\*","captures":{"0":{"name":"punctuation.definition.comment.json"}},"end":"\\\\*/","name":"comment.block.json"},{"captures":{"1":{"name":"punctuation.definition.comment.json"}},"match":"(//).*$\\\\n?","name":"comment.line.double-slash.js"}]},"constant":{"match":"\\\\b(?:true|false|null)\\\\b","name":"constant.language.json"},"number":{"match":"-?(?:0|[1-9]\\\\d*)(?:(?:\\\\.\\\\d+)?(?:[Ee][-+]?\\\\d+)?)?","name":"constant.numeric.json"},"object":{"begin":"\\\\{","beginCaptures":{"0":{"name":"punctuation.definition.dictionary.begin.json"}},"end":"}","endCaptures":{"0":{"name":"punctuation.definition.dictionary.end.json"}},"name":"meta.structure.dictionary.json","patterns":[{"include":"#objectkey"},{"include":"#comments"},{"begin":":","beginCaptures":{"0":{"name":"punctuation.separator.dictionary.key-value.json"}},"end":"(,)|(?=})","endCaptures":{"1":{"name":"punctuation.separator.dictionary.pair.json"}},"name":"meta.structure.dictionary.value.json","patterns":[{"include":"#value"},{"match":"[^,\\\\s]","name":"invalid.illegal.expected-dictionary-separator.json"}]},{"match":"[^}\\\\s]","name":"invalid.illegal.expected-dictionary-separator.json"}]},"objectkey":{"begin":"\\"","beginCaptures":{"0":{"name":"punctuation.support.type.property-name.begin.json"}},"end":"\\"","endCaptures":{"0":{"name":"punctuation.support.type.property-name.end.json"}},"name":"string.json support.type.property-name.json","patterns":[{"include":"#stringcontent"}]},"string":{"begin":"\\"","beginCaptures":{"0":{"name":"punctuation.definition.string.begin.json"}},"end":"\\"","endCaptures":{"0":{"name":"punctuation.definition.string.end.json"}},"name":"string.quoted.double.json","patterns":[{"include":"#stringcontent"}]},"stringcontent":{"patterns":[{"match":"\\\\\\\\(?:[\\"/\\\\\\\\bfnrt]|u\\\\h{4})","name":"constant.character.escape.json"},{"match":"\\\\\\\\.","name":"invalid.illegal.unrecognized-string-escape.json"}]},"value":{"patterns":[{"include":"#constant"},{"include":"#number"},{"include":"#string"},{"include":"#array"},{"include":"#object"},{"include":"#comments"}]}},"scopeName":"source.json"}')),Pl=[s_],o_=Object.freeze(JSON.parse(`{"displayName":"JavaScript","name":"javascript","patterns":[{"include":"#directives"},{"include":"#statements"},{"include":"#shebang"}],"repository":{"access-modifier":{"match":"(?<![$_[:alnum:]])(?:(?<=\\\\.\\\\.\\\\.)|(?<!\\\\.))(abstract|declare|override|public|protected|private|readonly|static)(?![$_[:alnum:]])(?:(?=\\\\.\\\\.\\\\.)|(?!\\\\.))","name":"storage.modifier.js"},"after-operator-block-as-object-literal":{"begin":"(?<!\\\\+\\\\+|--)(?<=[!(+,:=>?\\\\[]|^await|[^$._[:alnum:]]await|^return|[^$._[:alnum:]]return|^yield|[^$._[:alnum:]]yield|^throw|[^$._[:alnum:]]throw|^in|[^$._[:alnum:]]in|^of|[^$._[:alnum:]]of|^typeof|[^$._[:alnum:]]typeof|&&|\\\\|\\\\||\\\\*)\\\\s*(\\\\{)","beginCaptures":{"1":{"name":"punctuation.definition.block.js"}},"end":"}","endCaptures":{"0":{"name":"punctuation.definition.block.js"}},"name":"meta.objectliteral.js","patterns":[{"include":"#object-member"}]},"array-binding-pattern":{"begin":"(?:(\\\\.\\\\.\\\\.)\\\\s*)?(\\\\[)","beginCaptures":{"1":{"name":"keyword.operator.rest.js"},"2":{"name":"punctuation.definition.binding-pattern.array.js"}},"end":"]","endCaptures":{"0":{"name":"punctuation.definition.binding-pattern.array.js"}},"patterns":[{"include":"#binding-element"},{"include":"#punctuation-comma"}]},"array-binding-pattern-const":{"begin":"(?:(\\\\.\\\\.\\\\.)\\\\s*)?(\\\\[)","beginCaptures":{"1":{"name":"keyword.operator.rest.js"},"2":{"name":"punctuation.definition.binding-pattern.array.js"}},"end":"]","endCaptures":{"0":{"name":"punctuation.definition.binding-pattern.array.js"}},"patterns":[{"include":"#binding-element-const"},{"include":"#punctuation-comma"}]},"array-literal":{"begin":"\\\\s*(\\\\[)","beginCaptures":{"1":{"name":"meta.brace.square.js"}},"end":"]","endCaptures":{"0":{"name":"meta.brace.square.js"}},"name":"meta.array.literal.js","patterns":[{"include":"#expression"},{"include":"#punctuation-comma"}]},"arrow-function":{"patterns":[{"captures":{"1":{"name":"storage.modifier.async.js"},"2":{"name":"variable.parameter.js"}},"match":"(?:(?<![$_[:alnum:]])(?:(?<=\\\\.\\\\.\\\\.)|(?<!\\\\.))\\\\b(async)\\\\s+)?([$_[:alpha:]][$_[:alnum:]]*)\\\\s*(?==>)","name":"meta.arrow.js"},{"begin":"(?:(?<![$_[:alnum:]])(?:(?<=\\\\.\\\\.\\\\.)|(?<!\\\\.))\\\\b(async))?((?<![]!)}])\\\\s*(?=((<\\\\s*(((const\\\\s+)?[$_[:alpha:]])|(\\\\{([^{}]|(\\\\{([^{}]|\\\\{[^{}]*})*}))*})|(\\\\(([^()]|(\\\\(([^()]|\\\\([^()]*\\\\))*\\\\)))*\\\\))|(\\\\[([^]\\\\[]|(\\\\[([^]\\\\[]|\\\\[[^]\\\\[]*])*]))*]))([^<=>]|=[^<]|<\\\\s*(((const\\\\s+)?[$_[:alpha:]])|(\\\\{([^{}]|(\\\\{([^{}]|\\\\{[^{}]*})*}))*})|(\\\\(([^()]|(\\\\(([^()]|\\\\([^()]*\\\\))*\\\\)))*\\\\))|(\\\\[([^]\\\\[]|(\\\\[([^]\\\\[]|\\\\[[^]\\\\[]*])*]))*]))([^<=>]|=[^<]|<\\\\s*(((const\\\\s+)?[$_[:alpha:]])|(\\\\{([^{}]|(\\\\{([^{}]|\\\\{[^{}]*})*}))*})|(\\\\(([^()]|(\\\\(([^()]|\\\\([^()]*\\\\))*\\\\)))*\\\\))|(\\\\[([^]\\\\[]|(\\\\[([^]\\\\[]|\\\\[[^]\\\\[]*])*]))*]))([^<=>]|=[^<])*>)*>)*>\\\\s*)?\\\\(\\\\s*(/\\\\*([^*]|(\\\\*[^/]))*\\\\*/\\\\s*)*((\\\\)\\\\s*:)|((\\\\.\\\\.\\\\.\\\\s*)?[$_[:alpha:]][$_[:alnum:]]*\\\\s*:)))|(<\\\\s*[$_[:alpha:]][$_[:alnum:]]*\\\\s+extends\\\\s*[^=>])|((<\\\\s*(((const\\\\s+)?[$_[:alpha:]])|(\\\\{([^{}]|(\\\\{([^{}]|\\\\{[^{}]*})*}))*})|(\\\\(([^()]|(\\\\(([^()]|\\\\([^()]*\\\\))*\\\\)))*\\\\))|(\\\\[([^]\\\\[]|(\\\\[([^]\\\\[]|\\\\[[^]\\\\[]*])*]))*]))([^<=>]|=[^<]|<\\\\s*(((const\\\\s+)?[$_[:alpha:]])|(\\\\{([^{}]|(\\\\{([^{}]|\\\\{[^{}]*})*}))*})|(\\\\(([^()]|(\\\\(([^()]|\\\\([^()]*\\\\))*\\\\)))*\\\\))|(\\\\[([^]\\\\[]|(\\\\[([^]\\\\[]|\\\\[[^]\\\\[]*])*]))*]))([^<=>]|=[^<]|<\\\\s*(((const\\\\s+)?[$_[:alpha:]])|(\\\\{([^{}]|(\\\\{([^{}]|\\\\{[^{}]*})*}))*})|(\\\\(([^()]|(\\\\(([^()]|\\\\([^()]*\\\\))*\\\\)))*\\\\))|(\\\\[([^]\\\\[]|(\\\\[([^]\\\\[]|\\\\[[^]\\\\[]*])*]))*]))([^<=>]|=[^<])*>)*>)*>\\\\s*)?\\\\(\\\\s*(/\\\\*([^*]|(\\\\*[^/]))*\\\\*/\\\\s*)*(([$_[:alpha:]]|(\\\\{([^{}]|(\\\\{([^{}]|\\\\{[^{}]*})*}))*})|(\\\\[([^]\\\\[]|(\\\\[([^]\\\\[]|\\\\[[^]\\\\[]*])*]))*])|(\\\\.\\\\.\\\\.\\\\s*[$_[:alpha:]]))([^\\"'()\`]|(\\\\(([^()]|(\\\\(([^()]|\\\\([^()]*\\\\))*\\\\)))*\\\\))|('([^'\\\\\\\\]|\\\\\\\\.)*')|(\\"([^\\"\\\\\\\\]|\\\\\\\\.)*\\")|(\`([^\\\\\\\\\`]|\\\\\\\\.)*\`))*)?\\\\)(\\\\s*:\\\\s*([^()<>{}]|<([^<>]|<([^<>]|<[^<>]+>)+>)+>|\\\\([^()]+\\\\)|\\\\{[^{}]+})+)?\\\\s*=>)))","beginCaptures":{"1":{"name":"storage.modifier.async.js"}},"end":"(?==>|\\\\{|^(\\\\s*(export|function|class|interface|let|var|\\\\busing(?=\\\\s+(?!in\\\\b|of\\\\b(?!\\\\s*(?:of\\\\b|=)))[$_[:alpha:]])\\\\b|\\\\bawait\\\\s+\\\\busing(?=\\\\s+(?!in\\\\b|of\\\\b(?!\\\\s*(?:of\\\\b|=)))[$_[:alpha:]])\\\\b\\\\b|const|import|enum|namespace|module|type|abstract|declare)\\\\s+))","name":"meta.arrow.js","patterns":[{"include":"#comment"},{"include":"#type-parameters"},{"include":"#function-parameters"},{"include":"#arrow-return-type"},{"include":"#possibly-arrow-return-type"}]},{"begin":"=>","beginCaptures":{"0":{"name":"storage.type.function.arrow.js"}},"end":"((?<=[}\\\\S])(?<!=>)|((?!\\\\{)(?=\\\\S)))(?!/[*/])","name":"meta.arrow.js","patterns":[{"include":"#single-line-comment-consuming-line-ending"},{"include":"#decl-block"},{"include":"#expression"}]}]},"arrow-return-type":{"begin":"(?<=\\\\))\\\\s*(:)","beginCaptures":{"1":{"name":"keyword.operator.type.annotation.js"}},"end":"(?==>|\\\\{|^(\\\\s*(export|function|class|interface|let|var|\\\\busing(?=\\\\s+(?!in\\\\b|of\\\\b(?!\\\\s*(?:of\\\\b|=)))[$_[:alpha:]])\\\\b|\\\\bawait\\\\s+\\\\busing(?=\\\\s+(?!in\\\\b|of\\\\b(?!\\\\s*(?:of\\\\b|=)))[$_[:alpha:]])\\\\b\\\\b|const|import|enum|namespace|module|type|abstract|declare)\\\\s+))","name":"meta.return.type.arrow.js","patterns":[{"include":"#arrow-return-type-body"}]},"arrow-return-type-body":{"patterns":[{"begin":"(?<=:)(?=\\\\s*\\\\{)","end":"(?<=})","patterns":[{"include":"#type-object"}]},{"include":"#type-predicate-operator"},{"include":"#type"}]},"async-modifier":{"match":"(?<![$_[:alnum:]])(?:(?<=\\\\.\\\\.\\\\.)|(?<!\\\\.))(async)(?![$_[:alnum:]])(?:(?=\\\\.\\\\.\\\\.)|(?!\\\\.))","name":"storage.modifier.async.js"},"binding-element":{"patterns":[{"include":"#comment"},{"include":"#string"},{"include":"#numeric-literal"},{"include":"#regex"},{"include":"#object-binding-pattern"},{"include":"#array-binding-pattern"},{"include":"#destructuring-variable-rest"},{"include":"#variable-initializer"}]},"binding-element-const":{"patterns":[{"include":"#comment"},{"include":"#string"},{"include":"#numeric-literal"},{"include":"#regex"},{"include":"#object-binding-pattern-const"},{"include":"#array-binding-pattern-const"},{"include":"#destructuring-variable-rest-const"},{"include":"#variable-initializer"}]},"boolean-literal":{"patterns":[{"match":"(?<![$_[:alnum:]])(?:(?<=\\\\.\\\\.\\\\.)|(?<!\\\\.))true(?![$_[:alnum:]])(?:(?=\\\\.\\\\.\\\\.)|(?!\\\\.))","name":"constant.language.boolean.true.js"},{"match":"(?<![$_[:alnum:]])(?:(?<=\\\\.\\\\.\\\\.)|(?<!\\\\.))false(?![$_[:alnum:]])(?:(?=\\\\.\\\\.\\\\.)|(?!\\\\.))","name":"constant.language.boolean.false.js"}]},"brackets":{"patterns":[{"begin":"\\\\{","end":"}|(?=\\\\*/)","patterns":[{"include":"#brackets"}]},{"begin":"\\\\[","end":"]|(?=\\\\*/)","patterns":[{"include":"#brackets"}]}]},"cast":{"patterns":[{"include":"#jsx"}]},"class-declaration":{"begin":"(?<![$_[:alnum:]])(?:(?<=\\\\.\\\\.\\\\.)|(?<!\\\\.))(?:\\\\b(export)\\\\s+)?(?:\\\\b(declare)\\\\s+)?\\\\b(?:(abstract)\\\\s+)?\\\\b(class)\\\\b(?=\\\\s+|/[*/])","beginCaptures":{"1":{"name":"keyword.control.export.js"},"2":{"name":"storage.modifier.js"},"3":{"name":"storage.modifier.js"},"4":{"name":"storage.type.class.js"}},"end":"(?<=})","name":"meta.class.js","patterns":[{"include":"#class-declaration-or-expression-patterns"}]},"class-declaration-or-expression-patterns":{"patterns":[{"include":"#comment"},{"include":"#class-or-interface-heritage"},{"captures":{"0":{"name":"entity.name.type.class.js"}},"match":"[$_[:alpha:]][$_[:alnum:]]*"},{"include":"#type-parameters"},{"include":"#class-or-interface-body"}]},"class-expression":{"begin":"(?<![$_[:alnum:]])(?:(?<=\\\\.\\\\.\\\\.)|(?<!\\\\.))(?:(abstract)\\\\s+)?(class)\\\\b(?=\\\\s+|[<{]|/[*/])","beginCaptures":{"1":{"name":"storage.modifier.js"},"2":{"name":"storage.type.class.js"}},"end":"(?<=})","name":"meta.class.js","patterns":[{"include":"#class-declaration-or-expression-patterns"}]},"class-or-interface-body":{"begin":"\\\\{","beginCaptures":{"0":{"name":"punctuation.definition.block.js"}},"end":"}","endCaptures":{"0":{"name":"punctuation.definition.block.js"}},"patterns":[{"include":"#comment"},{"include":"#decorator"},{"begin":"(?<=:)\\\\s*","end":"(?=[-\\\\])+,:;}\\\\s]|^\\\\s*$|^\\\\s*(?:abstract|async|\\\\bawait\\\\s+\\\\busing(?=\\\\s+(?!in\\\\b|of\\\\b(?!\\\\s*(?:of\\\\b|=)))[$_[:alpha:]])\\\\b\\\\b|break|case|catch|class|const|continue|declare|do|else|enum|export|finally|function|for|goto|if|import|interface|let|module|namespace|switch|return|throw|try|type|\\\\busing(?=\\\\s+(?!in\\\\b|of\\\\b(?!\\\\s*(?:of\\\\b|=)))[$_[:alpha:]])\\\\b|var|while)\\\\b)","patterns":[{"include":"#expression"}]},{"include":"#method-declaration"},{"include":"#indexer-declaration"},{"include":"#field-declaration"},{"include":"#string"},{"include":"#type-annotation"},{"include":"#variable-initializer"},{"include":"#access-modifier"},{"include":"#property-accessor"},{"include":"#async-modifier"},{"include":"#after-operator-block-as-object-literal"},{"include":"#decl-block"},{"include":"#expression"},{"include":"#punctuation-comma"},{"include":"#punctuation-semicolon"}]},"class-or-interface-heritage":{"begin":"(?<![$_[:alnum:]])(?:(?<=\\\\.\\\\.\\\\.)|(?<!\\\\.))\\\\b(extends|implements)\\\\b(?![$_[:alnum:]])(?:(?=\\\\.\\\\.\\\\.)|(?!\\\\.))","beginCaptures":{"1":{"name":"storage.modifier.js"}},"end":"(?=\\\\{)","patterns":[{"include":"#comment"},{"include":"#class-or-interface-heritage"},{"include":"#type-parameters"},{"include":"#expressionWithoutIdentifiers"},{"captures":{"1":{"name":"entity.name.type.module.js"},"2":{"name":"punctuation.accessor.js"},"3":{"name":"punctuation.accessor.optional.js"}},"match":"([$_[:alpha:]][$_[:alnum:]]*)\\\\s*(?:(\\\\.)|(\\\\?\\\\.(?!\\\\s*\\\\d)))(?=\\\\s*[$_[:alpha:]][$_[:alnum:]]*(\\\\s*\\\\??\\\\.\\\\s*[$_[:alpha:]][$_[:alnum:]]*)*\\\\s*)"},{"captures":{"1":{"name":"entity.other.inherited-class.js"}},"match":"([$_[:alpha:]][$_[:alnum:]]*)"},{"include":"#expressionPunctuations"}]},"comment":{"patterns":[{"begin":"/\\\\*\\\\*(?!/)","beginCaptures":{"0":{"name":"punctuation.definition.comment.js"}},"end":"\\\\*/","endCaptures":{"0":{"name":"punctuation.definition.comment.js"}},"name":"comment.block.documentation.js","patterns":[{"include":"#docblock"}]},{"begin":"(/\\\\*)(?:\\\\s*((@)internal)(?=\\\\s|(\\\\*/)))?","beginCaptures":{"1":{"name":"punctuation.definition.comment.js"},"2":{"name":"storage.type.internaldeclaration.js"},"3":{"name":"punctuation.decorator.internaldeclaration.js"}},"end":"\\\\*/","endCaptures":{"0":{"name":"punctuation.definition.comment.js"}},"name":"comment.block.js"},{"begin":"(^[\\\\t ]+)?((//)(?:\\\\s*((@)internal)(?=\\\\s|$))?)","beginCaptures":{"1":{"name":"punctuation.whitespace.comment.leading.js"},"2":{"name":"comment.line.double-slash.js"},"3":{"name":"punctuation.definition.comment.js"},"4":{"name":"storage.type.internaldeclaration.js"},"5":{"name":"punctuation.decorator.internaldeclaration.js"}},"contentName":"comment.line.double-slash.js","end":"(?=$)"}]},"control-statement":{"patterns":[{"include":"#switch-statement"},{"include":"#for-loop"},{"match":"(?<![$_[:alnum:]])(?:(?<=\\\\.\\\\.\\\\.)|(?<!\\\\.))(catch|finally|throw|try)(?![$_[:alnum:]])(?:(?=\\\\.\\\\.\\\\.)|(?!\\\\.))","name":"keyword.control.trycatch.js"},{"captures":{"1":{"name":"keyword.control.loop.js"},"2":{"name":"entity.name.label.js"}},"match":"(?<![$_[:alnum:]])(?:(?<=\\\\.\\\\.\\\\.)|(?<!\\\\.))(break|continue|goto)\\\\s+([$_[:alpha:]][$_[:alnum:]]*)(?![$_[:alnum:]])(?:(?=\\\\.\\\\.\\\\.)|(?!\\\\.))"},{"match":"(?<![$_[:alnum:]])(?:(?<=\\\\.\\\\.\\\\.)|(?<!\\\\.))(break|continue|do|goto|while)(?![$_[:alnum:]])(?:(?=\\\\.\\\\.\\\\.)|(?!\\\\.))","name":"keyword.control.loop.js"},{"begin":"(?<![$_[:alnum:]])(?:(?<=\\\\.\\\\.\\\\.)|(?<!\\\\.))(return)(?![$_[:alnum:]])(?:(?=\\\\.\\\\.\\\\.)|(?!\\\\.))","beginCaptures":{"0":{"name":"keyword.control.flow.js"}},"end":"(?=[;}]|$|;|^\\\\s*$|^\\\\s*(?:abstract|async|\\\\bawait\\\\s+\\\\busing(?=\\\\s+(?!in\\\\b|of\\\\b(?!\\\\s*(?:of\\\\b|=)))[$_[:alpha:]])\\\\b\\\\b|break|case|catch|class|const|continue|declare|do|else|enum|export|finally|function|for|goto|if|import|interface|let|module|namespace|switch|return|throw|try|type|\\\\busing(?=\\\\s+(?!in\\\\b|of\\\\b(?!\\\\s*(?:of\\\\b|=)))[$_[:alpha:]])\\\\b|var|while)\\\\b)","patterns":[{"include":"#expression"}]},{"match":"(?<![$_[:alnum:]])(?:(?<=\\\\.\\\\.\\\\.)|(?<!\\\\.))(case|default|switch)(?![$_[:alnum:]])(?:(?=\\\\.\\\\.\\\\.)|(?!\\\\.))","name":"keyword.control.switch.js"},{"include":"#if-statement"},{"match":"(?<![$_[:alnum:]])(?:(?<=\\\\.\\\\.\\\\.)|(?<!\\\\.))(else|if)(?![$_[:alnum:]])(?:(?=\\\\.\\\\.\\\\.)|(?!\\\\.))","name":"keyword.control.conditional.js"},{"match":"(?<![$_[:alnum:]])(?:(?<=\\\\.\\\\.\\\\.)|(?<!\\\\.))(with)(?![$_[:alnum:]])(?:(?=\\\\.\\\\.\\\\.)|(?!\\\\.))","name":"keyword.control.with.js"},{"match":"(?<![$_[:alnum:]])(?:(?<=\\\\.\\\\.\\\\.)|(?<!\\\\.))(package)(?![$_[:alnum:]])(?:(?=\\\\.\\\\.\\\\.)|(?!\\\\.))","name":"keyword.control.js"},{"match":"(?<![$_[:alnum:]])(?:(?<=\\\\.\\\\.\\\\.)|(?<!\\\\.))(debugger)(?![$_[:alnum:]])(?:(?=\\\\.\\\\.\\\\.)|(?!\\\\.))","name":"keyword.other.debugger.js"}]},"decl-block":{"begin":"\\\\{","beginCaptures":{"0":{"name":"punctuation.definition.block.js"}},"end":"}","endCaptures":{"0":{"name":"punctuation.definition.block.js"}},"name":"meta.block.js","patterns":[{"include":"#statements"}]},"declaration":{"patterns":[{"include":"#decorator"},{"include":"#var-expr"},{"include":"#function-declaration"},{"include":"#class-declaration"},{"include":"#interface-declaration"},{"include":"#enum-declaration"},{"include":"#namespace-declaration"},{"include":"#type-alias-declaration"},{"include":"#import-equals-declaration"},{"include":"#import-declaration"},{"include":"#export-declaration"},{"match":"(?<![$_[:alnum:]])(?:(?<=\\\\.\\\\.\\\\.)|(?<!\\\\.))(declare|export)(?![$_[:alnum:]])(?:(?=\\\\.\\\\.\\\\.)|(?!\\\\.))","name":"storage.modifier.js"}]},"decorator":{"begin":"(?<![$_[:alnum:]])(?:(?<=\\\\.\\\\.\\\\.)|(?<!\\\\.))@","beginCaptures":{"0":{"name":"punctuation.decorator.js"}},"end":"(?=\\\\s)","name":"meta.decorator.js","patterns":[{"include":"#expression"}]},"destructuring-const":{"patterns":[{"begin":"(?<![:=]|^of|[^$._[:alnum:]]of|^in|[^$._[:alnum:]]in)\\\\s*(?=\\\\{)","end":"(?=$|^|[,;=}]|((?<![$_[:alnum:]])(?:(?<=\\\\.\\\\.\\\\.)|(?<!\\\\.))(of|in)\\\\s+))","name":"meta.object-binding-pattern-variable.js","patterns":[{"include":"#object-binding-pattern-const"},{"include":"#type-annotation"},{"include":"#comment"}]},{"begin":"(?<![:=]|^of|[^$._[:alnum:]]of|^in|[^$._[:alnum:]]in)\\\\s*(?=\\\\[)","end":"(?=$|^|[,;=}]|((?<![$_[:alnum:]])(?:(?<=\\\\.\\\\.\\\\.)|(?<!\\\\.))(of|in)\\\\s+))","name":"meta.array-binding-pattern-variable.js","patterns":[{"include":"#array-binding-pattern-const"},{"include":"#type-annotation"},{"include":"#comment"}]}]},"destructuring-parameter":{"patterns":[{"begin":"(?<![:=])\\\\s*(?:(\\\\.\\\\.\\\\.)\\\\s*)?(\\\\{)","beginCaptures":{"1":{"name":"keyword.operator.rest.js"},"2":{"name":"punctuation.definition.binding-pattern.object.js"}},"end":"}","endCaptures":{"0":{"name":"punctuation.definition.binding-pattern.object.js"}},"name":"meta.parameter.object-binding-pattern.js","patterns":[{"include":"#parameter-object-binding-element"}]},{"begin":"(?<![:=])\\\\s*(?:(\\\\.\\\\.\\\\.)\\\\s*)?(\\\\[)","beginCaptures":{"1":{"name":"keyword.operator.rest.js"},"2":{"name":"punctuation.definition.binding-pattern.array.js"}},"end":"]","endCaptures":{"0":{"name":"punctuation.definition.binding-pattern.array.js"}},"name":"meta.paramter.array-binding-pattern.js","patterns":[{"include":"#parameter-binding-element"},{"include":"#punctuation-comma"}]}]},"destructuring-parameter-rest":{"captures":{"1":{"name":"keyword.operator.rest.js"},"2":{"name":"variable.parameter.js"}},"match":"(?:(\\\\.\\\\.\\\\.)\\\\s*)?([$_[:alpha:]][$_[:alnum:]]*)"},"destructuring-variable":{"patterns":[{"begin":"(?<![:=]|^of|[^$._[:alnum:]]of|^in|[^$._[:alnum:]]in)\\\\s*(?=\\\\{)","end":"(?=$|^|[,;=}]|((?<![$_[:alnum:]])(?:(?<=\\\\.\\\\.\\\\.)|(?<!\\\\.))(of|in)\\\\s+))","name":"meta.object-binding-pattern-variable.js","patterns":[{"include":"#object-binding-pattern"},{"include":"#type-annotation"},{"include":"#comment"}]},{"begin":"(?<![:=]|^of|[^$._[:alnum:]]of|^in|[^$._[:alnum:]]in)\\\\s*(?=\\\\[)","end":"(?=$|^|[,;=}]|((?<![$_[:alnum:]])(?:(?<=\\\\.\\\\.\\\\.)|(?<!\\\\.))(of|in)\\\\s+))","name":"meta.array-binding-pattern-variable.js","patterns":[{"include":"#array-binding-pattern"},{"include":"#type-annotation"},{"include":"#comment"}]}]},"destructuring-variable-rest":{"captures":{"1":{"name":"keyword.operator.rest.js"},"2":{"name":"meta.definition.variable.js variable.other.readwrite.js"}},"match":"(?:(\\\\.\\\\.\\\\.)\\\\s*)?([$_[:alpha:]][$_[:alnum:]]*)"},"destructuring-variable-rest-const":{"captures":{"1":{"name":"keyword.operator.rest.js"},"2":{"name":"meta.definition.variable.js variable.other.constant.js"}},"match":"(?:(\\\\.\\\\.\\\\.)\\\\s*)?([$_[:alpha:]][$_[:alnum:]]*)"},"directives":{"begin":"^(///)\\\\s*(?=<(reference|amd-dependency|amd-module)(\\\\s+(path|types|no-default-lib|lib|name|resolution-mode)\\\\s*=\\\\s*(('([^'\\\\\\\\]|\\\\\\\\.)*')|(\\"([^\\"\\\\\\\\]|\\\\\\\\.)*\\")|(\`([^\\\\\\\\\`]|\\\\\\\\.)*\`)))+\\\\s*/>\\\\s*$)","beginCaptures":{"1":{"name":"punctuation.definition.comment.js"}},"end":"(?=$)","name":"comment.line.triple-slash.directive.js","patterns":[{"begin":"(<)(reference|amd-dependency|amd-module)","beginCaptures":{"1":{"name":"punctuation.definition.tag.directive.js"},"2":{"name":"entity.name.tag.directive.js"}},"end":"/>","endCaptures":{"0":{"name":"punctuation.definition.tag.directive.js"}},"name":"meta.tag.js","patterns":[{"match":"path|types|no-default-lib|lib|name|resolution-mode","name":"entity.other.attribute-name.directive.js"},{"match":"=","name":"keyword.operator.assignment.js"},{"include":"#string"}]}]},"docblock":{"patterns":[{"captures":{"1":{"name":"storage.type.class.jsdoc"},"2":{"name":"punctuation.definition.block.tag.jsdoc"},"3":{"name":"constant.language.access-type.jsdoc"}},"match":"((@)a(?:ccess|pi))\\\\s+(p(?:rivate|rotected|ublic))\\\\b"},{"captures":{"1":{"name":"storage.type.class.jsdoc"},"2":{"name":"punctuation.definition.block.tag.jsdoc"},"3":{"name":"entity.name.type.instance.jsdoc"},"4":{"name":"punctuation.definition.bracket.angle.begin.jsdoc"},"5":{"name":"constant.other.email.link.underline.jsdoc"},"6":{"name":"punctuation.definition.bracket.angle.end.jsdoc"}},"match":"((@)author)\\\\s+([^*/<>@\\\\s](?:[^*/<>@]|\\\\*[^/])*)(?:\\\\s*(<)([^>\\\\s]+)(>))?"},{"captures":{"1":{"name":"storage.type.class.jsdoc"},"2":{"name":"punctuation.definition.block.tag.jsdoc"},"3":{"name":"entity.name.type.instance.jsdoc"},"4":{"name":"keyword.operator.control.jsdoc"},"5":{"name":"entity.name.type.instance.jsdoc"}},"match":"((@)borrows)\\\\s+((?:[^*/@\\\\s]|\\\\*[^/])+)\\\\s+(as)\\\\s+((?:[^*/@\\\\s]|\\\\*[^/])+)"},{"begin":"((@)example)\\\\s+","beginCaptures":{"1":{"name":"storage.type.class.jsdoc"},"2":{"name":"punctuation.definition.block.tag.jsdoc"}},"end":"(?=@|\\\\*/)","name":"meta.example.jsdoc","patterns":[{"match":"^\\\\s\\\\*\\\\s+"},{"begin":"\\\\G(<)caption(>)","beginCaptures":{"0":{"name":"entity.name.tag.inline.jsdoc"},"1":{"name":"punctuation.definition.bracket.angle.begin.jsdoc"},"2":{"name":"punctuation.definition.bracket.angle.end.jsdoc"}},"contentName":"constant.other.description.jsdoc","end":"(</)caption(>)|(?=\\\\*/)","endCaptures":{"0":{"name":"entity.name.tag.inline.jsdoc"},"1":{"name":"punctuation.definition.bracket.angle.begin.jsdoc"},"2":{"name":"punctuation.definition.bracket.angle.end.jsdoc"}}},{"captures":{"0":{"name":"source.embedded.js"}},"match":"[^*@\\\\s](?:[^*]|\\\\*[^/])*"}]},{"captures":{"1":{"name":"storage.type.class.jsdoc"},"2":{"name":"punctuation.definition.block.tag.jsdoc"},"3":{"name":"constant.language.symbol-type.jsdoc"}},"match":"((@)kind)\\\\s+(class|constant|event|external|file|function|member|mixin|module|namespace|typedef)\\\\b"},{"captures":{"1":{"name":"storage.type.class.jsdoc"},"2":{"name":"punctuation.definition.block.tag.jsdoc"},"3":{"name":"variable.other.link.underline.jsdoc"},"4":{"name":"entity.name.type.instance.jsdoc"}},"match":"((@)see)\\\\s+(?:((?=https?://)(?:[^*\\\\s]|\\\\*[^/])+)|((?!https?://|(?:\\\\[[^]\\\\[]*])?\\\\{@(?:link|linkcode|linkplain|tutorial)\\\\b)(?:[^*/@\\\\s]|\\\\*[^/])+))"},{"captures":{"1":{"name":"storage.type.class.jsdoc"},"2":{"name":"punctuation.definition.block.tag.jsdoc"},"3":{"name":"variable.other.jsdoc"}},"match":"((@)template)\\\\s+([$A-Z_a-z][]$.\\\\[\\\\w]*(?:\\\\s*,\\\\s*[$A-Z_a-z][]$.\\\\[\\\\w]*)*)"},{"begin":"((@)template)\\\\s+(?=\\\\{)","beginCaptures":{"1":{"name":"storage.type.class.jsdoc"},"2":{"name":"punctuation.definition.block.tag.jsdoc"}},"end":"(?=\\\\s|\\\\*/|[^]$A-\\\\[_a-{}])","patterns":[{"include":"#jsdoctype"},{"match":"([$A-Z_a-z][]$.\\\\[\\\\w]*)","name":"variable.other.jsdoc"}]},{"captures":{"1":{"name":"storage.type.class.jsdoc"},"2":{"name":"punctuation.definition.block.tag.jsdoc"},"3":{"name":"variable.other.jsdoc"}},"match":"((@)(?:arg|argument|const|constant|member|namespace|param|var))\\\\s+([$A-Z_a-z][]$.\\\\[\\\\w]*)"},{"begin":"((@)typedef)\\\\s+(?=\\\\{)","beginCaptures":{"1":{"name":"storage.type.class.jsdoc"},"2":{"name":"punctuation.definition.block.tag.jsdoc"}},"end":"(?=\\\\s|\\\\*/|[^]$A-\\\\[_a-{}])","patterns":[{"include":"#jsdoctype"},{"match":"(?:[^*/@\\\\s]|\\\\*[^/])+","name":"entity.name.type.instance.jsdoc"}]},{"begin":"((@)(?:arg|argument|const|constant|member|namespace|param|prop|property|var))\\\\s+(?=\\\\{)","beginCaptures":{"1":{"name":"storage.type.class.jsdoc"},"2":{"name":"punctuation.definition.block.tag.jsdoc"}},"end":"(?=\\\\s|\\\\*/|[^]$A-\\\\[_a-{}])","patterns":[{"include":"#jsdoctype"},{"match":"([$A-Z_a-z][]$.\\\\[\\\\w]*)","name":"variable.other.jsdoc"},{"captures":{"1":{"name":"punctuation.definition.optional-value.begin.bracket.square.jsdoc"},"2":{"name":"keyword.operator.assignment.jsdoc"},"3":{"name":"source.embedded.js"},"4":{"name":"punctuation.definition.optional-value.end.bracket.square.jsdoc"},"5":{"name":"invalid.illegal.syntax.jsdoc"}},"match":"(\\\\[)\\\\s*[$\\\\w]+(?:(?:\\\\[])?\\\\.[$\\\\w]+)*(?:\\\\s*(=)\\\\s*((?>\\"(?:\\\\*(?!/)|\\\\\\\\(?!\\")|[^*\\\\\\\\])*?\\"|'(?:\\\\*(?!/)|\\\\\\\\(?!')|[^*\\\\\\\\])*?'|\\\\[(?:\\\\*(?!/)|[^*])*?]|(?:\\\\*(?!/)|\\\\s(?!\\\\s*])|\\\\[.*?(?:]|(?=\\\\*/))|[^]*\\\\[\\\\s])*)*))?\\\\s*(?:(])((?:[^*\\\\s]|\\\\*[^/\\\\s])+)?|(?=\\\\*/))","name":"variable.other.jsdoc"}]},{"begin":"((@)(?:define|enum|exception|export|extends|lends|implements|modifies|namespace|private|protected|returns?|satisfies|suppress|this|throws|type|yields?))\\\\s+(?=\\\\{)","beginCaptures":{"1":{"name":"storage.type.class.jsdoc"},"2":{"name":"punctuation.definition.block.tag.jsdoc"}},"end":"(?=\\\\s|\\\\*/|[^]$A-\\\\[_a-{}])","patterns":[{"include":"#jsdoctype"}]},{"captures":{"1":{"name":"storage.type.class.jsdoc"},"2":{"name":"punctuation.definition.block.tag.jsdoc"},"3":{"name":"entity.name.type.instance.jsdoc"}},"match":"((@)(?:alias|augments|callback|constructs|emits|event|fires|exports?|extends|external|function|func|host|lends|listens|interface|memberof!?|method|module|mixes|mixin|name|requires|see|this|typedef|uses))\\\\s+((?:[^*@{}\\\\s]|\\\\*[^/])+)"},{"begin":"((@)(?:default(?:value)?|license|version))\\\\s+(([\\"']))","beginCaptures":{"1":{"name":"storage.type.class.jsdoc"},"2":{"name":"punctuation.definition.block.tag.jsdoc"},"3":{"name":"variable.other.jsdoc"},"4":{"name":"punctuation.definition.string.begin.jsdoc"}},"contentName":"variable.other.jsdoc","end":"(\\\\3)|(?=$|\\\\*/)","endCaptures":{"0":{"name":"variable.other.jsdoc"},"1":{"name":"punctuation.definition.string.end.jsdoc"}}},{"captures":{"1":{"name":"storage.type.class.jsdoc"},"2":{"name":"punctuation.definition.block.tag.jsdoc"},"3":{"name":"variable.other.jsdoc"}},"match":"((@)(?:default(?:value)?|license|tutorial|variation|version))\\\\s+([^*\\\\s]+)"},{"captures":{"1":{"name":"punctuation.definition.block.tag.jsdoc"}},"match":"(@)(?:abstract|access|alias|api|arg|argument|async|attribute|augments|author|beta|borrows|bubbles|callback|chainable|class|classdesc|code|config|const|constant|constructor|constructs|copyright|default|defaultvalue|define|deprecated|desc|description|dict|emits|enum|event|example|exception|exports?|extends|extension(?:_?for)?|external|externs|file|fileoverview|final|fires|for|func|function|generator|global|hideconstructor|host|ignore|implements|implicitCast|inherit[Dd]oc|inner|instance|interface|internal|kind|lends|license|listens|main|member|memberof!?|method|mixes|mixins?|modifies|module|name|namespace|noalias|nocollapse|nocompile|nosideeffects|override|overview|package|param|polymer(?:Behavior)?|preserve|private|prop|property|protected|public|read[Oo]nly|record|require[ds]|returns?|see|since|static|struct|submodule|summary|suppress|template|this|throws|todo|tutorial|type|typedef|unrestricted|uses|var|variation|version|virtual|writeOnce|yields?)\\\\b","name":"storage.type.class.jsdoc"},{"include":"#inline-tags"},{"captures":{"1":{"name":"storage.type.class.jsdoc"},"2":{"name":"punctuation.definition.block.tag.jsdoc"}},"match":"((@)[$_[:alpha:]][$_[:alnum:]]*)(?=\\\\s+)"}]},"enum-declaration":{"begin":"(?<![$_[:alnum:]])(?:(?<=\\\\.\\\\.\\\\.)|(?<!\\\\.))(?:\\\\b(export)\\\\s+)?(?:\\\\b(declare)\\\\s+)?(?:\\\\b(const)\\\\s+)?\\\\b(enum)\\\\s+([$_[:alpha:]][$_[:alnum:]]*)","beginCaptures":{"1":{"name":"keyword.control.export.js"},"2":{"name":"storage.modifier.js"},"3":{"name":"storage.modifier.js"},"4":{"name":"storage.type.enum.js"},"5":{"name":"entity.name.type.enum.js"}},"end":"(?<=})","name":"meta.enum.declaration.js","patterns":[{"include":"#comment"},{"begin":"\\\\{","beginCaptures":{"0":{"name":"punctuation.definition.block.js"}},"end":"}","endCaptures":{"0":{"name":"punctuation.definition.block.js"}},"patterns":[{"include":"#comment"},{"begin":"([$_[:alpha:]][$_[:alnum:]]*)","beginCaptures":{"0":{"name":"variable.other.enummember.js"}},"end":"(?=[,}]|$)","patterns":[{"include":"#comment"},{"include":"#variable-initializer"}]},{"begin":"(?=(('([^'\\\\\\\\]|\\\\\\\\.)*')|(\\"([^\\"\\\\\\\\]|\\\\\\\\.)*\\")|(\`([^\\\\\\\\\`]|\\\\\\\\.)*\`)|(\\\\[([^]\\\\[]|\\\\[[^]\\\\[]*])+])))","end":"(?=[,}]|$)","patterns":[{"include":"#string"},{"include":"#array-literal"},{"include":"#comment"},{"include":"#variable-initializer"}]},{"include":"#punctuation-comma"}]}]},"export-declaration":{"patterns":[{"captures":{"1":{"name":"keyword.control.export.js"},"2":{"name":"keyword.control.as.js"},"3":{"name":"storage.type.namespace.js"},"4":{"name":"entity.name.type.module.js"}},"match":"(?<![$_[:alnum:]])(?:(?<=\\\\.\\\\.\\\\.)|(?<!\\\\.))(export)\\\\s+(as)\\\\s+(namespace)\\\\s+([$_[:alpha:]][$_[:alnum:]]*)"},{"begin":"(?<![$_[:alnum:]])(?:(?<=\\\\.\\\\.\\\\.)|(?<!\\\\.))(export)(?:\\\\s+(type))?(?:\\\\s*(=)|\\\\s+(default)(?=\\\\s+))","beginCaptures":{"1":{"name":"keyword.control.export.js"},"2":{"name":"keyword.control.type.js"},"3":{"name":"keyword.operator.assignment.js"},"4":{"name":"keyword.control.default.js"}},"end":"(?=$|;|^\\\\s*$|^\\\\s*(?:abstract|async|\\\\bawait\\\\s+\\\\busing(?=\\\\s+(?!in\\\\b|of\\\\b(?!\\\\s*(?:of\\\\b|=)))[$_[:alpha:]])\\\\b\\\\b|break|case|catch|class|const|continue|declare|do|else|enum|export|finally|function|for|goto|if|import|interface|let|module|namespace|switch|return|throw|try|type|\\\\busing(?=\\\\s+(?!in\\\\b|of\\\\b(?!\\\\s*(?:of\\\\b|=)))[$_[:alpha:]])\\\\b|var|while)\\\\b)","name":"meta.export.default.js","patterns":[{"include":"#interface-declaration"},{"include":"#expression"}]},{"begin":"(?<![$_[:alnum:]])(?:(?<=\\\\.\\\\.\\\\.)|(?<!\\\\.))(export)(?:\\\\s+(type))?\\\\b(?!(\\\\$)|(\\\\s*:))((?=\\\\s*[*{])|((?=\\\\s*[$_[:alpha:]][$_[:alnum:]]*([,\\\\s]))(?!\\\\s*(?:abstract|async|\\\\bawait\\\\s+\\\\busing(?=\\\\s+(?!in\\\\b|of\\\\b(?!\\\\s*(?:of\\\\b|=)))[$_[:alpha:]])\\\\b\\\\b|break|case|catch|class|const|continue|declare|do|else|enum|export|finally|function|for|goto|if|import|interface|let|module|namespace|switch|return|throw|try|type|\\\\busing(?=\\\\s+(?!in\\\\b|of\\\\b(?!\\\\s*(?:of\\\\b|=)))[$_[:alpha:]])\\\\b|var|while)\\\\b)))","beginCaptures":{"1":{"name":"keyword.control.export.js"},"2":{"name":"keyword.control.type.js"}},"end":"(?=$|;|^\\\\s*$|^\\\\s*(?:abstract|async|\\\\bawait\\\\s+\\\\busing(?=\\\\s+(?!in\\\\b|of\\\\b(?!\\\\s*(?:of\\\\b|=)))[$_[:alpha:]])\\\\b\\\\b|break|case|catch|class|const|continue|declare|do|else|enum|export|finally|function|for|goto|if|import|interface|let|module|namespace|switch|return|throw|try|type|\\\\busing(?=\\\\s+(?!in\\\\b|of\\\\b(?!\\\\s*(?:of\\\\b|=)))[$_[:alpha:]])\\\\b|var|while)\\\\b)","name":"meta.export.js","patterns":[{"include":"#import-export-declaration"}]}]},"expression":{"patterns":[{"include":"#expressionWithoutIdentifiers"},{"include":"#identifiers"},{"include":"#expressionPunctuations"}]},"expression-inside-possibly-arrow-parens":{"patterns":[{"include":"#expressionWithoutIdentifiers"},{"include":"#comment"},{"include":"#string"},{"include":"#decorator"},{"include":"#destructuring-parameter"},{"captures":{"1":{"name":"storage.modifier.js"}},"match":"(?<![$_[:alnum:]])(?:(?<=\\\\.\\\\.\\\\.)|(?<!\\\\.))(override|public|protected|private|readonly)\\\\s+(?=(override|public|protected|private|readonly)\\\\s+)"},{"captures":{"1":{"name":"storage.modifier.js"},"2":{"name":"keyword.operator.rest.js"},"3":{"name":"entity.name.function.js variable.language.this.js"},"4":{"name":"entity.name.function.js"},"5":{"name":"keyword.operator.optional.js"}},"match":"(?:(?<![$_[:alnum:]])(?:(?<=\\\\.\\\\.\\\\.)|(?<!\\\\.))(override|public|private|protected|readonly)\\\\s+)?(?:(\\\\.\\\\.\\\\.)\\\\s*)?(?<![:=])(?<![$_[:alnum:]])(?:(?<=\\\\.\\\\.\\\\.)|(?<!\\\\.))(?:(this)|([$_[:alpha:]][$_[:alnum:]]*))(?![$_[:alnum:]])(?:(?=\\\\.\\\\.\\\\.)|(?!\\\\.))\\\\s*(\\\\??)(?=\\\\s*(=\\\\s*(((async\\\\s+)?((function\\\\s*[(*<])|(function\\\\s+)|([$_[:alpha:]][$_[:alnum:]]*\\\\s*=>)))|((async\\\\s*)?(((<\\\\s*)$|(\\\\(\\\\s*((([\\\\[{]\\\\s*)?)$|((\\\\{([^{}]|(\\\\{([^{}]|\\\\{[^{}]*})*}))*})\\\\s*((:\\\\s*\\\\{?)$|((\\\\s*([^()<>{}]|<([^<>]|<([^<>]|<[^<>]+>)+>)+>|\\\\([^()]+\\\\)|\\\\{[^{}]+})+\\\\s*)?=\\\\s*)))|((\\\\[([^]\\\\[]|(\\\\[([^]\\\\[]|\\\\[[^]\\\\[]*])*]))*])\\\\s*((:\\\\s*\\\\[?)$|((\\\\s*([^()<>{}]|<([^<>]|<([^<>]|<[^<>]+>)+>)+>|\\\\([^()]+\\\\)|\\\\{[^{}]+})+\\\\s*)?=\\\\s*))))))|((<\\\\s*(((const\\\\s+)?[$_[:alpha:]])|(\\\\{([^{}]|(\\\\{([^{}]|\\\\{[^{}]*})*}))*})|(\\\\(([^()]|(\\\\(([^()]|\\\\([^()]*\\\\))*\\\\)))*\\\\))|(\\\\[([^]\\\\[]|(\\\\[([^]\\\\[]|\\\\[[^]\\\\[]*])*]))*]))([^<=>]|=[^<]|<\\\\s*(((const\\\\s+)?[$_[:alpha:]])|(\\\\{([^{}]|(\\\\{([^{}]|\\\\{[^{}]*})*}))*})|(\\\\(([^()]|(\\\\(([^()]|\\\\([^()]*\\\\))*\\\\)))*\\\\))|(\\\\[([^]\\\\[]|(\\\\[([^]\\\\[]|\\\\[[^]\\\\[]*])*]))*]))([^<=>]|=[^<]|<\\\\s*(((const\\\\s+)?[$_[:alpha:]])|(\\\\{([^{}]|(\\\\{([^{}]|\\\\{[^{}]*})*}))*})|(\\\\(([^()]|(\\\\(([^()]|\\\\([^()]*\\\\))*\\\\)))*\\\\))|(\\\\[([^]\\\\[]|(\\\\[([^]\\\\[]|\\\\[[^]\\\\[]*])*]))*]))([^<=>]|=[^<])*>)*>)*>\\\\s*)?\\\\(\\\\s*(/\\\\*([^*]|(\\\\*[^/]))*\\\\*/\\\\s*)*((\\\\)\\\\s*:)|((\\\\.\\\\.\\\\.\\\\s*)?[$_[:alpha:]][$_[:alnum:]]*\\\\s*:)))|(<\\\\s*[$_[:alpha:]][$_[:alnum:]]*\\\\s+extends\\\\s*[^=>])|((<\\\\s*(((const\\\\s+)?[$_[:alpha:]])|(\\\\{([^{}]|(\\\\{([^{}]|\\\\{[^{}]*})*}))*})|(\\\\(([^()]|(\\\\(([^()]|\\\\([^()]*\\\\))*\\\\)))*\\\\))|(\\\\[([^]\\\\[]|(\\\\[([^]\\\\[]|\\\\[[^]\\\\[]*])*]))*]))([^<=>]|=[^<]|<\\\\s*(((const\\\\s+)?[$_[:alpha:]])|(\\\\{([^{}]|(\\\\{([^{}]|\\\\{[^{}]*})*}))*})|(\\\\(([^()]|(\\\\(([^()]|\\\\([^()]*\\\\))*\\\\)))*\\\\))|(\\\\[([^]\\\\[]|(\\\\[([^]\\\\[]|\\\\[[^]\\\\[]*])*]))*]))([^<=>]|=[^<]|<\\\\s*(((const\\\\s+)?[$_[:alpha:]])|(\\\\{([^{}]|(\\\\{([^{}]|\\\\{[^{}]*})*}))*})|(\\\\(([^()]|(\\\\(([^()]|\\\\([^()]*\\\\))*\\\\)))*\\\\))|(\\\\[([^]\\\\[]|(\\\\[([^]\\\\[]|\\\\[[^]\\\\[]*])*]))*]))([^<=>]|=[^<])*>)*>)*>\\\\s*)?\\\\(\\\\s*(/\\\\*([^*]|(\\\\*[^/]))*\\\\*/\\\\s*)*(([$_[:alpha:]]|(\\\\{([^{}]|(\\\\{([^{}]|\\\\{[^{}]*})*}))*})|(\\\\[([^]\\\\[]|(\\\\[([^]\\\\[]|\\\\[[^]\\\\[]*])*]))*])|(\\\\.\\\\.\\\\.\\\\s*[$_[:alpha:]]))([^\\"'()\`]|(\\\\(([^()]|(\\\\(([^()]|\\\\([^()]*\\\\))*\\\\)))*\\\\))|('([^'\\\\\\\\]|\\\\\\\\.)*')|(\\"([^\\"\\\\\\\\]|\\\\\\\\.)*\\")|(\`([^\\\\\\\\\`]|\\\\\\\\.)*\`))*)?\\\\)(\\\\s*:\\\\s*([^()<>{}]|<([^<>]|<([^<>]|<[^<>]+>)+>)+>|\\\\([^()]+\\\\)|\\\\{[^{}]+})+)?\\\\s*=>)))))|(:\\\\s*((<)|(\\\\(\\\\s*((\\\\))|(\\\\.\\\\.\\\\.)|([$_[:alnum:]]+\\\\s*(([,:=?])|(\\\\)\\\\s*=>)))))))|(:\\\\s*(?<![$_[:alnum:]])(?:(?<=\\\\.\\\\.\\\\.)|(?<!\\\\.))Function(?![$_[:alnum:]])(?:(?=\\\\.\\\\.\\\\.)|(?!\\\\.)))|(:\\\\s*((<\\\\s*)$|(\\\\(\\\\s*((([\\\\[{]\\\\s*)?)$|((\\\\{([^{}]|(\\\\{([^{}]|\\\\{[^{}]*})*}))*})\\\\s*((:\\\\s*\\\\{?)$|((\\\\s*([^()<>{}]|<([^<>]|<([^<>]|<[^<>]+>)+>)+>|\\\\([^()]+\\\\)|\\\\{[^{}]+})+\\\\s*)?=\\\\s*)))|((\\\\[([^]\\\\[]|(\\\\[([^]\\\\[]|\\\\[[^]\\\\[]*])*]))*])\\\\s*((:\\\\s*\\\\[?)$|((\\\\s*([^()<>{}]|<([^<>]|<([^<>]|<[^<>]+>)+>)+>|\\\\([^()]+\\\\)|\\\\{[^{}]+})+\\\\s*)?=\\\\s*)))))))|(:\\\\s*(=>|(\\\\(([^()]|(\\\\(([^()]|\\\\([^()]*\\\\))*\\\\)))*\\\\))|(<[^<>]*>)|[^(),<=>])+=\\\\s*(((async\\\\s+)?((function\\\\s*[(*<])|(function\\\\s+)|([$_[:alpha:]][$_[:alnum:]]*\\\\s*=>)))|((async\\\\s*)?(((<\\\\s*)$|(\\\\(\\\\s*((([\\\\[{]\\\\s*)?)$|((\\\\{([^{}]|(\\\\{([^{}]|\\\\{[^{}]*})*}))*})\\\\s*((:\\\\s*\\\\{?)$|((\\\\s*([^()<>{}]|<([^<>]|<([^<>]|<[^<>]+>)+>)+>|\\\\([^()]+\\\\)|\\\\{[^{}]+})+\\\\s*)?=\\\\s*)))|((\\\\[([^]\\\\[]|(\\\\[([^]\\\\[]|\\\\[[^]\\\\[]*])*]))*])\\\\s*((:\\\\s*\\\\[?)$|((\\\\s*([^()<>{}]|<([^<>]|<([^<>]|<[^<>]+>)+>)+>|\\\\([^()]+\\\\)|\\\\{[^{}]+})+\\\\s*)?=\\\\s*))))))|((<\\\\s*(((const\\\\s+)?[$_[:alpha:]])|(\\\\{([^{}]|(\\\\{([^{}]|\\\\{[^{}]*})*}))*})|(\\\\(([^()]|(\\\\(([^()]|\\\\([^()]*\\\\))*\\\\)))*\\\\))|(\\\\[([^]\\\\[]|(\\\\[([^]\\\\[]|\\\\[[^]\\\\[]*])*]))*]))([^<=>]|=[^<]|<\\\\s*(((const\\\\s+)?[$_[:alpha:]])|(\\\\{([^{}]|(\\\\{([^{}]|\\\\{[^{}]*})*}))*})|(\\\\(([^()]|(\\\\(([^()]|\\\\([^()]*\\\\))*\\\\)))*\\\\))|(\\\\[([^]\\\\[]|(\\\\[([^]\\\\[]|\\\\[[^]\\\\[]*])*]))*]))([^<=>]|=[^<]|<\\\\s*(((const\\\\s+)?[$_[:alpha:]])|(\\\\{([^{}]|(\\\\{([^{}]|\\\\{[^{}]*})*}))*})|(\\\\(([^()]|(\\\\(([^()]|\\\\([^()]*\\\\))*\\\\)))*\\\\))|(\\\\[([^]\\\\[]|(\\\\[([^]\\\\[]|\\\\[[^]\\\\[]*])*]))*]))([^<=>]|=[^<])*>)*>)*>\\\\s*)?\\\\(\\\\s*(/\\\\*([^*]|(\\\\*[^/]))*\\\\*/\\\\s*)*((\\\\)\\\\s*:)|((\\\\.\\\\.\\\\.\\\\s*)?[$_[:alpha:]][$_[:alnum:]]*\\\\s*:)))|(<\\\\s*[$_[:alpha:]][$_[:alnum:]]*\\\\s+extends\\\\s*[^=>])|((<\\\\s*(((const\\\\s+)?[$_[:alpha:]])|(\\\\{([^{}]|(\\\\{([^{}]|\\\\{[^{}]*})*}))*})|(\\\\(([^()]|(\\\\(([^()]|\\\\([^()]*\\\\))*\\\\)))*\\\\))|(\\\\[([^]\\\\[]|(\\\\[([^]\\\\[]|\\\\[[^]\\\\[]*])*]))*]))([^<=>]|=[^<]|<\\\\s*(((const\\\\s+)?[$_[:alpha:]])|(\\\\{([^{}]|(\\\\{([^{}]|\\\\{[^{}]*})*}))*})|(\\\\(([^()]|(\\\\(([^()]|\\\\([^()]*\\\\))*\\\\)))*\\\\))|(\\\\[([^]\\\\[]|(\\\\[([^]\\\\[]|\\\\[[^]\\\\[]*])*]))*]))([^<=>]|=[^<]|<\\\\s*(((const\\\\s+)?[$_[:alpha:]])|(\\\\{([^{}]|(\\\\{([^{}]|\\\\{[^{}]*})*}))*})|(\\\\(([^()]|(\\\\(([^()]|\\\\([^()]*\\\\))*\\\\)))*\\\\))|(\\\\[([^]\\\\[]|(\\\\[([^]\\\\[]|\\\\[[^]\\\\[]*])*]))*]))([^<=>]|=[^<])*>)*>)*>\\\\s*)?\\\\(\\\\s*(/\\\\*([^*]|(\\\\*[^/]))*\\\\*/\\\\s*)*(([$_[:alpha:]]|(\\\\{([^{}]|(\\\\{([^{}]|\\\\{[^{}]*})*}))*})|(\\\\[([^]\\\\[]|(\\\\[([^]\\\\[]|\\\\[[^]\\\\[]*])*]))*])|(\\\\.\\\\.\\\\.\\\\s*[$_[:alpha:]]))([^\\"'()\`]|(\\\\(([^()]|(\\\\(([^()]|\\\\([^()]*\\\\))*\\\\)))*\\\\))|('([^'\\\\\\\\]|\\\\\\\\.)*')|(\\"([^\\"\\\\\\\\]|\\\\\\\\.)*\\")|(\`([^\\\\\\\\\`]|\\\\\\\\.)*\`))*)?\\\\)(\\\\s*:\\\\s*([^()<>{}]|<([^<>]|<([^<>]|<[^<>]+>)+>)+>|\\\\([^()]+\\\\)|\\\\{[^{}]+})+)?\\\\s*=>))))))"},{"captures":{"1":{"name":"storage.modifier.js"},"2":{"name":"keyword.operator.rest.js"},"3":{"name":"variable.parameter.js variable.language.this.js"},"4":{"name":"variable.parameter.js"},"5":{"name":"keyword.operator.optional.js"}},"match":"(?:(?<![$_[:alnum:]])(?:(?<=\\\\.\\\\.\\\\.)|(?<!\\\\.))(override|public|private|protected|readonly)\\\\s+)?(?:(\\\\.\\\\.\\\\.)\\\\s*)?(?<![:=])(?<![$_[:alnum:]])(?:(?<=\\\\.\\\\.\\\\.)|(?<!\\\\.))(?:(this)|([$_[:alpha:]][$_[:alnum:]]*))(?![$_[:alnum:]])(?:(?=\\\\.\\\\.\\\\.)|(?!\\\\.))\\\\s*(\\\\??)(?=\\\\s*[,:]|$)"},{"include":"#type-annotation"},{"include":"#variable-initializer"},{"match":",","name":"punctuation.separator.parameter.js"},{"include":"#identifiers"},{"include":"#expressionPunctuations"}]},"expression-operators":{"patterns":[{"match":"(?<![$_[:alnum:]])(?:(?<=\\\\.\\\\.\\\\.)|(?<!\\\\.))(await)(?![$_[:alnum:]])(?:(?=\\\\.\\\\.\\\\.)|(?!\\\\.))","name":"keyword.control.flow.js"},{"begin":"(?<![$_[:alnum:]])(?:(?<=\\\\.\\\\.\\\\.)|(?<!\\\\.))(yield)(?![$_[:alnum:]])(?:(?=\\\\.\\\\.\\\\.)|(?!\\\\.))(?=\\\\s*/\\\\*([^*]|(\\\\*[^/]))*\\\\*/\\\\s*\\\\*)","beginCaptures":{"1":{"name":"keyword.control.flow.js"}},"end":"\\\\*","endCaptures":{"0":{"name":"keyword.generator.asterisk.js"}},"patterns":[{"include":"#comment"}]},{"captures":{"1":{"name":"keyword.control.flow.js"},"2":{"name":"keyword.generator.asterisk.js"}},"match":"(?<![$_[:alnum:]])(?:(?<=\\\\.\\\\.\\\\.)|(?<!\\\\.))(yield)(?![$_[:alnum:]])(?:(?=\\\\.\\\\.\\\\.)|(?!\\\\.))(?:\\\\s*(\\\\*))?"},{"match":"(?<![$_[:alnum:]])(?:(?<=\\\\.\\\\.\\\\.)|(?<!\\\\.))delete(?![$_[:alnum:]])(?:(?=\\\\.\\\\.\\\\.)|(?!\\\\.))","name":"keyword.operator.expression.delete.js"},{"match":"(?<![$_[:alnum:]])(?:(?<=\\\\.\\\\.\\\\.)|(?<!\\\\.))in(?![$_[:alnum:]])(?:(?=\\\\.\\\\.\\\\.)|(?!\\\\.))(?!\\\\()","name":"keyword.operator.expression.in.js"},{"match":"(?<![$_[:alnum:]])(?:(?<=\\\\.\\\\.\\\\.)|(?<!\\\\.))of(?![$_[:alnum:]])(?:(?=\\\\.\\\\.\\\\.)|(?!\\\\.))(?!\\\\()","name":"keyword.operator.expression.of.js"},{"match":"(?<![$_[:alnum:]])(?:(?<=\\\\.\\\\.\\\\.)|(?<!\\\\.))instanceof(?![$_[:alnum:]])(?:(?=\\\\.\\\\.\\\\.)|(?!\\\\.))","name":"keyword.operator.expression.instanceof.js"},{"match":"(?<![$_[:alnum:]])(?:(?<=\\\\.\\\\.\\\\.)|(?<!\\\\.))new(?![$_[:alnum:]])(?:(?=\\\\.\\\\.\\\\.)|(?!\\\\.))","name":"keyword.operator.new.js"},{"include":"#typeof-operator"},{"match":"(?<![$_[:alnum:]])(?:(?<=\\\\.\\\\.\\\\.)|(?<!\\\\.))void(?![$_[:alnum:]])(?:(?=\\\\.\\\\.\\\\.)|(?!\\\\.))","name":"keyword.operator.expression.void.js"},{"captures":{"1":{"name":"keyword.control.as.js"},"2":{"name":"storage.modifier.js"}},"match":"(?<![$_[:alnum:]])(?:(?<=\\\\.\\\\.\\\\.)|(?<!\\\\.))(as)\\\\s+(const)(?=\\\\s*($|[]),:;}]))"},{"begin":"(?<![$_[:alnum:]])(?:(?<=\\\\.\\\\.\\\\.)|(?<!\\\\.))(?:(as)|(satisfies))\\\\s+","beginCaptures":{"1":{"name":"keyword.control.as.js"},"2":{"name":"keyword.control.satisfies.js"}},"end":"(?=^|[-\\\\])+,:;>?}]|\\\\|\\\\||&&|!==|$|((?<![$_[:alnum:]])(?:(?<=\\\\.\\\\.\\\\.)|(?<!\\\\.))(as|satisfies)\\\\s+)|(\\\\s+<))","patterns":[{"include":"#type"}]},{"match":"\\\\.\\\\.\\\\.","name":"keyword.operator.spread.js"},{"match":"(?:\\\\*|(?<!\\\\()/|[-%+])=","name":"keyword.operator.assignment.compound.js"},{"match":"(?:[\\\\&^]|<<|>>>??|\\\\|)=","name":"keyword.operator.assignment.compound.bitwise.js"},{"match":"<<|>>>?","name":"keyword.operator.bitwise.shift.js"},{"match":"[!=]==?","name":"keyword.operator.comparison.js"},{"match":"<=|>=|<>|[<>]","name":"keyword.operator.relational.js"},{"captures":{"1":{"name":"keyword.operator.logical.js"},"2":{"name":"keyword.operator.assignment.compound.js"},"3":{"name":"keyword.operator.arithmetic.js"}},"match":"(?<=[$_[:alnum:]])(!)\\\\s*(?:(/=)|(/)(?![*/]))"},{"match":"!|&&|\\\\|\\\\||\\\\?\\\\?","name":"keyword.operator.logical.js"},{"match":"[\\\\&^|~]","name":"keyword.operator.bitwise.js"},{"match":"=","name":"keyword.operator.assignment.js"},{"match":"--","name":"keyword.operator.decrement.js"},{"match":"\\\\+\\\\+","name":"keyword.operator.increment.js"},{"match":"[-%*+/]","name":"keyword.operator.arithmetic.js"},{"begin":"(?<=[]$)_[:alnum:]])\\\\s*(?=(/\\\\*([^*]|(\\\\*[^/]))*\\\\*/\\\\s*)+(?:(/=)|(/)(?![*/])))","end":"(/=)|(/)(?!\\\\*([^*]|(\\\\*[^/]))*\\\\*/)","endCaptures":{"1":{"name":"keyword.operator.assignment.compound.js"},"2":{"name":"keyword.operator.arithmetic.js"}},"patterns":[{"include":"#comment"}]},{"captures":{"1":{"name":"keyword.operator.assignment.compound.js"},"2":{"name":"keyword.operator.arithmetic.js"}},"match":"(?<=[]$)_[:alnum:]])\\\\s*(?:(/=)|(/)(?![*/]))"}]},"expressionPunctuations":{"patterns":[{"include":"#punctuation-comma"},{"include":"#punctuation-accessor"}]},"expressionWithoutIdentifiers":{"patterns":[{"include":"#jsx"},{"include":"#string"},{"include":"#regex"},{"include":"#comment"},{"include":"#function-expression"},{"include":"#class-expression"},{"include":"#arrow-function"},{"include":"#paren-expression-possibly-arrow"},{"include":"#cast"},{"include":"#ternary-expression"},{"include":"#new-expr"},{"include":"#instanceof-expr"},{"include":"#object-literal"},{"include":"#expression-operators"},{"include":"#function-call"},{"include":"#literal"},{"include":"#support-objects"},{"include":"#paren-expression"}]},"field-declaration":{"begin":"(?<!\\\\()(?:(?<![$_[:alnum:]])(?:(?<=\\\\.\\\\.\\\\.)|(?<!\\\\.))(readonly)\\\\s+)?(?=\\\\s*(\\\\b((?<!\\\\$)0[Xx]\\\\h[_\\\\h]*(n)?\\\\b(?!\\\\$))|\\\\b((?<!\\\\$)0[Bb][01][01_]*(n)?\\\\b(?!\\\\$))|\\\\b((?<!\\\\$)0[Oo]?[0-7][0-7_]*(n)?\\\\b(?!\\\\$))|((?<!\\\\$)(?:\\\\b[0-9][0-9_]*(\\\\.)[0-9][0-9_]*[Ee][-+]?[0-9][0-9_]*(n)?\\\\b|\\\\b[0-9][0-9_]*(\\\\.)[Ee][-+]?[0-9][0-9_]*(n)?\\\\b|\\\\B(\\\\.)[0-9][0-9_]*[Ee][-+]?[0-9][0-9_]*(n)?\\\\b|\\\\b[0-9][0-9_]*[Ee][-+]?[0-9][0-9_]*(n)?\\\\b|\\\\b[0-9][0-9_]*(\\\\.)[0-9][0-9_]*(n)?\\\\b|\\\\b[0-9][0-9_]*(\\\\.)(n)?\\\\B|\\\\B(\\\\.)[0-9][0-9_]*(n)?\\\\b|\\\\b[0-9][0-9_]*(n)?\\\\b(?!\\\\.))(?!\\\\$))|(#?[$_[:alpha:]][$_[:alnum:]]*)|('([^'\\\\\\\\]|\\\\\\\\.)*')|(\\"([^\\"\\\\\\\\]|\\\\\\\\.)*\\")|(\`([^\\\\\\\\\`]|\\\\\\\\.)*\`)|(\\\\[([^]\\\\[]|\\\\[[^]\\\\[]*])+]))\\\\s*(?:(?:(\\\\?)|(!))\\\\s*)?([,:;=}]|$))","beginCaptures":{"1":{"name":"storage.modifier.js"}},"end":"(?=[,;}]|$|^((?!\\\\s*(\\\\b((?<!\\\\$)0[Xx]\\\\h[_\\\\h]*(n)?\\\\b(?!\\\\$))|\\\\b((?<!\\\\$)0[Bb][01][01_]*(n)?\\\\b(?!\\\\$))|\\\\b((?<!\\\\$)0[Oo]?[0-7][0-7_]*(n)?\\\\b(?!\\\\$))|((?<!\\\\$)(?:\\\\b[0-9][0-9_]*(\\\\.)[0-9][0-9_]*[Ee][-+]?[0-9][0-9_]*(n)?\\\\b|\\\\b[0-9][0-9_]*(\\\\.)[Ee][-+]?[0-9][0-9_]*(n)?\\\\b|\\\\B(\\\\.)[0-9][0-9_]*[Ee][-+]?[0-9][0-9_]*(n)?\\\\b|\\\\b[0-9][0-9_]*[Ee][-+]?[0-9][0-9_]*(n)?\\\\b|\\\\b[0-9][0-9_]*(\\\\.)[0-9][0-9_]*(n)?\\\\b|\\\\b[0-9][0-9_]*(\\\\.)(n)?\\\\B|\\\\B(\\\\.)[0-9][0-9_]*(n)?\\\\b|\\\\b[0-9][0-9_]*(n)?\\\\b(?!\\\\.))(?!\\\\$))|(#?[$_[:alpha:]][$_[:alnum:]]*)|('([^'\\\\\\\\]|\\\\\\\\.)*')|(\\"([^\\"\\\\\\\\]|\\\\\\\\.)*\\")|(\`([^\\\\\\\\\`]|\\\\\\\\.)*\`)|(\\\\[([^]\\\\[]|\\\\[[^]\\\\[]*])+]))\\\\s*(?:(?:(\\\\?)|(!))\\\\s*)?([,:;=]|$))))|(?<=})","name":"meta.field.declaration.js","patterns":[{"include":"#variable-initializer"},{"include":"#type-annotation"},{"include":"#string"},{"include":"#array-literal"},{"include":"#numeric-literal"},{"include":"#comment"},{"captures":{"1":{"name":"meta.definition.property.js entity.name.function.js"},"2":{"name":"keyword.operator.optional.js"},"3":{"name":"keyword.operator.definiteassignment.js"}},"match":"(#?[$_[:alpha:]][$_[:alnum:]]*)(?:(\\\\?)|(!))?(?=\\\\s*\\\\s*(=\\\\s*(((async\\\\s+)?((function\\\\s*[(*<])|(function\\\\s+)|([$_[:alpha:]][$_[:alnum:]]*\\\\s*=>)))|((async\\\\s*)?(((<\\\\s*)$|(\\\\(\\\\s*((([\\\\[{]\\\\s*)?)$|((\\\\{([^{}]|(\\\\{([^{}]|\\\\{[^{}]*})*}))*})\\\\s*((:\\\\s*\\\\{?)$|((\\\\s*([^()<>{}]|<([^<>]|<([^<>]|<[^<>]+>)+>)+>|\\\\([^()]+\\\\)|\\\\{[^{}]+})+\\\\s*)?=\\\\s*)))|((\\\\[([^]\\\\[]|(\\\\[([^]\\\\[]|\\\\[[^]\\\\[]*])*]))*])\\\\s*((:\\\\s*\\\\[?)$|((\\\\s*([^()<>{}]|<([^<>]|<([^<>]|<[^<>]+>)+>)+>|\\\\([^()]+\\\\)|\\\\{[^{}]+})+\\\\s*)?=\\\\s*))))))|((<\\\\s*(((const\\\\s+)?[$_[:alpha:]])|(\\\\{([^{}]|(\\\\{([^{}]|\\\\{[^{}]*})*}))*})|(\\\\(([^()]|(\\\\(([^()]|\\\\([^()]*\\\\))*\\\\)))*\\\\))|(\\\\[([^]\\\\[]|(\\\\[([^]\\\\[]|\\\\[[^]\\\\[]*])*]))*]))([^<=>]|=[^<]|<\\\\s*(((const\\\\s+)?[$_[:alpha:]])|(\\\\{([^{}]|(\\\\{([^{}]|\\\\{[^{}]*})*}))*})|(\\\\(([^()]|(\\\\(([^()]|\\\\([^()]*\\\\))*\\\\)))*\\\\))|(\\\\[([^]\\\\[]|(\\\\[([^]\\\\[]|\\\\[[^]\\\\[]*])*]))*]))([^<=>]|=[^<]|<\\\\s*(((const\\\\s+)?[$_[:alpha:]])|(\\\\{([^{}]|(\\\\{([^{}]|\\\\{[^{}]*})*}))*})|(\\\\(([^()]|(\\\\(([^()]|\\\\([^()]*\\\\))*\\\\)))*\\\\))|(\\\\[([^]\\\\[]|(\\\\[([^]\\\\[]|\\\\[[^]\\\\[]*])*]))*]))([^<=>]|=[^<])*>)*>)*>\\\\s*)?\\\\(\\\\s*(/\\\\*([^*]|(\\\\*[^/]))*\\\\*/\\\\s*)*((\\\\)\\\\s*:)|((\\\\.\\\\.\\\\.\\\\s*)?[$_[:alpha:]][$_[:alnum:]]*\\\\s*:)))|(<\\\\s*[$_[:alpha:]][$_[:alnum:]]*\\\\s+extends\\\\s*[^=>])|((<\\\\s*(((const\\\\s+)?[$_[:alpha:]])|(\\\\{([^{}]|(\\\\{([^{}]|\\\\{[^{}]*})*}))*})|(\\\\(([^()]|(\\\\(([^()]|\\\\([^()]*\\\\))*\\\\)))*\\\\))|(\\\\[([^]\\\\[]|(\\\\[([^]\\\\[]|\\\\[[^]\\\\[]*])*]))*]))([^<=>]|=[^<]|<\\\\s*(((const\\\\s+)?[$_[:alpha:]])|(\\\\{([^{}]|(\\\\{([^{}]|\\\\{[^{}]*})*}))*})|(\\\\(([^()]|(\\\\(([^()]|\\\\([^()]*\\\\))*\\\\)))*\\\\))|(\\\\[([^]\\\\[]|(\\\\[([^]\\\\[]|\\\\[[^]\\\\[]*])*]))*]))([^<=>]|=[^<]|<\\\\s*(((const\\\\s+)?[$_[:alpha:]])|(\\\\{([^{}]|(\\\\{([^{}]|\\\\{[^{}]*})*}))*})|(\\\\(([^()]|(\\\\(([^()]|\\\\([^()]*\\\\))*\\\\)))*\\\\))|(\\\\[([^]\\\\[]|(\\\\[([^]\\\\[]|\\\\[[^]\\\\[]*])*]))*]))([^<=>]|=[^<])*>)*>)*>\\\\s*)?\\\\(\\\\s*(/\\\\*([^*]|(\\\\*[^/]))*\\\\*/\\\\s*)*(([$_[:alpha:]]|(\\\\{([^{}]|(\\\\{([^{}]|\\\\{[^{}]*})*}))*})|(\\\\[([^]\\\\[]|(\\\\[([^]\\\\[]|\\\\[[^]\\\\[]*])*]))*])|(\\\\.\\\\.\\\\.\\\\s*[$_[:alpha:]]))([^\\"'()\`]|(\\\\(([^()]|(\\\\(([^()]|\\\\([^()]*\\\\))*\\\\)))*\\\\))|('([^'\\\\\\\\]|\\\\\\\\.)*')|(\\"([^\\"\\\\\\\\]|\\\\\\\\.)*\\")|(\`([^\\\\\\\\\`]|\\\\\\\\.)*\`))*)?\\\\)(\\\\s*:\\\\s*([^()<>{}]|<([^<>]|<([^<>]|<[^<>]+>)+>)+>|\\\\([^()]+\\\\)|\\\\{[^{}]+})+)?\\\\s*=>)))))|(:\\\\s*((<)|(\\\\(\\\\s*((\\\\))|(\\\\.\\\\.\\\\.)|([$_[:alnum:]]+\\\\s*(([,:=?])|(\\\\)\\\\s*=>)))))))|(:\\\\s*(?<![$_[:alnum:]])(?:(?<=\\\\.\\\\.\\\\.)|(?<!\\\\.))Function(?![$_[:alnum:]])(?:(?=\\\\.\\\\.\\\\.)|(?!\\\\.)))|(:\\\\s*((<\\\\s*)$|(\\\\(\\\\s*((([\\\\[{]\\\\s*)?)$|((\\\\{([^{}]|(\\\\{([^{}]|\\\\{[^{}]*})*}))*})\\\\s*((:\\\\s*\\\\{?)$|((\\\\s*([^()<>{}]|<([^<>]|<([^<>]|<[^<>]+>)+>)+>|\\\\([^()]+\\\\)|\\\\{[^{}]+})+\\\\s*)?=\\\\s*)))|((\\\\[([^]\\\\[]|(\\\\[([^]\\\\[]|\\\\[[^]\\\\[]*])*]))*])\\\\s*((:\\\\s*\\\\[?)$|((\\\\s*([^()<>{}]|<([^<>]|<([^<>]|<[^<>]+>)+>)+>|\\\\([^()]+\\\\)|\\\\{[^{}]+})+\\\\s*)?=\\\\s*)))))))|(:\\\\s*(=>|(\\\\(([^()]|(\\\\(([^()]|\\\\([^()]*\\\\))*\\\\)))*\\\\))|(<[^<>]*>)|[^(),<=>])+=\\\\s*(((async\\\\s+)?((function\\\\s*[(*<])|(function\\\\s+)|([$_[:alpha:]][$_[:alnum:]]*\\\\s*=>)))|((async\\\\s*)?(((<\\\\s*)$|(\\\\(\\\\s*((([\\\\[{]\\\\s*)?)$|((\\\\{([^{}]|(\\\\{([^{}]|\\\\{[^{}]*})*}))*})\\\\s*((:\\\\s*\\\\{?)$|((\\\\s*([^()<>{}]|<([^<>]|<([^<>]|<[^<>]+>)+>)+>|\\\\([^()]+\\\\)|\\\\{[^{}]+})+\\\\s*)?=\\\\s*)))|((\\\\[([^]\\\\[]|(\\\\[([^]\\\\[]|\\\\[[^]\\\\[]*])*]))*])\\\\s*((:\\\\s*\\\\[?)$|((\\\\s*([^()<>{}]|<([^<>]|<([^<>]|<[^<>]+>)+>)+>|\\\\([^()]+\\\\)|\\\\{[^{}]+})+\\\\s*)?=\\\\s*))))))|((<\\\\s*(((const\\\\s+)?[$_[:alpha:]])|(\\\\{([^{}]|(\\\\{([^{}]|\\\\{[^{}]*})*}))*})|(\\\\(([^()]|(\\\\(([^()]|\\\\([^()]*\\\\))*\\\\)))*\\\\))|(\\\\[([^]\\\\[]|(\\\\[([^]\\\\[]|\\\\[[^]\\\\[]*])*]))*]))([^<=>]|=[^<]|<\\\\s*(((const\\\\s+)?[$_[:alpha:]])|(\\\\{([^{}]|(\\\\{([^{}]|\\\\{[^{}]*})*}))*})|(\\\\(([^()]|(\\\\(([^()]|\\\\([^()]*\\\\))*\\\\)))*\\\\))|(\\\\[([^]\\\\[]|(\\\\[([^]\\\\[]|\\\\[[^]\\\\[]*])*]))*]))([^<=>]|=[^<]|<\\\\s*(((const\\\\s+)?[$_[:alpha:]])|(\\\\{([^{}]|(\\\\{([^{}]|\\\\{[^{}]*})*}))*})|(\\\\(([^()]|(\\\\(([^()]|\\\\([^()]*\\\\))*\\\\)))*\\\\))|(\\\\[([^]\\\\[]|(\\\\[([^]\\\\[]|\\\\[[^]\\\\[]*])*]))*]))([^<=>]|=[^<])*>)*>)*>\\\\s*)?\\\\(\\\\s*(/\\\\*([^*]|(\\\\*[^/]))*\\\\*/\\\\s*)*((\\\\)\\\\s*:)|((\\\\.\\\\.\\\\.\\\\s*)?[$_[:alpha:]][$_[:alnum:]]*\\\\s*:)))|(<\\\\s*[$_[:alpha:]][$_[:alnum:]]*\\\\s+extends\\\\s*[^=>])|((<\\\\s*(((const\\\\s+)?[$_[:alpha:]])|(\\\\{([^{}]|(\\\\{([^{}]|\\\\{[^{}]*})*}))*})|(\\\\(([^()]|(\\\\(([^()]|\\\\([^()]*\\\\))*\\\\)))*\\\\))|(\\\\[([^]\\\\[]|(\\\\[([^]\\\\[]|\\\\[[^]\\\\[]*])*]))*]))([^<=>]|=[^<]|<\\\\s*(((const\\\\s+)?[$_[:alpha:]])|(\\\\{([^{}]|(\\\\{([^{}]|\\\\{[^{}]*})*}))*})|(\\\\(([^()]|(\\\\(([^()]|\\\\([^()]*\\\\))*\\\\)))*\\\\))|(\\\\[([^]\\\\[]|(\\\\[([^]\\\\[]|\\\\[[^]\\\\[]*])*]))*]))([^<=>]|=[^<]|<\\\\s*(((const\\\\s+)?[$_[:alpha:]])|(\\\\{([^{}]|(\\\\{([^{}]|\\\\{[^{}]*})*}))*})|(\\\\(([^()]|(\\\\(([^()]|\\\\([^()]*\\\\))*\\\\)))*\\\\))|(\\\\[([^]\\\\[]|(\\\\[([^]\\\\[]|\\\\[[^]\\\\[]*])*]))*]))([^<=>]|=[^<])*>)*>)*>\\\\s*)?\\\\(\\\\s*(/\\\\*([^*]|(\\\\*[^/]))*\\\\*/\\\\s*)*(([$_[:alpha:]]|(\\\\{([^{}]|(\\\\{([^{}]|\\\\{[^{}]*})*}))*})|(\\\\[([^]\\\\[]|(\\\\[([^]\\\\[]|\\\\[[^]\\\\[]*])*]))*])|(\\\\.\\\\.\\\\.\\\\s*[$_[:alpha:]]))([^\\"'()\`]|(\\\\(([^()]|(\\\\(([^()]|\\\\([^()]*\\\\))*\\\\)))*\\\\))|('([^'\\\\\\\\]|\\\\\\\\.)*')|(\\"([^\\"\\\\\\\\]|\\\\\\\\.)*\\")|(\`([^\\\\\\\\\`]|\\\\\\\\.)*\`))*)?\\\\)(\\\\s*:\\\\s*([^()<>{}]|<([^<>]|<([^<>]|<[^<>]+>)+>)+>|\\\\([^()]+\\\\)|\\\\{[^{}]+})+)?\\\\s*=>))))))"},{"match":"#?[$_[:alpha:]][$_[:alnum:]]*","name":"meta.definition.property.js variable.object.property.js"},{"match":"\\\\?","name":"keyword.operator.optional.js"},{"match":"!","name":"keyword.operator.definiteassignment.js"}]},"for-loop":{"begin":"(?<![$_[:alnum:]])(?:(?<=\\\\.\\\\.\\\\.)|(?<!\\\\.))for(?=((\\\\s+|(\\\\s*/\\\\*([^*]|(\\\\*[^/]))*\\\\*/\\\\s*))await)?\\\\s*(/\\\\*([^*]|(\\\\*[^/]))*\\\\*/\\\\s*)?(\\\\())","beginCaptures":{"0":{"name":"keyword.control.loop.js"}},"end":"(?<=\\\\))","patterns":[{"include":"#comment"},{"match":"await","name":"keyword.control.loop.js"},{"begin":"\\\\(","beginCaptures":{"0":{"name":"meta.brace.round.js"}},"end":"\\\\)","endCaptures":{"0":{"name":"meta.brace.round.js"}},"patterns":[{"include":"#var-expr"},{"include":"#expression"},{"include":"#punctuation-semicolon"}]}]},"function-body":{"patterns":[{"include":"#comment"},{"include":"#type-parameters"},{"include":"#function-parameters"},{"include":"#return-type"},{"include":"#type-function-return-type"},{"include":"#decl-block"},{"match":"\\\\*","name":"keyword.generator.asterisk.js"}]},"function-call":{"patterns":[{"begin":"(?=(((([$_[:alpha:]][$_[:alnum:]]*)(\\\\s*\\\\??\\\\.\\\\s*(#?[$_[:alpha:]][$_[:alnum:]]*))*)|(\\\\??\\\\.\\\\s*#?[$_[:alpha:]][$_[:alnum:]]*))|(?<=\\\\)))\\\\s*(?:(\\\\?\\\\.\\\\s*)|(!))?((<\\\\s*(((keyof|infer|typeof|readonly)\\\\s+)|(([$_[:alpha:]][$_[:alnum:]]*|(\\\\{([^{}]|(\\\\{([^{}]|\\\\{[^{}]*})*}))*})|(\\\\(([^()]|(\\\\(([^()]|\\\\([^()]*\\\\))*\\\\)))*\\\\))|(\\\\[([^]\\\\[]|(\\\\[([^]\\\\[]|\\\\[[^]\\\\[]*])*]))*])|('([^'\\\\\\\\]|\\\\\\\\.)*')|(\\"([^\\"\\\\\\\\]|\\\\\\\\.)*\\")|(\`([^\\\\\\\\\`]|\\\\\\\\.)*\`))(?=\\\\s*([,.<>\\\\[]|=>|&(?!&)|\\\\|(?!\\\\|)))))([^(<>]|(\\\\(([^()]|(\\\\(([^()]|\\\\([^()]*\\\\))*\\\\)))*\\\\))|(?<==)>|<\\\\s*(((keyof|infer|typeof|readonly)\\\\s+)|(([$_[:alpha:]][$_[:alnum:]]*|(\\\\{([^{}]|(\\\\{([^{}]|\\\\{[^{}]*})*}))*})|(\\\\(([^()]|(\\\\(([^()]|\\\\([^()]*\\\\))*\\\\)))*\\\\))|(\\\\[([^]\\\\[]|(\\\\[([^]\\\\[]|\\\\[[^]\\\\[]*])*]))*])|('([^'\\\\\\\\]|\\\\\\\\.)*')|(\\"([^\\"\\\\\\\\]|\\\\\\\\.)*\\")|(\`([^\\\\\\\\\`]|\\\\\\\\.)*\`))(?=\\\\s*([,.<>\\\\[]|=>|&(?!&)|\\\\|(?!\\\\|)))))(([^(<>]|(\\\\(([^()]|(\\\\(([^()]|\\\\([^()]*\\\\))*\\\\)))*\\\\))|(?<==)>|<\\\\s*(((keyof|infer|typeof|readonly)\\\\s+)|(([$_[:alpha:]][$_[:alnum:]]*|(\\\\{([^{}]|(\\\\{([^{}]|\\\\{[^{}]*})*}))*})|(\\\\(([^()]|(\\\\(([^()]|\\\\([^()]*\\\\))*\\\\)))*\\\\))|(\\\\[([^]\\\\[]|(\\\\[([^]\\\\[]|\\\\[[^]\\\\[]*])*]))*])|('([^'\\\\\\\\]|\\\\\\\\.)*')|(\\"([^\\"\\\\\\\\]|\\\\\\\\.)*\\")|(\`([^\\\\\\\\\`]|\\\\\\\\.)*\`))(?=\\\\s*([,.<>\\\\[]|=>|&(?!&)|\\\\|(?!\\\\|)))))([^(<>]|(\\\\(([^()]|(\\\\(([^()]|\\\\([^()]*\\\\))*\\\\)))*\\\\))|(?<==)>)*(?<!=)>))*(?<!=)>)*(?<!=)>\\\\s*)?\\\\())","end":"(?<=\\\\))(?!(((([$_[:alpha:]][$_[:alnum:]]*)(\\\\s*\\\\??\\\\.\\\\s*(#?[$_[:alpha:]][$_[:alnum:]]*))*)|(\\\\??\\\\.\\\\s*#?[$_[:alpha:]][$_[:alnum:]]*))|(?<=\\\\)))\\\\s*(?:(\\\\?\\\\.\\\\s*)|(!))?((<\\\\s*(((keyof|infer|typeof|readonly)\\\\s+)|(([$_[:alpha:]][$_[:alnum:]]*|(\\\\{([^{}]|(\\\\{([^{}]|\\\\{[^{}]*})*}))*})|(\\\\(([^()]|(\\\\(([^()]|\\\\([^()]*\\\\))*\\\\)))*\\\\))|(\\\\[([^]\\\\[]|(\\\\[([^]\\\\[]|\\\\[[^]\\\\[]*])*]))*])|('([^'\\\\\\\\]|\\\\\\\\.)*')|(\\"([^\\"\\\\\\\\]|\\\\\\\\.)*\\")|(\`([^\\\\\\\\\`]|\\\\\\\\.)*\`))(?=\\\\s*([,.<>\\\\[]|=>|&(?!&)|\\\\|(?!\\\\|)))))([^(<>]|(\\\\(([^()]|(\\\\(([^()]|\\\\([^()]*\\\\))*\\\\)))*\\\\))|(?<==)>|<\\\\s*(((keyof|infer|typeof|readonly)\\\\s+)|(([$_[:alpha:]][$_[:alnum:]]*|(\\\\{([^{}]|(\\\\{([^{}]|\\\\{[^{}]*})*}))*})|(\\\\(([^()]|(\\\\(([^()]|\\\\([^()]*\\\\))*\\\\)))*\\\\))|(\\\\[([^]\\\\[]|(\\\\[([^]\\\\[]|\\\\[[^]\\\\[]*])*]))*])|('([^'\\\\\\\\]|\\\\\\\\.)*')|(\\"([^\\"\\\\\\\\]|\\\\\\\\.)*\\")|(\`([^\\\\\\\\\`]|\\\\\\\\.)*\`))(?=\\\\s*([,.<>\\\\[]|=>|&(?!&)|\\\\|(?!\\\\|)))))(([^(<>]|(\\\\(([^()]|(\\\\(([^()]|\\\\([^()]*\\\\))*\\\\)))*\\\\))|(?<==)>|<\\\\s*(((keyof|infer|typeof|readonly)\\\\s+)|(([$_[:alpha:]][$_[:alnum:]]*|(\\\\{([^{}]|(\\\\{([^{}]|\\\\{[^{}]*})*}))*})|(\\\\(([^()]|(\\\\(([^()]|\\\\([^()]*\\\\))*\\\\)))*\\\\))|(\\\\[([^]\\\\[]|(\\\\[([^]\\\\[]|\\\\[[^]\\\\[]*])*]))*])|('([^'\\\\\\\\]|\\\\\\\\.)*')|(\\"([^\\"\\\\\\\\]|\\\\\\\\.)*\\")|(\`([^\\\\\\\\\`]|\\\\\\\\.)*\`))(?=\\\\s*([,.<>\\\\[]|=>|&(?!&)|\\\\|(?!\\\\|)))))([^(<>]|(\\\\(([^()]|(\\\\(([^()]|\\\\([^()]*\\\\))*\\\\)))*\\\\))|(?<==)>)*(?<!=)>))*(?<!=)>)*(?<!=)>\\\\s*)?\\\\())","patterns":[{"begin":"(?=(([$_[:alpha:]][$_[:alnum:]]*)(\\\\s*\\\\??\\\\.\\\\s*(#?[$_[:alpha:]][$_[:alnum:]]*))*)|(\\\\??\\\\.\\\\s*#?[$_[:alpha:]][$_[:alnum:]]*))","end":"(?=\\\\s*(?:(\\\\?\\\\.\\\\s*)|(!))?((<\\\\s*(((keyof|infer|typeof|readonly)\\\\s+)|(([$_[:alpha:]][$_[:alnum:]]*|(\\\\{([^{}]|(\\\\{([^{}]|\\\\{[^{}]*})*}))*})|(\\\\(([^()]|(\\\\(([^()]|\\\\([^()]*\\\\))*\\\\)))*\\\\))|(\\\\[([^]\\\\[]|(\\\\[([^]\\\\[]|\\\\[[^]\\\\[]*])*]))*])|('([^'\\\\\\\\]|\\\\\\\\.)*')|(\\"([^\\"\\\\\\\\]|\\\\\\\\.)*\\")|(\`([^\\\\\\\\\`]|\\\\\\\\.)*\`))(?=\\\\s*([,.<>\\\\[]|=>|&(?!&)|\\\\|(?!\\\\|)))))([^(<>]|(\\\\(([^()]|(\\\\(([^()]|\\\\([^()]*\\\\))*\\\\)))*\\\\))|(?<==)>|<\\\\s*(((keyof|infer|typeof|readonly)\\\\s+)|(([$_[:alpha:]][$_[:alnum:]]*|(\\\\{([^{}]|(\\\\{([^{}]|\\\\{[^{}]*})*}))*})|(\\\\(([^()]|(\\\\(([^()]|\\\\([^()]*\\\\))*\\\\)))*\\\\))|(\\\\[([^]\\\\[]|(\\\\[([^]\\\\[]|\\\\[[^]\\\\[]*])*]))*])|('([^'\\\\\\\\]|\\\\\\\\.)*')|(\\"([^\\"\\\\\\\\]|\\\\\\\\.)*\\")|(\`([^\\\\\\\\\`]|\\\\\\\\.)*\`))(?=\\\\s*([,.<>\\\\[]|=>|&(?!&)|\\\\|(?!\\\\|)))))(([^(<>]|(\\\\(([^()]|(\\\\(([^()]|\\\\([^()]*\\\\))*\\\\)))*\\\\))|(?<==)>|<\\\\s*(((keyof|infer|typeof|readonly)\\\\s+)|(([$_[:alpha:]][$_[:alnum:]]*|(\\\\{([^{}]|(\\\\{([^{}]|\\\\{[^{}]*})*}))*})|(\\\\(([^()]|(\\\\(([^()]|\\\\([^()]*\\\\))*\\\\)))*\\\\))|(\\\\[([^]\\\\[]|(\\\\[([^]\\\\[]|\\\\[[^]\\\\[]*])*]))*])|('([^'\\\\\\\\]|\\\\\\\\.)*')|(\\"([^\\"\\\\\\\\]|\\\\\\\\.)*\\")|(\`([^\\\\\\\\\`]|\\\\\\\\.)*\`))(?=\\\\s*([,.<>\\\\[]|=>|&(?!&)|\\\\|(?!\\\\|)))))([^(<>]|(\\\\(([^()]|(\\\\(([^()]|\\\\([^()]*\\\\))*\\\\)))*\\\\))|(?<==)>)*(?<!=)>))*(?<!=)>)*(?<!=)>\\\\s*)?\\\\())","name":"meta.function-call.js","patterns":[{"include":"#function-call-target"}]},{"include":"#comment"},{"include":"#function-call-optionals"},{"include":"#type-arguments"},{"include":"#paren-expression"}]},{"begin":"(?=(((([$_[:alpha:]][$_[:alnum:]]*)(\\\\s*\\\\??\\\\.\\\\s*(#?[$_[:alpha:]][$_[:alnum:]]*))*)|(\\\\??\\\\.\\\\s*#?[$_[:alpha:]][$_[:alnum:]]*))|(?<=\\\\)))(<\\\\s*[(\\\\[{]\\\\s*)$)","end":"(?<=>)(?!(((([$_[:alpha:]][$_[:alnum:]]*)(\\\\s*\\\\??\\\\.\\\\s*(#?[$_[:alpha:]][$_[:alnum:]]*))*)|(\\\\??\\\\.\\\\s*#?[$_[:alpha:]][$_[:alnum:]]*))|(?<=\\\\)))(<\\\\s*[(\\\\[{]\\\\s*)$)","patterns":[{"begin":"(?=(([$_[:alpha:]][$_[:alnum:]]*)(\\\\s*\\\\??\\\\.\\\\s*(#?[$_[:alpha:]][$_[:alnum:]]*))*)|(\\\\??\\\\.\\\\s*#?[$_[:alpha:]][$_[:alnum:]]*))","end":"(?=(<\\\\s*[(\\\\[{]\\\\s*)$)","name":"meta.function-call.js","patterns":[{"include":"#function-call-target"}]},{"include":"#comment"},{"include":"#function-call-optionals"},{"include":"#type-arguments"}]}]},"function-call-optionals":{"patterns":[{"match":"\\\\?\\\\.","name":"meta.function-call.js punctuation.accessor.optional.js"},{"match":"!","name":"meta.function-call.js keyword.operator.definiteassignment.js"}]},"function-call-target":{"patterns":[{"include":"#support-function-call-identifiers"},{"match":"(#?[$_[:alpha:]][$_[:alnum:]]*)","name":"entity.name.function.js"}]},"function-declaration":{"begin":"(?<![$_[:alnum:]])(?:(?<=\\\\.\\\\.\\\\.)|(?<!\\\\.))(?:\\\\b(export)\\\\s+)?(?:\\\\b(declare)\\\\s+)?(?:(async)\\\\s+)?(function)\\\\b(?:\\\\s*(\\\\*))?(?:(?:\\\\s+|(?<=\\\\*))([$_[:alpha:]][$_[:alnum:]]*))?\\\\s*","beginCaptures":{"1":{"name":"keyword.control.export.js"},"2":{"name":"storage.modifier.js"},"3":{"name":"storage.modifier.async.js"},"4":{"name":"storage.type.function.js"},"5":{"name":"keyword.generator.asterisk.js"},"6":{"name":"meta.definition.function.js entity.name.function.js"}},"end":"(?=;|^\\\\s*$|^\\\\s*(?:abstract|async|\\\\bawait\\\\s+\\\\busing(?=\\\\s+(?!in\\\\b|of\\\\b(?!\\\\s*(?:of\\\\b|=)))[$_[:alpha:]])\\\\b\\\\b|break|case|catch|class|const|continue|declare|do|else|enum|export|finally|function|for|goto|if|import|interface|let|module|namespace|switch|return|throw|try|type|\\\\busing(?=\\\\s+(?!in\\\\b|of\\\\b(?!\\\\s*(?:of\\\\b|=)))[$_[:alpha:]])\\\\b|var|while)\\\\b)|(?<=})","name":"meta.function.js","patterns":[{"include":"#function-name"},{"include":"#function-body"}]},"function-expression":{"begin":"(?<![$_[:alnum:]])(?:(?<=\\\\.\\\\.\\\\.)|(?<!\\\\.))(?:(async)\\\\s+)?(function)\\\\b(?:\\\\s*(\\\\*))?(?:(?:\\\\s+|(?<=\\\\*))([$_[:alpha:]][$_[:alnum:]]*))?\\\\s*","beginCaptures":{"1":{"name":"storage.modifier.async.js"},"2":{"name":"storage.type.function.js"},"3":{"name":"keyword.generator.asterisk.js"},"4":{"name":"meta.definition.function.js entity.name.function.js"}},"end":"(?=;)|(?<=})","name":"meta.function.expression.js","patterns":[{"include":"#function-name"},{"include":"#single-line-comment-consuming-line-ending"},{"include":"#function-body"}]},"function-name":{"match":"[$_[:alpha:]][$_[:alnum:]]*","name":"meta.definition.function.js entity.name.function.js"},"function-parameters":{"begin":"\\\\(","beginCaptures":{"0":{"name":"punctuation.definition.parameters.begin.js"}},"end":"\\\\)","endCaptures":{"0":{"name":"punctuation.definition.parameters.end.js"}},"name":"meta.parameters.js","patterns":[{"include":"#function-parameters-body"}]},"function-parameters-body":{"patterns":[{"include":"#comment"},{"include":"#string"},{"include":"#decorator"},{"include":"#destructuring-parameter"},{"include":"#parameter-name"},{"include":"#parameter-type-annotation"},{"include":"#variable-initializer"},{"match":",","name":"punctuation.separator.parameter.js"}]},"identifiers":{"patterns":[{"include":"#object-identifiers"},{"captures":{"1":{"name":"punctuation.accessor.js"},"2":{"name":"punctuation.accessor.optional.js"},"3":{"name":"entity.name.function.js"}},"match":"(?:(?:(\\\\.)|(\\\\?\\\\.(?!\\\\s*\\\\d)))\\\\s*)?([$_[:alpha:]][$_[:alnum:]]*)(?=\\\\s*=\\\\s*(((async\\\\s+)?((function\\\\s*[(*<])|(function\\\\s+)|([$_[:alpha:]][$_[:alnum:]]*\\\\s*=>)))|((async\\\\s*)?(((<\\\\s*)$|(\\\\(\\\\s*((([\\\\[{]\\\\s*)?)$|((\\\\{([^{}]|(\\\\{([^{}]|\\\\{[^{}]*})*}))*})\\\\s*((:\\\\s*\\\\{?)$|((\\\\s*([^()<>{}]|<([^<>]|<([^<>]|<[^<>]+>)+>)+>|\\\\([^()]+\\\\)|\\\\{[^{}]+})+\\\\s*)?=\\\\s*)))|((\\\\[([^]\\\\[]|(\\\\[([^]\\\\[]|\\\\[[^]\\\\[]*])*]))*])\\\\s*((:\\\\s*\\\\[?)$|((\\\\s*([^()<>{}]|<([^<>]|<([^<>]|<[^<>]+>)+>)+>|\\\\([^()]+\\\\)|\\\\{[^{}]+})+\\\\s*)?=\\\\s*))))))|((<\\\\s*(((const\\\\s+)?[$_[:alpha:]])|(\\\\{([^{}]|(\\\\{([^{}]|\\\\{[^{}]*})*}))*})|(\\\\(([^()]|(\\\\(([^()]|\\\\([^()]*\\\\))*\\\\)))*\\\\))|(\\\\[([^]\\\\[]|(\\\\[([^]\\\\[]|\\\\[[^]\\\\[]*])*]))*]))([^<=>]|=[^<]|<\\\\s*(((const\\\\s+)?[$_[:alpha:]])|(\\\\{([^{}]|(\\\\{([^{}]|\\\\{[^{}]*})*}))*})|(\\\\(([^()]|(\\\\(([^()]|\\\\([^()]*\\\\))*\\\\)))*\\\\))|(\\\\[([^]\\\\[]|(\\\\[([^]\\\\[]|\\\\[[^]\\\\[]*])*]))*]))([^<=>]|=[^<]|<\\\\s*(((const\\\\s+)?[$_[:alpha:]])|(\\\\{([^{}]|(\\\\{([^{}]|\\\\{[^{}]*})*}))*})|(\\\\(([^()]|(\\\\(([^()]|\\\\([^()]*\\\\))*\\\\)))*\\\\))|(\\\\[([^]\\\\[]|(\\\\[([^]\\\\[]|\\\\[[^]\\\\[]*])*]))*]))([^<=>]|=[^<])*>)*>)*>\\\\s*)?\\\\(\\\\s*(/\\\\*([^*]|(\\\\*[^/]))*\\\\*/\\\\s*)*((\\\\)\\\\s*:)|((\\\\.\\\\.\\\\.\\\\s*)?[$_[:alpha:]][$_[:alnum:]]*\\\\s*:)))|(<\\\\s*[$_[:alpha:]][$_[:alnum:]]*\\\\s+extends\\\\s*[^=>])|((<\\\\s*(((const\\\\s+)?[$_[:alpha:]])|(\\\\{([^{}]|(\\\\{([^{}]|\\\\{[^{}]*})*}))*})|(\\\\(([^()]|(\\\\(([^()]|\\\\([^()]*\\\\))*\\\\)))*\\\\))|(\\\\[([^]\\\\[]|(\\\\[([^]\\\\[]|\\\\[[^]\\\\[]*])*]))*]))([^<=>]|=[^<]|<\\\\s*(((const\\\\s+)?[$_[:alpha:]])|(\\\\{([^{}]|(\\\\{([^{}]|\\\\{[^{}]*})*}))*})|(\\\\(([^()]|(\\\\(([^()]|\\\\([^()]*\\\\))*\\\\)))*\\\\))|(\\\\[([^]\\\\[]|(\\\\[([^]\\\\[]|\\\\[[^]\\\\[]*])*]))*]))([^<=>]|=[^<]|<\\\\s*(((const\\\\s+)?[$_[:alpha:]])|(\\\\{([^{}]|(\\\\{([^{}]|\\\\{[^{}]*})*}))*})|(\\\\(([^()]|(\\\\(([^()]|\\\\([^()]*\\\\))*\\\\)))*\\\\))|(\\\\[([^]\\\\[]|(\\\\[([^]\\\\[]|\\\\[[^]\\\\[]*])*]))*]))([^<=>]|=[^<])*>)*>)*>\\\\s*)?\\\\(\\\\s*(/\\\\*([^*]|(\\\\*[^/]))*\\\\*/\\\\s*)*(([$_[:alpha:]]|(\\\\{([^{}]|(\\\\{([^{}]|\\\\{[^{}]*})*}))*})|(\\\\[([^]\\\\[]|(\\\\[([^]\\\\[]|\\\\[[^]\\\\[]*])*]))*])|(\\\\.\\\\.\\\\.\\\\s*[$_[:alpha:]]))([^\\"'()\`]|(\\\\(([^()]|(\\\\(([^()]|\\\\([^()]*\\\\))*\\\\)))*\\\\))|('([^'\\\\\\\\]|\\\\\\\\.)*')|(\\"([^\\"\\\\\\\\]|\\\\\\\\.)*\\")|(\`([^\\\\\\\\\`]|\\\\\\\\.)*\`))*)?\\\\)(\\\\s*:\\\\s*([^()<>{}]|<([^<>]|<([^<>]|<[^<>]+>)+>)+>|\\\\([^()]+\\\\)|\\\\{[^{}]+})+)?\\\\s*=>)))))"},{"captures":{"1":{"name":"punctuation.accessor.js"},"2":{"name":"punctuation.accessor.optional.js"},"3":{"name":"variable.other.constant.property.js"}},"match":"(?:(\\\\.)|(\\\\?\\\\.(?!\\\\s*\\\\d)))\\\\s*(#?\\\\p{upper}[$_\\\\d[:upper:]]*)(?![$_[:alnum:]])"},{"captures":{"1":{"name":"punctuation.accessor.js"},"2":{"name":"punctuation.accessor.optional.js"},"3":{"name":"variable.other.property.js"}},"match":"(?:(\\\\.)|(\\\\?\\\\.(?!\\\\s*\\\\d)))\\\\s*(#?[$_[:alpha:]][$_[:alnum:]]*)"},{"match":"(\\\\p{upper}[$_\\\\d[:upper:]]*)(?![$_[:alnum:]])","name":"variable.other.constant.js"},{"match":"[$_[:alpha:]][$_[:alnum:]]*","name":"variable.other.readwrite.js"}]},"if-statement":{"patterns":[{"begin":"(?<![$_[:alnum:]])(?:(?<=\\\\.\\\\.\\\\.)|(?<!\\\\.))(?=\\\\bif\\\\s*(\\\\(([^()]|(\\\\(([^()]|\\\\([^()]*\\\\))*\\\\)))*\\\\))\\\\s*(?!\\\\{))","end":"(?=;|$|})","patterns":[{"include":"#comment"},{"begin":"(?<![$_[:alnum:]])(?:(?<=\\\\.\\\\.\\\\.)|(?<!\\\\.))(if)\\\\s*(\\\\()","beginCaptures":{"1":{"name":"keyword.control.conditional.js"},"2":{"name":"meta.brace.round.js"}},"end":"\\\\)","endCaptures":{"0":{"name":"meta.brace.round.js"}},"patterns":[{"include":"#expression"}]},{"begin":"(?<=\\\\))\\\\s*/(?![*/])(?=(?:[^/\\\\[\\\\\\\\]|\\\\\\\\.|\\\\[([^]\\\\\\\\]|\\\\\\\\.)*])+/([dgimsuvy]+|(?![*/])|(?=/\\\\*))(?!\\\\s*[$0-9A-Z_a-z]))","beginCaptures":{"0":{"name":"punctuation.definition.string.begin.js"}},"end":"(/)([dgimsuvy]*)","endCaptures":{"1":{"name":"punctuation.definition.string.end.js"},"2":{"name":"keyword.other.js"}},"name":"string.regexp.js","patterns":[{"include":"#regexp"}]},{"include":"#statements"}]}]},"import-declaration":{"begin":"(?<![$_[:alnum:]])(?:(?<=\\\\.\\\\.\\\\.)|(?<!\\\\.))(?:\\\\b(export)\\\\s+)?(?:\\\\b(declare)\\\\s+)?\\\\b(import)(?:\\\\s+(type)(?!\\\\s+from))?(?!\\\\s*[(:])(?![$_[:alnum:]])(?:(?=\\\\.\\\\.\\\\.)|(?!\\\\.))","beginCaptures":{"1":{"name":"keyword.control.export.js"},"2":{"name":"storage.modifier.js"},"3":{"name":"keyword.control.import.js"},"4":{"name":"keyword.control.type.js"}},"end":"(?<!(?:^|[^$._[:alnum:]])import)(?=;|$|^)","name":"meta.import.js","patterns":[{"include":"#single-line-comment-consuming-line-ending"},{"include":"#comment"},{"include":"#string"},{"begin":"(?<=(?:^|[^$._[:alnum:]])import)(?!\\\\s*[\\"'])","end":"\\\\bfrom\\\\b","endCaptures":{"0":{"name":"keyword.control.from.js"}},"patterns":[{"include":"#import-export-declaration"}]},{"include":"#import-export-declaration"}]},"import-equals-declaration":{"patterns":[{"begin":"(?<![$_[:alnum:]])(?:(?<=\\\\.\\\\.\\\\.)|(?<!\\\\.))(?:\\\\b(export)\\\\s+)?(?:\\\\b(declare)\\\\s+)?\\\\b(import)(?:\\\\s+(type))?\\\\s+([$_[:alpha:]][$_[:alnum:]]*)\\\\s*(=)\\\\s*(require)\\\\s*(\\\\()","beginCaptures":{"1":{"name":"keyword.control.export.js"},"2":{"name":"storage.modifier.js"},"3":{"name":"keyword.control.import.js"},"4":{"name":"keyword.control.type.js"},"5":{"name":"variable.other.readwrite.alias.js"},"6":{"name":"keyword.operator.assignment.js"},"7":{"name":"keyword.control.require.js"},"8":{"name":"meta.brace.round.js"}},"end":"\\\\)","endCaptures":{"0":{"name":"meta.brace.round.js"}},"name":"meta.import-equals.external.js","patterns":[{"include":"#comment"},{"include":"#string"}]},{"begin":"(?<![$_[:alnum:]])(?:(?<=\\\\.\\\\.\\\\.)|(?<!\\\\.))(?:\\\\b(export)\\\\s+)?(?:\\\\b(declare)\\\\s+)?\\\\b(import)(?:\\\\s+(type))?\\\\s+([$_[:alpha:]][$_[:alnum:]]*)\\\\s*(=)\\\\s*(?!require\\\\b)","beginCaptures":{"1":{"name":"keyword.control.export.js"},"2":{"name":"storage.modifier.js"},"3":{"name":"keyword.control.import.js"},"4":{"name":"keyword.control.type.js"},"5":{"name":"variable.other.readwrite.alias.js"},"6":{"name":"keyword.operator.assignment.js"}},"end":"(?=;|$|^)","name":"meta.import-equals.internal.js","patterns":[{"include":"#single-line-comment-consuming-line-ending"},{"include":"#comment"},{"captures":{"1":{"name":"entity.name.type.module.js"},"2":{"name":"punctuation.accessor.js"},"3":{"name":"punctuation.accessor.optional.js"}},"match":"([$_[:alpha:]][$_[:alnum:]]*)\\\\s*(?:(\\\\.)|(\\\\?\\\\.(?!\\\\s*\\\\d)))"},{"match":"([$_[:alpha:]][$_[:alnum:]]*)","name":"variable.other.readwrite.js"}]}]},"import-export-assert-clause":{"begin":"(?<![$_[:alnum:]])(?:(?<=\\\\.\\\\.\\\\.)|(?<!\\\\.))(?:(with)|(assert))\\\\s*(\\\\{)","beginCaptures":{"1":{"name":"keyword.control.with.js"},"2":{"name":"keyword.control.assert.js"},"3":{"name":"punctuation.definition.block.js"}},"end":"}","endCaptures":{"0":{"name":"punctuation.definition.block.js"}},"patterns":[{"include":"#comment"},{"include":"#string"},{"match":"[$_[:alpha:]][$_[:alnum:]]*\\\\s*(?=(/\\\\*([^*]|(\\\\*[^/]))*\\\\*/\\\\s*)*:)","name":"meta.object-literal.key.js"},{"match":":","name":"punctuation.separator.key-value.js"}]},"import-export-block":{"begin":"\\\\{","beginCaptures":{"0":{"name":"punctuation.definition.block.js"}},"end":"}","endCaptures":{"0":{"name":"punctuation.definition.block.js"}},"name":"meta.block.js","patterns":[{"include":"#import-export-clause"}]},"import-export-clause":{"patterns":[{"include":"#comment"},{"captures":{"1":{"name":"keyword.control.type.js"},"2":{"name":"keyword.control.default.js"},"3":{"name":"constant.language.import-export-all.js"},"4":{"name":"variable.other.readwrite.js"},"5":{"name":"string.quoted.alias.js"},"12":{"name":"keyword.control.as.js"},"13":{"name":"keyword.control.default.js"},"14":{"name":"variable.other.readwrite.alias.js"},"15":{"name":"string.quoted.alias.js"}},"match":"(?<![$_[:alnum:]])(?:(?<=\\\\.\\\\.\\\\.)|(?<!\\\\.))(?:\\\\b(type)\\\\s+)?(?:\\\\b(default)|(\\\\*)|\\\\b([$_[:alpha:]][$_[:alnum:]]*)|(('([^'\\\\\\\\]|\\\\\\\\.)*')|(\\"([^\\"\\\\\\\\]|\\\\\\\\.)*\\")|(\`([^\\\\\\\\\`]|\\\\\\\\.)*\`)))\\\\s+(as)\\\\s+(?:(default(?![$_[:alnum:]])(?:(?=\\\\.\\\\.\\\\.)|(?!\\\\.)))|([$_[:alpha:]][$_[:alnum:]]*)|(('([^'\\\\\\\\]|\\\\\\\\.)*')|(\\"([^\\"\\\\\\\\]|\\\\\\\\.)*\\")|(\`([^\\\\\\\\\`]|\\\\\\\\.)*\`)))"},{"include":"#punctuation-comma"},{"match":"\\\\*","name":"constant.language.import-export-all.js"},{"match":"\\\\b(default)\\\\b","name":"keyword.control.default.js"},{"captures":{"1":{"name":"keyword.control.type.js"},"2":{"name":"variable.other.readwrite.alias.js"},"3":{"name":"string.quoted.alias.js"}},"match":"(?:\\\\b(type)\\\\s+)?(?:([$_[:alpha:]][$_[:alnum:]]*)|(('([^'\\\\\\\\]|\\\\\\\\.)*')|(\\"([^\\"\\\\\\\\]|\\\\\\\\.)*\\")|(\`([^\\\\\\\\\`]|\\\\\\\\.)*\`)))"}]},"import-export-declaration":{"patterns":[{"include":"#comment"},{"include":"#string"},{"include":"#import-export-block"},{"match":"\\\\bfrom\\\\b","name":"keyword.control.from.js"},{"include":"#import-export-assert-clause"},{"include":"#import-export-clause"}]},"indexer-declaration":{"begin":"(?:(?<![$_[:alnum:]])(?:(?<=\\\\.\\\\.\\\\.)|(?<!\\\\.))(readonly)\\\\s*)?\\\\s*(\\\\[)\\\\s*([$_[:alpha:]][$_[:alnum:]]*)\\\\s*(?=:)","beginCaptures":{"1":{"name":"storage.modifier.js"},"2":{"name":"meta.brace.square.js"},"3":{"name":"variable.parameter.js"}},"end":"(])\\\\s*(\\\\?\\\\s*)?|$","endCaptures":{"1":{"name":"meta.brace.square.js"},"2":{"name":"keyword.operator.optional.js"}},"name":"meta.indexer.declaration.js","patterns":[{"include":"#type-annotation"}]},"indexer-mapped-type-declaration":{"begin":"(?:(?<![$_[:alnum:]])(?:(?<=\\\\.\\\\.\\\\.)|(?<!\\\\.))([-+])?(readonly)\\\\s*)?\\\\s*(\\\\[)\\\\s*([$_[:alpha:]][$_[:alnum:]]*)\\\\s+(in)\\\\s+","beginCaptures":{"1":{"name":"keyword.operator.type.modifier.js"},"2":{"name":"storage.modifier.js"},"3":{"name":"meta.brace.square.js"},"4":{"name":"entity.name.type.js"},"5":{"name":"keyword.operator.expression.in.js"}},"end":"(])([-+])?\\\\s*(\\\\?\\\\s*)?|$","endCaptures":{"1":{"name":"meta.brace.square.js"},"2":{"name":"keyword.operator.type.modifier.js"},"3":{"name":"keyword.operator.optional.js"}},"name":"meta.indexer.mappedtype.declaration.js","patterns":[{"captures":{"1":{"name":"keyword.control.as.js"}},"match":"(?<![$_[:alnum:]])(?:(?<=\\\\.\\\\.\\\\.)|(?<!\\\\.))(as)\\\\s+"},{"include":"#type"}]},"inline-tags":{"patterns":[{"captures":{"1":{"name":"punctuation.definition.bracket.square.begin.jsdoc"},"2":{"name":"punctuation.definition.bracket.square.end.jsdoc"}},"match":"(\\\\[)[^]]+(])(?=\\\\{@(?:link|linkcode|linkplain|tutorial))","name":"constant.other.description.jsdoc"},{"begin":"(\\\\{)((@)(?:link(?:code|plain)?|tutorial))\\\\s*","beginCaptures":{"1":{"name":"punctuation.definition.bracket.curly.begin.jsdoc"},"2":{"name":"storage.type.class.jsdoc"},"3":{"name":"punctuation.definition.inline.tag.jsdoc"}},"end":"}|(?=\\\\*/)","endCaptures":{"0":{"name":"punctuation.definition.bracket.curly.end.jsdoc"}},"name":"entity.name.type.instance.jsdoc","patterns":[{"captures":{"1":{"name":"variable.other.link.underline.jsdoc"},"2":{"name":"punctuation.separator.pipe.jsdoc"}},"match":"\\\\G((?=https?://)(?:[^*|}\\\\s]|\\\\*/)+)(\\\\|)?"},{"captures":{"1":{"name":"variable.other.description.jsdoc"},"2":{"name":"punctuation.separator.pipe.jsdoc"}},"match":"\\\\G((?:[^*@{|}\\\\s]|\\\\*[^/])+)(\\\\|)?"}]}]},"instanceof-expr":{"begin":"(?<![$_[:alnum:]])(?:(?<=\\\\.\\\\.\\\\.)|(?<!\\\\.))(instanceof)(?![$_[:alnum:]])(?:(?=\\\\.\\\\.\\\\.)|(?!\\\\.))","beginCaptures":{"1":{"name":"keyword.operator.expression.instanceof.js"}},"end":"(?<=\\\\))|(?=[-\\\\])+,:;>?}]|\\\\|\\\\||&&|!==|$|([!=]==?)|(([\\\\&^|~]\\\\s*)?[$_[:alpha:]][$_[:alnum:]]*\\\\s+instanceof(?![$_[:alnum:]])(?:(?=\\\\.\\\\.\\\\.)|(?!\\\\.)))|((?<![$_[:alnum:]])(?:(?<=\\\\.\\\\.\\\\.)|(?<!\\\\.))function((\\\\s+[$_[:alpha:]][$_[:alnum:]]*)|(\\\\s*\\\\())))","patterns":[{"include":"#type"}]},"interface-declaration":{"begin":"(?<![$_[:alnum:]])(?:(?<=\\\\.\\\\.\\\\.)|(?<!\\\\.))(?:\\\\b(export)\\\\s+)?(?:\\\\b(declare)\\\\s+)?\\\\b(?:(abstract)\\\\s+)?\\\\b(interface)\\\\b(?=\\\\s+|/[*/])","beginCaptures":{"1":{"name":"keyword.control.export.js"},"2":{"name":"storage.modifier.js"},"3":{"name":"storage.modifier.js"},"4":{"name":"storage.type.interface.js"}},"end":"(?<=})","name":"meta.interface.js","patterns":[{"include":"#comment"},{"include":"#class-or-interface-heritage"},{"captures":{"0":{"name":"entity.name.type.interface.js"}},"match":"[$_[:alpha:]][$_[:alnum:]]*"},{"include":"#type-parameters"},{"include":"#class-or-interface-body"}]},"jsdoctype":{"patterns":[{"begin":"\\\\G(\\\\{)","beginCaptures":{"0":{"name":"entity.name.type.instance.jsdoc"},"1":{"name":"punctuation.definition.bracket.curly.begin.jsdoc"}},"contentName":"entity.name.type.instance.jsdoc","end":"((}))\\\\s*|(?=\\\\*/)","endCaptures":{"1":{"name":"entity.name.type.instance.jsdoc"},"2":{"name":"punctuation.definition.bracket.curly.end.jsdoc"}},"patterns":[{"include":"#brackets"}]}]},"jsx":{"patterns":[{"include":"#jsx-tag-without-attributes-in-expression"},{"include":"#jsx-tag-in-expression"}]},"jsx-children":{"patterns":[{"include":"#jsx-tag-without-attributes"},{"include":"#jsx-tag"},{"include":"#jsx-evaluated-code"},{"include":"#jsx-entities"}]},"jsx-entities":{"patterns":[{"captures":{"1":{"name":"punctuation.definition.entity.js"},"3":{"name":"punctuation.definition.entity.js"}},"match":"(&)([0-9A-Za-z]+|#[0-9]+|#x\\\\h+)(;)","name":"constant.character.entity.js"}]},"jsx-evaluated-code":{"begin":"\\\\{","beginCaptures":{"0":{"name":"punctuation.section.embedded.begin.js"}},"contentName":"meta.embedded.expression.js","end":"}","endCaptures":{"0":{"name":"punctuation.section.embedded.end.js"}},"patterns":[{"include":"#expression"}]},"jsx-string-double-quoted":{"begin":"\\"","beginCaptures":{"0":{"name":"punctuation.definition.string.begin.js"}},"end":"\\"","endCaptures":{"0":{"name":"punctuation.definition.string.end.js"}},"name":"string.quoted.double.js","patterns":[{"include":"#jsx-entities"}]},"jsx-string-single-quoted":{"begin":"'","beginCaptures":{"0":{"name":"punctuation.definition.string.begin.js"}},"end":"'","endCaptures":{"0":{"name":"punctuation.definition.string.end.js"}},"name":"string.quoted.single.js","patterns":[{"include":"#jsx-entities"}]},"jsx-tag":{"begin":"(?=(<)\\\\s*(?:([$_[:alpha:]][-$._[:alnum:]]*)(?<![-.])(:))?((?:[a-z][0-9a-z]*|([$_[:alpha:]][-$._[:alnum:]]*))(?<![-.]))(?=((<\\\\s*)|(\\\\s+))(?!\\\\?)|/?>))","end":"(/>)|(</)\\\\s*(?:([$_[:alpha:]][-$._[:alnum:]]*)(?<![-.])(:))?((?:[a-z][0-9a-z]*|([$_[:alpha:]][-$._[:alnum:]]*))(?<![-.]))?\\\\s*(>)","endCaptures":{"1":{"name":"punctuation.definition.tag.end.js"},"2":{"name":"punctuation.definition.tag.begin.js"},"3":{"name":"entity.name.tag.namespace.js"},"4":{"name":"punctuation.separator.namespace.js"},"5":{"name":"entity.name.tag.js"},"6":{"name":"support.class.component.js"},"7":{"name":"punctuation.definition.tag.end.js"}},"name":"meta.tag.js","patterns":[{"begin":"(<)\\\\s*(?:([$_[:alpha:]][-$._[:alnum:]]*)(?<![-.])(:))?((?:[a-z][0-9a-z]*|([$_[:alpha:]][-$._[:alnum:]]*))(?<![-.]))(?=((<\\\\s*)|(\\\\s+))(?!\\\\?)|/?>)","beginCaptures":{"1":{"name":"punctuation.definition.tag.begin.js"},"2":{"name":"entity.name.tag.namespace.js"},"3":{"name":"punctuation.separator.namespace.js"},"4":{"name":"entity.name.tag.js"},"5":{"name":"support.class.component.js"}},"end":"(?=/?>)","patterns":[{"include":"#comment"},{"include":"#type-arguments"},{"include":"#jsx-tag-attributes"}]},{"begin":"(>)","beginCaptures":{"1":{"name":"punctuation.definition.tag.end.js"}},"contentName":"meta.jsx.children.js","end":"(?=</)","patterns":[{"include":"#jsx-children"}]}]},"jsx-tag-attribute-assignment":{"match":"=(?=\\\\s*(?:[\\"'{]|/\\\\*|//|\\\\n))","name":"keyword.operator.assignment.js"},"jsx-tag-attribute-name":{"captures":{"1":{"name":"entity.other.attribute-name.namespace.js"},"2":{"name":"punctuation.separator.namespace.js"},"3":{"name":"entity.other.attribute-name.js"}},"match":"\\\\s*(?:([$_[:alpha:]][-$._[:alnum:]]*)(:))?([$_[:alpha:]][-$_[:alnum:]]*)(?=[=\\\\s]|/?>|/\\\\*|//)"},"jsx-tag-attributes":{"begin":"\\\\s+","end":"(?=/?>)","name":"meta.tag.attributes.js","patterns":[{"include":"#comment"},{"include":"#jsx-tag-attribute-name"},{"include":"#jsx-tag-attribute-assignment"},{"include":"#jsx-string-double-quoted"},{"include":"#jsx-string-single-quoted"},{"include":"#jsx-evaluated-code"},{"include":"#jsx-tag-attributes-illegal"}]},"jsx-tag-attributes-illegal":{"match":"\\\\S+","name":"invalid.illegal.attribute.js"},"jsx-tag-in-expression":{"begin":"(?<!\\\\+\\\\+|--)(?<=[(*,:=>?\\\\[{]|&&|\\\\|\\\\||\\\\?|\\\\*/|^await|[^$._[:alnum:]]await|^return|[^$._[:alnum:]]return|^default|[^$._[:alnum:]]default|^yield|[^$._[:alnum:]]yield|^)\\\\s*(?!<\\\\s*[$_[:alpha:]][$_[:alnum:]]*((\\\\s+extends\\\\s+[^=>])|,))(?=(<)\\\\s*(?:([$_[:alpha:]][-$._[:alnum:]]*)(?<![-.])(:))?((?:[a-z][0-9a-z]*|([$_[:alpha:]][-$._[:alnum:]]*))(?<![-.]))(?=((<\\\\s*)|(\\\\s+))(?!\\\\?)|/?>))","end":"(?!(<)\\\\s*(?:([$_[:alpha:]][-$._[:alnum:]]*)(?<![-.])(:))?((?:[a-z][0-9a-z]*|([$_[:alpha:]][-$._[:alnum:]]*))(?<![-.]))(?=((<\\\\s*)|(\\\\s+))(?!\\\\?)|/?>))","patterns":[{"include":"#jsx-tag"}]},"jsx-tag-without-attributes":{"begin":"(<)\\\\s*(?:([$_[:alpha:]][-$._[:alnum:]]*)(?<![-.])(:))?((?:[a-z][0-9a-z]*|([$_[:alpha:]][-$._[:alnum:]]*))(?<![-.]))?\\\\s*(>)","beginCaptures":{"1":{"name":"punctuation.definition.tag.begin.js"},"2":{"name":"entity.name.tag.namespace.js"},"3":{"name":"punctuation.separator.namespace.js"},"4":{"name":"entity.name.tag.js"},"5":{"name":"support.class.component.js"},"6":{"name":"punctuation.definition.tag.end.js"}},"contentName":"meta.jsx.children.js","end":"(</)\\\\s*(?:([$_[:alpha:]][-$._[:alnum:]]*)(?<![-.])(:))?((?:[a-z][0-9a-z]*|([$_[:alpha:]][-$._[:alnum:]]*))(?<![-.]))?\\\\s*(>)","endCaptures":{"1":{"name":"punctuation.definition.tag.begin.js"},"2":{"name":"entity.name.tag.namespace.js"},"3":{"name":"punctuation.separator.namespace.js"},"4":{"name":"entity.name.tag.js"},"5":{"name":"support.class.component.js"},"6":{"name":"punctuation.definition.tag.end.js"}},"name":"meta.tag.without-attributes.js","patterns":[{"include":"#jsx-children"}]},"jsx-tag-without-attributes-in-expression":{"begin":"(?<!\\\\+\\\\+|--)(?<=[(*,:=>?\\\\[{]|&&|\\\\|\\\\||\\\\?|\\\\*/|^await|[^$._[:alnum:]]await|^return|[^$._[:alnum:]]return|^default|[^$._[:alnum:]]default|^yield|[^$._[:alnum:]]yield|^)\\\\s*(?=(<)\\\\s*(?:([$_[:alpha:]][-$._[:alnum:]]*)(?<![-.])(:))?((?:[a-z][0-9a-z]*|([$_[:alpha:]][-$._[:alnum:]]*))(?<![-.]))?\\\\s*(>))","end":"(?!(<)\\\\s*(?:([$_[:alpha:]][-$._[:alnum:]]*)(?<![-.])(:))?((?:[a-z][0-9a-z]*|([$_[:alpha:]][-$._[:alnum:]]*))(?<![-.]))?\\\\s*(>))","patterns":[{"include":"#jsx-tag-without-attributes"}]},"label":{"patterns":[{"begin":"([$_[:alpha:]][$_[:alnum:]]*)\\\\s*(:)(?=\\\\s*\\\\{)","beginCaptures":{"1":{"name":"entity.name.label.js"},"2":{"name":"punctuation.separator.label.js"}},"end":"(?<=})","patterns":[{"include":"#decl-block"}]},{"captures":{"1":{"name":"entity.name.label.js"},"2":{"name":"punctuation.separator.label.js"}},"match":"([$_[:alpha:]][$_[:alnum:]]*)\\\\s*(:)"}]},"literal":{"patterns":[{"include":"#numeric-literal"},{"include":"#boolean-literal"},{"include":"#null-literal"},{"include":"#undefined-literal"},{"include":"#numericConstant-literal"},{"include":"#array-literal"},{"include":"#this-literal"},{"include":"#super-literal"}]},"method-declaration":{"patterns":[{"begin":"(?<![$_[:alnum:]])(?:(?<=\\\\.\\\\.\\\\.)|(?<!\\\\.))(?:\\\\b(override)\\\\s+)?(?:\\\\b(p(?:ublic|rivate|rotected))\\\\s+)?(?:\\\\b(abstract)\\\\s+)?(?:\\\\b(async)\\\\s+)?\\\\s*\\\\b(constructor)\\\\b(?!:)(?![$_[:alnum:]])(?:(?=\\\\.\\\\.\\\\.)|(?!\\\\.))","beginCaptures":{"1":{"name":"storage.modifier.js"},"2":{"name":"storage.modifier.js"},"3":{"name":"storage.modifier.js"},"4":{"name":"storage.modifier.async.js"},"5":{"name":"storage.type.js"}},"end":"(?=[,;}]|$)|(?<=})","name":"meta.method.declaration.js","patterns":[{"include":"#method-declaration-name"},{"include":"#function-body"}]},{"begin":"(?<![$_[:alnum:]])(?:(?<=\\\\.\\\\.\\\\.)|(?<!\\\\.))(?:\\\\b(override)\\\\s+)?(?:\\\\b(p(?:ublic|rivate|rotected))\\\\s+)?(?:\\\\b(abstract)\\\\s+)?(?:\\\\b(async)\\\\s+)?(?:\\\\s*\\\\b(new)\\\\b(?!:)(?![$_[:alnum:]])(?:(?=\\\\.\\\\.\\\\.)|(?!\\\\.))|(?:(\\\\*)\\\\s*)?)(?=\\\\s*((<\\\\s*(((const\\\\s+)?[$_[:alpha:]])|(\\\\{([^{}]|(\\\\{([^{}]|\\\\{[^{}]*})*}))*})|(\\\\(([^()]|(\\\\(([^()]|\\\\([^()]*\\\\))*\\\\)))*\\\\))|(\\\\[([^]\\\\[]|(\\\\[([^]\\\\[]|\\\\[[^]\\\\[]*])*]))*]))([^<=>]|=[^<]|<\\\\s*(((const\\\\s+)?[$_[:alpha:]])|(\\\\{([^{}]|(\\\\{([^{}]|\\\\{[^{}]*})*}))*})|(\\\\(([^()]|(\\\\(([^()]|\\\\([^()]*\\\\))*\\\\)))*\\\\))|(\\\\[([^]\\\\[]|(\\\\[([^]\\\\[]|\\\\[[^]\\\\[]*])*]))*]))([^<=>]|=[^<]|<\\\\s*(((const\\\\s+)?[$_[:alpha:]])|(\\\\{([^{}]|(\\\\{([^{}]|\\\\{[^{}]*})*}))*})|(\\\\(([^()]|(\\\\(([^()]|\\\\([^()]*\\\\))*\\\\)))*\\\\))|(\\\\[([^]\\\\[]|(\\\\[([^]\\\\[]|\\\\[[^]\\\\[]*])*]))*]))([^<=>]|=[^<])*>)*>)*>\\\\s*))?\\\\()","beginCaptures":{"1":{"name":"storage.modifier.js"},"2":{"name":"storage.modifier.js"},"3":{"name":"storage.modifier.js"},"4":{"name":"storage.modifier.async.js"},"5":{"name":"keyword.operator.new.js"},"6":{"name":"keyword.generator.asterisk.js"}},"end":"(?=[,;}]|$)|(?<=})","name":"meta.method.declaration.js","patterns":[{"include":"#method-declaration-name"},{"include":"#function-body"}]},{"begin":"(?<![$_[:alnum:]])(?:(?<=\\\\.\\\\.\\\\.)|(?<!\\\\.))(?:\\\\b(override)\\\\s+)?(?:\\\\b(p(?:ublic|rivate|rotected))\\\\s+)?(?:\\\\b(abstract)\\\\s+)?(?:\\\\b(async)\\\\s+)?(?:\\\\b([gs]et)\\\\s+)?(?:(\\\\*)\\\\s*)?(?=\\\\s*((\\\\b((?<!\\\\$)0[Xx]\\\\h[_\\\\h]*(n)?\\\\b(?!\\\\$))|\\\\b((?<!\\\\$)0[Bb][01][01_]*(n)?\\\\b(?!\\\\$))|\\\\b((?<!\\\\$)0[Oo]?[0-7][0-7_]*(n)?\\\\b(?!\\\\$))|((?<!\\\\$)(?:\\\\b[0-9][0-9_]*(\\\\.)[0-9][0-9_]*[Ee][-+]?[0-9][0-9_]*(n)?\\\\b|\\\\b[0-9][0-9_]*(\\\\.)[Ee][-+]?[0-9][0-9_]*(n)?\\\\b|\\\\B(\\\\.)[0-9][0-9_]*[Ee][-+]?[0-9][0-9_]*(n)?\\\\b|\\\\b[0-9][0-9_]*[Ee][-+]?[0-9][0-9_]*(n)?\\\\b|\\\\b[0-9][0-9_]*(\\\\.)[0-9][0-9_]*(n)?\\\\b|\\\\b[0-9][0-9_]*(\\\\.)(n)?\\\\B|\\\\B(\\\\.)[0-9][0-9_]*(n)?\\\\b|\\\\b[0-9][0-9_]*(n)?\\\\b(?!\\\\.))(?!\\\\$))|([$_[:alpha:]][$_[:alnum:]]*)|('([^'\\\\\\\\]|\\\\\\\\.)*')|(\\"([^\\"\\\\\\\\]|\\\\\\\\.)*\\")|(\`([^\\\\\\\\\`]|\\\\\\\\.)*\`)|(\\\\[([^]\\\\[]|\\\\[[^]\\\\[]*])+]))\\\\s*(\\\\??))\\\\s*((<\\\\s*(((const\\\\s+)?[$_[:alpha:]])|(\\\\{([^{}]|(\\\\{([^{}]|\\\\{[^{}]*})*}))*})|(\\\\(([^()]|(\\\\(([^()]|\\\\([^()]*\\\\))*\\\\)))*\\\\))|(\\\\[([^]\\\\[]|(\\\\[([^]\\\\[]|\\\\[[^]\\\\[]*])*]))*]))([^<=>]|=[^<]|<\\\\s*(((const\\\\s+)?[$_[:alpha:]])|(\\\\{([^{}]|(\\\\{([^{}]|\\\\{[^{}]*})*}))*})|(\\\\(([^()]|(\\\\(([^()]|\\\\([^()]*\\\\))*\\\\)))*\\\\))|(\\\\[([^]\\\\[]|(\\\\[([^]\\\\[]|\\\\[[^]\\\\[]*])*]))*]))([^<=>]|=[^<]|<\\\\s*(((const\\\\s+)?[$_[:alpha:]])|(\\\\{([^{}]|(\\\\{([^{}]|\\\\{[^{}]*})*}))*})|(\\\\(([^()]|(\\\\(([^()]|\\\\([^()]*\\\\))*\\\\)))*\\\\))|(\\\\[([^]\\\\[]|(\\\\[([^]\\\\[]|\\\\[[^]\\\\[]*])*]))*]))([^<=>]|=[^<])*>)*>)*>\\\\s*))?\\\\()","beginCaptures":{"1":{"name":"storage.modifier.js"},"2":{"name":"storage.modifier.js"},"3":{"name":"storage.modifier.js"},"4":{"name":"storage.modifier.async.js"},"5":{"name":"storage.type.property.js"},"6":{"name":"keyword.generator.asterisk.js"}},"end":"(?=[,;}]|$)|(?<=})","name":"meta.method.declaration.js","patterns":[{"include":"#method-declaration-name"},{"include":"#function-body"}]}]},"method-declaration-name":{"begin":"(?=(\\\\b((?<!\\\\$)0[Xx]\\\\h[_\\\\h]*(n)?\\\\b(?!\\\\$))|\\\\b((?<!\\\\$)0[Bb][01][01_]*(n)?\\\\b(?!\\\\$))|\\\\b((?<!\\\\$)0[Oo]?[0-7][0-7_]*(n)?\\\\b(?!\\\\$))|((?<!\\\\$)(?:\\\\b[0-9][0-9_]*(\\\\.)[0-9][0-9_]*[Ee][-+]?[0-9][0-9_]*(n)?\\\\b|\\\\b[0-9][0-9_]*(\\\\.)[Ee][-+]?[0-9][0-9_]*(n)?\\\\b|\\\\B(\\\\.)[0-9][0-9_]*[Ee][-+]?[0-9][0-9_]*(n)?\\\\b|\\\\b[0-9][0-9_]*[Ee][-+]?[0-9][0-9_]*(n)?\\\\b|\\\\b[0-9][0-9_]*(\\\\.)[0-9][0-9_]*(n)?\\\\b|\\\\b[0-9][0-9_]*(\\\\.)(n)?\\\\B|\\\\B(\\\\.)[0-9][0-9_]*(n)?\\\\b|\\\\b[0-9][0-9_]*(n)?\\\\b(?!\\\\.))(?!\\\\$))|([$_[:alpha:]][$_[:alnum:]]*)|('([^'\\\\\\\\]|\\\\\\\\.)*')|(\\"([^\\"\\\\\\\\]|\\\\\\\\.)*\\")|(\`([^\\\\\\\\\`]|\\\\\\\\.)*\`)|(\\\\[([^]\\\\[]|\\\\[[^]\\\\[]*])+]))\\\\s*(\\\\??)\\\\s*[(<])","end":"(?=[(<])","patterns":[{"include":"#string"},{"include":"#array-literal"},{"include":"#numeric-literal"},{"match":"[$_[:alpha:]][$_[:alnum:]]*","name":"meta.definition.method.js entity.name.function.js"},{"match":"\\\\?","name":"keyword.operator.optional.js"}]},"namespace-declaration":{"begin":"(?<![$_[:alnum:]])(?:(?<=\\\\.\\\\.\\\\.)|(?<!\\\\.))(?:\\\\b(export)\\\\s+)?(?:\\\\b(declare)\\\\s+)?\\\\b(namespace|module)\\\\s+(?=[\\"$'_\`[:alpha:]])","beginCaptures":{"1":{"name":"keyword.control.export.js"},"2":{"name":"storage.modifier.js"},"3":{"name":"storage.type.namespace.js"}},"end":"(?<=})|(?=;|^\\\\s*$|^\\\\s*(?:abstract|async|\\\\bawait\\\\s+\\\\busing(?=\\\\s+(?!in\\\\b|of\\\\b(?!\\\\s*(?:of\\\\b|=)))[$_[:alpha:]])\\\\b\\\\b|break|case|catch|class|const|continue|declare|do|else|enum|export|finally|function|for|goto|if|import|interface|let|module|namespace|switch|return|throw|try|type|\\\\busing(?=\\\\s+(?!in\\\\b|of\\\\b(?!\\\\s*(?:of\\\\b|=)))[$_[:alpha:]])\\\\b|var|while)\\\\b)","name":"meta.namespace.declaration.js","patterns":[{"include":"#comment"},{"include":"#string"},{"match":"([$_[:alpha:]][$_[:alnum:]]*)","name":"entity.name.type.module.js"},{"include":"#punctuation-accessor"},{"include":"#decl-block"}]},"new-expr":{"begin":"(?<![$_[:alnum:]])(?:(?<=\\\\.\\\\.\\\\.)|(?<!\\\\.))(new)(?![$_[:alnum:]])(?:(?=\\\\.\\\\.\\\\.)|(?!\\\\.))","beginCaptures":{"1":{"name":"keyword.operator.new.js"}},"end":"(?<=\\\\))|(?=[-\\\\])+,:;>?}]|\\\\|\\\\||&&|!==|$|((?<![$_[:alnum:]])(?:(?<=\\\\.\\\\.\\\\.)|(?<!\\\\.))new(?![$_[:alnum:]])(?:(?=\\\\.\\\\.\\\\.)|(?!\\\\.)))|((?<![$_[:alnum:]])(?:(?<=\\\\.\\\\.\\\\.)|(?<!\\\\.))function((\\\\s+[$_[:alpha:]][$_[:alnum:]]*)|(\\\\s*\\\\())))","name":"new.expr.js","patterns":[{"include":"#expression"}]},"null-literal":{"match":"(?<![$_[:alnum:]])(?:(?<=\\\\.\\\\.\\\\.)|(?<!\\\\.))null(?![$_[:alnum:]])(?:(?=\\\\.\\\\.\\\\.)|(?!\\\\.))","name":"constant.language.null.js"},"numeric-literal":{"patterns":[{"captures":{"1":{"name":"storage.type.numeric.bigint.js"}},"match":"\\\\b(?<!\\\\$)0[Xx]\\\\h[_\\\\h]*(n)?\\\\b(?!\\\\$)","name":"constant.numeric.hex.js"},{"captures":{"1":{"name":"storage.type.numeric.bigint.js"}},"match":"\\\\b(?<!\\\\$)0[Bb][01][01_]*(n)?\\\\b(?!\\\\$)","name":"constant.numeric.binary.js"},{"captures":{"1":{"name":"storage.type.numeric.bigint.js"}},"match":"\\\\b(?<!\\\\$)0[Oo]?[0-7][0-7_]*(n)?\\\\b(?!\\\\$)","name":"constant.numeric.octal.js"},{"captures":{"0":{"name":"constant.numeric.decimal.js"},"1":{"name":"meta.delimiter.decimal.period.js"},"2":{"name":"storage.type.numeric.bigint.js"},"3":{"name":"meta.delimiter.decimal.period.js"},"4":{"name":"storage.type.numeric.bigint.js"},"5":{"name":"meta.delimiter.decimal.period.js"},"6":{"name":"storage.type.numeric.bigint.js"},"7":{"name":"storage.type.numeric.bigint.js"},"8":{"name":"meta.delimiter.decimal.period.js"},"9":{"name":"storage.type.numeric.bigint.js"},"10":{"name":"meta.delimiter.decimal.period.js"},"11":{"name":"storage.type.numeric.bigint.js"},"12":{"name":"meta.delimiter.decimal.period.js"},"13":{"name":"storage.type.numeric.bigint.js"},"14":{"name":"storage.type.numeric.bigint.js"}},"match":"(?<!\\\\$)(?:\\\\b[0-9][0-9_]*(\\\\.)[0-9][0-9_]*[Ee][-+]?[0-9][0-9_]*(n)?\\\\b|\\\\b[0-9][0-9_]*(\\\\.)[Ee][-+]?[0-9][0-9_]*(n)?\\\\b|\\\\B(\\\\.)[0-9][0-9_]*[Ee][-+]?[0-9][0-9_]*(n)?\\\\b|\\\\b[0-9][0-9_]*[Ee][-+]?[0-9][0-9_]*(n)?\\\\b|\\\\b[0-9][0-9_]*(\\\\.)[0-9][0-9_]*(n)?\\\\b|\\\\b[0-9][0-9_]*(\\\\.)(n)?\\\\B|\\\\B(\\\\.)[0-9][0-9_]*(n)?\\\\b|\\\\b[0-9][0-9_]*(n)?\\\\b(?!\\\\.))(?!\\\\$)"}]},"numericConstant-literal":{"patterns":[{"match":"(?<![$_[:alnum:]])(?:(?<=\\\\.\\\\.\\\\.)|(?<!\\\\.))NaN(?![$_[:alnum:]])(?:(?=\\\\.\\\\.\\\\.)|(?!\\\\.))","name":"constant.language.nan.js"},{"match":"(?<![$_[:alnum:]])(?:(?<=\\\\.\\\\.\\\\.)|(?<!\\\\.))Infinity(?![$_[:alnum:]])(?:(?=\\\\.\\\\.\\\\.)|(?!\\\\.))","name":"constant.language.infinity.js"}]},"object-binding-element":{"patterns":[{"include":"#comment"},{"begin":"(?=(\\\\b((?<!\\\\$)0[Xx]\\\\h[_\\\\h]*(n)?\\\\b(?!\\\\$))|\\\\b((?<!\\\\$)0[Bb][01][01_]*(n)?\\\\b(?!\\\\$))|\\\\b((?<!\\\\$)0[Oo]?[0-7][0-7_]*(n)?\\\\b(?!\\\\$))|((?<!\\\\$)(?:\\\\b[0-9][0-9_]*(\\\\.)[0-9][0-9_]*[Ee][-+]?[0-9][0-9_]*(n)?\\\\b|\\\\b[0-9][0-9_]*(\\\\.)[Ee][-+]?[0-9][0-9_]*(n)?\\\\b|\\\\B(\\\\.)[0-9][0-9_]*[Ee][-+]?[0-9][0-9_]*(n)?\\\\b|\\\\b[0-9][0-9_]*[Ee][-+]?[0-9][0-9_]*(n)?\\\\b|\\\\b[0-9][0-9_]*(\\\\.)[0-9][0-9_]*(n)?\\\\b|\\\\b[0-9][0-9_]*(\\\\.)(n)?\\\\B|\\\\B(\\\\.)[0-9][0-9_]*(n)?\\\\b|\\\\b[0-9][0-9_]*(n)?\\\\b(?!\\\\.))(?!\\\\$))|([$_[:alpha:]][$_[:alnum:]]*)|('([^'\\\\\\\\]|\\\\\\\\.)*')|(\\"([^\\"\\\\\\\\]|\\\\\\\\.)*\\")|(\`([^\\\\\\\\\`]|\\\\\\\\.)*\`)|(\\\\[([^]\\\\[]|\\\\[[^]\\\\[]*])+]))\\\\s*(:))","end":"(?=[,}])","patterns":[{"include":"#object-binding-element-propertyName"},{"include":"#binding-element"}]},{"include":"#object-binding-pattern"},{"include":"#destructuring-variable-rest"},{"include":"#variable-initializer"},{"include":"#punctuation-comma"}]},"object-binding-element-const":{"patterns":[{"include":"#comment"},{"begin":"(?=(\\\\b((?<!\\\\$)0[Xx]\\\\h[_\\\\h]*(n)?\\\\b(?!\\\\$))|\\\\b((?<!\\\\$)0[Bb][01][01_]*(n)?\\\\b(?!\\\\$))|\\\\b((?<!\\\\$)0[Oo]?[0-7][0-7_]*(n)?\\\\b(?!\\\\$))|((?<!\\\\$)(?:\\\\b[0-9][0-9_]*(\\\\.)[0-9][0-9_]*[Ee][-+]?[0-9][0-9_]*(n)?\\\\b|\\\\b[0-9][0-9_]*(\\\\.)[Ee][-+]?[0-9][0-9_]*(n)?\\\\b|\\\\B(\\\\.)[0-9][0-9_]*[Ee][-+]?[0-9][0-9_]*(n)?\\\\b|\\\\b[0-9][0-9_]*[Ee][-+]?[0-9][0-9_]*(n)?\\\\b|\\\\b[0-9][0-9_]*(\\\\.)[0-9][0-9_]*(n)?\\\\b|\\\\b[0-9][0-9_]*(\\\\.)(n)?\\\\B|\\\\B(\\\\.)[0-9][0-9_]*(n)?\\\\b|\\\\b[0-9][0-9_]*(n)?\\\\b(?!\\\\.))(?!\\\\$))|([$_[:alpha:]][$_[:alnum:]]*)|('([^'\\\\\\\\]|\\\\\\\\.)*')|(\\"([^\\"\\\\\\\\]|\\\\\\\\.)*\\")|(\`([^\\\\\\\\\`]|\\\\\\\\.)*\`)|(\\\\[([^]\\\\[]|\\\\[[^]\\\\[]*])+]))\\\\s*(:))","end":"(?=[,}])","patterns":[{"include":"#object-binding-element-propertyName"},{"include":"#binding-element-const"}]},{"include":"#object-binding-pattern-const"},{"include":"#destructuring-variable-rest-const"},{"include":"#variable-initializer"},{"include":"#punctuation-comma"}]},"object-binding-element-propertyName":{"begin":"(?=(\\\\b((?<!\\\\$)0[Xx]\\\\h[_\\\\h]*(n)?\\\\b(?!\\\\$))|\\\\b((?<!\\\\$)0[Bb][01][01_]*(n)?\\\\b(?!\\\\$))|\\\\b((?<!\\\\$)0[Oo]?[0-7][0-7_]*(n)?\\\\b(?!\\\\$))|((?<!\\\\$)(?:\\\\b[0-9][0-9_]*(\\\\.)[0-9][0-9_]*[Ee][-+]?[0-9][0-9_]*(n)?\\\\b|\\\\b[0-9][0-9_]*(\\\\.)[Ee][-+]?[0-9][0-9_]*(n)?\\\\b|\\\\B(\\\\.)[0-9][0-9_]*[Ee][-+]?[0-9][0-9_]*(n)?\\\\b|\\\\b[0-9][0-9_]*[Ee][-+]?[0-9][0-9_]*(n)?\\\\b|\\\\b[0-9][0-9_]*(\\\\.)[0-9][0-9_]*(n)?\\\\b|\\\\b[0-9][0-9_]*(\\\\.)(n)?\\\\B|\\\\B(\\\\.)[0-9][0-9_]*(n)?\\\\b|\\\\b[0-9][0-9_]*(n)?\\\\b(?!\\\\.))(?!\\\\$))|([$_[:alpha:]][$_[:alnum:]]*)|('([^'\\\\\\\\]|\\\\\\\\.)*')|(\\"([^\\"\\\\\\\\]|\\\\\\\\.)*\\")|(\`([^\\\\\\\\\`]|\\\\\\\\.)*\`)|(\\\\[([^]\\\\[]|\\\\[[^]\\\\[]*])+]))\\\\s*(:))","end":"(:)","endCaptures":{"0":{"name":"punctuation.destructuring.js"}},"patterns":[{"include":"#string"},{"include":"#array-literal"},{"include":"#numeric-literal"},{"match":"([$_[:alpha:]][$_[:alnum:]]*)","name":"variable.object.property.js"}]},"object-binding-pattern":{"begin":"(?:(\\\\.\\\\.\\\\.)\\\\s*)?(\\\\{)","beginCaptures":{"1":{"name":"keyword.operator.rest.js"},"2":{"name":"punctuation.definition.binding-pattern.object.js"}},"end":"}","endCaptures":{"0":{"name":"punctuation.definition.binding-pattern.object.js"}},"patterns":[{"include":"#object-binding-element"}]},"object-binding-pattern-const":{"begin":"(?:(\\\\.\\\\.\\\\.)\\\\s*)?(\\\\{)","beginCaptures":{"1":{"name":"keyword.operator.rest.js"},"2":{"name":"punctuation.definition.binding-pattern.object.js"}},"end":"}","endCaptures":{"0":{"name":"punctuation.definition.binding-pattern.object.js"}},"patterns":[{"include":"#object-binding-element-const"}]},"object-identifiers":{"patterns":[{"match":"([$_[:alpha:]][$_[:alnum:]]*)(?=\\\\s*\\\\??\\\\.\\\\s*prototype\\\\b(?!\\\\$))","name":"support.class.js"},{"captures":{"1":{"name":"punctuation.accessor.js"},"2":{"name":"punctuation.accessor.optional.js"},"3":{"name":"variable.other.constant.object.property.js"},"4":{"name":"variable.other.object.property.js"}},"match":"(?:(\\\\.)|(\\\\?\\\\.(?!\\\\s*\\\\d)))\\\\s*(?:(#?\\\\p{upper}[$_\\\\d[:upper:]]*)|(#?[$_[:alpha:]][$_[:alnum:]]*))(?=\\\\s*\\\\??\\\\.\\\\s*#?[$_[:alpha:]][$_[:alnum:]]*)"},{"captures":{"1":{"name":"variable.other.constant.object.js"},"2":{"name":"variable.other.object.js"}},"match":"(?:(\\\\p{upper}[$_\\\\d[:upper:]]*)|([$_[:alpha:]][$_[:alnum:]]*))(?=\\\\s*\\\\??\\\\.\\\\s*#?[$_[:alpha:]][$_[:alnum:]]*)"}]},"object-literal":{"begin":"\\\\{","beginCaptures":{"0":{"name":"punctuation.definition.block.js"}},"end":"}","endCaptures":{"0":{"name":"punctuation.definition.block.js"}},"name":"meta.objectliteral.js","patterns":[{"include":"#object-member"}]},"object-literal-method-declaration":{"begin":"(?<![$_[:alnum:]])(?:(?<=\\\\.\\\\.\\\\.)|(?<!\\\\.))(?:\\\\b(async)\\\\s+)?(?:\\\\b([gs]et)\\\\s+)?(?:(\\\\*)\\\\s*)?(?=\\\\s*((\\\\b((?<!\\\\$)0[Xx]\\\\h[_\\\\h]*(n)?\\\\b(?!\\\\$))|\\\\b((?<!\\\\$)0[Bb][01][01_]*(n)?\\\\b(?!\\\\$))|\\\\b((?<!\\\\$)0[Oo]?[0-7][0-7_]*(n)?\\\\b(?!\\\\$))|((?<!\\\\$)(?:\\\\b[0-9][0-9_]*(\\\\.)[0-9][0-9_]*[Ee][-+]?[0-9][0-9_]*(n)?\\\\b|\\\\b[0-9][0-9_]*(\\\\.)[Ee][-+]?[0-9][0-9_]*(n)?\\\\b|\\\\B(\\\\.)[0-9][0-9_]*[Ee][-+]?[0-9][0-9_]*(n)?\\\\b|\\\\b[0-9][0-9_]*[Ee][-+]?[0-9][0-9_]*(n)?\\\\b|\\\\b[0-9][0-9_]*(\\\\.)[0-9][0-9_]*(n)?\\\\b|\\\\b[0-9][0-9_]*(\\\\.)(n)?\\\\B|\\\\B(\\\\.)[0-9][0-9_]*(n)?\\\\b|\\\\b[0-9][0-9_]*(n)?\\\\b(?!\\\\.))(?!\\\\$))|([$_[:alpha:]][$_[:alnum:]]*)|('([^'\\\\\\\\]|\\\\\\\\.)*')|(\\"([^\\"\\\\\\\\]|\\\\\\\\.)*\\")|(\`([^\\\\\\\\\`]|\\\\\\\\.)*\`)|(\\\\[([^]\\\\[]|\\\\[[^]\\\\[]*])+]))\\\\s*(\\\\??))\\\\s*((<\\\\s*(((const\\\\s+)?[$_[:alpha:]])|(\\\\{([^{}]|(\\\\{([^{}]|\\\\{[^{}]*})*}))*})|(\\\\(([^()]|(\\\\(([^()]|\\\\([^()]*\\\\))*\\\\)))*\\\\))|(\\\\[([^]\\\\[]|(\\\\[([^]\\\\[]|\\\\[[^]\\\\[]*])*]))*]))([^<=>]|=[^<]|<\\\\s*(((const\\\\s+)?[$_[:alpha:]])|(\\\\{([^{}]|(\\\\{([^{}]|\\\\{[^{}]*})*}))*})|(\\\\(([^()]|(\\\\(([^()]|\\\\([^()]*\\\\))*\\\\)))*\\\\))|(\\\\[([^]\\\\[]|(\\\\[([^]\\\\[]|\\\\[[^]\\\\[]*])*]))*]))([^<=>]|=[^<]|<\\\\s*(((const\\\\s+)?[$_[:alpha:]])|(\\\\{([^{}]|(\\\\{([^{}]|\\\\{[^{}]*})*}))*})|(\\\\(([^()]|(\\\\(([^()]|\\\\([^()]*\\\\))*\\\\)))*\\\\))|(\\\\[([^]\\\\[]|(\\\\[([^]\\\\[]|\\\\[[^]\\\\[]*])*]))*]))([^<=>]|=[^<])*>)*>)*>\\\\s*))?\\\\()","beginCaptures":{"1":{"name":"storage.modifier.async.js"},"2":{"name":"storage.type.property.js"},"3":{"name":"keyword.generator.asterisk.js"}},"end":"(?=[,;}])|(?<=})","name":"meta.method.declaration.js","patterns":[{"include":"#method-declaration-name"},{"include":"#function-body"},{"begin":"(?<![$_[:alnum:]])(?:(?<=\\\\.\\\\.\\\\.)|(?<!\\\\.))(?:\\\\b(async)\\\\s+)?(?:\\\\b([gs]et)\\\\s+)?(?:(\\\\*)\\\\s*)?(?=\\\\s*((\\\\b((?<!\\\\$)0[Xx]\\\\h[_\\\\h]*(n)?\\\\b(?!\\\\$))|\\\\b((?<!\\\\$)0[Bb][01][01_]*(n)?\\\\b(?!\\\\$))|\\\\b((?<!\\\\$)0[Oo]?[0-7][0-7_]*(n)?\\\\b(?!\\\\$))|((?<!\\\\$)(?:\\\\b[0-9][0-9_]*(\\\\.)[0-9][0-9_]*[Ee][-+]?[0-9][0-9_]*(n)?\\\\b|\\\\b[0-9][0-9_]*(\\\\.)[Ee][-+]?[0-9][0-9_]*(n)?\\\\b|\\\\B(\\\\.)[0-9][0-9_]*[Ee][-+]?[0-9][0-9_]*(n)?\\\\b|\\\\b[0-9][0-9_]*[Ee][-+]?[0-9][0-9_]*(n)?\\\\b|\\\\b[0-9][0-9_]*(\\\\.)[0-9][0-9_]*(n)?\\\\b|\\\\b[0-9][0-9_]*(\\\\.)(n)?\\\\B|\\\\B(\\\\.)[0-9][0-9_]*(n)?\\\\b|\\\\b[0-9][0-9_]*(n)?\\\\b(?!\\\\.))(?!\\\\$))|([$_[:alpha:]][$_[:alnum:]]*)|('([^'\\\\\\\\]|\\\\\\\\.)*')|(\\"([^\\"\\\\\\\\]|\\\\\\\\.)*\\")|(\`([^\\\\\\\\\`]|\\\\\\\\.)*\`)|(\\\\[([^]\\\\[]|\\\\[[^]\\\\[]*])+]))\\\\s*(\\\\??))\\\\s*((<\\\\s*(((const\\\\s+)?[$_[:alpha:]])|(\\\\{([^{}]|(\\\\{([^{}]|\\\\{[^{}]*})*}))*})|(\\\\(([^()]|(\\\\(([^()]|\\\\([^()]*\\\\))*\\\\)))*\\\\))|(\\\\[([^]\\\\[]|(\\\\[([^]\\\\[]|\\\\[[^]\\\\[]*])*]))*]))([^<=>]|=[^<]|<\\\\s*(((const\\\\s+)?[$_[:alpha:]])|(\\\\{([^{}]|(\\\\{([^{}]|\\\\{[^{}]*})*}))*})|(\\\\(([^()]|(\\\\(([^()]|\\\\([^()]*\\\\))*\\\\)))*\\\\))|(\\\\[([^]\\\\[]|(\\\\[([^]\\\\[]|\\\\[[^]\\\\[]*])*]))*]))([^<=>]|=[^<]|<\\\\s*(((const\\\\s+)?[$_[:alpha:]])|(\\\\{([^{}]|(\\\\{([^{}]|\\\\{[^{}]*})*}))*})|(\\\\(([^()]|(\\\\(([^()]|\\\\([^()]*\\\\))*\\\\)))*\\\\))|(\\\\[([^]\\\\[]|(\\\\[([^]\\\\[]|\\\\[[^]\\\\[]*])*]))*]))([^<=>]|=[^<])*>)*>)*>\\\\s*))?\\\\()","beginCaptures":{"1":{"name":"storage.modifier.async.js"},"2":{"name":"storage.type.property.js"},"3":{"name":"keyword.generator.asterisk.js"}},"end":"(?=[(<])","patterns":[{"include":"#method-declaration-name"}]}]},"object-member":{"patterns":[{"include":"#comment"},{"include":"#object-literal-method-declaration"},{"begin":"(?=\\\\[)","end":"(?=:)|((?<=])(?=\\\\s*[(<]))","name":"meta.object.member.js meta.object-literal.key.js","patterns":[{"include":"#comment"},{"include":"#array-literal"}]},{"begin":"(?=[\\"'\`])","end":"(?=:)|((?<=[\\"'\`])(?=((\\\\s*[(,<}])|(\\\\s+(as|satisifies)\\\\s+))))","name":"meta.object.member.js meta.object-literal.key.js","patterns":[{"include":"#comment"},{"include":"#string"}]},{"begin":"(?=\\\\b((?<!\\\\$)0[Xx]\\\\h[_\\\\h]*(n)?\\\\b(?!\\\\$))|\\\\b((?<!\\\\$)0[Bb][01][01_]*(n)?\\\\b(?!\\\\$))|\\\\b((?<!\\\\$)0[Oo]?[0-7][0-7_]*(n)?\\\\b(?!\\\\$))|((?<!\\\\$)(?:\\\\b[0-9][0-9_]*(\\\\.)[0-9][0-9_]*[Ee][-+]?[0-9][0-9_]*(n)?\\\\b|\\\\b[0-9][0-9_]*(\\\\.)[Ee][-+]?[0-9][0-9_]*(n)?\\\\b|\\\\B(\\\\.)[0-9][0-9_]*[Ee][-+]?[0-9][0-9_]*(n)?\\\\b|\\\\b[0-9][0-9_]*[Ee][-+]?[0-9][0-9_]*(n)?\\\\b|\\\\b[0-9][0-9_]*(\\\\.)[0-9][0-9_]*(n)?\\\\b|\\\\b[0-9][0-9_]*(\\\\.)(n)?\\\\B|\\\\B(\\\\.)[0-9][0-9_]*(n)?\\\\b|\\\\b[0-9][0-9_]*(n)?\\\\b(?!\\\\.))(?!\\\\$)))","end":"(?=:)|(?=\\\\s*([(,<}])|(\\\\s+as|satisifies\\\\s+))","name":"meta.object.member.js meta.object-literal.key.js","patterns":[{"include":"#comment"},{"include":"#numeric-literal"}]},{"begin":"(?<=[]\\"'\`])(?=\\\\s*[(<])","end":"(?=[,;}])|(?<=})","name":"meta.method.declaration.js","patterns":[{"include":"#function-body"}]},{"captures":{"0":{"name":"meta.object-literal.key.js"},"1":{"name":"constant.numeric.decimal.js"}},"match":"(?![$_[:alpha:]])(\\\\d+)\\\\s*(?=(/\\\\*([^*]|(\\\\*[^/]))*\\\\*/\\\\s*)*:)","name":"meta.object.member.js"},{"captures":{"0":{"name":"meta.object-literal.key.js"},"1":{"name":"entity.name.function.js"}},"match":"([$_[:alpha:]][$_[:alnum:]]*)\\\\s*(?=(/\\\\*([^*]|(\\\\*[^/]))*\\\\*/\\\\s*)*:(\\\\s*/\\\\*([^*]|(\\\\*[^/]))*\\\\*/)*\\\\s*(((async\\\\s+)?((function\\\\s*[(*<])|(function\\\\s+)|([$_[:alpha:]][$_[:alnum:]]*\\\\s*=>)))|((async\\\\s*)?(((<\\\\s*)$|(\\\\(\\\\s*((([\\\\[{]\\\\s*)?)$|((\\\\{([^{}]|(\\\\{([^{}]|\\\\{[^{}]*})*}))*})\\\\s*((:\\\\s*\\\\{?)$|((\\\\s*([^()<>{}]|<([^<>]|<([^<>]|<[^<>]+>)+>)+>|\\\\([^()]+\\\\)|\\\\{[^{}]+})+\\\\s*)?=\\\\s*)))|((\\\\[([^]\\\\[]|(\\\\[([^]\\\\[]|\\\\[[^]\\\\[]*])*]))*])\\\\s*((:\\\\s*\\\\[?)$|((\\\\s*([^()<>{}]|<([^<>]|<([^<>]|<[^<>]+>)+>)+>|\\\\([^()]+\\\\)|\\\\{[^{}]+})+\\\\s*)?=\\\\s*))))))|((<\\\\s*(((const\\\\s+)?[$_[:alpha:]])|(\\\\{([^{}]|(\\\\{([^{}]|\\\\{[^{}]*})*}))*})|(\\\\(([^()]|(\\\\(([^()]|\\\\([^()]*\\\\))*\\\\)))*\\\\))|(\\\\[([^]\\\\[]|(\\\\[([^]\\\\[]|\\\\[[^]\\\\[]*])*]))*]))([^<=>]|=[^<]|<\\\\s*(((const\\\\s+)?[$_[:alpha:]])|(\\\\{([^{}]|(\\\\{([^{}]|\\\\{[^{}]*})*}))*})|(\\\\(([^()]|(\\\\(([^()]|\\\\([^()]*\\\\))*\\\\)))*\\\\))|(\\\\[([^]\\\\[]|(\\\\[([^]\\\\[]|\\\\[[^]\\\\[]*])*]))*]))([^<=>]|=[^<]|<\\\\s*(((const\\\\s+)?[$_[:alpha:]])|(\\\\{([^{}]|(\\\\{([^{}]|\\\\{[^{}]*})*}))*})|(\\\\(([^()]|(\\\\(([^()]|\\\\([^()]*\\\\))*\\\\)))*\\\\))|(\\\\[([^]\\\\[]|(\\\\[([^]\\\\[]|\\\\[[^]\\\\[]*])*]))*]))([^<=>]|=[^<])*>)*>)*>\\\\s*)?\\\\(\\\\s*(/\\\\*([^*]|(\\\\*[^/]))*\\\\*/\\\\s*)*((\\\\)\\\\s*:)|((\\\\.\\\\.\\\\.\\\\s*)?[$_[:alpha:]][$_[:alnum:]]*\\\\s*:)))|(<\\\\s*[$_[:alpha:]][$_[:alnum:]]*\\\\s+extends\\\\s*[^=>])|((<\\\\s*(((const\\\\s+)?[$_[:alpha:]])|(\\\\{([^{}]|(\\\\{([^{}]|\\\\{[^{}]*})*}))*})|(\\\\(([^()]|(\\\\(([^()]|\\\\([^()]*\\\\))*\\\\)))*\\\\))|(\\\\[([^]\\\\[]|(\\\\[([^]\\\\[]|\\\\[[^]\\\\[]*])*]))*]))([^<=>]|=[^<]|<\\\\s*(((const\\\\s+)?[$_[:alpha:]])|(\\\\{([^{}]|(\\\\{([^{}]|\\\\{[^{}]*})*}))*})|(\\\\(([^()]|(\\\\(([^()]|\\\\([^()]*\\\\))*\\\\)))*\\\\))|(\\\\[([^]\\\\[]|(\\\\[([^]\\\\[]|\\\\[[^]\\\\[]*])*]))*]))([^<=>]|=[^<]|<\\\\s*(((const\\\\s+)?[$_[:alpha:]])|(\\\\{([^{}]|(\\\\{([^{}]|\\\\{[^{}]*})*}))*})|(\\\\(([^()]|(\\\\(([^()]|\\\\([^()]*\\\\))*\\\\)))*\\\\))|(\\\\[([^]\\\\[]|(\\\\[([^]\\\\[]|\\\\[[^]\\\\[]*])*]))*]))([^<=>]|=[^<])*>)*>)*>\\\\s*)?\\\\(\\\\s*(/\\\\*([^*]|(\\\\*[^/]))*\\\\*/\\\\s*)*(([$_[:alpha:]]|(\\\\{([^{}]|(\\\\{([^{}]|\\\\{[^{}]*})*}))*})|(\\\\[([^]\\\\[]|(\\\\[([^]\\\\[]|\\\\[[^]\\\\[]*])*]))*])|(\\\\.\\\\.\\\\.\\\\s*[$_[:alpha:]]))([^\\"'()\`]|(\\\\(([^()]|(\\\\(([^()]|\\\\([^()]*\\\\))*\\\\)))*\\\\))|('([^'\\\\\\\\]|\\\\\\\\.)*')|(\\"([^\\"\\\\\\\\]|\\\\\\\\.)*\\")|(\`([^\\\\\\\\\`]|\\\\\\\\.)*\`))*)?\\\\)(\\\\s*:\\\\s*([^()<>{}]|<([^<>]|<([^<>]|<[^<>]+>)+>)+>|\\\\([^()]+\\\\)|\\\\{[^{}]+})+)?\\\\s*=>)))))","name":"meta.object.member.js"},{"captures":{"0":{"name":"meta.object-literal.key.js"}},"match":"[$_[:alpha:]][$_[:alnum:]]*\\\\s*(?=(/\\\\*([^*]|(\\\\*[^/]))*\\\\*/\\\\s*)*:)","name":"meta.object.member.js"},{"begin":"\\\\.\\\\.\\\\.","beginCaptures":{"0":{"name":"keyword.operator.spread.js"}},"end":"(?=[,}])","name":"meta.object.member.js","patterns":[{"include":"#expression"}]},{"captures":{"1":{"name":"variable.other.readwrite.js"}},"match":"([$_[:alpha:]][$_[:alnum:]]*)\\\\s*(?=[,}]|$|//|/\\\\*)","name":"meta.object.member.js"},{"captures":{"1":{"name":"keyword.control.as.js"},"2":{"name":"storage.modifier.js"}},"match":"(?<![$_[:alnum:]])(?:(?<=\\\\.\\\\.\\\\.)|(?<!\\\\.))(as)\\\\s+(const)(?=\\\\s*([,}]|$))","name":"meta.object.member.js"},{"begin":"(?<![$_[:alnum:]])(?:(?<=\\\\.\\\\.\\\\.)|(?<!\\\\.))(?:(as)|(satisfies))\\\\s+","beginCaptures":{"1":{"name":"keyword.control.as.js"},"2":{"name":"keyword.control.satisfies.js"}},"end":"(?=[-\\\\])+,:;>?}]|\\\\|\\\\||&&|!==|$|^|((?<![$_[:alnum:]])(?:(?<=\\\\.\\\\.\\\\.)|(?<!\\\\.))(as|satisifies)\\\\s+))","name":"meta.object.member.js","patterns":[{"include":"#type"}]},{"begin":"(?=[$_[:alpha:]][$_[:alnum:]]*\\\\s*=)","end":"(?=[,}]|$|//|/\\\\*)","name":"meta.object.member.js","patterns":[{"include":"#expression"}]},{"begin":":","beginCaptures":{"0":{"name":"meta.object-literal.key.js punctuation.separator.key-value.js"}},"end":"(?=[,}])","name":"meta.object.member.js","patterns":[{"begin":"(?<=:)\\\\s*(async)?(?=\\\\s*(<\\\\s*(((const\\\\s+)?[$_[:alpha:]])|(\\\\{([^{}]|(\\\\{([^{}]|\\\\{[^{}]*})*}))*})|(\\\\(([^()]|(\\\\(([^()]|\\\\([^()]*\\\\))*\\\\)))*\\\\))|(\\\\[([^]\\\\[]|(\\\\[([^]\\\\[]|\\\\[[^]\\\\[]*])*]))*]))([^<=>]|=[^<]|<\\\\s*(((const\\\\s+)?[$_[:alpha:]])|(\\\\{([^{}]|(\\\\{([^{}]|\\\\{[^{}]*})*}))*})|(\\\\(([^()]|(\\\\(([^()]|\\\\([^()]*\\\\))*\\\\)))*\\\\))|(\\\\[([^]\\\\[]|(\\\\[([^]\\\\[]|\\\\[[^]\\\\[]*])*]))*]))([^<=>]|=[^<]|<\\\\s*(((const\\\\s+)?[$_[:alpha:]])|(\\\\{([^{}]|(\\\\{([^{}]|\\\\{[^{}]*})*}))*})|(\\\\(([^()]|(\\\\(([^()]|\\\\([^()]*\\\\))*\\\\)))*\\\\))|(\\\\[([^]\\\\[]|(\\\\[([^]\\\\[]|\\\\[[^]\\\\[]*])*]))*]))([^<=>]|=[^<])*>)*>)*>\\\\s*)\\\\(\\\\s*((([\\\\[{]\\\\s*)?)$|((\\\\{([^{}]|(\\\\{([^{}]|\\\\{[^{}]*})*}))*})\\\\s*((:\\\\s*\\\\{?)$|((\\\\s*([^()<>{}]|<([^<>]|<([^<>]|<[^<>]+>)+>)+>|\\\\([^()]+\\\\)|\\\\{[^{}]+})+\\\\s*)?=\\\\s*)))|((\\\\[([^]\\\\[]|(\\\\[([^]\\\\[]|\\\\[[^]\\\\[]*])*]))*])\\\\s*((:\\\\s*\\\\[?)$|((\\\\s*([^()<>{}]|<([^<>]|<([^<>]|<[^<>]+>)+>)+>|\\\\([^()]+\\\\)|\\\\{[^{}]+})+\\\\s*)?=\\\\s*)))))","beginCaptures":{"1":{"name":"storage.modifier.async.js"}},"end":"(?<=\\\\))","patterns":[{"include":"#type-parameters"},{"begin":"\\\\(","beginCaptures":{"0":{"name":"meta.brace.round.js"}},"end":"\\\\)","endCaptures":{"0":{"name":"meta.brace.round.js"}},"patterns":[{"include":"#expression-inside-possibly-arrow-parens"}]}]},{"begin":"(?<=:)\\\\s*(async)?\\\\s*(\\\\()(?=\\\\s*((([\\\\[{]\\\\s*)?)$|((\\\\{([^{}]|(\\\\{([^{}]|\\\\{[^{}]*})*}))*})\\\\s*((:\\\\s*\\\\{?)$|((\\\\s*([^()<>{}]|<([^<>]|<([^<>]|<[^<>]+>)+>)+>|\\\\([^()]+\\\\)|\\\\{[^{}]+})+\\\\s*)?=\\\\s*)))|((\\\\[([^]\\\\[]|(\\\\[([^]\\\\[]|\\\\[[^]\\\\[]*])*]))*])\\\\s*((:\\\\s*\\\\[?)$|((\\\\s*([^()<>{}]|<([^<>]|<([^<>]|<[^<>]+>)+>)+>|\\\\([^()]+\\\\)|\\\\{[^{}]+})+\\\\s*)?=\\\\s*)))))","beginCaptures":{"1":{"name":"storage.modifier.async.js"},"2":{"name":"meta.brace.round.js"}},"end":"\\\\)","endCaptures":{"0":{"name":"meta.brace.round.js"}},"patterns":[{"include":"#expression-inside-possibly-arrow-parens"}]},{"begin":"(?<=:)\\\\s*(async)?\\\\s*(?=<\\\\s*$)","beginCaptures":{"1":{"name":"storage.modifier.async.js"}},"end":"(?<=>)","patterns":[{"include":"#type-parameters"}]},{"begin":"(?<=>)\\\\s*(\\\\()(?=\\\\s*((([\\\\[{]\\\\s*)?)$|((\\\\{([^{}]|(\\\\{([^{}]|\\\\{[^{}]*})*}))*})\\\\s*((:\\\\s*\\\\{?)$|((\\\\s*([^()<>{}]|<([^<>]|<([^<>]|<[^<>]+>)+>)+>|\\\\([^()]+\\\\)|\\\\{[^{}]+})+\\\\s*)?=\\\\s*)))|((\\\\[([^]\\\\[]|(\\\\[([^]\\\\[]|\\\\[[^]\\\\[]*])*]))*])\\\\s*((:\\\\s*\\\\[?)$|((\\\\s*([^()<>{}]|<([^<>]|<([^<>]|<[^<>]+>)+>)+>|\\\\([^()]+\\\\)|\\\\{[^{}]+})+\\\\s*)?=\\\\s*)))))","beginCaptures":{"1":{"name":"meta.brace.round.js"}},"end":"\\\\)","endCaptures":{"0":{"name":"meta.brace.round.js"}},"patterns":[{"include":"#expression-inside-possibly-arrow-parens"}]},{"include":"#possibly-arrow-return-type"},{"include":"#expression"}]},{"include":"#punctuation-comma"},{"include":"#decl-block"}]},"parameter-array-binding-pattern":{"begin":"(?:(\\\\.\\\\.\\\\.)\\\\s*)?(\\\\[)","beginCaptures":{"1":{"name":"keyword.operator.rest.js"},"2":{"name":"punctuation.definition.binding-pattern.array.js"}},"end":"]","endCaptures":{"0":{"name":"punctuation.definition.binding-pattern.array.js"}},"patterns":[{"include":"#parameter-binding-element"},{"include":"#punctuation-comma"}]},"parameter-binding-element":{"patterns":[{"include":"#comment"},{"include":"#string"},{"include":"#numeric-literal"},{"include":"#regex"},{"include":"#parameter-object-binding-pattern"},{"include":"#parameter-array-binding-pattern"},{"include":"#destructuring-parameter-rest"},{"include":"#variable-initializer"}]},"parameter-name":{"patterns":[{"captures":{"1":{"name":"storage.modifier.js"}},"match":"(?<![$_[:alnum:]])(?:(?<=\\\\.\\\\.\\\\.)|(?<!\\\\.))(override|public|protected|private|readonly)\\\\s+(?=(override|public|protected|private|readonly)\\\\s+)"},{"captures":{"1":{"name":"storage.modifier.js"},"2":{"name":"keyword.operator.rest.js"},"3":{"name":"entity.name.function.js variable.language.this.js"},"4":{"name":"entity.name.function.js"},"5":{"name":"keyword.operator.optional.js"}},"match":"(?:(?<![$_[:alnum:]])(?:(?<=\\\\.\\\\.\\\\.)|(?<!\\\\.))(override|public|private|protected|readonly)\\\\s+)?(?:(\\\\.\\\\.\\\\.)\\\\s*)?(?<![:=])(?<![$_[:alnum:]])(?:(?<=\\\\.\\\\.\\\\.)|(?<!\\\\.))(?:(this)|([$_[:alpha:]][$_[:alnum:]]*))(?![$_[:alnum:]])(?:(?=\\\\.\\\\.\\\\.)|(?!\\\\.))\\\\s*(\\\\??)(?=\\\\s*(=\\\\s*(((async\\\\s+)?((function\\\\s*[(*<])|(function\\\\s+)|([$_[:alpha:]][$_[:alnum:]]*\\\\s*=>)))|((async\\\\s*)?(((<\\\\s*)$|(\\\\(\\\\s*((([\\\\[{]\\\\s*)?)$|((\\\\{([^{}]|(\\\\{([^{}]|\\\\{[^{}]*})*}))*})\\\\s*((:\\\\s*\\\\{?)$|((\\\\s*([^()<>{}]|<([^<>]|<([^<>]|<[^<>]+>)+>)+>|\\\\([^()]+\\\\)|\\\\{[^{}]+})+\\\\s*)?=\\\\s*)))|((\\\\[([^]\\\\[]|(\\\\[([^]\\\\[]|\\\\[[^]\\\\[]*])*]))*])\\\\s*((:\\\\s*\\\\[?)$|((\\\\s*([^()<>{}]|<([^<>]|<([^<>]|<[^<>]+>)+>)+>|\\\\([^()]+\\\\)|\\\\{[^{}]+})+\\\\s*)?=\\\\s*))))))|((<\\\\s*(((const\\\\s+)?[$_[:alpha:]])|(\\\\{([^{}]|(\\\\{([^{}]|\\\\{[^{}]*})*}))*})|(\\\\(([^()]|(\\\\(([^()]|\\\\([^()]*\\\\))*\\\\)))*\\\\))|(\\\\[([^]\\\\[]|(\\\\[([^]\\\\[]|\\\\[[^]\\\\[]*])*]))*]))([^<=>]|=[^<]|<\\\\s*(((const\\\\s+)?[$_[:alpha:]])|(\\\\{([^{}]|(\\\\{([^{}]|\\\\{[^{}]*})*}))*})|(\\\\(([^()]|(\\\\(([^()]|\\\\([^()]*\\\\))*\\\\)))*\\\\))|(\\\\[([^]\\\\[]|(\\\\[([^]\\\\[]|\\\\[[^]\\\\[]*])*]))*]))([^<=>]|=[^<]|<\\\\s*(((const\\\\s+)?[$_[:alpha:]])|(\\\\{([^{}]|(\\\\{([^{}]|\\\\{[^{}]*})*}))*})|(\\\\(([^()]|(\\\\(([^()]|\\\\([^()]*\\\\))*\\\\)))*\\\\))|(\\\\[([^]\\\\[]|(\\\\[([^]\\\\[]|\\\\[[^]\\\\[]*])*]))*]))([^<=>]|=[^<])*>)*>)*>\\\\s*)?\\\\(\\\\s*(/\\\\*([^*]|(\\\\*[^/]))*\\\\*/\\\\s*)*((\\\\)\\\\s*:)|((\\\\.\\\\.\\\\.\\\\s*)?[$_[:alpha:]][$_[:alnum:]]*\\\\s*:)))|(<\\\\s*[$_[:alpha:]][$_[:alnum:]]*\\\\s+extends\\\\s*[^=>])|((<\\\\s*(((const\\\\s+)?[$_[:alpha:]])|(\\\\{([^{}]|(\\\\{([^{}]|\\\\{[^{}]*})*}))*})|(\\\\(([^()]|(\\\\(([^()]|\\\\([^()]*\\\\))*\\\\)))*\\\\))|(\\\\[([^]\\\\[]|(\\\\[([^]\\\\[]|\\\\[[^]\\\\[]*])*]))*]))([^<=>]|=[^<]|<\\\\s*(((const\\\\s+)?[$_[:alpha:]])|(\\\\{([^{}]|(\\\\{([^{}]|\\\\{[^{}]*})*}))*})|(\\\\(([^()]|(\\\\(([^()]|\\\\([^()]*\\\\))*\\\\)))*\\\\))|(\\\\[([^]\\\\[]|(\\\\[([^]\\\\[]|\\\\[[^]\\\\[]*])*]))*]))([^<=>]|=[^<]|<\\\\s*(((const\\\\s+)?[$_[:alpha:]])|(\\\\{([^{}]|(\\\\{([^{}]|\\\\{[^{}]*})*}))*})|(\\\\(([^()]|(\\\\(([^()]|\\\\([^()]*\\\\))*\\\\)))*\\\\))|(\\\\[([^]\\\\[]|(\\\\[([^]\\\\[]|\\\\[[^]\\\\[]*])*]))*]))([^<=>]|=[^<])*>)*>)*>\\\\s*)?\\\\(\\\\s*(/\\\\*([^*]|(\\\\*[^/]))*\\\\*/\\\\s*)*(([$_[:alpha:]]|(\\\\{([^{}]|(\\\\{([^{}]|\\\\{[^{}]*})*}))*})|(\\\\[([^]\\\\[]|(\\\\[([^]\\\\[]|\\\\[[^]\\\\[]*])*]))*])|(\\\\.\\\\.\\\\.\\\\s*[$_[:alpha:]]))([^\\"'()\`]|(\\\\(([^()]|(\\\\(([^()]|\\\\([^()]*\\\\))*\\\\)))*\\\\))|('([^'\\\\\\\\]|\\\\\\\\.)*')|(\\"([^\\"\\\\\\\\]|\\\\\\\\.)*\\")|(\`([^\\\\\\\\\`]|\\\\\\\\.)*\`))*)?\\\\)(\\\\s*:\\\\s*([^()<>{}]|<([^<>]|<([^<>]|<[^<>]+>)+>)+>|\\\\([^()]+\\\\)|\\\\{[^{}]+})+)?\\\\s*=>)))))|(:\\\\s*((<)|(\\\\(\\\\s*((\\\\))|(\\\\.\\\\.\\\\.)|([$_[:alnum:]]+\\\\s*(([,:=?])|(\\\\)\\\\s*=>)))))))|(:\\\\s*(?<![$_[:alnum:]])(?:(?<=\\\\.\\\\.\\\\.)|(?<!\\\\.))Function(?![$_[:alnum:]])(?:(?=\\\\.\\\\.\\\\.)|(?!\\\\.)))|(:\\\\s*((<\\\\s*)$|(\\\\(\\\\s*((([\\\\[{]\\\\s*)?)$|((\\\\{([^{}]|(\\\\{([^{}]|\\\\{[^{}]*})*}))*})\\\\s*((:\\\\s*\\\\{?)$|((\\\\s*([^()<>{}]|<([^<>]|<([^<>]|<[^<>]+>)+>)+>|\\\\([^()]+\\\\)|\\\\{[^{}]+})+\\\\s*)?=\\\\s*)))|((\\\\[([^]\\\\[]|(\\\\[([^]\\\\[]|\\\\[[^]\\\\[]*])*]))*])\\\\s*((:\\\\s*\\\\[?)$|((\\\\s*([^()<>{}]|<([^<>]|<([^<>]|<[^<>]+>)+>)+>|\\\\([^()]+\\\\)|\\\\{[^{}]+})+\\\\s*)?=\\\\s*)))))))|(:\\\\s*(=>|(\\\\(([^()]|(\\\\(([^()]|\\\\([^()]*\\\\))*\\\\)))*\\\\))|(<[^<>]*>)|[^(),<=>])+=\\\\s*(((async\\\\s+)?((function\\\\s*[(*<])|(function\\\\s+)|([$_[:alpha:]][$_[:alnum:]]*\\\\s*=>)))|((async\\\\s*)?(((<\\\\s*)$|(\\\\(\\\\s*((([\\\\[{]\\\\s*)?)$|((\\\\{([^{}]|(\\\\{([^{}]|\\\\{[^{}]*})*}))*})\\\\s*((:\\\\s*\\\\{?)$|((\\\\s*([^()<>{}]|<([^<>]|<([^<>]|<[^<>]+>)+>)+>|\\\\([^()]+\\\\)|\\\\{[^{}]+})+\\\\s*)?=\\\\s*)))|((\\\\[([^]\\\\[]|(\\\\[([^]\\\\[]|\\\\[[^]\\\\[]*])*]))*])\\\\s*((:\\\\s*\\\\[?)$|((\\\\s*([^()<>{}]|<([^<>]|<([^<>]|<[^<>]+>)+>)+>|\\\\([^()]+\\\\)|\\\\{[^{}]+})+\\\\s*)?=\\\\s*))))))|((<\\\\s*(((const\\\\s+)?[$_[:alpha:]])|(\\\\{([^{}]|(\\\\{([^{}]|\\\\{[^{}]*})*}))*})|(\\\\(([^()]|(\\\\(([^()]|\\\\([^()]*\\\\))*\\\\)))*\\\\))|(\\\\[([^]\\\\[]|(\\\\[([^]\\\\[]|\\\\[[^]\\\\[]*])*]))*]))([^<=>]|=[^<]|<\\\\s*(((const\\\\s+)?[$_[:alpha:]])|(\\\\{([^{}]|(\\\\{([^{}]|\\\\{[^{}]*})*}))*})|(\\\\(([^()]|(\\\\(([^()]|\\\\([^()]*\\\\))*\\\\)))*\\\\))|(\\\\[([^]\\\\[]|(\\\\[([^]\\\\[]|\\\\[[^]\\\\[]*])*]))*]))([^<=>]|=[^<]|<\\\\s*(((const\\\\s+)?[$_[:alpha:]])|(\\\\{([^{}]|(\\\\{([^{}]|\\\\{[^{}]*})*}))*})|(\\\\(([^()]|(\\\\(([^()]|\\\\([^()]*\\\\))*\\\\)))*\\\\))|(\\\\[([^]\\\\[]|(\\\\[([^]\\\\[]|\\\\[[^]\\\\[]*])*]))*]))([^<=>]|=[^<])*>)*>)*>\\\\s*)?\\\\(\\\\s*(/\\\\*([^*]|(\\\\*[^/]))*\\\\*/\\\\s*)*((\\\\)\\\\s*:)|((\\\\.\\\\.\\\\.\\\\s*)?[$_[:alpha:]][$_[:alnum:]]*\\\\s*:)))|(<\\\\s*[$_[:alpha:]][$_[:alnum:]]*\\\\s+extends\\\\s*[^=>])|((<\\\\s*(((const\\\\s+)?[$_[:alpha:]])|(\\\\{([^{}]|(\\\\{([^{}]|\\\\{[^{}]*})*}))*})|(\\\\(([^()]|(\\\\(([^()]|\\\\([^()]*\\\\))*\\\\)))*\\\\))|(\\\\[([^]\\\\[]|(\\\\[([^]\\\\[]|\\\\[[^]\\\\[]*])*]))*]))([^<=>]|=[^<]|<\\\\s*(((const\\\\s+)?[$_[:alpha:]])|(\\\\{([^{}]|(\\\\{([^{}]|\\\\{[^{}]*})*}))*})|(\\\\(([^()]|(\\\\(([^()]|\\\\([^()]*\\\\))*\\\\)))*\\\\))|(\\\\[([^]\\\\[]|(\\\\[([^]\\\\[]|\\\\[[^]\\\\[]*])*]))*]))([^<=>]|=[^<]|<\\\\s*(((const\\\\s+)?[$_[:alpha:]])|(\\\\{([^{}]|(\\\\{([^{}]|\\\\{[^{}]*})*}))*})|(\\\\(([^()]|(\\\\(([^()]|\\\\([^()]*\\\\))*\\\\)))*\\\\))|(\\\\[([^]\\\\[]|(\\\\[([^]\\\\[]|\\\\[[^]\\\\[]*])*]))*]))([^<=>]|=[^<])*>)*>)*>\\\\s*)?\\\\(\\\\s*(/\\\\*([^*]|(\\\\*[^/]))*\\\\*/\\\\s*)*(([$_[:alpha:]]|(\\\\{([^{}]|(\\\\{([^{}]|\\\\{[^{}]*})*}))*})|(\\\\[([^]\\\\[]|(\\\\[([^]\\\\[]|\\\\[[^]\\\\[]*])*]))*])|(\\\\.\\\\.\\\\.\\\\s*[$_[:alpha:]]))([^\\"'()\`]|(\\\\(([^()]|(\\\\(([^()]|\\\\([^()]*\\\\))*\\\\)))*\\\\))|('([^'\\\\\\\\]|\\\\\\\\.)*')|(\\"([^\\"\\\\\\\\]|\\\\\\\\.)*\\")|(\`([^\\\\\\\\\`]|\\\\\\\\.)*\`))*)?\\\\)(\\\\s*:\\\\s*([^()<>{}]|<([^<>]|<([^<>]|<[^<>]+>)+>)+>|\\\\([^()]+\\\\)|\\\\{[^{}]+})+)?\\\\s*=>))))))"},{"captures":{"1":{"name":"storage.modifier.js"},"2":{"name":"keyword.operator.rest.js"},"3":{"name":"variable.parameter.js variable.language.this.js"},"4":{"name":"variable.parameter.js"},"5":{"name":"keyword.operator.optional.js"}},"match":"(?:(?<![$_[:alnum:]])(?:(?<=\\\\.\\\\.\\\\.)|(?<!\\\\.))(override|public|private|protected|readonly)\\\\s+)?(?:(\\\\.\\\\.\\\\.)\\\\s*)?(?<![:=])(?<![$_[:alnum:]])(?:(?<=\\\\.\\\\.\\\\.)|(?<!\\\\.))(?:(this)|([$_[:alpha:]][$_[:alnum:]]*))(?![$_[:alnum:]])(?:(?=\\\\.\\\\.\\\\.)|(?!\\\\.))\\\\s*(\\\\??)"}]},"parameter-object-binding-element":{"patterns":[{"include":"#comment"},{"begin":"(?=(\\\\b((?<!\\\\$)0[Xx]\\\\h[_\\\\h]*(n)?\\\\b(?!\\\\$))|\\\\b((?<!\\\\$)0[Bb][01][01_]*(n)?\\\\b(?!\\\\$))|\\\\b((?<!\\\\$)0[Oo]?[0-7][0-7_]*(n)?\\\\b(?!\\\\$))|((?<!\\\\$)(?:\\\\b[0-9][0-9_]*(\\\\.)[0-9][0-9_]*[Ee][-+]?[0-9][0-9_]*(n)?\\\\b|\\\\b[0-9][0-9_]*(\\\\.)[Ee][-+]?[0-9][0-9_]*(n)?\\\\b|\\\\B(\\\\.)[0-9][0-9_]*[Ee][-+]?[0-9][0-9_]*(n)?\\\\b|\\\\b[0-9][0-9_]*[Ee][-+]?[0-9][0-9_]*(n)?\\\\b|\\\\b[0-9][0-9_]*(\\\\.)[0-9][0-9_]*(n)?\\\\b|\\\\b[0-9][0-9_]*(\\\\.)(n)?\\\\B|\\\\B(\\\\.)[0-9][0-9_]*(n)?\\\\b|\\\\b[0-9][0-9_]*(n)?\\\\b(?!\\\\.))(?!\\\\$))|([$_[:alpha:]][$_[:alnum:]]*)|('([^'\\\\\\\\]|\\\\\\\\.)*')|(\\"([^\\"\\\\\\\\]|\\\\\\\\.)*\\")|(\`([^\\\\\\\\\`]|\\\\\\\\.)*\`)|(\\\\[([^]\\\\[]|\\\\[[^]\\\\[]*])+]))\\\\s*(:))","end":"(?=[,}])","patterns":[{"include":"#object-binding-element-propertyName"},{"include":"#parameter-binding-element"},{"include":"#paren-expression"}]},{"include":"#parameter-object-binding-pattern"},{"include":"#destructuring-parameter-rest"},{"include":"#variable-initializer"},{"include":"#punctuation-comma"}]},"parameter-object-binding-pattern":{"begin":"(?:(\\\\.\\\\.\\\\.)\\\\s*)?(\\\\{)","beginCaptures":{"1":{"name":"keyword.operator.rest.js"},"2":{"name":"punctuation.definition.binding-pattern.object.js"}},"end":"}","endCaptures":{"0":{"name":"punctuation.definition.binding-pattern.object.js"}},"patterns":[{"include":"#parameter-object-binding-element"}]},"parameter-type-annotation":{"patterns":[{"begin":"(:)","beginCaptures":{"1":{"name":"keyword.operator.type.annotation.js"}},"end":"(?=[),])|(?==[^>])","name":"meta.type.annotation.js","patterns":[{"include":"#type"}]}]},"paren-expression":{"begin":"\\\\(","beginCaptures":{"0":{"name":"meta.brace.round.js"}},"end":"\\\\)","endCaptures":{"0":{"name":"meta.brace.round.js"}},"patterns":[{"include":"#expression"}]},"paren-expression-possibly-arrow":{"patterns":[{"begin":"(?<=[(,=])\\\\s*(async)?(?=\\\\s*((<\\\\s*(((const\\\\s+)?[$_[:alpha:]])|(\\\\{([^{}]|(\\\\{([^{}]|\\\\{[^{}]*})*}))*})|(\\\\(([^()]|(\\\\(([^()]|\\\\([^()]*\\\\))*\\\\)))*\\\\))|(\\\\[([^]\\\\[]|(\\\\[([^]\\\\[]|\\\\[[^]\\\\[]*])*]))*]))([^<=>]|=[^<]|<\\\\s*(((const\\\\s+)?[$_[:alpha:]])|(\\\\{([^{}]|(\\\\{([^{}]|\\\\{[^{}]*})*}))*})|(\\\\(([^()]|(\\\\(([^()]|\\\\([^()]*\\\\))*\\\\)))*\\\\))|(\\\\[([^]\\\\[]|(\\\\[([^]\\\\[]|\\\\[[^]\\\\[]*])*]))*]))([^<=>]|=[^<]|<\\\\s*(((const\\\\s+)?[$_[:alpha:]])|(\\\\{([^{}]|(\\\\{([^{}]|\\\\{[^{}]*})*}))*})|(\\\\(([^()]|(\\\\(([^()]|\\\\([^()]*\\\\))*\\\\)))*\\\\))|(\\\\[([^]\\\\[]|(\\\\[([^]\\\\[]|\\\\[[^]\\\\[]*])*]))*]))([^<=>]|=[^<])*>)*>)*>\\\\s*))?\\\\(\\\\s*((([\\\\[{]\\\\s*)?)$|((\\\\{([^{}]|(\\\\{([^{}]|\\\\{[^{}]*})*}))*})\\\\s*((:\\\\s*\\\\{?)$|((\\\\s*([^()<>{}]|<([^<>]|<([^<>]|<[^<>]+>)+>)+>|\\\\([^()]+\\\\)|\\\\{[^{}]+})+\\\\s*)?=\\\\s*)))|((\\\\[([^]\\\\[]|(\\\\[([^]\\\\[]|\\\\[[^]\\\\[]*])*]))*])\\\\s*((:\\\\s*\\\\[?)$|((\\\\s*([^()<>{}]|<([^<>]|<([^<>]|<[^<>]+>)+>)+>|\\\\([^()]+\\\\)|\\\\{[^{}]+})+\\\\s*)?=\\\\s*)))))","beginCaptures":{"1":{"name":"storage.modifier.async.js"}},"end":"(?<=\\\\))","patterns":[{"include":"#paren-expression-possibly-arrow-with-typeparameters"}]},{"begin":"(?<=[(,=]|=>|^return|[^$._[:alnum:]]return)\\\\s*(async)?(?=\\\\s*((((<\\\\s*(((const\\\\s+)?[$_[:alpha:]])|(\\\\{([^{}]|(\\\\{([^{}]|\\\\{[^{}]*})*}))*})|(\\\\(([^()]|(\\\\(([^()]|\\\\([^()]*\\\\))*\\\\)))*\\\\))|(\\\\[([^]\\\\[]|(\\\\[([^]\\\\[]|\\\\[[^]\\\\[]*])*]))*]))([^<=>]|=[^<]|<\\\\s*(((const\\\\s+)?[$_[:alpha:]])|(\\\\{([^{}]|(\\\\{([^{}]|\\\\{[^{}]*})*}))*})|(\\\\(([^()]|(\\\\(([^()]|\\\\([^()]*\\\\))*\\\\)))*\\\\))|(\\\\[([^]\\\\[]|(\\\\[([^]\\\\[]|\\\\[[^]\\\\[]*])*]))*]))([^<=>]|=[^<]|<\\\\s*(((const\\\\s+)?[$_[:alpha:]])|(\\\\{([^{}]|(\\\\{([^{}]|\\\\{[^{}]*})*}))*})|(\\\\(([^()]|(\\\\(([^()]|\\\\([^()]*\\\\))*\\\\)))*\\\\))|(\\\\[([^]\\\\[]|(\\\\[([^]\\\\[]|\\\\[[^]\\\\[]*])*]))*]))([^<=>]|=[^<])*>)*>)*>\\\\s*))?\\\\()|(<)|((<\\\\s*(((const\\\\s+)?[$_[:alpha:]])|(\\\\{([^{}]|(\\\\{([^{}]|\\\\{[^{}]*})*}))*})|(\\\\(([^()]|(\\\\(([^()]|\\\\([^()]*\\\\))*\\\\)))*\\\\))|(\\\\[([^]\\\\[]|(\\\\[([^]\\\\[]|\\\\[[^]\\\\[]*])*]))*]))([^<=>]|=[^<]|<\\\\s*(((const\\\\s+)?[$_[:alpha:]])|(\\\\{([^{}]|(\\\\{([^{}]|\\\\{[^{}]*})*}))*})|(\\\\(([^()]|(\\\\(([^()]|\\\\([^()]*\\\\))*\\\\)))*\\\\))|(\\\\[([^]\\\\[]|(\\\\[([^]\\\\[]|\\\\[[^]\\\\[]*])*]))*]))([^<=>]|=[^<]|<\\\\s*(((const\\\\s+)?[$_[:alpha:]])|(\\\\{([^{}]|(\\\\{([^{}]|\\\\{[^{}]*})*}))*})|(\\\\(([^()]|(\\\\(([^()]|\\\\([^()]*\\\\))*\\\\)))*\\\\))|(\\\\[([^]\\\\[]|(\\\\[([^]\\\\[]|\\\\[[^]\\\\[]*])*]))*]))([^<=>]|=[^<])*>)*>)*>\\\\s*)))\\\\s*$)","beginCaptures":{"1":{"name":"storage.modifier.async.js"}},"end":"(?<=\\\\))","patterns":[{"include":"#paren-expression-possibly-arrow-with-typeparameters"}]},{"include":"#possibly-arrow-return-type"}]},"paren-expression-possibly-arrow-with-typeparameters":{"patterns":[{"include":"#type-parameters"},{"begin":"\\\\(","beginCaptures":{"0":{"name":"meta.brace.round.js"}},"end":"\\\\)","endCaptures":{"0":{"name":"meta.brace.round.js"}},"patterns":[{"include":"#expression-inside-possibly-arrow-parens"}]}]},"possibly-arrow-return-type":{"begin":"(?<=\\\\)|^)\\\\s*(:)(?=\\\\s*([^()<>{}]|<([^<>]|<([^<>]|<[^<>]+>)+>)+>|\\\\([^()]+\\\\)|\\\\{[^{}]+})+\\\\s*=>)","beginCaptures":{"1":{"name":"meta.arrow.js meta.return.type.arrow.js keyword.operator.type.annotation.js"}},"contentName":"meta.arrow.js meta.return.type.arrow.js","end":"(?==>|\\\\{|^(\\\\s*(export|function|class|interface|let|var|\\\\busing(?=\\\\s+(?!in\\\\b|of\\\\b(?!\\\\s*(?:of\\\\b|=)))[$_[:alpha:]])\\\\b|\\\\bawait\\\\s+\\\\busing(?=\\\\s+(?!in\\\\b|of\\\\b(?!\\\\s*(?:of\\\\b|=)))[$_[:alpha:]])\\\\b\\\\b|const|import|enum|namespace|module|type|abstract|declare)\\\\s+))","patterns":[{"include":"#arrow-return-type-body"}]},"property-accessor":{"match":"(?<![$_[:alnum:]])(?:(?<=\\\\.\\\\.\\\\.)|(?<!\\\\.))(accessor|get|set)(?![$_[:alnum:]])(?:(?=\\\\.\\\\.\\\\.)|(?!\\\\.))","name":"storage.type.property.js"},"punctuation-accessor":{"captures":{"1":{"name":"punctuation.accessor.js"},"2":{"name":"punctuation.accessor.optional.js"}},"match":"(\\\\.)|(\\\\?\\\\.(?!\\\\s*\\\\d))"},"punctuation-comma":{"match":",","name":"punctuation.separator.comma.js"},"punctuation-semicolon":{"match":";","name":"punctuation.terminator.statement.js"},"qstring-double":{"begin":"\\"","beginCaptures":{"0":{"name":"punctuation.definition.string.begin.js"}},"end":"(\\")|([^\\\\n\\\\\\\\])$","endCaptures":{"1":{"name":"punctuation.definition.string.end.js"},"2":{"name":"invalid.illegal.newline.js"}},"name":"string.quoted.double.js","patterns":[{"include":"#string-character-escape"}]},"qstring-single":{"begin":"'","beginCaptures":{"0":{"name":"punctuation.definition.string.begin.js"}},"end":"(')|([^\\\\n\\\\\\\\])$","endCaptures":{"1":{"name":"punctuation.definition.string.end.js"},"2":{"name":"invalid.illegal.newline.js"}},"name":"string.quoted.single.js","patterns":[{"include":"#string-character-escape"}]},"regex":{"patterns":[{"begin":"(?<!\\\\+\\\\+|--|})(?<=[!(+,:=?\\\\[]|^return|[^$._[:alnum:]]return|^case|[^$._[:alnum:]]case|=>|&&|\\\\|\\\\||\\\\*/)\\\\s*(/)(?![*/])(?=(?:[^()/\\\\[\\\\\\\\]|\\\\\\\\.|\\\\[([^]\\\\\\\\]|\\\\\\\\.)+]|\\\\(([^)\\\\\\\\]|\\\\\\\\.)+\\\\))+/([dgimsuvy]+|(?![*/])|(?=/\\\\*))(?!\\\\s*[$0-9A-Z_a-z]))","beginCaptures":{"1":{"name":"punctuation.definition.string.begin.js"}},"end":"(/)([dgimsuvy]*)","endCaptures":{"1":{"name":"punctuation.definition.string.end.js"},"2":{"name":"keyword.other.js"}},"name":"string.regexp.js","patterns":[{"include":"#regexp"}]},{"begin":"((?<![]$)_[:alnum:]]|\\\\+\\\\+|--|}|\\\\*/)|((?<=^return|[^$._[:alnum:]]return|^case|[^$._[:alnum:]]case))\\\\s*)/(?![*/])(?=(?:[^/\\\\[\\\\\\\\]|\\\\\\\\.|\\\\[([^]\\\\\\\\]|\\\\\\\\.)*])+/([dgimsuvy]+|(?![*/])|(?=/\\\\*))(?!\\\\s*[$0-9A-Z_a-z]))","beginCaptures":{"0":{"name":"punctuation.definition.string.begin.js"}},"end":"(/)([dgimsuvy]*)","endCaptures":{"1":{"name":"punctuation.definition.string.end.js"},"2":{"name":"keyword.other.js"}},"name":"string.regexp.js","patterns":[{"include":"#regexp"}]}]},"regex-character-class":{"patterns":[{"match":"\\\\\\\\[DSWdfnrstvw]|\\\\.","name":"constant.other.character-class.regexp"},{"match":"\\\\\\\\([0-7]{3}|x\\\\h{2}|u\\\\h{4})","name":"constant.character.numeric.regexp"},{"match":"\\\\\\\\c[A-Z]","name":"constant.character.control.regexp"},{"match":"\\\\\\\\.","name":"constant.character.escape.backslash.regexp"}]},"regexp":{"patterns":[{"match":"\\\\\\\\[Bb]|[$^]","name":"keyword.control.anchor.regexp"},{"captures":{"0":{"name":"keyword.other.back-reference.regexp"},"1":{"name":"variable.other.regexp"}},"match":"\\\\\\\\(?:[1-9]\\\\d*|k<([$A-Z_a-z][$\\\\w]*)>)"},{"match":"[*+?]|\\\\{(\\\\d+,\\\\d+|\\\\d+,|,\\\\d+|\\\\d+)}\\\\??","name":"keyword.operator.quantifier.regexp"},{"match":"\\\\|","name":"keyword.operator.or.regexp"},{"begin":"(\\\\()((\\\\?=)|(\\\\?!)|(\\\\?<=)|(\\\\?<!))","beginCaptures":{"1":{"name":"punctuation.definition.group.regexp"},"2":{"name":"punctuation.definition.group.assertion.regexp"},"3":{"name":"meta.assertion.look-ahead.regexp"},"4":{"name":"meta.assertion.negative-look-ahead.regexp"},"5":{"name":"meta.assertion.look-behind.regexp"},"6":{"name":"meta.assertion.negative-look-behind.regexp"}},"end":"(\\\\))","endCaptures":{"1":{"name":"punctuation.definition.group.regexp"}},"name":"meta.group.assertion.regexp","patterns":[{"include":"#regexp"}]},{"begin":"\\\\((?:(\\\\?:)|\\\\?<([$A-Z_a-z][$\\\\w]*)>)?","beginCaptures":{"0":{"name":"punctuation.definition.group.regexp"},"1":{"name":"punctuation.definition.group.no-capture.regexp"},"2":{"name":"variable.other.regexp"}},"end":"\\\\)","endCaptures":{"0":{"name":"punctuation.definition.group.regexp"}},"name":"meta.group.regexp","patterns":[{"include":"#regexp"}]},{"begin":"(\\\\[)(\\\\^)?","beginCaptures":{"1":{"name":"punctuation.definition.character-class.regexp"},"2":{"name":"keyword.operator.negation.regexp"}},"end":"(])","endCaptures":{"1":{"name":"punctuation.definition.character-class.regexp"}},"name":"constant.other.character-class.set.regexp","patterns":[{"captures":{"1":{"name":"constant.character.numeric.regexp"},"2":{"name":"constant.character.control.regexp"},"3":{"name":"constant.character.escape.backslash.regexp"},"4":{"name":"constant.character.numeric.regexp"},"5":{"name":"constant.character.control.regexp"},"6":{"name":"constant.character.escape.backslash.regexp"}},"match":"(?:.|(\\\\\\\\(?:[0-7]{3}|x\\\\h{2}|u\\\\h{4}))|(\\\\\\\\c[A-Z])|(\\\\\\\\.))-(?:[^]\\\\\\\\]|(\\\\\\\\(?:[0-7]{3}|x\\\\h{2}|u\\\\h{4}))|(\\\\\\\\c[A-Z])|(\\\\\\\\.))","name":"constant.other.character-class.range.regexp"},{"include":"#regex-character-class"}]},{"include":"#regex-character-class"}]},"return-type":{"patterns":[{"begin":"(?<=\\\\))\\\\s*(:)(?=\\\\s*\\\\S)","beginCaptures":{"1":{"name":"keyword.operator.type.annotation.js"}},"end":"(?<![\\\\&:|])(?=$|^|[,;{}]|//)","name":"meta.return.type.js","patterns":[{"include":"#return-type-core"}]},{"begin":"(?<=\\\\))\\\\s*(:)","beginCaptures":{"1":{"name":"keyword.operator.type.annotation.js"}},"end":"(?<![\\\\&:|])((?=[,;{}]|//|^\\\\s*$)|((?<=\\\\S)(?=\\\\s*$)))","name":"meta.return.type.js","patterns":[{"include":"#return-type-core"}]}]},"return-type-core":{"patterns":[{"include":"#comment"},{"begin":"(?<=[\\\\&:|])(?=\\\\s*\\\\{)","end":"(?<=})","patterns":[{"include":"#type-object"}]},{"include":"#type-predicate-operator"},{"include":"#type"}]},"shebang":{"captures":{"1":{"name":"punctuation.definition.comment.js"}},"match":"\\\\A(#!).*(?=$)","name":"comment.line.shebang.js"},"single-line-comment-consuming-line-ending":{"begin":"(^[\\\\t ]+)?((//)(?:\\\\s*((@)internal)(?=\\\\s|$))?)","beginCaptures":{"1":{"name":"punctuation.whitespace.comment.leading.js"},"2":{"name":"comment.line.double-slash.js"},"3":{"name":"punctuation.definition.comment.js"},"4":{"name":"storage.type.internaldeclaration.js"},"5":{"name":"punctuation.decorator.internaldeclaration.js"}},"contentName":"comment.line.double-slash.js","end":"(?=^)"},"statements":{"patterns":[{"include":"#declaration"},{"include":"#control-statement"},{"include":"#after-operator-block-as-object-literal"},{"include":"#decl-block"},{"include":"#label"},{"include":"#expression"},{"include":"#punctuation-semicolon"},{"include":"#string"},{"include":"#comment"}]},"string":{"patterns":[{"include":"#qstring-single"},{"include":"#qstring-double"},{"include":"#template"}]},"string-character-escape":{"match":"\\\\\\\\(x\\\\h{2}|u\\\\h{4}|u\\\\{\\\\h+}|[012][0-7]{0,2}|3[0-6][0-7]?|37[0-7]?|[4-7][0-7]?|.|$)","name":"constant.character.escape.js"},"super-literal":{"match":"(?<![$_[:alnum:]])(?:(?<=\\\\.\\\\.\\\\.)|(?<!\\\\.))super\\\\b(?!\\\\$)","name":"variable.language.super.js"},"support-function-call-identifiers":{"patterns":[{"include":"#literal"},{"include":"#support-objects"},{"include":"#object-identifiers"},{"include":"#punctuation-accessor"},{"match":"(?<![$_[:alnum:]])(?:(?<=\\\\.\\\\.\\\\.)|(?<!\\\\.))import(?=\\\\s*\\\\(\\\\s*[\\"'\`])","name":"keyword.operator.expression.import.js"}]},"support-objects":{"patterns":[{"match":"(?<![$_[:alnum:]])(?:(?<=\\\\.\\\\.\\\\.)|(?<!\\\\.))(arguments)\\\\b(?!\\\\$)","name":"variable.language.arguments.js"},{"match":"(?<![$_[:alnum:]])(?:(?<=\\\\.\\\\.\\\\.)|(?<!\\\\.))(Promise)\\\\b(?!\\\\$)","name":"support.class.promise.js"},{"captures":{"1":{"name":"keyword.control.import.js"},"2":{"name":"punctuation.accessor.js"},"3":{"name":"punctuation.accessor.optional.js"},"4":{"name":"support.variable.property.importmeta.js"}},"match":"(?<![$_[:alnum:]])(?:(?<=\\\\.\\\\.\\\\.)|(?<!\\\\.))(import)\\\\s*(?:(\\\\.)|(\\\\?\\\\.(?!\\\\s*\\\\d)))\\\\s*(meta)\\\\b(?!\\\\$)"},{"captures":{"1":{"name":"keyword.operator.new.js"},"2":{"name":"punctuation.accessor.js"},"3":{"name":"punctuation.accessor.optional.js"},"4":{"name":"support.variable.property.target.js"}},"match":"(?<![$_[:alnum:]])(?:(?<=\\\\.\\\\.\\\\.)|(?<!\\\\.))(new)\\\\s*(?:(\\\\.)|(\\\\?\\\\.(?!\\\\s*\\\\d)))\\\\s*(target)\\\\b(?!\\\\$)"},{"captures":{"1":{"name":"punctuation.accessor.js"},"2":{"name":"punctuation.accessor.optional.js"},"3":{"name":"support.variable.property.js"},"4":{"name":"support.constant.js"}},"match":"(?:(\\\\.)|(\\\\?\\\\.(?!\\\\s*\\\\d)))\\\\s*(?:(constructor|length|prototype|__proto__)\\\\b(?!\\\\$|\\\\s*(<\\\\s*(((const\\\\s+)?[$_[:alpha:]])|(\\\\{([^{}]|(\\\\{([^{}]|\\\\{[^{}]*})*}))*})|(\\\\(([^()]|(\\\\(([^()]|\\\\([^()]*\\\\))*\\\\)))*\\\\))|(\\\\[([^]\\\\[]|(\\\\[([^]\\\\[]|\\\\[[^]\\\\[]*])*]))*]))([^<=>]|=[^<]|<\\\\s*(((const\\\\s+)?[$_[:alpha:]])|(\\\\{([^{}]|(\\\\{([^{}]|\\\\{[^{}]*})*}))*})|(\\\\(([^()]|(\\\\(([^()]|\\\\([^()]*\\\\))*\\\\)))*\\\\))|(\\\\[([^]\\\\[]|(\\\\[([^]\\\\[]|\\\\[[^]\\\\[]*])*]))*]))([^<=>]|=[^<]|<\\\\s*(((const\\\\s+)?[$_[:alpha:]])|(\\\\{([^{}]|(\\\\{([^{}]|\\\\{[^{}]*})*}))*})|(\\\\(([^()]|(\\\\(([^()]|\\\\([^()]*\\\\))*\\\\)))*\\\\))|(\\\\[([^]\\\\[]|(\\\\[([^]\\\\[]|\\\\[[^]\\\\[]*])*]))*]))([^<=>]|=[^<])*>)*>)*>\\\\s*)?\\\\()|(EPSILON|MAX_SAFE_INTEGER|MAX_VALUE|MIN_SAFE_INTEGER|MIN_VALUE|NEGATIVE_INFINITY|POSITIVE_INFINITY)\\\\b(?!\\\\$))"},{"captures":{"1":{"name":"support.type.object.module.js"},"2":{"name":"support.type.object.module.js"},"3":{"name":"punctuation.accessor.js"},"4":{"name":"punctuation.accessor.optional.js"},"5":{"name":"support.type.object.module.js"}},"match":"(?<![$_[:alnum:]])(?:(?<=\\\\.\\\\.\\\\.)|(?<!\\\\.))(?:(exports)|(module)(?:(?:(\\\\.)|(\\\\?\\\\.(?!\\\\s*\\\\d)))(exports|id|filename|loaded|parent|children))?)\\\\b(?!\\\\$)"}]},"switch-statement":{"begin":"(?<![$_[:alnum:]])(?:(?<=\\\\.\\\\.\\\\.)|(?<!\\\\.))(?=\\\\bswitch\\\\s*\\\\()","end":"}","endCaptures":{"0":{"name":"punctuation.definition.block.js"}},"name":"switch-statement.expr.js","patterns":[{"include":"#comment"},{"begin":"(?<![$_[:alnum:]])(?:(?<=\\\\.\\\\.\\\\.)|(?<!\\\\.))(switch)\\\\s*(\\\\()","beginCaptures":{"1":{"name":"keyword.control.switch.js"},"2":{"name":"meta.brace.round.js"}},"end":"\\\\)","endCaptures":{"0":{"name":"meta.brace.round.js"}},"name":"switch-expression.expr.js","patterns":[{"include":"#expression"}]},{"begin":"\\\\{","beginCaptures":{"0":{"name":"punctuation.definition.block.js"}},"end":"(?=})","name":"switch-block.expr.js","patterns":[{"begin":"(?<![$_[:alnum:]])(?:(?<=\\\\.\\\\.\\\\.)|(?<!\\\\.))(case|default(?=:))(?![$_[:alnum:]])(?:(?=\\\\.\\\\.\\\\.)|(?!\\\\.))","beginCaptures":{"1":{"name":"keyword.control.switch.js"}},"end":"(?=:)","name":"case-clause.expr.js","patterns":[{"include":"#expression"}]},{"begin":"(:)\\\\s*(\\\\{)","beginCaptures":{"1":{"name":"case-clause.expr.js punctuation.definition.section.case-statement.js"},"2":{"name":"meta.block.js punctuation.definition.block.js"}},"contentName":"meta.block.js","end":"}","endCaptures":{"0":{"name":"meta.block.js punctuation.definition.block.js"}},"patterns":[{"include":"#statements"}]},{"captures":{"0":{"name":"case-clause.expr.js punctuation.definition.section.case-statement.js"}},"match":"(:)"},{"include":"#statements"}]}]},"template":{"patterns":[{"include":"#template-call"},{"begin":"([$_[:alpha:]][$_[:alnum:]]*)?(\`)","beginCaptures":{"1":{"name":"entity.name.function.tagged-template.js"},"2":{"name":"string.template.js punctuation.definition.string.template.begin.js"}},"contentName":"string.template.js","end":"\`","endCaptures":{"0":{"name":"string.template.js punctuation.definition.string.template.end.js"}},"patterns":[{"include":"#template-substitution-element"},{"include":"#string-character-escape"}]}]},"template-call":{"patterns":[{"begin":"(?=(([$_[:alpha:]][$_[:alnum:]]*\\\\s*\\\\??\\\\.\\\\s*)*|(\\\\??\\\\.\\\\s*)?)([$_[:alpha:]][$_[:alnum:]]*)(<\\\\s*(((keyof|infer|typeof|readonly)\\\\s+)|(([$_[:alpha:]][$_[:alnum:]]*|(\\\\{([^{}]|(\\\\{([^{}]|\\\\{[^{}]*})*}))*})|(\\\\(([^()]|(\\\\(([^()]|\\\\([^()]*\\\\))*\\\\)))*\\\\))|(\\\\[([^]\\\\[]|(\\\\[([^]\\\\[]|\\\\[[^]\\\\[]*])*]))*])|('([^'\\\\\\\\]|\\\\\\\\.)*')|(\\"([^\\"\\\\\\\\]|\\\\\\\\.)*\\")|(\`([^\\\\\\\\\`]|\\\\\\\\.)*\`))(?=\\\\s*([,.<>\\\\[]|=>|&(?!&)|\\\\|(?!\\\\|)))))([^(<>]|(\\\\(([^()]|(\\\\(([^()]|\\\\([^()]*\\\\))*\\\\)))*\\\\))|(?<==)>|<\\\\s*(((keyof|infer|typeof|readonly)\\\\s+)|(([$_[:alpha:]][$_[:alnum:]]*|(\\\\{([^{}]|(\\\\{([^{}]|\\\\{[^{}]*})*}))*})|(\\\\(([^()]|(\\\\(([^()]|\\\\([^()]*\\\\))*\\\\)))*\\\\))|(\\\\[([^]\\\\[]|(\\\\[([^]\\\\[]|\\\\[[^]\\\\[]*])*]))*])|('([^'\\\\\\\\]|\\\\\\\\.)*')|(\\"([^\\"\\\\\\\\]|\\\\\\\\.)*\\")|(\`([^\\\\\\\\\`]|\\\\\\\\.)*\`))(?=\\\\s*([,.<>\\\\[]|=>|&(?!&)|\\\\|(?!\\\\|)))))(([^(<>]|(\\\\(([^()]|(\\\\(([^()]|\\\\([^()]*\\\\))*\\\\)))*\\\\))|(?<==)>|<\\\\s*(((keyof|infer|typeof|readonly)\\\\s+)|(([$_[:alpha:]][$_[:alnum:]]*|(\\\\{([^{}]|(\\\\{([^{}]|\\\\{[^{}]*})*}))*})|(\\\\(([^()]|(\\\\(([^()]|\\\\([^()]*\\\\))*\\\\)))*\\\\))|(\\\\[([^]\\\\[]|(\\\\[([^]\\\\[]|\\\\[[^]\\\\[]*])*]))*])|('([^'\\\\\\\\]|\\\\\\\\.)*')|(\\"([^\\"\\\\\\\\]|\\\\\\\\.)*\\")|(\`([^\\\\\\\\\`]|\\\\\\\\.)*\`))(?=\\\\s*([,.<>\\\\[]|=>|&(?!&)|\\\\|(?!\\\\|)))))([^(<>]|(\\\\(([^()]|(\\\\(([^()]|\\\\([^()]*\\\\))*\\\\)))*\\\\))|(?<==)>)*(?<!=)>))*(?<!=)>)*(?<!=)>\\\\s*)?\`)","end":"(?=\`)","patterns":[{"begin":"(?=(([$_[:alpha:]][$_[:alnum:]]*\\\\s*\\\\??\\\\.\\\\s*)*|(\\\\??\\\\.\\\\s*)?)([$_[:alpha:]][$_[:alnum:]]*))","end":"(?=(<\\\\s*(((keyof|infer|typeof|readonly)\\\\s+)|(([$_[:alpha:]][$_[:alnum:]]*|(\\\\{([^{}]|(\\\\{([^{}]|\\\\{[^{}]*})*}))*})|(\\\\(([^()]|(\\\\(([^()]|\\\\([^()]*\\\\))*\\\\)))*\\\\))|(\\\\[([^]\\\\[]|(\\\\[([^]\\\\[]|\\\\[[^]\\\\[]*])*]))*])|('([^'\\\\\\\\]|\\\\\\\\.)*')|(\\"([^\\"\\\\\\\\]|\\\\\\\\.)*\\")|(\`([^\\\\\\\\\`]|\\\\\\\\.)*\`))(?=\\\\s*([,.<>\\\\[]|=>|&(?!&)|\\\\|(?!\\\\|)))))([^(<>]|(\\\\(([^()]|(\\\\(([^()]|\\\\([^()]*\\\\))*\\\\)))*\\\\))|(?<==)>|<\\\\s*(((keyof|infer|typeof|readonly)\\\\s+)|(([$_[:alpha:]][$_[:alnum:]]*|(\\\\{([^{}]|(\\\\{([^{}]|\\\\{[^{}]*})*}))*})|(\\\\(([^()]|(\\\\(([^()]|\\\\([^()]*\\\\))*\\\\)))*\\\\))|(\\\\[([^]\\\\[]|(\\\\[([^]\\\\[]|\\\\[[^]\\\\[]*])*]))*])|('([^'\\\\\\\\]|\\\\\\\\.)*')|(\\"([^\\"\\\\\\\\]|\\\\\\\\.)*\\")|(\`([^\\\\\\\\\`]|\\\\\\\\.)*\`))(?=\\\\s*([,.<>\\\\[]|=>|&(?!&)|\\\\|(?!\\\\|)))))(([^(<>]|(\\\\(([^()]|(\\\\(([^()]|\\\\([^()]*\\\\))*\\\\)))*\\\\))|(?<==)>|<\\\\s*(((keyof|infer|typeof|readonly)\\\\s+)|(([$_[:alpha:]][$_[:alnum:]]*|(\\\\{([^{}]|(\\\\{([^{}]|\\\\{[^{}]*})*}))*})|(\\\\(([^()]|(\\\\(([^()]|\\\\([^()]*\\\\))*\\\\)))*\\\\))|(\\\\[([^]\\\\[]|(\\\\[([^]\\\\[]|\\\\[[^]\\\\[]*])*]))*])|('([^'\\\\\\\\]|\\\\\\\\.)*')|(\\"([^\\"\\\\\\\\]|\\\\\\\\.)*\\")|(\`([^\\\\\\\\\`]|\\\\\\\\.)*\`))(?=\\\\s*([,.<>\\\\[]|=>|&(?!&)|\\\\|(?!\\\\|)))))([^(<>]|(\\\\(([^()]|(\\\\(([^()]|\\\\([^()]*\\\\))*\\\\)))*\\\\))|(?<==)>)*(?<!=)>))*(?<!=)>)*(?<!=)>\\\\s*)?\`)","patterns":[{"include":"#support-function-call-identifiers"},{"match":"([$_[:alpha:]][$_[:alnum:]]*)","name":"entity.name.function.tagged-template.js"}]},{"include":"#type-arguments"}]},{"begin":"([$_[:alpha:]][$_[:alnum:]]*)?\\\\s*(?=(<\\\\s*(((keyof|infer|typeof|readonly)\\\\s+)|(([$_[:alpha:]][$_[:alnum:]]*|(\\\\{([^{}]|(\\\\{([^{}]|\\\\{[^{}]*})*}))*})|(\\\\(([^()]|(\\\\(([^()]|\\\\([^()]*\\\\))*\\\\)))*\\\\))|(\\\\[([^]\\\\[]|(\\\\[([^]\\\\[]|\\\\[[^]\\\\[]*])*]))*])|('([^'\\\\\\\\]|\\\\\\\\.)*')|(\\"([^\\"\\\\\\\\]|\\\\\\\\.)*\\")|(\`([^\\\\\\\\\`]|\\\\\\\\.)*\`))(?=\\\\s*([,.<>\\\\[]|=>|&(?!&)|\\\\|(?!\\\\|)))))([^(<>]|(\\\\(([^()]|(\\\\(([^()]|\\\\([^()]*\\\\))*\\\\)))*\\\\))|(?<==)>|<\\\\s*(((keyof|infer|typeof|readonly)\\\\s+)|(([$_[:alpha:]][$_[:alnum:]]*|(\\\\{([^{}]|(\\\\{([^{}]|\\\\{[^{}]*})*}))*})|(\\\\(([^()]|(\\\\(([^()]|\\\\([^()]*\\\\))*\\\\)))*\\\\))|(\\\\[([^]\\\\[]|(\\\\[([^]\\\\[]|\\\\[[^]\\\\[]*])*]))*])|('([^'\\\\\\\\]|\\\\\\\\.)*')|(\\"([^\\"\\\\\\\\]|\\\\\\\\.)*\\")|(\`([^\\\\\\\\\`]|\\\\\\\\.)*\`))(?=\\\\s*([,.<>\\\\[]|=>|&(?!&)|\\\\|(?!\\\\|)))))(([^(<>]|(\\\\(([^()]|(\\\\(([^()]|\\\\([^()]*\\\\))*\\\\)))*\\\\))|(?<==)>|<\\\\s*(((keyof|infer|typeof|readonly)\\\\s+)|(([$_[:alpha:]][$_[:alnum:]]*|(\\\\{([^{}]|(\\\\{([^{}]|\\\\{[^{}]*})*}))*})|(\\\\(([^()]|(\\\\(([^()]|\\\\([^()]*\\\\))*\\\\)))*\\\\))|(\\\\[([^]\\\\[]|(\\\\[([^]\\\\[]|\\\\[[^]\\\\[]*])*]))*])|('([^'\\\\\\\\]|\\\\\\\\.)*')|(\\"([^\\"\\\\\\\\]|\\\\\\\\.)*\\")|(\`([^\\\\\\\\\`]|\\\\\\\\.)*\`))(?=\\\\s*([,.<>\\\\[]|=>|&(?!&)|\\\\|(?!\\\\|)))))([^(<>]|(\\\\(([^()]|(\\\\(([^()]|\\\\([^()]*\\\\))*\\\\)))*\\\\))|(?<==)>)*(?<!=)>))*(?<!=)>)*(?<!=)>\\\\s*)\`)","beginCaptures":{"1":{"name":"entity.name.function.tagged-template.js"}},"end":"(?=\`)","patterns":[{"include":"#type-arguments"}]}]},"template-substitution-element":{"begin":"\\\\$\\\\{","beginCaptures":{"0":{"name":"punctuation.definition.template-expression.begin.js"}},"contentName":"meta.embedded.line.js","end":"}","endCaptures":{"0":{"name":"punctuation.definition.template-expression.end.js"}},"name":"meta.template.expression.js","patterns":[{"include":"#expression"}]},"template-type":{"patterns":[{"include":"#template-call"},{"begin":"([$_[:alpha:]][$_[:alnum:]]*)?(\`)","beginCaptures":{"1":{"name":"entity.name.function.tagged-template.js"},"2":{"name":"string.template.js punctuation.definition.string.template.begin.js"}},"contentName":"string.template.js","end":"\`","endCaptures":{"0":{"name":"string.template.js punctuation.definition.string.template.end.js"}},"patterns":[{"include":"#template-type-substitution-element"},{"include":"#string-character-escape"}]}]},"template-type-substitution-element":{"begin":"\\\\$\\\\{","beginCaptures":{"0":{"name":"punctuation.definition.template-expression.begin.js"}},"contentName":"meta.embedded.line.js","end":"}","endCaptures":{"0":{"name":"punctuation.definition.template-expression.end.js"}},"name":"meta.template.expression.js","patterns":[{"include":"#type"}]},"ternary-expression":{"begin":"(?!\\\\?\\\\.\\\\s*\\\\D)(\\\\?)(?!\\\\?)","beginCaptures":{"1":{"name":"keyword.operator.ternary.js"}},"end":"\\\\s*(:)","endCaptures":{"1":{"name":"keyword.operator.ternary.js"}},"patterns":[{"include":"#expression"}]},"this-literal":{"match":"(?<![$_[:alnum:]])(?:(?<=\\\\.\\\\.\\\\.)|(?<!\\\\.))this\\\\b(?!\\\\$)","name":"variable.language.this.js"},"type":{"patterns":[{"include":"#comment"},{"include":"#type-string"},{"include":"#numeric-literal"},{"include":"#type-primitive"},{"include":"#type-builtin-literals"},{"include":"#type-parameters"},{"include":"#type-tuple"},{"include":"#type-object"},{"include":"#type-operators"},{"include":"#type-conditional"},{"include":"#type-fn-type-parameters"},{"include":"#type-paren-or-function-parameters"},{"include":"#type-function-return-type"},{"captures":{"1":{"name":"storage.modifier.js"}},"match":"(?<![$_[:alnum:]])(?:(?<=\\\\.\\\\.\\\\.)|(?<!\\\\.))(readonly)(?![$_[:alnum:]])(?:(?=\\\\.\\\\.\\\\.)|(?!\\\\.))\\\\s*"},{"include":"#type-name"}]},"type-alias-declaration":{"begin":"(?<![$_[:alnum:]])(?:(?<=\\\\.\\\\.\\\\.)|(?<!\\\\.))(?:\\\\b(export)\\\\s+)?(?:\\\\b(declare)\\\\s+)?\\\\b(type)\\\\b\\\\s+([$_[:alpha:]][$_[:alnum:]]*)\\\\s*","beginCaptures":{"1":{"name":"keyword.control.export.js"},"2":{"name":"storage.modifier.js"},"3":{"name":"storage.type.type.js"},"4":{"name":"entity.name.type.alias.js"}},"end":"(?=[;}]|^\\\\s*$|^\\\\s*(?:abstract|async|\\\\bawait\\\\s+\\\\busing(?=\\\\s+(?!in\\\\b|of\\\\b(?!\\\\s*(?:of\\\\b|=)))[$_[:alpha:]])\\\\b\\\\b|break|case|catch|class|const|continue|declare|do|else|enum|export|finally|function|for|goto|if|import|interface|let|module|namespace|switch|return|throw|try|type|\\\\busing(?=\\\\s+(?!in\\\\b|of\\\\b(?!\\\\s*(?:of\\\\b|=)))[$_[:alpha:]])\\\\b|var|while)\\\\b)","name":"meta.type.declaration.js","patterns":[{"include":"#comment"},{"include":"#type-parameters"},{"begin":"(=)\\\\s*(intrinsic)(?![$_[:alnum:]])(?:(?=\\\\.\\\\.\\\\.)|(?!\\\\.))","beginCaptures":{"1":{"name":"keyword.operator.assignment.js"},"2":{"name":"keyword.control.intrinsic.js"}},"end":"(?=[;}]|^\\\\s*$|^\\\\s*(?:abstract|async|\\\\bawait\\\\s+\\\\busing(?=\\\\s+(?!in\\\\b|of\\\\b(?!\\\\s*(?:of\\\\b|=)))[$_[:alpha:]])\\\\b\\\\b|break|case|catch|class|const|continue|declare|do|else|enum|export|finally|function|for|goto|if|import|interface|let|module|namespace|switch|return|throw|try|type|\\\\busing(?=\\\\s+(?!in\\\\b|of\\\\b(?!\\\\s*(?:of\\\\b|=)))[$_[:alpha:]])\\\\b|var|while)\\\\b)","patterns":[{"include":"#type"}]},{"begin":"(=)\\\\s*","beginCaptures":{"1":{"name":"keyword.operator.assignment.js"}},"end":"(?=[;}]|^\\\\s*$|^\\\\s*(?:abstract|async|\\\\bawait\\\\s+\\\\busing(?=\\\\s+(?!in\\\\b|of\\\\b(?!\\\\s*(?:of\\\\b|=)))[$_[:alpha:]])\\\\b\\\\b|break|case|catch|class|const|continue|declare|do|else|enum|export|finally|function|for|goto|if|import|interface|let|module|namespace|switch|return|throw|try|type|\\\\busing(?=\\\\s+(?!in\\\\b|of\\\\b(?!\\\\s*(?:of\\\\b|=)))[$_[:alpha:]])\\\\b|var|while)\\\\b)","patterns":[{"include":"#type"}]}]},"type-annotation":{"patterns":[{"begin":"(:)(?=\\\\s*\\\\S)","beginCaptures":{"1":{"name":"keyword.operator.type.annotation.js"}},"end":"(?<![\\\\&:|])(?!\\\\s*[\\\\&|]\\\\s+)((?=^|[]),;}]|//)|(?==[^>])|((?<=[]$)>_}[:alpha:]])\\\\s*(?=\\\\{)))","name":"meta.type.annotation.js","patterns":[{"include":"#type"}]},{"begin":"(:)","beginCaptures":{"1":{"name":"keyword.operator.type.annotation.js"}},"end":"(?<![\\\\&:|])((?=[]),;}]|//)|(?==[^>])|(?=^\\\\s*$)|((?<=[]$)>_}[:alpha:]])\\\\s*(?=\\\\{)))","name":"meta.type.annotation.js","patterns":[{"include":"#type"}]}]},"type-arguments":{"begin":"<","beginCaptures":{"0":{"name":"punctuation.definition.typeparameters.begin.js"}},"end":">","endCaptures":{"0":{"name":"punctuation.definition.typeparameters.end.js"}},"name":"meta.type.parameters.js","patterns":[{"include":"#type-arguments-body"}]},"type-arguments-body":{"patterns":[{"captures":{"0":{"name":"keyword.operator.type.js"}},"match":"(?<![$_[:alnum:]])(?:(?<=\\\\.\\\\.\\\\.)|(?<!\\\\.))(_)(?![$_[:alnum:]])(?:(?=\\\\.\\\\.\\\\.)|(?!\\\\.))"},{"include":"#type"},{"include":"#punctuation-comma"}]},"type-builtin-literals":{"match":"(?<![$_[:alnum:]])(?:(?<=\\\\.\\\\.\\\\.)|(?<!\\\\.))(this|true|false|undefined|null|object)(?![$_[:alnum:]])(?:(?=\\\\.\\\\.\\\\.)|(?!\\\\.))","name":"support.type.builtin.js"},"type-conditional":{"patterns":[{"begin":"(?<![$_[:alnum:]])(?:(?<=\\\\.\\\\.\\\\.)|(?<!\\\\.))(extends)\\\\s+","beginCaptures":{"1":{"name":"storage.modifier.js"}},"end":"(?<=:)","patterns":[{"begin":"\\\\?","beginCaptures":{"0":{"name":"keyword.operator.ternary.js"}},"end":":","endCaptures":{"0":{"name":"keyword.operator.ternary.js"}},"patterns":[{"include":"#type"}]},{"include":"#type"}]}]},"type-fn-type-parameters":{"patterns":[{"begin":"(?<![$_[:alnum:]])(?:(?<=\\\\.\\\\.\\\\.)|(?<!\\\\.))(?:(abstract)\\\\s+)?(new)\\\\b(?=\\\\s*<)","beginCaptures":{"1":{"name":"meta.type.constructor.js storage.modifier.js"},"2":{"name":"meta.type.constructor.js keyword.control.new.js"}},"end":"(?<=>)","patterns":[{"include":"#comment"},{"include":"#type-parameters"}]},{"begin":"(?<![$_[:alnum:]])(?:(?<=\\\\.\\\\.\\\\.)|(?<!\\\\.))(?:(abstract)\\\\s+)?(new)\\\\b\\\\s*(?=\\\\()","beginCaptures":{"1":{"name":"storage.modifier.js"},"2":{"name":"keyword.control.new.js"}},"end":"(?<=\\\\))","name":"meta.type.constructor.js","patterns":[{"include":"#function-parameters"}]},{"begin":"((?=\\\\(\\\\s*((\\\\))|(\\\\.\\\\.\\\\.)|([$_[:alnum:]]+\\\\s*(([,:=?])|(\\\\)\\\\s*=>))))))","end":"(?<=\\\\))","name":"meta.type.function.js","patterns":[{"include":"#function-parameters"}]}]},"type-function-return-type":{"patterns":[{"begin":"(=>)(?=\\\\s*\\\\S)","beginCaptures":{"1":{"name":"storage.type.function.arrow.js"}},"end":"(?<!=>)(?<![\\\\&|])(?=[]),:;=>?{}]|//|$)","name":"meta.type.function.return.js","patterns":[{"include":"#type-function-return-type-core"}]},{"begin":"=>","beginCaptures":{"0":{"name":"storage.type.function.arrow.js"}},"end":"(?<!=>)(?<![\\\\&|])((?=[]),:;=>?{}]|//|^\\\\s*$)|((?<=\\\\S)(?=\\\\s*$)))","name":"meta.type.function.return.js","patterns":[{"include":"#type-function-return-type-core"}]}]},"type-function-return-type-core":{"patterns":[{"include":"#comment"},{"begin":"(?<==>)(?=\\\\s*\\\\{)","end":"(?<=})","patterns":[{"include":"#type-object"}]},{"include":"#type-predicate-operator"},{"include":"#type"}]},"type-infer":{"patterns":[{"captures":{"1":{"name":"keyword.operator.expression.infer.js"},"2":{"name":"entity.name.type.js"},"3":{"name":"keyword.operator.expression.extends.js"}},"match":"(?<![$_[:alnum:]])(?:(?<=\\\\.\\\\.\\\\.)|(?<!\\\\.))(infer)\\\\s+([$_[:alpha:]][$_[:alnum:]]*)(?![$_[:alnum:]])(?:(?=\\\\.\\\\.\\\\.)|(?!\\\\.))(?:\\\\s+(extends)(?![$_[:alnum:]])(?:(?=\\\\.\\\\.\\\\.)|(?!\\\\.)))?","name":"meta.type.infer.js"}]},"type-name":{"patterns":[{"begin":"([$_[:alpha:]][$_[:alnum:]]*)\\\\s*(?:(\\\\.)|(\\\\?\\\\.(?!\\\\s*\\\\d)))\\\\s*(<)","captures":{"1":{"name":"entity.name.type.module.js"},"2":{"name":"punctuation.accessor.js"},"3":{"name":"punctuation.accessor.optional.js"},"4":{"name":"meta.type.parameters.js punctuation.definition.typeparameters.begin.js"}},"contentName":"meta.type.parameters.js","end":"(>)","endCaptures":{"1":{"name":"meta.type.parameters.js punctuation.definition.typeparameters.end.js"}},"patterns":[{"include":"#type-arguments-body"}]},{"begin":"([$_[:alpha:]][$_[:alnum:]]*)\\\\s*(<)","beginCaptures":{"1":{"name":"entity.name.type.js"},"2":{"name":"meta.type.parameters.js punctuation.definition.typeparameters.begin.js"}},"contentName":"meta.type.parameters.js","end":"(>)","endCaptures":{"1":{"name":"meta.type.parameters.js punctuation.definition.typeparameters.end.js"}},"patterns":[{"include":"#type-arguments-body"}]},{"captures":{"1":{"name":"entity.name.type.module.js"},"2":{"name":"punctuation.accessor.js"},"3":{"name":"punctuation.accessor.optional.js"}},"match":"([$_[:alpha:]][$_[:alnum:]]*)\\\\s*(?:(\\\\.)|(\\\\?\\\\.(?!\\\\s*\\\\d)))"},{"match":"[$_[:alpha:]][$_[:alnum:]]*","name":"entity.name.type.js"}]},"type-object":{"begin":"\\\\{","beginCaptures":{"0":{"name":"punctuation.definition.block.js"}},"end":"}","endCaptures":{"0":{"name":"punctuation.definition.block.js"}},"name":"meta.object.type.js","patterns":[{"include":"#comment"},{"include":"#method-declaration"},{"include":"#indexer-declaration"},{"include":"#indexer-mapped-type-declaration"},{"include":"#field-declaration"},{"include":"#type-annotation"},{"begin":"\\\\.\\\\.\\\\.","beginCaptures":{"0":{"name":"keyword.operator.spread.js"}},"end":"(?=[,;}]|$)|(?<=})","patterns":[{"include":"#type"}]},{"include":"#punctuation-comma"},{"include":"#punctuation-semicolon"},{"include":"#type"}]},"type-operators":{"patterns":[{"include":"#typeof-operator"},{"include":"#type-infer"},{"begin":"([\\\\&|])(?=\\\\s*\\\\{)","beginCaptures":{"0":{"name":"keyword.operator.type.js"}},"end":"(?<=})","patterns":[{"include":"#type-object"}]},{"begin":"[\\\\&|]","beginCaptures":{"0":{"name":"keyword.operator.type.js"}},"end":"(?=\\\\S)"},{"match":"(?<![$_[:alnum:]])(?:(?<=\\\\.\\\\.\\\\.)|(?<!\\\\.))keyof(?![$_[:alnum:]])(?:(?=\\\\.\\\\.\\\\.)|(?!\\\\.))","name":"keyword.operator.expression.keyof.js"},{"match":"([:?])","name":"keyword.operator.ternary.js"},{"match":"(?<![$_[:alnum:]])(?:(?<=\\\\.\\\\.\\\\.)|(?<!\\\\.))import(?=\\\\s*\\\\()","name":"keyword.operator.expression.import.js"}]},"type-parameters":{"begin":"(<)","beginCaptures":{"1":{"name":"punctuation.definition.typeparameters.begin.js"}},"end":"(>)","endCaptures":{"1":{"name":"punctuation.definition.typeparameters.end.js"}},"name":"meta.type.parameters.js","patterns":[{"include":"#comment"},{"match":"(?<![$_[:alnum:]])(?:(?<=\\\\.\\\\.\\\\.)|(?<!\\\\.))(extends|in|out|const)(?![$_[:alnum:]])(?:(?=\\\\.\\\\.\\\\.)|(?!\\\\.))","name":"storage.modifier.js"},{"include":"#type"},{"include":"#punctuation-comma"},{"match":"(=)(?!>)","name":"keyword.operator.assignment.js"}]},"type-paren-or-function-parameters":{"begin":"\\\\(","beginCaptures":{"0":{"name":"meta.brace.round.js"}},"end":"\\\\)","endCaptures":{"0":{"name":"meta.brace.round.js"}},"name":"meta.type.paren.cover.js","patterns":[{"captures":{"1":{"name":"storage.modifier.js"},"2":{"name":"keyword.operator.rest.js"},"3":{"name":"entity.name.function.js variable.language.this.js"},"4":{"name":"entity.name.function.js"},"5":{"name":"keyword.operator.optional.js"}},"match":"(?:(?<![$_[:alnum:]])(?:(?<=\\\\.\\\\.\\\\.)|(?<!\\\\.))(public|private|protected|readonly)\\\\s+)?(?:(\\\\.\\\\.\\\\.)\\\\s*)?(?<![:=])(?<![$_[:alnum:]])(?:(?<=\\\\.\\\\.\\\\.)|(?<!\\\\.))(?:(this)|([$_[:alpha:]][$_[:alnum:]]*))\\\\s*(\\\\??)(?=\\\\s*(:\\\\s*((<)|(\\\\(\\\\s*((\\\\))|(\\\\.\\\\.\\\\.)|([$_[:alnum:]]+\\\\s*(([,:=?])|(\\\\)\\\\s*=>)))))))|(:\\\\s*(?<![$_[:alnum:]])(?:(?<=\\\\.\\\\.\\\\.)|(?<!\\\\.))Function(?![$_[:alnum:]])(?:(?=\\\\.\\\\.\\\\.)|(?!\\\\.)))|(:\\\\s*((<\\\\s*)$|(\\\\(\\\\s*((([\\\\[{]\\\\s*)?)$|((\\\\{([^{}]|(\\\\{([^{}]|\\\\{[^{}]*})*}))*})\\\\s*((:\\\\s*\\\\{?)$|((\\\\s*([^()<>{}]|<([^<>]|<([^<>]|<[^<>]+>)+>)+>|\\\\([^()]+\\\\)|\\\\{[^{}]+})+\\\\s*)?=\\\\s*)))|((\\\\[([^]\\\\[]|(\\\\[([^]\\\\[]|\\\\[[^]\\\\[]*])*]))*])\\\\s*((:\\\\s*\\\\[?)$|((\\\\s*([^()<>{}]|<([^<>]|<([^<>]|<[^<>]+>)+>)+>|\\\\([^()]+\\\\)|\\\\{[^{}]+})+\\\\s*)?=\\\\s*))))))))"},{"captures":{"1":{"name":"storage.modifier.js"},"2":{"name":"keyword.operator.rest.js"},"3":{"name":"variable.parameter.js variable.language.this.js"},"4":{"name":"variable.parameter.js"},"5":{"name":"keyword.operator.optional.js"}},"match":"(?:(?<![$_[:alnum:]])(?:(?<=\\\\.\\\\.\\\\.)|(?<!\\\\.))(public|private|protected|readonly)\\\\s+)?(?:(\\\\.\\\\.\\\\.)\\\\s*)?(?<![:=])(?<![$_[:alnum:]])(?:(?<=\\\\.\\\\.\\\\.)|(?<!\\\\.))(?:(this)|([$_[:alpha:]][$_[:alnum:]]*))\\\\s*(\\\\??)(?=:)"},{"include":"#type-annotation"},{"match":",","name":"punctuation.separator.parameter.js"},{"include":"#type"}]},"type-predicate-operator":{"patterns":[{"captures":{"1":{"name":"keyword.operator.type.asserts.js"},"2":{"name":"variable.parameter.js variable.language.this.js"},"3":{"name":"variable.parameter.js"},"4":{"name":"keyword.operator.expression.is.js"}},"match":"(?<![$_[:alnum:]])(?:(?<=\\\\.\\\\.\\\\.)|(?<!\\\\.))(?:(asserts)\\\\s+)?(?!asserts)(?:(this)|([$_[:alpha:]][$_[:alnum:]]*))\\\\s(is)(?![$_[:alnum:]])(?:(?=\\\\.\\\\.\\\\.)|(?!\\\\.))"},{"captures":{"1":{"name":"keyword.operator.type.asserts.js"},"2":{"name":"variable.parameter.js variable.language.this.js"},"3":{"name":"variable.parameter.js"}},"match":"(?<![$_[:alnum:]])(?:(?<=\\\\.\\\\.\\\\.)|(?<!\\\\.))(asserts)\\\\s+(?!is)(?:(this)|([$_[:alpha:]][$_[:alnum:]]*))(?![$_[:alnum:]])(?:(?=\\\\.\\\\.\\\\.)|(?!\\\\.))"},{"match":"(?<![$_[:alnum:]])(?:(?<=\\\\.\\\\.\\\\.)|(?<!\\\\.))asserts(?![$_[:alnum:]])(?:(?=\\\\.\\\\.\\\\.)|(?!\\\\.))","name":"keyword.operator.type.asserts.js"},{"match":"(?<![$_[:alnum:]])(?:(?<=\\\\.\\\\.\\\\.)|(?<!\\\\.))is(?![$_[:alnum:]])(?:(?=\\\\.\\\\.\\\\.)|(?!\\\\.))","name":"keyword.operator.expression.is.js"}]},"type-primitive":{"match":"(?<![$_[:alnum:]])(?:(?<=\\\\.\\\\.\\\\.)|(?<!\\\\.))(string|number|bigint|boolean|symbol|any|void|never|unknown)(?![$_[:alnum:]])(?:(?=\\\\.\\\\.\\\\.)|(?!\\\\.))","name":"support.type.primitive.js"},"type-string":{"patterns":[{"include":"#qstring-single"},{"include":"#qstring-double"},{"include":"#template-type"}]},"type-tuple":{"begin":"\\\\[","beginCaptures":{"0":{"name":"meta.brace.square.js"}},"end":"]","endCaptures":{"0":{"name":"meta.brace.square.js"}},"name":"meta.type.tuple.js","patterns":[{"match":"\\\\.\\\\.\\\\.","name":"keyword.operator.rest.js"},{"captures":{"1":{"name":"entity.name.label.js"},"2":{"name":"keyword.operator.optional.js"},"3":{"name":"punctuation.separator.label.js"}},"match":"(?<![$_[:alnum:]])(?:(?<=\\\\.\\\\.\\\\.)|(?<!\\\\.))([$_[:alpha:]][$_[:alnum:]]*)\\\\s*(\\\\?)?\\\\s*(:)"},{"include":"#type"},{"include":"#punctuation-comma"}]},"typeof-operator":{"begin":"(?<![$_[:alnum:]])(?:(?<=\\\\.\\\\.\\\\.)|(?<!\\\\.))typeof(?![$_[:alnum:]])(?:(?=\\\\.\\\\.\\\\.)|(?!\\\\.))","beginCaptures":{"0":{"name":"keyword.operator.expression.typeof.js"}},"end":"(?=[]\\\\&),:;=>?{|}]|(extends\\\\s+)|$|;|^\\\\s*$|^\\\\s*(?:abstract|async|\\\\bawait\\\\s+\\\\busing(?=\\\\s+(?!in\\\\b|of\\\\b(?!\\\\s*(?:of\\\\b|=)))[$_[:alpha:]])\\\\b\\\\b|break|case|catch|class|const|continue|declare|do|else|enum|export|finally|function|for|goto|if|import|interface|let|module|namespace|switch|return|throw|try|type|\\\\busing(?=\\\\s+(?!in\\\\b|of\\\\b(?!\\\\s*(?:of\\\\b|=)))[$_[:alpha:]])\\\\b|var|while)\\\\b)","patterns":[{"include":"#type-arguments"},{"include":"#expression"}]},"undefined-literal":{"match":"(?<![$_[:alnum:]])(?:(?<=\\\\.\\\\.\\\\.)|(?<!\\\\.))undefined(?![$_[:alnum:]])(?:(?=\\\\.\\\\.\\\\.)|(?!\\\\.))","name":"constant.language.undefined.js"},"var-expr":{"patterns":[{"begin":"(?=(?<![$_[:alnum:]])(?:(?<=\\\\.\\\\.\\\\.)|(?<!\\\\.))(?:\\\\b(export)\\\\s+)?(?:\\\\b(declare)\\\\s+)?\\\\b(var|let)(?![$_[:alnum:]])(?:(?=\\\\.\\\\.\\\\.)|(?!\\\\.)))","end":"(?!(?<![$_[:alnum:]])(?:(?<=\\\\.\\\\.\\\\.)|(?<!\\\\.))(?:\\\\b(export)\\\\s+)?(?:\\\\b(declare)\\\\s+)?\\\\b(var|let)(?![$_[:alnum:]])(?:(?=\\\\.\\\\.\\\\.)|(?!\\\\.)))((?=^|[;}]|((?<![$_[:alnum:]])(?:(?<=\\\\.\\\\.\\\\.)|(?<!\\\\.))(of|in)\\\\s+)|;|^\\\\s*$|^\\\\s*(?:abstract|async|\\\\bawait\\\\s+\\\\busing(?=\\\\s+(?!in\\\\b|of\\\\b(?!\\\\s*(?:of\\\\b|=)))[$_[:alpha:]])\\\\b\\\\b|break|case|catch|class|const|continue|declare|do|else|enum|export|finally|function|for|goto|if|import|interface|let|module|namespace|switch|return|throw|try|type|\\\\busing(?=\\\\s+(?!in\\\\b|of\\\\b(?!\\\\s*(?:of\\\\b|=)))[$_[:alpha:]])\\\\b|var|while)\\\\b)|((?<!^let|[^$._[:alnum:]]let|^var|[^$._[:alnum:]]var)(?=\\\\s*$)))","name":"meta.var.expr.js","patterns":[{"begin":"(?<![$_[:alnum:]])(?:(?<=\\\\.\\\\.\\\\.)|(?<!\\\\.))(?:\\\\b(export)\\\\s+)?(?:\\\\b(declare)\\\\s+)?\\\\b(var|let)(?![$_[:alnum:]])(?:(?=\\\\.\\\\.\\\\.)|(?!\\\\.))\\\\s*","beginCaptures":{"1":{"name":"keyword.control.export.js"},"2":{"name":"storage.modifier.js"},"3":{"name":"storage.type.js"}},"end":"(?=\\\\S)"},{"include":"#destructuring-variable"},{"include":"#var-single-variable"},{"include":"#variable-initializer"},{"include":"#comment"},{"begin":"(,)\\\\s*(?=$|//)","beginCaptures":{"1":{"name":"punctuation.separator.comma.js"}},"end":"(?<!,)(((?=[;=}]|((?<![$_[:alnum:]])(?:(?<=\\\\.\\\\.\\\\.)|(?<!\\\\.))(of|in)\\\\s+)|^\\\\s*$))|((?<=\\\\S)(?=\\\\s*$)))","patterns":[{"include":"#single-line-comment-consuming-line-ending"},{"include":"#comment"},{"include":"#destructuring-variable"},{"include":"#var-single-variable"},{"include":"#punctuation-comma"}]},{"include":"#punctuation-comma"}]},{"begin":"(?=(?<![$_[:alnum:]])(?:(?<=\\\\.\\\\.\\\\.)|(?<!\\\\.))(?:\\\\b(export)\\\\s+)?(?:\\\\b(declare)\\\\s+)?\\\\b(const(?!\\\\s+enum\\\\b))(?![$_[:alnum:]])(?:(?=\\\\.\\\\.\\\\.)|(?!\\\\.)))","beginCaptures":{"1":{"name":"keyword.control.export.js"},"2":{"name":"storage.modifier.js"},"3":{"name":"storage.type.js"}},"end":"(?!(?<![$_[:alnum:]])(?:(?<=\\\\.\\\\.\\\\.)|(?<!\\\\.))(?:\\\\b(export)\\\\s+)?(?:\\\\b(declare)\\\\s+)?\\\\b(const(?!\\\\s+enum\\\\b))(?![$_[:alnum:]])(?:(?=\\\\.\\\\.\\\\.)|(?!\\\\.)))((?=^|[;}]|((?<![$_[:alnum:]])(?:(?<=\\\\.\\\\.\\\\.)|(?<!\\\\.))(of|in)\\\\s+)|;|^\\\\s*$|^\\\\s*(?:abstract|async|\\\\bawait\\\\s+\\\\busing(?=\\\\s+(?!in\\\\b|of\\\\b(?!\\\\s*(?:of\\\\b|=)))[$_[:alpha:]])\\\\b\\\\b|break|case|catch|class|const|continue|declare|do|else|enum|export|finally|function|for|goto|if|import|interface|let|module|namespace|switch|return|throw|try|type|\\\\busing(?=\\\\s+(?!in\\\\b|of\\\\b(?!\\\\s*(?:of\\\\b|=)))[$_[:alpha:]])\\\\b|var|while)\\\\b)|((?<!(?:^|[^$._[:alnum:]])const)(?=\\\\s*$)))","name":"meta.var.expr.js","patterns":[{"begin":"(?<![$_[:alnum:]])(?:(?<=\\\\.\\\\.\\\\.)|(?<!\\\\.))(?:\\\\b(export)\\\\s+)?(?:\\\\b(declare)\\\\s+)?\\\\b(const(?!\\\\s+enum\\\\b))(?![$_[:alnum:]])(?:(?=\\\\.\\\\.\\\\.)|(?!\\\\.))\\\\s*","beginCaptures":{"1":{"name":"keyword.control.export.js"},"2":{"name":"storage.modifier.js"},"3":{"name":"storage.type.js"}},"end":"(?=\\\\S)"},{"include":"#destructuring-const"},{"include":"#var-single-const"},{"include":"#variable-initializer"},{"include":"#comment"},{"begin":"(,)\\\\s*(?=$|//)","beginCaptures":{"1":{"name":"punctuation.separator.comma.js"}},"end":"(?<!,)(((?=[;=}]|((?<![$_[:alnum:]])(?:(?<=\\\\.\\\\.\\\\.)|(?<!\\\\.))(of|in)\\\\s+)|^\\\\s*$))|((?<=\\\\S)(?=\\\\s*$)))","patterns":[{"include":"#single-line-comment-consuming-line-ending"},{"include":"#comment"},{"include":"#destructuring-const"},{"include":"#var-single-const"},{"include":"#punctuation-comma"}]},{"include":"#punctuation-comma"}]},{"begin":"(?=(?<![$_[:alnum:]])(?:(?<=\\\\.\\\\.\\\\.)|(?<!\\\\.))(?:\\\\b(export)\\\\s+)?(?:\\\\b(declare)\\\\s+)?\\\\b\\\\b(using(?=\\\\s+(?!in\\\\b|of\\\\b(?!\\\\s*(?:of\\\\b|=)))[$_[:alpha:]])|await\\\\s+\\\\busing(?=\\\\s+(?!in\\\\b|of\\\\b(?!\\\\s*(?:of\\\\b|=)))[$_[:alpha:]])\\\\b)\\\\b(?![$_[:alnum:]])(?:(?=\\\\.\\\\.\\\\.)|(?!\\\\.)))","beginCaptures":{"1":{"name":"keyword.control.export.js"},"2":{"name":"storage.modifier.js"},"3":{"name":"storage.type.js"}},"end":"(?!(?<![$_[:alnum:]])(?:(?<=\\\\.\\\\.\\\\.)|(?<!\\\\.))(?:\\\\b(export)\\\\s+)?(?:\\\\b(declare)\\\\s+)?\\\\b\\\\b(using(?=\\\\s+(?!in\\\\b|of\\\\b(?!\\\\s*(?:of\\\\b|=)))[$_[:alpha:]])|await\\\\s+\\\\busing(?=\\\\s+(?!in\\\\b|of\\\\b(?!\\\\s*(?:of\\\\b|=)))[$_[:alpha:]])\\\\b)\\\\b(?![$_[:alnum:]])(?:(?=\\\\.\\\\.\\\\.)|(?!\\\\.)))((?=[;}]|((?<![$_[:alnum:]])(?:(?<=\\\\.\\\\.\\\\.)|(?<!\\\\.))(of|in)\\\\s+)|;|^\\\\s*$|^\\\\s*(?:abstract|async|\\\\bawait\\\\s+\\\\busing(?=\\\\s+(?!in\\\\b|of\\\\b(?!\\\\s*(?:of\\\\b|=)))[$_[:alpha:]])\\\\b\\\\b|break|case|catch|class|const|continue|declare|do|else|enum|export|finally|function|for|goto|if|import|interface|let|module|namespace|switch|return|throw|try|type|\\\\busing(?=\\\\s+(?!in\\\\b|of\\\\b(?!\\\\s*(?:of\\\\b|=)))[$_[:alpha:]])\\\\b|var|while)\\\\b)|((?<!(?:^|[^$._[:alnum:]]|^await\\\\s+|[^$._[:alnum:]]await\\\\s+)using)(?=\\\\s*$)))","name":"meta.var.expr.js","patterns":[{"begin":"(?<![$_[:alnum:]])(?:(?<=\\\\.\\\\.\\\\.)|(?<!\\\\.))(?:\\\\b(export)\\\\s+)?(?:\\\\b(declare)\\\\s+)?\\\\b\\\\b(using(?=\\\\s+(?!in\\\\b|of\\\\b(?!\\\\s*(?:of\\\\b|=)))[$_[:alpha:]])|await\\\\s+\\\\busing(?=\\\\s+(?!in\\\\b|of\\\\b(?!\\\\s*(?:of\\\\b|=)))[$_[:alpha:]])\\\\b)\\\\b(?![$_[:alnum:]])(?:(?=\\\\.\\\\.\\\\.)|(?!\\\\.))\\\\s*","beginCaptures":{"1":{"name":"keyword.control.export.js"},"2":{"name":"storage.modifier.js"},"3":{"name":"storage.type.js"}},"end":"(?=\\\\S)"},{"include":"#var-single-const"},{"include":"#variable-initializer"},{"include":"#comment"},{"begin":"(,)\\\\s*((?!\\\\S)|(?=//))","beginCaptures":{"1":{"name":"punctuation.separator.comma.js"}},"end":"(?<!,)(((?=[;=}]|((?<![$_[:alnum:]])(?:(?<=\\\\.\\\\.\\\\.)|(?<!\\\\.))(of|in)\\\\s+)|^\\\\s*$))|((?<=\\\\S)(?=\\\\s*$)))","patterns":[{"include":"#single-line-comment-consuming-line-ending"},{"include":"#comment"},{"include":"#var-single-const"},{"include":"#punctuation-comma"}]},{"include":"#punctuation-comma"}]}]},"var-single-const":{"patterns":[{"begin":"([$_[:alpha:]][$_[:alnum:]]*)(?=\\\\s*(=\\\\s*(((async\\\\s+)?((function\\\\s*[(*<])|(function\\\\s+)|([$_[:alpha:]][$_[:alnum:]]*\\\\s*=>)))|((async\\\\s*)?(((<\\\\s*)$|(\\\\(\\\\s*((([\\\\[{]\\\\s*)?)$|((\\\\{([^{}]|(\\\\{([^{}]|\\\\{[^{}]*})*}))*})\\\\s*((:\\\\s*\\\\{?)$|((\\\\s*([^()<>{}]|<([^<>]|<([^<>]|<[^<>]+>)+>)+>|\\\\([^()]+\\\\)|\\\\{[^{}]+})+\\\\s*)?=\\\\s*)))|((\\\\[([^]\\\\[]|(\\\\[([^]\\\\[]|\\\\[[^]\\\\[]*])*]))*])\\\\s*((:\\\\s*\\\\[?)$|((\\\\s*([^()<>{}]|<([^<>]|<([^<>]|<[^<>]+>)+>)+>|\\\\([^()]+\\\\)|\\\\{[^{}]+})+\\\\s*)?=\\\\s*))))))|((<\\\\s*(((const\\\\s+)?[$_[:alpha:]])|(\\\\{([^{}]|(\\\\{([^{}]|\\\\{[^{}]*})*}))*})|(\\\\(([^()]|(\\\\(([^()]|\\\\([^()]*\\\\))*\\\\)))*\\\\))|(\\\\[([^]\\\\[]|(\\\\[([^]\\\\[]|\\\\[[^]\\\\[]*])*]))*]))([^<=>]|=[^<]|<\\\\s*(((const\\\\s+)?[$_[:alpha:]])|(\\\\{([^{}]|(\\\\{([^{}]|\\\\{[^{}]*})*}))*})|(\\\\(([^()]|(\\\\(([^()]|\\\\([^()]*\\\\))*\\\\)))*\\\\))|(\\\\[([^]\\\\[]|(\\\\[([^]\\\\[]|\\\\[[^]\\\\[]*])*]))*]))([^<=>]|=[^<]|<\\\\s*(((const\\\\s+)?[$_[:alpha:]])|(\\\\{([^{}]|(\\\\{([^{}]|\\\\{[^{}]*})*}))*})|(\\\\(([^()]|(\\\\(([^()]|\\\\([^()]*\\\\))*\\\\)))*\\\\))|(\\\\[([^]\\\\[]|(\\\\[([^]\\\\[]|\\\\[[^]\\\\[]*])*]))*]))([^<=>]|=[^<])*>)*>)*>\\\\s*)?\\\\(\\\\s*(/\\\\*([^*]|(\\\\*[^/]))*\\\\*/\\\\s*)*((\\\\)\\\\s*:)|((\\\\.\\\\.\\\\.\\\\s*)?[$_[:alpha:]][$_[:alnum:]]*\\\\s*:)))|(<\\\\s*[$_[:alpha:]][$_[:alnum:]]*\\\\s+extends\\\\s*[^=>])|((<\\\\s*(((const\\\\s+)?[$_[:alpha:]])|(\\\\{([^{}]|(\\\\{([^{}]|\\\\{[^{}]*})*}))*})|(\\\\(([^()]|(\\\\(([^()]|\\\\([^()]*\\\\))*\\\\)))*\\\\))|(\\\\[([^]\\\\[]|(\\\\[([^]\\\\[]|\\\\[[^]\\\\[]*])*]))*]))([^<=>]|=[^<]|<\\\\s*(((const\\\\s+)?[$_[:alpha:]])|(\\\\{([^{}]|(\\\\{([^{}]|\\\\{[^{}]*})*}))*})|(\\\\(([^()]|(\\\\(([^()]|\\\\([^()]*\\\\))*\\\\)))*\\\\))|(\\\\[([^]\\\\[]|(\\\\[([^]\\\\[]|\\\\[[^]\\\\[]*])*]))*]))([^<=>]|=[^<]|<\\\\s*(((const\\\\s+)?[$_[:alpha:]])|(\\\\{([^{}]|(\\\\{([^{}]|\\\\{[^{}]*})*}))*})|(\\\\(([^()]|(\\\\(([^()]|\\\\([^()]*\\\\))*\\\\)))*\\\\))|(\\\\[([^]\\\\[]|(\\\\[([^]\\\\[]|\\\\[[^]\\\\[]*])*]))*]))([^<=>]|=[^<])*>)*>)*>\\\\s*)?\\\\(\\\\s*(/\\\\*([^*]|(\\\\*[^/]))*\\\\*/\\\\s*)*(([$_[:alpha:]]|(\\\\{([^{}]|(\\\\{([^{}]|\\\\{[^{}]*})*}))*})|(\\\\[([^]\\\\[]|(\\\\[([^]\\\\[]|\\\\[[^]\\\\[]*])*]))*])|(\\\\.\\\\.\\\\.\\\\s*[$_[:alpha:]]))([^\\"'()\`]|(\\\\(([^()]|(\\\\(([^()]|\\\\([^()]*\\\\))*\\\\)))*\\\\))|('([^'\\\\\\\\]|\\\\\\\\.)*')|(\\"([^\\"\\\\\\\\]|\\\\\\\\.)*\\")|(\`([^\\\\\\\\\`]|\\\\\\\\.)*\`))*)?\\\\)(\\\\s*:\\\\s*([^()<>{}]|<([^<>]|<([^<>]|<[^<>]+>)+>)+>|\\\\([^()]+\\\\)|\\\\{[^{}]+})+)?\\\\s*=>)))))|(:\\\\s*((<)|(\\\\(\\\\s*((\\\\))|(\\\\.\\\\.\\\\.)|([$_[:alnum:]]+\\\\s*(([,:=?])|(\\\\)\\\\s*=>)))))))|(:\\\\s*(?<![$_[:alnum:]])(?:(?<=\\\\.\\\\.\\\\.)|(?<!\\\\.))Function(?![$_[:alnum:]])(?:(?=\\\\.\\\\.\\\\.)|(?!\\\\.)))|(:\\\\s*((<\\\\s*)$|(\\\\(\\\\s*((([\\\\[{]\\\\s*)?)$|((\\\\{([^{}]|(\\\\{([^{}]|\\\\{[^{}]*})*}))*})\\\\s*((:\\\\s*\\\\{?)$|((\\\\s*([^()<>{}]|<([^<>]|<([^<>]|<[^<>]+>)+>)+>|\\\\([^()]+\\\\)|\\\\{[^{}]+})+\\\\s*)?=\\\\s*)))|((\\\\[([^]\\\\[]|(\\\\[([^]\\\\[]|\\\\[[^]\\\\[]*])*]))*])\\\\s*((:\\\\s*\\\\[?)$|((\\\\s*([^()<>{}]|<([^<>]|<([^<>]|<[^<>]+>)+>)+>|\\\\([^()]+\\\\)|\\\\{[^{}]+})+\\\\s*)?=\\\\s*)))))))|(:\\\\s*(=>|(\\\\(([^()]|(\\\\(([^()]|\\\\([^()]*\\\\))*\\\\)))*\\\\))|(<[^<>]*>)|[^(),<=>])+=\\\\s*(((async\\\\s+)?((function\\\\s*[(*<])|(function\\\\s+)|([$_[:alpha:]][$_[:alnum:]]*\\\\s*=>)))|((async\\\\s*)?(((<\\\\s*)$|(\\\\(\\\\s*((([\\\\[{]\\\\s*)?)$|((\\\\{([^{}]|(\\\\{([^{}]|\\\\{[^{}]*})*}))*})\\\\s*((:\\\\s*\\\\{?)$|((\\\\s*([^()<>{}]|<([^<>]|<([^<>]|<[^<>]+>)+>)+>|\\\\([^()]+\\\\)|\\\\{[^{}]+})+\\\\s*)?=\\\\s*)))|((\\\\[([^]\\\\[]|(\\\\[([^]\\\\[]|\\\\[[^]\\\\[]*])*]))*])\\\\s*((:\\\\s*\\\\[?)$|((\\\\s*([^()<>{}]|<([^<>]|<([^<>]|<[^<>]+>)+>)+>|\\\\([^()]+\\\\)|\\\\{[^{}]+})+\\\\s*)?=\\\\s*))))))|((<\\\\s*(((const\\\\s+)?[$_[:alpha:]])|(\\\\{([^{}]|(\\\\{([^{}]|\\\\{[^{}]*})*}))*})|(\\\\(([^()]|(\\\\(([^()]|\\\\([^()]*\\\\))*\\\\)))*\\\\))|(\\\\[([^]\\\\[]|(\\\\[([^]\\\\[]|\\\\[[^]\\\\[]*])*]))*]))([^<=>]|=[^<]|<\\\\s*(((const\\\\s+)?[$_[:alpha:]])|(\\\\{([^{}]|(\\\\{([^{}]|\\\\{[^{}]*})*}))*})|(\\\\(([^()]|(\\\\(([^()]|\\\\([^()]*\\\\))*\\\\)))*\\\\))|(\\\\[([^]\\\\[]|(\\\\[([^]\\\\[]|\\\\[[^]\\\\[]*])*]))*]))([^<=>]|=[^<]|<\\\\s*(((const\\\\s+)?[$_[:alpha:]])|(\\\\{([^{}]|(\\\\{([^{}]|\\\\{[^{}]*})*}))*})|(\\\\(([^()]|(\\\\(([^()]|\\\\([^()]*\\\\))*\\\\)))*\\\\))|(\\\\[([^]\\\\[]|(\\\\[([^]\\\\[]|\\\\[[^]\\\\[]*])*]))*]))([^<=>]|=[^<])*>)*>)*>\\\\s*)?\\\\(\\\\s*(/\\\\*([^*]|(\\\\*[^/]))*\\\\*/\\\\s*)*((\\\\)\\\\s*:)|((\\\\.\\\\.\\\\.\\\\s*)?[$_[:alpha:]][$_[:alnum:]]*\\\\s*:)))|(<\\\\s*[$_[:alpha:]][$_[:alnum:]]*\\\\s+extends\\\\s*[^=>])|((<\\\\s*(((const\\\\s+)?[$_[:alpha:]])|(\\\\{([^{}]|(\\\\{([^{}]|\\\\{[^{}]*})*}))*})|(\\\\(([^()]|(\\\\(([^()]|\\\\([^()]*\\\\))*\\\\)))*\\\\))|(\\\\[([^]\\\\[]|(\\\\[([^]\\\\[]|\\\\[[^]\\\\[]*])*]))*]))([^<=>]|=[^<]|<\\\\s*(((const\\\\s+)?[$_[:alpha:]])|(\\\\{([^{}]|(\\\\{([^{}]|\\\\{[^{}]*})*}))*})|(\\\\(([^()]|(\\\\(([^()]|\\\\([^()]*\\\\))*\\\\)))*\\\\))|(\\\\[([^]\\\\[]|(\\\\[([^]\\\\[]|\\\\[[^]\\\\[]*])*]))*]))([^<=>]|=[^<]|<\\\\s*(((const\\\\s+)?[$_[:alpha:]])|(\\\\{([^{}]|(\\\\{([^{}]|\\\\{[^{}]*})*}))*})|(\\\\(([^()]|(\\\\(([^()]|\\\\([^()]*\\\\))*\\\\)))*\\\\))|(\\\\[([^]\\\\[]|(\\\\[([^]\\\\[]|\\\\[[^]\\\\[]*])*]))*]))([^<=>]|=[^<])*>)*>)*>\\\\s*)?\\\\(\\\\s*(/\\\\*([^*]|(\\\\*[^/]))*\\\\*/\\\\s*)*(([$_[:alpha:]]|(\\\\{([^{}]|(\\\\{([^{}]|\\\\{[^{}]*})*}))*})|(\\\\[([^]\\\\[]|(\\\\[([^]\\\\[]|\\\\[[^]\\\\[]*])*]))*])|(\\\\.\\\\.\\\\.\\\\s*[$_[:alpha:]]))([^\\"'()\`]|(\\\\(([^()]|(\\\\(([^()]|\\\\([^()]*\\\\))*\\\\)))*\\\\))|('([^'\\\\\\\\]|\\\\\\\\.)*')|(\\"([^\\"\\\\\\\\]|\\\\\\\\.)*\\")|(\`([^\\\\\\\\\`]|\\\\\\\\.)*\`))*)?\\\\)(\\\\s*:\\\\s*([^()<>{}]|<([^<>]|<([^<>]|<[^<>]+>)+>)+>|\\\\([^()]+\\\\)|\\\\{[^{}]+})+)?\\\\s*=>))))))","beginCaptures":{"1":{"name":"meta.definition.variable.js variable.other.constant.js entity.name.function.js"}},"end":"(?=$|^|[,;=}]|((?<![$_[:alnum:]])(?:(?<=\\\\.\\\\.\\\\.)|(?<!\\\\.))(of|in)\\\\s+)|(;|^\\\\s*$|^\\\\s*(?:abstract|async|\\\\bawait\\\\s+\\\\busing(?=\\\\s+(?!in\\\\b|of\\\\b(?!\\\\s*(?:of\\\\b|=)))[$_[:alpha:]])\\\\b\\\\b|break|case|catch|class|const|continue|declare|do|else|enum|export|finally|function|for|goto|if|import|interface|let|module|namespace|switch|return|throw|try|type|\\\\busing(?=\\\\s+(?!in\\\\b|of\\\\b(?!\\\\s*(?:of\\\\b|=)))[$_[:alpha:]])\\\\b|var|while)\\\\b))","name":"meta.var-single-variable.expr.js","patterns":[{"include":"#var-single-variable-type-annotation"}]},{"begin":"([$_[:alpha:]][$_[:alnum:]]*)","beginCaptures":{"1":{"name":"meta.definition.variable.js variable.other.constant.js"}},"end":"(?=$|^|[,;=}]|((?<![$_[:alnum:]])(?:(?<=\\\\.\\\\.\\\\.)|(?<!\\\\.))(of|in)\\\\s+)|(;|^\\\\s*$|^\\\\s*(?:abstract|async|\\\\bawait\\\\s+\\\\busing(?=\\\\s+(?!in\\\\b|of\\\\b(?!\\\\s*(?:of\\\\b|=)))[$_[:alpha:]])\\\\b\\\\b|break|case|catch|class|const|continue|declare|do|else|enum|export|finally|function|for|goto|if|import|interface|let|module|namespace|switch|return|throw|try|type|\\\\busing(?=\\\\s+(?!in\\\\b|of\\\\b(?!\\\\s*(?:of\\\\b|=)))[$_[:alpha:]])\\\\b|var|while)\\\\b))","name":"meta.var-single-variable.expr.js","patterns":[{"include":"#var-single-variable-type-annotation"}]}]},"var-single-variable":{"patterns":[{"begin":"([$_[:alpha:]][$_[:alnum:]]*)(!)?(?=\\\\s*(=\\\\s*(((async\\\\s+)?((function\\\\s*[(*<])|(function\\\\s+)|([$_[:alpha:]][$_[:alnum:]]*\\\\s*=>)))|((async\\\\s*)?(((<\\\\s*)$|(\\\\(\\\\s*((([\\\\[{]\\\\s*)?)$|((\\\\{([^{}]|(\\\\{([^{}]|\\\\{[^{}]*})*}))*})\\\\s*((:\\\\s*\\\\{?)$|((\\\\s*([^()<>{}]|<([^<>]|<([^<>]|<[^<>]+>)+>)+>|\\\\([^()]+\\\\)|\\\\{[^{}]+})+\\\\s*)?=\\\\s*)))|((\\\\[([^]\\\\[]|(\\\\[([^]\\\\[]|\\\\[[^]\\\\[]*])*]))*])\\\\s*((:\\\\s*\\\\[?)$|((\\\\s*([^()<>{}]|<([^<>]|<([^<>]|<[^<>]+>)+>)+>|\\\\([^()]+\\\\)|\\\\{[^{}]+})+\\\\s*)?=\\\\s*))))))|((<\\\\s*(((const\\\\s+)?[$_[:alpha:]])|(\\\\{([^{}]|(\\\\{([^{}]|\\\\{[^{}]*})*}))*})|(\\\\(([^()]|(\\\\(([^()]|\\\\([^()]*\\\\))*\\\\)))*\\\\))|(\\\\[([^]\\\\[]|(\\\\[([^]\\\\[]|\\\\[[^]\\\\[]*])*]))*]))([^<=>]|=[^<]|<\\\\s*(((const\\\\s+)?[$_[:alpha:]])|(\\\\{([^{}]|(\\\\{([^{}]|\\\\{[^{}]*})*}))*})|(\\\\(([^()]|(\\\\(([^()]|\\\\([^()]*\\\\))*\\\\)))*\\\\))|(\\\\[([^]\\\\[]|(\\\\[([^]\\\\[]|\\\\[[^]\\\\[]*])*]))*]))([^<=>]|=[^<]|<\\\\s*(((const\\\\s+)?[$_[:alpha:]])|(\\\\{([^{}]|(\\\\{([^{}]|\\\\{[^{}]*})*}))*})|(\\\\(([^()]|(\\\\(([^()]|\\\\([^()]*\\\\))*\\\\)))*\\\\))|(\\\\[([^]\\\\[]|(\\\\[([^]\\\\[]|\\\\[[^]\\\\[]*])*]))*]))([^<=>]|=[^<])*>)*>)*>\\\\s*)?\\\\(\\\\s*(/\\\\*([^*]|(\\\\*[^/]))*\\\\*/\\\\s*)*((\\\\)\\\\s*:)|((\\\\.\\\\.\\\\.\\\\s*)?[$_[:alpha:]][$_[:alnum:]]*\\\\s*:)))|(<\\\\s*[$_[:alpha:]][$_[:alnum:]]*\\\\s+extends\\\\s*[^=>])|((<\\\\s*(((const\\\\s+)?[$_[:alpha:]])|(\\\\{([^{}]|(\\\\{([^{}]|\\\\{[^{}]*})*}))*})|(\\\\(([^()]|(\\\\(([^()]|\\\\([^()]*\\\\))*\\\\)))*\\\\))|(\\\\[([^]\\\\[]|(\\\\[([^]\\\\[]|\\\\[[^]\\\\[]*])*]))*]))([^<=>]|=[^<]|<\\\\s*(((const\\\\s+)?[$_[:alpha:]])|(\\\\{([^{}]|(\\\\{([^{}]|\\\\{[^{}]*})*}))*})|(\\\\(([^()]|(\\\\(([^()]|\\\\([^()]*\\\\))*\\\\)))*\\\\))|(\\\\[([^]\\\\[]|(\\\\[([^]\\\\[]|\\\\[[^]\\\\[]*])*]))*]))([^<=>]|=[^<]|<\\\\s*(((const\\\\s+)?[$_[:alpha:]])|(\\\\{([^{}]|(\\\\{([^{}]|\\\\{[^{}]*})*}))*})|(\\\\(([^()]|(\\\\(([^()]|\\\\([^()]*\\\\))*\\\\)))*\\\\))|(\\\\[([^]\\\\[]|(\\\\[([^]\\\\[]|\\\\[[^]\\\\[]*])*]))*]))([^<=>]|=[^<])*>)*>)*>\\\\s*)?\\\\(\\\\s*(/\\\\*([^*]|(\\\\*[^/]))*\\\\*/\\\\s*)*(([$_[:alpha:]]|(\\\\{([^{}]|(\\\\{([^{}]|\\\\{[^{}]*})*}))*})|(\\\\[([^]\\\\[]|(\\\\[([^]\\\\[]|\\\\[[^]\\\\[]*])*]))*])|(\\\\.\\\\.\\\\.\\\\s*[$_[:alpha:]]))([^\\"'()\`]|(\\\\(([^()]|(\\\\(([^()]|\\\\([^()]*\\\\))*\\\\)))*\\\\))|('([^'\\\\\\\\]|\\\\\\\\.)*')|(\\"([^\\"\\\\\\\\]|\\\\\\\\.)*\\")|(\`([^\\\\\\\\\`]|\\\\\\\\.)*\`))*)?\\\\)(\\\\s*:\\\\s*([^()<>{}]|<([^<>]|<([^<>]|<[^<>]+>)+>)+>|\\\\([^()]+\\\\)|\\\\{[^{}]+})+)?\\\\s*=>)))))|(:\\\\s*((<)|(\\\\(\\\\s*((\\\\))|(\\\\.\\\\.\\\\.)|([$_[:alnum:]]+\\\\s*(([,:=?])|(\\\\)\\\\s*=>)))))))|(:\\\\s*(?<![$_[:alnum:]])(?:(?<=\\\\.\\\\.\\\\.)|(?<!\\\\.))Function(?![$_[:alnum:]])(?:(?=\\\\.\\\\.\\\\.)|(?!\\\\.)))|(:\\\\s*((<\\\\s*)$|(\\\\(\\\\s*((([\\\\[{]\\\\s*)?)$|((\\\\{([^{}]|(\\\\{([^{}]|\\\\{[^{}]*})*}))*})\\\\s*((:\\\\s*\\\\{?)$|((\\\\s*([^()<>{}]|<([^<>]|<([^<>]|<[^<>]+>)+>)+>|\\\\([^()]+\\\\)|\\\\{[^{}]+})+\\\\s*)?=\\\\s*)))|((\\\\[([^]\\\\[]|(\\\\[([^]\\\\[]|\\\\[[^]\\\\[]*])*]))*])\\\\s*((:\\\\s*\\\\[?)$|((\\\\s*([^()<>{}]|<([^<>]|<([^<>]|<[^<>]+>)+>)+>|\\\\([^()]+\\\\)|\\\\{[^{}]+})+\\\\s*)?=\\\\s*)))))))|(:\\\\s*(=>|(\\\\(([^()]|(\\\\(([^()]|\\\\([^()]*\\\\))*\\\\)))*\\\\))|(<[^<>]*>)|[^(),<=>])+=\\\\s*(((async\\\\s+)?((function\\\\s*[(*<])|(function\\\\s+)|([$_[:alpha:]][$_[:alnum:]]*\\\\s*=>)))|((async\\\\s*)?(((<\\\\s*)$|(\\\\(\\\\s*((([\\\\[{]\\\\s*)?)$|((\\\\{([^{}]|(\\\\{([^{}]|\\\\{[^{}]*})*}))*})\\\\s*((:\\\\s*\\\\{?)$|((\\\\s*([^()<>{}]|<([^<>]|<([^<>]|<[^<>]+>)+>)+>|\\\\([^()]+\\\\)|\\\\{[^{}]+})+\\\\s*)?=\\\\s*)))|((\\\\[([^]\\\\[]|(\\\\[([^]\\\\[]|\\\\[[^]\\\\[]*])*]))*])\\\\s*((:\\\\s*\\\\[?)$|((\\\\s*([^()<>{}]|<([^<>]|<([^<>]|<[^<>]+>)+>)+>|\\\\([^()]+\\\\)|\\\\{[^{}]+})+\\\\s*)?=\\\\s*))))))|((<\\\\s*(((const\\\\s+)?[$_[:alpha:]])|(\\\\{([^{}]|(\\\\{([^{}]|\\\\{[^{}]*})*}))*})|(\\\\(([^()]|(\\\\(([^()]|\\\\([^()]*\\\\))*\\\\)))*\\\\))|(\\\\[([^]\\\\[]|(\\\\[([^]\\\\[]|\\\\[[^]\\\\[]*])*]))*]))([^<=>]|=[^<]|<\\\\s*(((const\\\\s+)?[$_[:alpha:]])|(\\\\{([^{}]|(\\\\{([^{}]|\\\\{[^{}]*})*}))*})|(\\\\(([^()]|(\\\\(([^()]|\\\\([^()]*\\\\))*\\\\)))*\\\\))|(\\\\[([^]\\\\[]|(\\\\[([^]\\\\[]|\\\\[[^]\\\\[]*])*]))*]))([^<=>]|=[^<]|<\\\\s*(((const\\\\s+)?[$_[:alpha:]])|(\\\\{([^{}]|(\\\\{([^{}]|\\\\{[^{}]*})*}))*})|(\\\\(([^()]|(\\\\(([^()]|\\\\([^()]*\\\\))*\\\\)))*\\\\))|(\\\\[([^]\\\\[]|(\\\\[([^]\\\\[]|\\\\[[^]\\\\[]*])*]))*]))([^<=>]|=[^<])*>)*>)*>\\\\s*)?\\\\(\\\\s*(/\\\\*([^*]|(\\\\*[^/]))*\\\\*/\\\\s*)*((\\\\)\\\\s*:)|((\\\\.\\\\.\\\\.\\\\s*)?[$_[:alpha:]][$_[:alnum:]]*\\\\s*:)))|(<\\\\s*[$_[:alpha:]][$_[:alnum:]]*\\\\s+extends\\\\s*[^=>])|((<\\\\s*(((const\\\\s+)?[$_[:alpha:]])|(\\\\{([^{}]|(\\\\{([^{}]|\\\\{[^{}]*})*}))*})|(\\\\(([^()]|(\\\\(([^()]|\\\\([^()]*\\\\))*\\\\)))*\\\\))|(\\\\[([^]\\\\[]|(\\\\[([^]\\\\[]|\\\\[[^]\\\\[]*])*]))*]))([^<=>]|=[^<]|<\\\\s*(((const\\\\s+)?[$_[:alpha:]])|(\\\\{([^{}]|(\\\\{([^{}]|\\\\{[^{}]*})*}))*})|(\\\\(([^()]|(\\\\(([^()]|\\\\([^()]*\\\\))*\\\\)))*\\\\))|(\\\\[([^]\\\\[]|(\\\\[([^]\\\\[]|\\\\[[^]\\\\[]*])*]))*]))([^<=>]|=[^<]|<\\\\s*(((const\\\\s+)?[$_[:alpha:]])|(\\\\{([^{}]|(\\\\{([^{}]|\\\\{[^{}]*})*}))*})|(\\\\(([^()]|(\\\\(([^()]|\\\\([^()]*\\\\))*\\\\)))*\\\\))|(\\\\[([^]\\\\[]|(\\\\[([^]\\\\[]|\\\\[[^]\\\\[]*])*]))*]))([^<=>]|=[^<])*>)*>)*>\\\\s*)?\\\\(\\\\s*(/\\\\*([^*]|(\\\\*[^/]))*\\\\*/\\\\s*)*(([$_[:alpha:]]|(\\\\{([^{}]|(\\\\{([^{}]|\\\\{[^{}]*})*}))*})|(\\\\[([^]\\\\[]|(\\\\[([^]\\\\[]|\\\\[[^]\\\\[]*])*]))*])|(\\\\.\\\\.\\\\.\\\\s*[$_[:alpha:]]))([^\\"'()\`]|(\\\\(([^()]|(\\\\(([^()]|\\\\([^()]*\\\\))*\\\\)))*\\\\))|('([^'\\\\\\\\]|\\\\\\\\.)*')|(\\"([^\\"\\\\\\\\]|\\\\\\\\.)*\\")|(\`([^\\\\\\\\\`]|\\\\\\\\.)*\`))*)?\\\\)(\\\\s*:\\\\s*([^()<>{}]|<([^<>]|<([^<>]|<[^<>]+>)+>)+>|\\\\([^()]+\\\\)|\\\\{[^{}]+})+)?\\\\s*=>))))))","beginCaptures":{"1":{"name":"meta.definition.variable.js entity.name.function.js"},"2":{"name":"keyword.operator.definiteassignment.js"}},"end":"(?=$|^|[,;=}]|((?<![$_[:alnum:]])(?:(?<=\\\\.\\\\.\\\\.)|(?<!\\\\.))(of|in)\\\\s+)|(;|^\\\\s*$|^\\\\s*(?:abstract|async|\\\\bawait\\\\s+\\\\busing(?=\\\\s+(?!in\\\\b|of\\\\b(?!\\\\s*(?:of\\\\b|=)))[$_[:alpha:]])\\\\b\\\\b|break|case|catch|class|const|continue|declare|do|else|enum|export|finally|function|for|goto|if|import|interface|let|module|namespace|switch|return|throw|try|type|\\\\busing(?=\\\\s+(?!in\\\\b|of\\\\b(?!\\\\s*(?:of\\\\b|=)))[$_[:alpha:]])\\\\b|var|while)\\\\b))","name":"meta.var-single-variable.expr.js","patterns":[{"include":"#var-single-variable-type-annotation"}]},{"begin":"(\\\\p{upper}[$_\\\\d[:upper:]]*)(?![$_[:alnum:]])(!)?","beginCaptures":{"1":{"name":"meta.definition.variable.js variable.other.constant.js"},"2":{"name":"keyword.operator.definiteassignment.js"}},"end":"(?=$|^|[,;=}]|((?<![$_[:alnum:]])(?:(?<=\\\\.\\\\.\\\\.)|(?<!\\\\.))(of|in)\\\\s+)|(;|^\\\\s*$|^\\\\s*(?:abstract|async|\\\\bawait\\\\s+\\\\busing(?=\\\\s+(?!in\\\\b|of\\\\b(?!\\\\s*(?:of\\\\b|=)))[$_[:alpha:]])\\\\b\\\\b|break|case|catch|class|const|continue|declare|do|else|enum|export|finally|function|for|goto|if|import|interface|let|module|namespace|switch|return|throw|try|type|\\\\busing(?=\\\\s+(?!in\\\\b|of\\\\b(?!\\\\s*(?:of\\\\b|=)))[$_[:alpha:]])\\\\b|var|while)\\\\b))","name":"meta.var-single-variable.expr.js","patterns":[{"include":"#var-single-variable-type-annotation"}]},{"begin":"([$_[:alpha:]][$_[:alnum:]]*)(!)?","beginCaptures":{"1":{"name":"meta.definition.variable.js variable.other.readwrite.js"},"2":{"name":"keyword.operator.definiteassignment.js"}},"end":"(?=$|^|[,;=}]|((?<![$_[:alnum:]])(?:(?<=\\\\.\\\\.\\\\.)|(?<!\\\\.))(of|in)\\\\s+)|(;|^\\\\s*$|^\\\\s*(?:abstract|async|\\\\bawait\\\\s+\\\\busing(?=\\\\s+(?!in\\\\b|of\\\\b(?!\\\\s*(?:of\\\\b|=)))[$_[:alpha:]])\\\\b\\\\b|break|case|catch|class|const|continue|declare|do|else|enum|export|finally|function|for|goto|if|import|interface|let|module|namespace|switch|return|throw|try|type|\\\\busing(?=\\\\s+(?!in\\\\b|of\\\\b(?!\\\\s*(?:of\\\\b|=)))[$_[:alpha:]])\\\\b|var|while)\\\\b))","name":"meta.var-single-variable.expr.js","patterns":[{"include":"#var-single-variable-type-annotation"}]}]},"var-single-variable-type-annotation":{"patterns":[{"include":"#type-annotation"},{"include":"#string"},{"include":"#comment"}]},"variable-initializer":{"patterns":[{"begin":"(?<![!=])(=)(?!=)(?=\\\\s*\\\\S)(?!\\\\s*.*=>\\\\s*$)","beginCaptures":{"1":{"name":"keyword.operator.assignment.js"}},"end":"(?=$|^|[]),;}]|((?<![$_[:alnum:]])(?:(?<=\\\\.\\\\.\\\\.)|(?<!\\\\.))(of|in)\\\\s+))","patterns":[{"include":"#expression"}]},{"begin":"(?<![!=])(=)(?!=)","beginCaptures":{"1":{"name":"keyword.operator.assignment.js"}},"end":"(?=[]),;}]|((?<![$_[:alnum:]])(?:(?<=\\\\.\\\\.\\\\.)|(?<!\\\\.))(of|in)\\\\s+))|(?=^\\\\s*$)|(?<![-\\\\&*+/|])(?<=\\\\S)(?<!=)(?=\\\\s*$)","patterns":[{"include":"#expression"}]}]}},"scopeName":"source.js","aliases":["js"]}`)),Dl=[o_],c_=Object.freeze(JSON.parse(`{"displayName":"CSS","name":"css","patterns":[{"include":"#comment-block"},{"include":"#escapes"},{"include":"#combinators"},{"include":"#selector"},{"include":"#at-rules"},{"include":"#rule-list"}],"repository":{"at-rules":{"patterns":[{"begin":"\\\\A\\\\uFEFF?(?i:(?=\\\\s*@charset\\\\b))","end":";|(?=$)","endCaptures":{"0":{"name":"punctuation.terminator.rule.css"}},"name":"meta.at-rule.charset.css","patterns":[{"captures":{"1":{"name":"invalid.illegal.not-lowercase.charset.css"},"2":{"name":"invalid.illegal.leading-whitespace.charset.css"},"3":{"name":"invalid.illegal.no-whitespace.charset.css"},"4":{"name":"invalid.illegal.whitespace.charset.css"},"5":{"name":"invalid.illegal.not-double-quoted.charset.css"},"6":{"name":"invalid.illegal.unclosed-string.charset.css"},"7":{"name":"invalid.illegal.unexpected-characters.charset.css"}},"match":"\\\\G((?!@charset)@\\\\w+)|\\\\G(\\\\s+)|(@charset\\\\S[^;]*)|(?<=@charset)( {2,}|\\\\t+)|(?<=@charset )([^\\";]+)|(\\"[^\\"]+)$|(?<=\\")([^;]+)"},{"captures":{"1":{"name":"keyword.control.at-rule.charset.css"},"2":{"name":"punctuation.definition.keyword.css"}},"match":"((@)charset)(?=\\\\s)"},{"begin":"\\"","beginCaptures":{"0":{"name":"punctuation.definition.string.begin.css"}},"end":"\\"|$","endCaptures":{"0":{"name":"punctuation.definition.string.end.css"}},"name":"string.quoted.double.css","patterns":[{"begin":"(?:\\\\G|^)(?=[^\\"]+$)","end":"$","name":"invalid.illegal.unclosed.string.css"}]}]},{"begin":"(?i)((@)import)(?:\\\\s+|$|(?=[\\"']|/\\\\*))","beginCaptures":{"1":{"name":"keyword.control.at-rule.import.css"},"2":{"name":"punctuation.definition.keyword.css"}},"end":";","endCaptures":{"0":{"name":"punctuation.terminator.rule.css"}},"name":"meta.at-rule.import.css","patterns":[{"begin":"\\\\G\\\\s*(?=/\\\\*)","end":"(?<=\\\\*/)\\\\s*","patterns":[{"include":"#comment-block"}]},{"include":"#string"},{"include":"#url"},{"include":"#media-query-list"}]},{"begin":"(?i)((@)font-face)(?=\\\\s*|\\\\{|/\\\\*|$)","beginCaptures":{"1":{"name":"keyword.control.at-rule.font-face.css"},"2":{"name":"punctuation.definition.keyword.css"}},"end":"(?!\\\\G)","name":"meta.at-rule.font-face.css","patterns":[{"include":"#comment-block"},{"include":"#escapes"},{"include":"#rule-list"}]},{"begin":"(?i)(@)page(?=[:{\\\\s]|/\\\\*|$)","captures":{"0":{"name":"keyword.control.at-rule.page.css"},"1":{"name":"punctuation.definition.keyword.css"}},"end":"(?=\\\\s*($|[:;{]))","name":"meta.at-rule.page.css","patterns":[{"include":"#rule-list"}]},{"begin":"(?i)(?=@media([(\\\\s]|/\\\\*|$))","end":"(?<=})(?!\\\\G)","patterns":[{"begin":"(?i)\\\\G(@)media","beginCaptures":{"0":{"name":"keyword.control.at-rule.media.css"},"1":{"name":"punctuation.definition.keyword.css"}},"end":"(?=\\\\s*[;{])","name":"meta.at-rule.media.header.css","patterns":[{"include":"#media-query-list"}]},{"begin":"\\\\{","beginCaptures":{"0":{"name":"punctuation.section.media.begin.bracket.curly.css"}},"end":"}","endCaptures":{"0":{"name":"punctuation.section.media.end.bracket.curly.css"}},"name":"meta.at-rule.media.body.css","patterns":[{"include":"$self"}]}]},{"begin":"(?i)(?=@counter-style([\\"';{\\\\s]|/\\\\*|$))","end":"(?<=})(?!\\\\G)","patterns":[{"begin":"(?i)\\\\G(@)counter-style","beginCaptures":{"0":{"name":"keyword.control.at-rule.counter-style.css"},"1":{"name":"punctuation.definition.keyword.css"}},"end":"(?=\\\\s*\\\\{)","name":"meta.at-rule.counter-style.header.css","patterns":[{"include":"#comment-block"},{"include":"#escapes"},{"captures":{"0":{"patterns":[{"include":"#escapes"}]}},"match":"[-A-Z_a-z[^\\\\x00-\\\\x7F]](?:[-0-9A-Z_a-z[^\\\\x00-\\\\x7F]]|\\\\\\\\(?:\\\\h{1,6}|.))*","name":"variable.parameter.style-name.css"}]},{"begin":"\\\\{","beginCaptures":{"0":{"name":"punctuation.section.property-list.begin.bracket.curly.css"}},"end":"}","endCaptures":{"0":{"name":"punctuation.section.property-list.end.bracket.curly.css"}},"name":"meta.at-rule.counter-style.body.css","patterns":[{"include":"#comment-block"},{"include":"#escapes"},{"include":"#rule-list-innards"}]}]},{"begin":"(?i)(?=@document([\\"';{\\\\s]|/\\\\*|$))","end":"(?<=})(?!\\\\G)","patterns":[{"begin":"(?i)\\\\G(@)document","beginCaptures":{"0":{"name":"keyword.control.at-rule.document.css"},"1":{"name":"punctuation.definition.keyword.css"}},"end":"(?=\\\\s*[;{])","name":"meta.at-rule.document.header.css","patterns":[{"begin":"(?i)(?<![-\\\\w])(url-prefix|domain|regexp)(\\\\()","beginCaptures":{"1":{"name":"support.function.document-rule.css"},"2":{"name":"punctuation.section.function.begin.bracket.round.css"}},"end":"\\\\)","endCaptures":{"0":{"name":"punctuation.section.function.end.bracket.round.css"}},"name":"meta.function.document-rule.css","patterns":[{"include":"#string"},{"include":"#comment-block"},{"include":"#escapes"},{"match":"[^\\"')\\\\s]+","name":"variable.parameter.document-rule.css"}]},{"include":"#url"},{"include":"#commas"},{"include":"#comment-block"},{"include":"#escapes"}]},{"begin":"\\\\{","beginCaptures":{"0":{"name":"punctuation.section.document.begin.bracket.curly.css"}},"end":"}","endCaptures":{"0":{"name":"punctuation.section.document.end.bracket.curly.css"}},"name":"meta.at-rule.document.body.css","patterns":[{"include":"$self"}]}]},{"begin":"(?i)(?=@(?:-(?:webkit|moz|o|ms)-)?keyframes([\\"';{\\\\s]|/\\\\*|$))","end":"(?<=})(?!\\\\G)","patterns":[{"begin":"(?i)\\\\G(@)(?:-(?:webkit|moz|o|ms)-)?keyframes","beginCaptures":{"0":{"name":"keyword.control.at-rule.keyframes.css"},"1":{"name":"punctuation.definition.keyword.css"}},"end":"(?=\\\\s*\\\\{)","name":"meta.at-rule.keyframes.header.css","patterns":[{"include":"#comment-block"},{"include":"#escapes"},{"captures":{"0":{"patterns":[{"include":"#escapes"}]}},"match":"[-A-Z_a-z[^\\\\x00-\\\\x7F]](?:[-0-9A-Z_a-z[^\\\\x00-\\\\x7F]]|\\\\\\\\(?:\\\\h{1,6}|.))*","name":"variable.parameter.keyframe-list.css"}]},{"begin":"\\\\{","beginCaptures":{"0":{"name":"punctuation.section.keyframes.begin.bracket.curly.css"}},"end":"}","endCaptures":{"0":{"name":"punctuation.section.keyframes.end.bracket.curly.css"}},"name":"meta.at-rule.keyframes.body.css","patterns":[{"include":"#comment-block"},{"include":"#escapes"},{"captures":{"1":{"name":"entity.other.keyframe-offset.css"},"2":{"name":"entity.other.keyframe-offset.percentage.css"}},"match":"(?i)(?<![-\\\\w])(from|to)(?![-\\\\w])|([-+]?(?:\\\\d+(?:\\\\.\\\\d+)?|\\\\.\\\\d+)%)"},{"include":"#rule-list"}]}]},{"begin":"(?i)(?=@supports([(\\\\s]|/\\\\*|$))","end":"(?<=})(?!\\\\G)|(?=;)","patterns":[{"begin":"(?i)\\\\G(@)supports","beginCaptures":{"0":{"name":"keyword.control.at-rule.supports.css"},"1":{"name":"punctuation.definition.keyword.css"}},"end":"(?=\\\\s*[;{])","name":"meta.at-rule.supports.header.css","patterns":[{"include":"#feature-query-operators"},{"include":"#feature-query"},{"include":"#comment-block"},{"include":"#escapes"}]},{"begin":"\\\\{","beginCaptures":{"0":{"name":"punctuation.section.supports.begin.bracket.curly.css"}},"end":"}","endCaptures":{"0":{"name":"punctuation.section.supports.end.bracket.curly.css"}},"name":"meta.at-rule.supports.body.css","patterns":[{"include":"$self"}]}]},{"begin":"(?i)((@)(-(ms|o)-)?viewport)(?=[\\"';{\\\\s]|/\\\\*|$)","beginCaptures":{"1":{"name":"keyword.control.at-rule.viewport.css"},"2":{"name":"punctuation.definition.keyword.css"}},"end":"(?=\\\\s*[;@{])","name":"meta.at-rule.viewport.css","patterns":[{"include":"#comment-block"},{"include":"#escapes"}]},{"begin":"(?i)((@)font-feature-values)(?=[\\"';{\\\\s]|/\\\\*|$)\\\\s*","beginCaptures":{"1":{"name":"keyword.control.at-rule.font-feature-values.css"},"2":{"name":"punctuation.definition.keyword.css"}},"contentName":"variable.parameter.font-name.css","end":"(?=\\\\s*[;@{])","name":"meta.at-rule.font-features.css","patterns":[{"include":"#comment-block"},{"include":"#escapes"}]},{"include":"#font-features"},{"begin":"(?i)((@)namespace)(?=[\\"';\\\\s]|/\\\\*|$)","beginCaptures":{"1":{"name":"keyword.control.at-rule.namespace.css"},"2":{"name":"punctuation.definition.keyword.css"}},"end":";|(?=[@{])","endCaptures":{"0":{"name":"punctuation.terminator.rule.css"}},"name":"meta.at-rule.namespace.css","patterns":[{"include":"#url"},{"captures":{"1":{"patterns":[{"include":"#comment-block"}]},"2":{"name":"entity.name.function.namespace-prefix.css","patterns":[{"include":"#escapes"}]}},"match":"(?i)(?:\\\\G|^|(?<=\\\\s))(?=(?<=\\\\s|^)[-A-Z_a-z[^\\\\x00-\\\\x7F]]|\\\\s*/\\\\*(?:[^*]|\\\\*[^/])*\\\\*/)(.*?)([-A-Z_a-z[^\\\\x00-\\\\x7F]](?:[-0-9A-Z_a-z[^\\\\x00-\\\\x7F]]|\\\\\\\\(?:\\\\h{1,6}|.))*)"},{"include":"#comment-block"},{"include":"#escapes"},{"include":"#string"}]},{"begin":"(?i)(?=@[-\\\\w]+[^;]+;s*$)","end":"(?<=;)(?!\\\\G)","patterns":[{"begin":"(?i)\\\\G(@)[-\\\\w]+","beginCaptures":{"0":{"name":"keyword.control.at-rule.css"},"1":{"name":"punctuation.definition.keyword.css"}},"end":";","endCaptures":{"0":{"name":"punctuation.terminator.rule.css"}},"name":"meta.at-rule.header.css"}]},{"begin":"(?i)(?=@[-\\\\w]+([({\\\\s]|/\\\\*|$))","end":"(?<=})(?!\\\\G)","patterns":[{"begin":"(?i)\\\\G(@)[-\\\\w]+","beginCaptures":{"0":{"name":"keyword.control.at-rule.css"},"1":{"name":"punctuation.definition.keyword.css"}},"end":"(?=\\\\s*[;{])","name":"meta.at-rule.header.css"},{"begin":"\\\\{","beginCaptures":{"0":{"name":"punctuation.section.begin.bracket.curly.css"}},"end":"}","endCaptures":{"0":{"name":"punctuation.section.end.bracket.curly.css"}},"name":"meta.at-rule.body.css","patterns":[{"include":"$self"}]}]}]},"color-keywords":{"patterns":[{"match":"(?i)(?<![-\\\\w])(aqua|black|blue|fuchsia|gray|green|lime|maroon|navy|olive|orange|purple|red|silver|teal|white|yellow)(?![-\\\\w])","name":"support.constant.color.w3c-standard-color-name.css"},{"match":"(?i)(?<![-\\\\w])(aliceblue|antiquewhite|aquamarine|azure|beige|bisque|blanchedalmond|blueviolet|brown|burlywood|cadetblue|chartreuse|chocolate|coral|cornflowerblue|cornsilk|crimson|cyan|darkblue|darkcyan|darkgoldenrod|darkgray|darkgreen|darkgrey|darkkhaki|darkmagenta|darkolivegreen|darkorange|darkorchid|darkred|darksalmon|darkseagreen|darkslateblue|darkslategray|darkslategrey|darkturquoise|darkviolet|deeppink|deepskyblue|dimgray|dimgrey|dodgerblue|firebrick|floralwhite|forestgreen|gainsboro|ghostwhite|gold|goldenrod|greenyellow|grey|honeydew|hotpink|indianred|indigo|ivory|khaki|lavender|lavenderblush|lawngreen|lemonchiffon|lightblue|lightcoral|lightcyan|lightgoldenrodyellow|lightgray|lightgreen|lightgrey|lightpink|lightsalmon|lightseagreen|lightskyblue|lightslategray|lightslategrey|lightsteelblue|lightyellow|limegreen|linen|magenta|mediumaquamarine|mediumblue|mediumorchid|mediumpurple|mediumseagreen|mediumslateblue|mediumspringgreen|mediumturquoise|mediumvioletred|midnightblue|mintcream|mistyrose|moccasin|navajowhite|oldlace|olivedrab|orangered|orchid|palegoldenrod|palegreen|paleturquoise|palevioletred|papayawhip|peachpuff|peru|pink|plum|powderblue|rebeccapurple|rosybrown|royalblue|saddlebrown|salmon|sandybrown|seagreen|seashell|sienna|skyblue|slateblue|slategray|slategrey|snow|springgreen|steelblue|tan|thistle|tomato|transparent|turquoise|violet|wheat|whitesmoke|yellowgreen)(?![-\\\\w])","name":"support.constant.color.w3c-extended-color-name.css"},{"match":"(?i)(?<![-\\\\w])currentColor(?![-\\\\w])","name":"support.constant.color.current.css"},{"match":"(?i)(?<![-\\\\w])(ActiveBorder|ActiveCaption|AppWorkspace|Background|ButtonFace|ButtonHighlight|ButtonShadow|ButtonText|CaptionText|GrayText|Highlight|HighlightText|InactiveBorder|InactiveCaption|InactiveCaptionText|InfoBackground|InfoText|Menu|MenuText|Scrollbar|ThreeDDarkShadow|ThreeDFace|ThreeDHighlight|ThreeDLightShadow|ThreeDShadow|Window|WindowFrame|WindowText)(?![-\\\\w])","name":"invalid.deprecated.color.system.css"}]},"combinators":{"patterns":[{"match":"/deep/|>>>","name":"invalid.deprecated.combinator.css"},{"match":">>|[+>~]","name":"keyword.operator.combinator.css"}]},"commas":{"match":",","name":"punctuation.separator.list.comma.css"},"comment-block":{"begin":"/\\\\*","beginCaptures":{"0":{"name":"punctuation.definition.comment.begin.css"}},"end":"\\\\*/","endCaptures":{"0":{"name":"punctuation.definition.comment.end.css"}},"name":"comment.block.css"},"escapes":{"patterns":[{"match":"\\\\\\\\\\\\h{1,6}","name":"constant.character.escape.codepoint.css"},{"begin":"\\\\\\\\$\\\\s*","end":"^(?<!\\\\G)","name":"constant.character.escape.newline.css"},{"match":"\\\\\\\\.","name":"constant.character.escape.css"}]},"feature-query":{"begin":"\\\\(","beginCaptures":{"0":{"name":"punctuation.definition.condition.begin.bracket.round.css"}},"end":"\\\\)","endCaptures":{"0":{"name":"punctuation.definition.condition.end.bracket.round.css"}},"name":"meta.feature-query.css","patterns":[{"include":"#feature-query-operators"},{"include":"#feature-query"}]},"feature-query-operators":{"patterns":[{"match":"(?i)(?<=[()\\\\s]|^|\\\\*/)(and|not|or)(?=[()\\\\s]|/\\\\*|$)","name":"keyword.operator.logical.feature.$1.css"},{"include":"#rule-list-innards"}]},"font-features":{"begin":"(?i)((@)(annotation|character-variant|ornaments|styleset|stylistic|swash))(?=[\\"';@{\\\\s]|/\\\\*|$)","beginCaptures":{"1":{"name":"keyword.control.at-rule.\${3:/downcase}.css"},"2":{"name":"punctuation.definition.keyword.css"}},"end":"(?<=})","name":"meta.at-rule.\${3:/downcase}.css","patterns":[{"begin":"\\\\{","beginCaptures":{"0":{"name":"punctuation.section.property-list.begin.bracket.curly.css"}},"end":"}","endCaptures":{"0":{"name":"punctuation.section.property-list.end.bracket.curly.css"}},"name":"meta.property-list.font-feature.css","patterns":[{"captures":{"0":{"patterns":[{"include":"#escapes"}]}},"match":"[-A-Z_a-z[^\\\\x00-\\\\x7F]](?:[-0-9A-Z_a-z[^\\\\x00-\\\\x7F]]|\\\\\\\\(?:\\\\h{1,6}|.))*","name":"variable.font-feature.css"},{"include":"#rule-list-innards"}]}]},"functional-pseudo-classes":{"patterns":[{"begin":"(?i)((:)dir)(\\\\()","beginCaptures":{"1":{"name":"entity.other.attribute-name.pseudo-class.css"},"2":{"name":"punctuation.definition.entity.css"},"3":{"name":"punctuation.section.function.begin.bracket.round.css"}},"end":"\\\\)","endCaptures":{"0":{"name":"punctuation.section.function.end.bracket.round.css"}},"patterns":[{"include":"#comment-block"},{"include":"#escapes"},{"match":"(?i)(?<![-\\\\w])(ltr|rtl)(?![-\\\\w])","name":"support.constant.text-direction.css"},{"include":"#property-values"}]},{"begin":"(?i)((:)lang)(\\\\()","beginCaptures":{"1":{"name":"entity.other.attribute-name.pseudo-class.css"},"2":{"name":"punctuation.definition.entity.css"},"3":{"name":"punctuation.section.function.begin.bracket.round.css"}},"end":"\\\\)","endCaptures":{"0":{"name":"punctuation.section.function.end.bracket.round.css"}},"patterns":[{"match":"(?<=[(,\\\\s])[A-Za-z]+(-[0-9A-Za-z]*|\\\\\\\\(?:\\\\h{1,6}|.))*(?=[),\\\\s])","name":"support.constant.language-range.css"},{"begin":"\\"","beginCaptures":{"0":{"name":"punctuation.definition.string.begin.css"}},"end":"\\"","endCaptures":{"0":{"name":"punctuation.definition.string.end.css"}},"name":"string.quoted.double.css","patterns":[{"include":"#escapes"},{"match":"(?<=[\\"\\\\s])[*A-Za-z]+(-[*0-9A-Za-z]*)*(?=[\\"\\\\s])","name":"support.constant.language-range.css"}]},{"begin":"'","beginCaptures":{"0":{"name":"punctuation.definition.string.begin.css"}},"end":"'","endCaptures":{"0":{"name":"punctuation.definition.string.end.css"}},"name":"string.quoted.single.css","patterns":[{"include":"#escapes"},{"match":"(?<=['\\\\s])[*A-Za-z]+(-[*0-9A-Za-z]*)*(?=['\\\\s])","name":"support.constant.language-range.css"}]},{"include":"#commas"}]},{"begin":"(?i)((:)(?:not|has|matches|where|is))(\\\\()","beginCaptures":{"1":{"name":"entity.other.attribute-name.pseudo-class.css"},"2":{"name":"punctuation.definition.entity.css"},"3":{"name":"punctuation.section.function.begin.bracket.round.css"}},"end":"\\\\)","endCaptures":{"0":{"name":"punctuation.section.function.end.bracket.round.css"}},"patterns":[{"include":"#selector-innards"}]},{"begin":"(?i)((:)nth-(?:last-)?(?:child|of-type))(\\\\()","beginCaptures":{"1":{"name":"entity.other.attribute-name.pseudo-class.css"},"2":{"name":"punctuation.definition.entity.css"},"3":{"name":"punctuation.section.function.begin.bracket.round.css"}},"end":"\\\\)","endCaptures":{"0":{"name":"punctuation.section.function.end.bracket.round.css"}},"patterns":[{"match":"(?i)[-+]?(\\\\d+n?|n)(\\\\s*[-+]\\\\s*\\\\d+)?","name":"constant.numeric.css"},{"match":"(?i)even|odd","name":"support.constant.parity.css"}]}]},"functions":{"patterns":[{"begin":"(?i)(?<![-\\\\w])(calc)(\\\\()","beginCaptures":{"1":{"name":"support.function.calc.css"},"2":{"name":"punctuation.section.function.begin.bracket.round.css"}},"end":"\\\\)","endCaptures":{"0":{"name":"punctuation.section.function.end.bracket.round.css"}},"name":"meta.function.calc.css","patterns":[{"match":"[*/]|(?<=\\\\s|^)[-+](?=\\\\s|$)","name":"keyword.operator.arithmetic.css"},{"include":"#property-values"}]},{"begin":"(?i)(?<![-\\\\w])(rgba?|hsla?|hwb|lab|oklab|lch|oklch|color)(\\\\()","beginCaptures":{"1":{"name":"support.function.misc.css"},"2":{"name":"punctuation.section.function.begin.bracket.round.css"}},"end":"\\\\)","endCaptures":{"0":{"name":"punctuation.section.function.end.bracket.round.css"}},"name":"meta.function.color.css","patterns":[{"include":"#property-values"}]},{"begin":"(?i)(?<![-\\\\w])((?:-(?:webkit-|moz-|o-))?(?:repeating-)?(?:linear|radial|conic)-gradient)(\\\\()","beginCaptures":{"1":{"name":"support.function.gradient.css"},"2":{"name":"punctuation.section.function.begin.bracket.round.css"}},"end":"\\\\)","endCaptures":{"0":{"name":"punctuation.section.function.end.bracket.round.css"}},"name":"meta.function.gradient.css","patterns":[{"match":"(?i)(?<![-\\\\w])(from|to|at|in|hue)(?![-\\\\w])","name":"keyword.operator.gradient.css"},{"include":"#property-values"}]},{"begin":"(?i)(?<![-\\\\w])(-webkit-gradient)(\\\\()","beginCaptures":{"1":{"name":"invalid.deprecated.gradient.function.css"},"2":{"name":"punctuation.section.function.begin.bracket.round.css"}},"end":"\\\\)","endCaptures":{"0":{"name":"punctuation.section.function.end.bracket.round.css"}},"name":"meta.function.gradient.invalid.deprecated.gradient.css","patterns":[{"begin":"(?i)(?<![-\\\\w])(from|to|color-stop)(\\\\()","beginCaptures":{"1":{"name":"invalid.deprecated.function.css"},"2":{"name":"punctuation.section.function.begin.bracket.round.css"}},"end":"\\\\)","endCaptures":{"0":{"name":"punctuation.section.function.end.bracket.round.css"}},"patterns":[{"include":"#property-values"}]},{"include":"#property-values"}]},{"begin":"(?i)(?<![-\\\\w])(annotation|attr|blur|brightness|character-variant|clamp|contrast|counters?|cross-fade|drop-shadow|element|fit-content|format|grayscale|hue-rotate|color-mix|image-set|invert|local|max|min|minmax|opacity|ornaments|repeat|saturate|sepia|styleset|stylistic|swash|symbols|cos|sin|tan|acos|asin|atan2??|hypot|sqrt|pow|log|exp|abs|sign)(\\\\()","beginCaptures":{"1":{"name":"support.function.misc.css"},"2":{"name":"punctuation.section.function.begin.bracket.round.css"}},"end":"\\\\)","endCaptures":{"0":{"name":"punctuation.section.function.end.bracket.round.css"}},"name":"meta.function.misc.css","patterns":[{"match":"(?i)(?<=[\\",\\\\s]|\\\\*/|^)\\\\d+x(?=[\\"'),\\\\s]|/\\\\*|$)","name":"constant.numeric.other.density.css"},{"include":"#property-values"},{"match":"[^\\"'),\\\\s]+","name":"variable.parameter.misc.css"}]},{"begin":"(?i)(?<![-\\\\w])(circle|ellipse|inset|polygon|rect)(\\\\()","beginCaptures":{"1":{"name":"support.function.shape.css"},"2":{"name":"punctuation.section.function.begin.bracket.round.css"}},"end":"\\\\)","endCaptures":{"0":{"name":"punctuation.section.function.end.bracket.round.css"}},"name":"meta.function.shape.css","patterns":[{"match":"(?i)(?<=\\\\s|^|\\\\*/)(at|round)(?=\\\\s|/\\\\*|$)","name":"keyword.operator.shape.css"},{"include":"#property-values"}]},{"begin":"(?i)(?<![-\\\\w])(cubic-bezier|steps)(\\\\()","beginCaptures":{"1":{"name":"support.function.timing-function.css"},"2":{"name":"punctuation.section.function.begin.bracket.round.css"}},"end":"\\\\)","endCaptures":{"0":{"name":"punctuation.section.function.end.bracket.round.css"}},"name":"meta.function.timing-function.css","patterns":[{"match":"(?i)(?<![-\\\\w])(start|end)(?=\\\\s*\\\\)|$)","name":"support.constant.step-direction.css"},{"include":"#property-values"}]},{"begin":"(?i)(?<![-\\\\w])((?:translate|scale|rotate)(?:[XYZ]|3D)?|matrix(?:3D)?|skew[XY]?|perspective)(\\\\()","beginCaptures":{"1":{"name":"support.function.transform.css"},"2":{"name":"punctuation.section.function.begin.bracket.round.css"}},"end":"\\\\)","endCaptures":{"0":{"name":"punctuation.section.function.end.bracket.round.css"}},"patterns":[{"include":"#property-values"}]},{"include":"#url"},{"begin":"(?i)(?<![-\\\\w])(var)(\\\\()","beginCaptures":{"1":{"name":"support.function.misc.css"},"2":{"name":"punctuation.section.function.begin.bracket.round.css"}},"end":"\\\\)","endCaptures":{"0":{"name":"punctuation.section.function.end.bracket.round.css"}},"name":"meta.function.variable.css","patterns":[{"match":"--[-A-Z_a-z[^\\\\x00-\\\\x7F]](?:[-0-9A-Z_a-z[^\\\\x00-\\\\x7F]]|\\\\\\\\(?:\\\\h{1,6}|.))*","name":"variable.argument.css"},{"include":"#property-values"}]}]},"media-feature-keywords":{"match":"(?i)(?<=^|[:\\\\s]|\\\\*/)(?:portrait|landscape|progressive|interlace|fullscreen|standalone|minimal-ui|browser|hover)(?=[)\\\\s]|$)","name":"support.constant.property-value.css"},"media-features":{"captures":{"1":{"name":"support.type.property-name.media.css"},"2":{"name":"support.type.property-name.media.css"},"3":{"name":"support.type.vendored.property-name.media.css"}},"match":"(?i)(?<=^|[(\\\\s]|\\\\*/)(?:((?:m(?:in-|ax-))?(?:height|width|aspect-ratio|color|color-index|monochrome|resolution)|grid|scan|orientation|display-mode|hover)|((?:m(?:in-|ax-))?device-(?:height|width|aspect-ratio))|((?:[-_](?:webkit|apple|khtml|epub|moz|ms|o|xv|ah|rim|atsc|hp|tc|wap|ro)|(?:mso|prince))-[-\\\\w]+(?=\\\\s*(?:/\\\\*(?:[^*]|\\\\*[^/])*\\\\*/)?\\\\s*[):])))(?=\\\\s|$|[):<=>]|/\\\\*)"},"media-query":{"begin":"\\\\G","end":"(?=\\\\s*[;{])","patterns":[{"include":"#comment-block"},{"include":"#escapes"},{"include":"#media-types"},{"match":"(?i)(?<=\\\\s|^|,|\\\\*/)(only|not)(?=[{\\\\s]|/\\\\*|$)","name":"keyword.operator.logical.$1.media.css"},{"match":"(?i)(?<=\\\\s|^|\\\\*/|\\\\))and(?=\\\\s|/\\\\*|$)","name":"keyword.operator.logical.and.media.css"},{"match":",(?:(?:\\\\s*,)+|(?=\\\\s*[);{]))","name":"invalid.illegal.comma.css"},{"include":"#commas"},{"begin":"\\\\(","beginCaptures":{"0":{"name":"punctuation.definition.parameters.begin.bracket.round.css"}},"end":"\\\\)","endCaptures":{"0":{"name":"punctuation.definition.parameters.end.bracket.round.css"}},"patterns":[{"include":"#media-features"},{"include":"#media-feature-keywords"},{"match":":","name":"punctuation.separator.key-value.css"},{"match":">=|<=|[<=>]","name":"keyword.operator.comparison.css"},{"captures":{"1":{"name":"constant.numeric.css"},"2":{"name":"keyword.operator.arithmetic.css"},"3":{"name":"constant.numeric.css"}},"match":"(\\\\d+)\\\\s*(/)\\\\s*(\\\\d+)","name":"meta.ratio.css"},{"include":"#numeric-values"},{"include":"#comment-block"}]}]},"media-query-list":{"begin":"(?=\\\\s*[^;{])","end":"(?=\\\\s*[;{])","patterns":[{"include":"#media-query"}]},"media-types":{"captures":{"1":{"name":"support.constant.media.css"},"2":{"name":"invalid.deprecated.constant.media.css"}},"match":"(?i)(?<=^|[,\\\\s]|\\\\*/)(?:(all|print|screen|speech)|(aural|braille|embossed|handheld|projection|tty|tv))(?=$|[,;{\\\\s]|/\\\\*)"},"numeric-values":{"patterns":[{"captures":{"1":{"name":"punctuation.definition.constant.css"}},"match":"(#)(?:\\\\h{3,4}|\\\\h{6}|\\\\h{8})\\\\b","name":"constant.other.color.rgb-value.hex.css"},{"captures":{"1":{"name":"keyword.other.unit.percentage.css"},"2":{"name":"keyword.other.unit.\${2:/downcase}.css"}},"match":"(?i)(?<![-\\\\w])[-+]?(?:[0-9]+(?:\\\\.[0-9]+)?|\\\\.[0-9]+)(?:(?<=[0-9])E[-+]?[0-9]+)?(?:(%)|(deg|grad|rad|turn|Hz|kHz|ch|cm|em|ex|fr|in|mm|mozmm|pc|pt|px|q|rem|rch|rex|rlh|ic|ric|rcap|vh|vw|vb|vi|svh|svw|svb|svi|dvh|dvw|dvb|dvi|lvh|lvw|lvb|lvi|vmax|vmin|cqw|cqi|cqh|cqb|cqmin|cqmax|dpi|dpcm|dppx|s|ms)\\\\b)?","name":"constant.numeric.css"}]},"property-keywords":{"patterns":[{"match":"(?i)(?<![-\\\\w])(above|absolute|active|add|additive|after-edge|alias|all|all-petite-caps|all-scroll|all-small-caps|alpha|alphabetic|alternate|alternate-reverse|always|antialiased|auto|auto-fill|auto-fit|auto-pos|available|avoid|avoid-column|avoid-page|avoid-region|backwards|balance|baseline|before-edge|below|bevel|bidi-override|blink|block|block-axis|block-start|block-end|bold|bolder|border|border-box|both|bottom|bottom-outside|break-all|break-word|bullets|butt|capitalize|caption|cell|center|central|char|circle|clip|clone|close-quote|closest-corner|closest-side|col-resize|collapse|color|color-burn|color-dodge|column|column-reverse|common-ligatures|compact|condensed|contain|content|content-box|contents|context-menu|contextual|copy|cover|crisp-edges|crispEdges|crosshair|cyclic|dark|darken|dashed|decimal|default|dense|diagonal-fractions|difference|digits|disabled|disc|discretionary-ligatures|distribute|distribute-all-lines|distribute-letter|distribute-space|dot|dotted|double|double-circle|downleft|downright|e-resize|each-line|ease|ease-in|ease-in-out|ease-out|economy|ellipse|ellipsis|embed|end|evenodd|ew-resize|exact|exclude|exclusion|expanded|extends|extra-condensed|extra-expanded|fallback|farthest-corner|farthest-side|fill|fill-available|fill-box|filled|fit-content|fixed|flat|flex|flex-end|flex-start|flip|flow-root|forwards|freeze|from-image|full-width|geometricPrecision|georgian|grab|grabbing|grayscale|grid|groove|hand|hanging|hard-light|help|hidden|hide|historical-forms|historical-ligatures|horizontal|horizontal-tb|hue|icon|ideograph-alpha|ideograph-numeric|ideograph-parenthesis|ideograph-space|ideographic|inactive|infinite|inherit|initial|inline|inline-axis|inline-block|inline-end|inline-flex|inline-grid|inline-list-item|inline-start|inline-table|inset|inside|inter-character|inter-ideograph|inter-word|intersect|invert|isolate|isolate-override|italic|jis04|jis78|jis83|jis90|justify|justify-all|kannada|keep-all|landscape|larger??|left|light|lighten|lighter|line|line-edge|line-through|linear|linearRGB|lining-nums|list-item|local|loose|lowercase|lr|lr-tb|ltr|luminance|luminosity|main-size|mandatory|manipulation|manual|margin-box|match-parent|match-source|mathematical|max-content|medium|menu|message-box|middle|min-content|miter|mixed|move|multiply|n-resize|narrower|ne-resize|nearest-neighbor|nesw-resize|newspaper|no-change|no-clip|no-close-quote|no-common-ligatures|no-contextual|no-discretionary-ligatures|no-drop|no-historical-ligatures|no-open-quote|no-repeat|none|nonzero|normal|not-allowed|nowrap|ns-resize|numbers|numeric|nw-resize|nwse-resize|oblique|oldstyle-nums|open|open-quote|optimizeLegibility|optimizeQuality|optimizeSpeed|optional|ordinal|outset|outside|over|overlay|overline|padding|padding-box|page|painted|pan-down|pan-left|pan-right|pan-up|pan-x|pan-y|paused|petite-caps|pixelated|plaintext|pointer|portrait|pre|pre-line|pre-wrap|preserve-3d|progress|progressive|proportional-nums|proportional-width|proximity|radial|recto|region|relative|remove|repeat|repeat-[xy]|reset-size|reverse|revert|ridge|right|rl|rl-tb|round|row|row-resize|row-reverse|row-severse|rtl|ruby|ruby-base|ruby-base-container|ruby-text|ruby-text-container|run-in|running|s-resize|saturation|scale-down|screen|scroll|scroll-position|se-resize|semi-condensed|semi-expanded|separate|sesame|show|sideways|sideways-left|sideways-lr|sideways-right|sideways-rl|simplified|slashed-zero|slice|small|small-caps|small-caption|smaller|smooth|soft-light|solid|space|space-around|space-between|space-evenly|spell-out|square|sRGB|stacked-fractions|start|static|status-bar|swap|step-end|step-start|sticky|stretch|strict|stroke|stroke-box|style|sub|subgrid|subpixel-antialiased|subtract|super|sw-resize|symbolic|table|table-caption|table-cell|table-column|table-column-group|table-footer-group|table-header-group|table-row|table-row-group|tabular-nums|tb|tb-rl|text|text-after-edge|text-before-edge|text-bottom|text-top|thick|thin|titling-caps|top|top-outside|touch|traditional|transparent|triangle|ultra-condensed|ultra-expanded|under|underline|unicase|unset|upleft|uppercase|upright|use-glyph-orientation|use-script|verso|vertical|vertical-ideographic|vertical-lr|vertical-rl|vertical-text|view-box|visible|visibleFill|visiblePainted|visibleStroke|w-resize|wait|wavy|weight|whitespace|wider|words|wrap|wrap-reverse|x|x-large|x-small|xx-large|xx-small|y|zero|zoom-in|zoom-out)(?![-\\\\w])","name":"support.constant.property-value.css"},{"match":"(?i)(?<![-\\\\w])(arabic-indic|armenian|bengali|cambodian|circle|cjk-decimal|cjk-earthly-branch|cjk-heavenly-stem|cjk-ideographic|decimal|decimal-leading-zero|devanagari|disc|disclosure-closed|disclosure-open|ethiopic-halehame-am|ethiopic-halehame-ti-e[rt]|ethiopic-numeric|georgian|gujarati|gurmukhi|hangul|hangul-consonant|hebrew|hiragana|hiragana-iroha|japanese-formal|japanese-informal|kannada|katakana|katakana-iroha|khmer|korean-hangul-formal|korean-hanja-formal|korean-hanja-informal|lao|lower-alpha|lower-armenian|lower-greek|lower-latin|lower-roman|malayalam|mongolian|myanmar|oriya|persian|simp-chinese-formal|simp-chinese-informal|square|tamil|telugu|thai|tibetan|trad-chinese-formal|trad-chinese-informal|upper-alpha|upper-armenian|upper-latin|upper-roman|urdu)(?![-\\\\w])","name":"support.constant.property-value.list-style-type.css"},{"match":"(?<![-\\\\w])(?i:-(?:ah|apple|atsc|epub|hp|khtml|moz|ms|o|rim|ro|tc|wap|webkit|xv)|(?:mso|prince))-[-A-Za-z]+","name":"support.constant.vendored.property-value.css"},{"match":"(?<![-\\\\w])(?i:arial|century|comic|courier|garamond|georgia|helvetica|impact|lucida|symbol|system-ui|system|tahoma|times|trebuchet|ui-monospace|ui-rounded|ui-sans-serif|ui-serif|utopia|verdana|webdings|sans-serif|serif|monospace)(?![-\\\\w])","name":"support.constant.font-name.css"}]},"property-names":{"patterns":[{"match":"(?i)(?<![-\\\\w])(?:accent-color|additive-symbols|align-content|align-items|align-self|all|animation|animation-delay|animation-direction|animation-duration|animation-fill-mode|animation-iteration-count|animation-name|animation-play-state|animation-timing-function|aspect-ratio|backdrop-filter|backface-visibility|background|background-attachment|background-blend-mode|background-clip|background-color|background-image|background-origin|background-position|background-position-[xy]|background-repeat|background-size|bleed|block-size|border|border-block-end|border-block-end-color|border-block-end-style|border-block-end-width|border-block-start|border-block-start-color|border-block-start-style|border-block-start-width|border-bottom|border-bottom-color|border-bottom-left-radius|border-bottom-right-radius|border-bottom-style|border-bottom-width|border-collapse|border-color|border-end-end-radius|border-end-start-radius|border-image|border-image-outset|border-image-repeat|border-image-slice|border-image-source|border-image-width|border-inline-end|border-inline-end-color|border-inline-end-style|border-inline-end-width|border-inline-start|border-inline-start-color|border-inline-start-style|border-inline-start-width|border-left|border-left-color|border-left-style|border-left-width|border-radius|border-right|border-right-color|border-right-style|border-right-width|border-spacing|border-start-end-radius|border-start-start-radius|border-style|border-top|border-top-color|border-top-left-radius|border-top-right-radius|border-top-style|border-top-width|border-width|bottom|box-decoration-break|box-shadow|box-sizing|break-after|break-before|break-inside|caption-side|caret-color|clear|clip|clip-path|clip-rule|color|color-adjust|color-interpolation-filters|color-scheme|column-count|column-fill|column-gap|column-rule|column-rule-color|column-rule-style|column-rule-width|column-span|column-width|columns|contain|container|container-name|container-type|content|counter-increment|counter-reset|cursor|direction|display|empty-cells|enable-background|fallback|fill|fill-opacity|fill-rule|filter|flex|flex-basis|flex-direction|flex-flow|flex-grow|flex-shrink|flex-wrap|float|flood-color|flood-opacity|font|font-display|font-family|font-feature-settings|font-kerning|font-language-override|font-optical-sizing|font-size|font-size-adjust|font-stretch|font-style|font-synthesis|font-variant|font-variant-alternates|font-variant-caps|font-variant-east-asian|font-variant-ligatures|font-variant-numeric|font-variant-position|font-variation-settings|font-weight|gap|glyph-orientation-horizontal|glyph-orientation-vertical|grid|grid-area|grid-auto-columns|grid-auto-flow|grid-auto-rows|grid-column|grid-column-end|grid-column-gap|grid-column-start|grid-gap|grid-row|grid-row-end|grid-row-gap|grid-row-start|grid-template|grid-template-areas|grid-template-columns|grid-template-rows|hanging-punctuation|height|hyphens|image-orientation|image-rendering|image-resolution|ime-mode|initial-letter|initial-letter-align|inline-size|inset|inset-block|inset-block-end|inset-block-start|inset-inline|inset-inline-end|inset-inline-start|isolation|justify-content|justify-items|justify-self|kerning|left|letter-spacing|lighting-color|line-break|line-clamp|line-height|list-style|list-style-image|list-style-position|list-style-type|margin|margin-block|margin-block-end|margin-block-start|margin-bottom|margin-inline|margin-inline-end|margin-inline-start|margin-left|margin-right|margin-top|marker-end|marker-mid|marker-start|marks|mask|mask-border|mask-border-mode|mask-border-outset|mask-border-repeat|mask-border-slice|mask-border-source|mask-border-width|mask-clip|mask-composite|mask-image|mask-mode|mask-origin|mask-position|mask-repeat|mask-size|mask-type|max-block-size|max-height|max-inline-size|max-lines|max-width|max-zoom|min-block-size|min-height|min-inline-size|min-width|min-zoom|mix-blend-mode|negative|object-fit|object-position|offset|offset-anchor|offset-distance|offset-path|offset-position|offset-rotation|opacity|order|orientation|orphans|outline|outline-color|outline-offset|outline-style|outline-width|overflow|overflow-anchor|overflow-block|overflow-inline|overflow-wrap|overflow-[xy]|overscroll-behavior|overscroll-behavior-block|overscroll-behavior-inline|overscroll-behavior-[xy]|pad|padding|padding-block|padding-block-end|padding-block-start|padding-bottom|padding-inline|padding-inline-end|padding-inline-start|padding-left|padding-right|padding-top|page-break-after|page-break-before|page-break-inside|paint-order|perspective|perspective-origin|place-content|place-items|place-self|pointer-events|position|prefix|quotes|range|resize|right|rotate|row-gap|ruby-align|ruby-merge|ruby-position|scale|scroll-behavior|scroll-margin|scroll-margin-block|scroll-margin-block-end|scroll-margin-block-start|scroll-margin-bottom|scroll-margin-inline|scroll-margin-inline-end|scroll-margin-inline-start|scroll-margin-left|scroll-margin-right|scroll-margin-top|scroll-padding|scroll-padding-block|scroll-padding-block-end|scroll-padding-block-start|scroll-padding-bottom|scroll-padding-inline|scroll-padding-inline-end|scroll-padding-inline-start|scroll-padding-left|scroll-padding-right|scroll-padding-top|scroll-snap-align|scroll-snap-coordinate|scroll-snap-destination|scroll-snap-stop|scroll-snap-type|scrollbar-color|scrollbar-gutter|scrollbar-width|shape-image-threshold|shape-margin|shape-outside|shape-rendering|size|speak-as|src|stop-color|stop-opacity|stroke|stroke-dasharray|stroke-dashoffset|stroke-linecap|stroke-linejoin|stroke-miterlimit|stroke-opacity|stroke-width|suffix|symbols|system|tab-size|table-layout|text-align|text-align-last|text-anchor|text-combine-upright|text-decoration|text-decoration-color|text-decoration-line|text-decoration-skip|text-decoration-skip-ink|text-decoration-style|text-decoration-thickness|text-emphasis|text-emphasis-color|text-emphasis-position|text-emphasis-style|text-indent|text-justify|text-orientation|text-overflow|text-rendering|text-shadow|text-size-adjust|text-transform|text-underline-offset|text-underline-position|top|touch-action|transform|transform-box|transform-origin|transform-style|transition|transition-delay|transition-duration|transition-property|transition-timing-function|translate|unicode-bidi|unicode-range|user-select|user-zoom|vertical-align|visibility|white-space|widows|width|will-change|word-break|word-spacing|word-wrap|writing-mode|z-index|zoom|alignment-baseline|baseline-shift|clip-rule|color-interpolation|color-interpolation-filters|color-profile|color-rendering|cx|cy|dominant-baseline|enable-background|fill|fill-opacity|fill-rule|flood-color|flood-opacity|glyph-orientation-horizontal|glyph-orientation-vertical|height|kerning|lighting-color|marker-end|marker-mid|marker-start|rx??|ry|shape-rendering|stop-color|stop-opacity|stroke|stroke-dasharray|stroke-dashoffset|stroke-linecap|stroke-linejoin|stroke-miterlimit|stroke-opacity|stroke-width|text-anchor|width|[xy]|adjust|after|align|align-last|alignment|alignment-adjust|appearance|attachment|azimuth|background-break|balance|baseline|before|bidi|binding|bookmark|bookmark-label|bookmark-level|bookmark-target|border-length|bottom-color|bottom-left-radius|bottom-right-radius|bottom-style|bottom-width|box|box-align|box-direction|box-flex|box-flex-group|box-lines|box-ordinal-group|box-orient|box-pack|break|character|collapse|column|column-break-after|column-break-before|count|counter|crop|cue|cue-after|cue-before|decoration|decoration-break|delay|display-model|display-role|down|drop|drop-initial-after-adjust|drop-initial-after-align|drop-initial-before-adjust|drop-initial-before-align|drop-initial-size|drop-initial-value|duration|elevation|emphasis|family|fit|fit-position|flex-group|float-offset|gap|grid-columns|grid-rows|hanging-punctuation|header|hyphenate|hyphenate-after|hyphenate-before|hyphenate-character|hyphenate-lines|hyphenate-resource|icon|image|increment|indent|index|initial-after-adjust|initial-after-align|initial-before-adjust|initial-before-align|initial-size|initial-value|inline-box-align|iteration-count|justify|label|left-color|left-style|left-width|length|level|line|line-stacking|line-stacking-ruby|line-stacking-shift|line-stacking-strategy|lines|list|mark|mark-after|mark-before|marks|marquee|marquee-direction|marquee-play-count|marquee-speed|marquee-style|max|min|model|move-to|name|nav|nav-down|nav-index|nav-left|nav-right|nav-up|new|numeral|offset|ordinal-group|orient|origin|overflow-style|overhang|pack|page|page-policy|pause|pause-after|pause-before|phonemes|pitch|pitch-range|play-count|play-during|play-state|point|presentation|presentation-level|profile|property|punctuation|punctuation-trim|radius|rate|rendering-intent|repeat|replace|reset|resolution|resource|respond-to|rest|rest-after|rest-before|richness|right-color|right-style|right-width|role|rotation|rotation-point|rows|ruby|ruby-overhang|ruby-span|rule|rule-color|rule-style|rule-width|shadow|size|size-adjust|sizing|space|space-collapse|spacing|span|speak|speak-header|speak-numeral|speak-punctuation|speech|speech-rate|speed|stacking|stacking-ruby|stacking-shift|stacking-strategy|stress|stretch|string-set|style|style-image|style-position|style-type|target|target-name|target-new|target-position|text|text-height|text-justify|text-outline|text-replace|text-wrap|timing-function|top-color|top-left-radius|top-right-radius|top-style|top-width|trim|unicode|up|user-select|variant|voice|voice-balance|voice-duration|voice-family|voice-pitch|voice-pitch-range|voice-rate|voice-stress|voice-volume|volume|weight|white|white-space-collapse|word|wrap)(?![-\\\\w])","name":"support.type.property-name.css"},{"match":"(?<![-\\\\w])(?i:-(?:ah|apple|atsc|epub|hp|khtml|moz|ms|o|rim|ro|tc|wap|webkit|xv)|(?:mso|prince))-[-A-Za-z]+","name":"support.type.vendored.property-name.css"}]},"property-values":{"patterns":[{"include":"#commas"},{"include":"#comment-block"},{"include":"#escapes"},{"include":"#functions"},{"include":"#property-keywords"},{"include":"#unicode-range"},{"include":"#numeric-values"},{"include":"#color-keywords"},{"include":"#string"},{"match":"!\\\\s*important(?![-\\\\w])","name":"keyword.other.important.css"}]},"pseudo-classes":{"captures":{"1":{"name":"punctuation.definition.entity.css"},"2":{"name":"invalid.illegal.colon.css"}},"match":"(?i)(:)(:*)(?:active|any-link|checked|default|disabled|empty|enabled|first|(?:first|last|only)-(?:child|of-type)|focus|focus-visible|focus-within|fullscreen|host|hover|in-range|indeterminate|invalid|left|link|optional|out-of-range|read-only|read-write|required|right|root|scope|target|unresolved|valid|visited)(?![-\\\\w]|\\\\s*[;}])","name":"entity.other.attribute-name.pseudo-class.css"},"pseudo-elements":{"captures":{"1":{"name":"punctuation.definition.entity.css"},"2":{"name":"punctuation.definition.entity.css"}},"match":"(?i)(?:(::?)(?:after|before|first-letter|first-line|(?:-(?:ah|apple|atsc|epub|hp|khtml|moz|ms|o|rim|ro|tc|wap|webkit|xv)|(?:mso|prince))-[-a-z]+)|(::)(?:backdrop|content|grammar-error|marker|placeholder|selection|shadow|spelling-error))(?![-\\\\w]|\\\\s*[;}])","name":"entity.other.attribute-name.pseudo-element.css"},"rule-list":{"begin":"\\\\{","beginCaptures":{"0":{"name":"punctuation.section.property-list.begin.bracket.curly.css"}},"end":"}","endCaptures":{"0":{"name":"punctuation.section.property-list.end.bracket.curly.css"}},"name":"meta.property-list.css","patterns":[{"include":"#rule-list-innards"}]},"rule-list-innards":{"patterns":[{"include":"#comment-block"},{"include":"#escapes"},{"include":"#font-features"},{"match":"(?<![-\\\\w])--[-A-Z_a-z[^\\\\x00-\\\\x7F]](?:[-0-9A-Z_a-z[^\\\\x00-\\\\x7F]]|\\\\\\\\(?:\\\\h{1,6}|.))*","name":"variable.css"},{"begin":"(?<![-A-Za-z])(?=[-A-Za-z])","end":"$|(?![-A-Za-z])","name":"meta.property-name.css","patterns":[{"include":"#property-names"}]},{"begin":"(:)\\\\s*","beginCaptures":{"1":{"name":"punctuation.separator.key-value.css"}},"contentName":"meta.property-value.css","end":"\\\\s*(;)|\\\\s*(?=[)}])","endCaptures":{"1":{"name":"punctuation.terminator.rule.css"}},"patterns":[{"include":"#comment-block"},{"include":"#property-values"}]},{"match":";","name":"punctuation.terminator.rule.css"}]},"selector":{"begin":"(?=\\\\|?(?:[-#*.:A-\\\\[_a-z[^\\\\x00-\\\\x7F]]|\\\\\\\\(?:\\\\h{1,6}|.)))","end":"(?=\\\\s*[)/@{])","name":"meta.selector.css","patterns":[{"include":"#selector-innards"}]},"selector-innards":{"patterns":[{"include":"#comment-block"},{"include":"#commas"},{"include":"#escapes"},{"include":"#combinators"},{"captures":{"1":{"name":"entity.other.namespace-prefix.css"},"2":{"name":"punctuation.separator.css"}},"match":"(?:^|(?<=[(,;}\\\\s]))(?![-*\\\\w]+\\\\|(?![-#*.:A-\\\\[_a-z[^\\\\x00-\\\\x7F]]))([-A-Z_a-z[^\\\\x00-\\\\x7F]](?:[-0-9A-Z_a-z[^\\\\x00-\\\\x7F]]|\\\\\\\\(?:\\\\h{1,6}|.))*|\\\\*)?(\\\\|)"},{"include":"#tag-names"},{"match":"\\\\*","name":"entity.name.tag.wildcard.css"},{"captures":{"1":{"name":"punctuation.definition.entity.css"},"2":{"patterns":[{"include":"#escapes"}]}},"match":"(?<![-@\\\\w])([#.])((?:-?[0-9]|-(?=$|[#)+,.:>\\\\[{|~\\\\s]|/\\\\*)|(?:[-0-9A-Z_a-z[^\\\\x00-\\\\x7F]]|\\\\\\\\(?:\\\\h{1,6}|.))*(?:[]!\\"%-(*;<?@^\`|}]|/(?!\\\\*))+)(?:[-0-9A-Z_a-z[^\\\\x00-\\\\x7F]]|\\\\\\\\(?:\\\\h{1,6}|.))*)","name":"invalid.illegal.bad-identifier.css"},{"captures":{"1":{"name":"punctuation.definition.entity.css"},"2":{"patterns":[{"include":"#escapes"}]}},"match":"(\\\\.)((?:[-0-9A-Z_a-z[^\\\\x00-\\\\x7F]]|\\\\\\\\(?:\\\\h{1,6}|.))+)(?=$|[#)+,.:>\\\\[{|~\\\\s]|/\\\\*)","name":"entity.other.attribute-name.class.css"},{"captures":{"1":{"name":"punctuation.definition.entity.css"},"2":{"patterns":[{"include":"#escapes"}]}},"match":"(#)(-?(?![0-9])(?:[-0-9A-Z_a-z[^\\\\x00-\\\\x7F]]|\\\\\\\\(?:\\\\h{1,6}|.))+)(?=$|[#)+,.:>\\\\[{|~\\\\s]|/\\\\*)","name":"entity.other.attribute-name.id.css"},{"begin":"\\\\[","beginCaptures":{"0":{"name":"punctuation.definition.entity.begin.bracket.square.css"}},"end":"]","endCaptures":{"0":{"name":"punctuation.definition.entity.end.bracket.square.css"}},"name":"meta.attribute-selector.css","patterns":[{"include":"#comment-block"},{"include":"#string"},{"captures":{"1":{"name":"storage.modifier.ignore-case.css"}},"match":"(?<=[\\"'\\\\s]|^|\\\\*/)\\\\s*([Ii])\\\\s*(?=[]\\\\s]|/\\\\*|$)"},{"captures":{"1":{"name":"string.unquoted.attribute-value.css","patterns":[{"include":"#escapes"}]}},"match":"(?<==)\\\\s*((?!/\\\\*)(?:[^]\\"'\\\\\\\\\\\\s]|\\\\\\\\.)+)"},{"include":"#escapes"},{"match":"[$*^|~]?=","name":"keyword.operator.pattern.css"},{"match":"\\\\|","name":"punctuation.separator.css"},{"captures":{"1":{"name":"entity.other.namespace-prefix.css","patterns":[{"include":"#escapes"}]}},"match":"(-?(?!\\\\d)(?:[-\\\\w[^\\\\x00-\\\\x7F]]|\\\\\\\\(?:\\\\h{1,6}|.))+|\\\\*)(?=\\\\|(?![=\\\\s]|$|])(?:-?(?!\\\\d)|[-\\\\\\\\\\\\w[^\\\\x00-\\\\x7F]]))"},{"captures":{"1":{"name":"entity.other.attribute-name.css","patterns":[{"include":"#escapes"}]}},"match":"(-?(?!\\\\d)(?>[-\\\\w[^\\\\x00-\\\\x7F]]|\\\\\\\\(?:\\\\h{1,6}|.))+)\\\\s*(?=[]$*=^|~]|/\\\\*)"}]},{"include":"#pseudo-classes"},{"include":"#pseudo-elements"},{"include":"#functional-pseudo-classes"},{"match":"(?<![-@\\\\w])(?=[a-z]\\\\w*-)(?:(?![A-Z])[-\\\\w])+(?![-(\\\\w])","name":"entity.name.tag.custom.css"}]},"string":{"patterns":[{"begin":"\\"","beginCaptures":{"0":{"name":"punctuation.definition.string.begin.css"}},"end":"\\"|(?<!\\\\\\\\)(?=$|\\\\n)","endCaptures":{"0":{"name":"punctuation.definition.string.end.css"}},"name":"string.quoted.double.css","patterns":[{"begin":"(?:\\\\G|^)(?=(?:[^\\"\\\\\\\\]|\\\\\\\\.)+$)","end":"$","name":"invalid.illegal.unclosed.string.css","patterns":[{"include":"#escapes"}]},{"include":"#escapes"}]},{"begin":"'","beginCaptures":{"0":{"name":"punctuation.definition.string.begin.css"}},"end":"'|(?<!\\\\\\\\)(?=$|\\\\n)","endCaptures":{"0":{"name":"punctuation.definition.string.end.css"}},"name":"string.quoted.single.css","patterns":[{"begin":"(?:\\\\G|^)(?=(?:[^'\\\\\\\\]|\\\\\\\\.)+$)","end":"$","name":"invalid.illegal.unclosed.string.css","patterns":[{"include":"#escapes"}]},{"include":"#escapes"}]}]},"tag-names":{"match":"(?i)(?<![-:\\\\w])(?:a|abbr|acronym|address|applet|area|article|aside|audio|b|base|basefont|bdi|bdo|bgsound|big|blink|blockquote|body|br|button|canvas|caption|center|cite|code|col|colgroup|command|content|data|datalist|dd|del|details|dfn|dialog|dir|div|dl|dt|element|em|embed|fieldset|figcaption|figure|font|footer|form|frame|frameset|h[1-6]|head|header|hgroup|hr|html|i|iframe|image|img|input|ins|isindex|kbd|keygen|label|legend|li|link|listing|main|map|mark|marquee|math|menu|menuitem|meta|meter|multicol|nav|nextid|nobr|noembed|noframes|noscript|object|ol|optgroup|option|output|p|param|picture|plaintext|pre|progress|q|rb|rp|rtc??|ruby|s|samp|script|section|select|shadow|slot|small|source|spacer|span|strike|strong|style|sub|summary|sup|table|tbody|td|template|textarea|tfoot|th|thead|time|title|tr|track|tt|ul??|var|video|wbr|xmp|altGlyph|altGlyphDef|altGlyphItem|animate|animateColor|animateMotion|animateTransform|circle|clipPath|color-profile|cursor|defs|desc|discard|ellipse|feBlend|feColorMatrix|feComponentTransfer|feComposite|feConvolveMatrix|feDiffuseLighting|feDisplacementMap|feDistantLight|feDropShadow|feFlood|feFuncA|feFuncB|feFuncG|feFuncR|feGaussianBlur|feImage|feMerge|feMergeNode|feMorphology|feOffset|fePointLight|feSpecularLighting|feSpotLight|feTile|feTurbulence|filter|font-face|font-face-format|font-face-name|font-face-src|font-face-uri|foreignObject|g|glyph|glyphRef|hatch|hatchpath|hkern|line|linearGradient|marker|mask|mesh|meshgradient|meshpatch|meshrow|metadata|missing-glyph|mpath|path|pattern|polygon|polyline|radialGradient|rect|set|solidcolor|stop|svg|switch|symbol|text|textPath|tref|tspan|use|view|vkern|annotation|annotation-xml|maction|maligngroup|malignmark|math|menclose|merror|mfenced|mfrac|mglyph|mi|mlabeledtr|mlongdiv|mmultiscripts|mn|mo|mover|mpadded|mphantom|mroot|mrow|ms|mscarries|mscarry|msgroup|msline|mspace|msqrt|msrow|mstack|mstyle|msub|msubsup|msup|mtable|mtd|mtext|mtr|munder|munderover|semantics)(?=[#)+,.:>\\\\[{|~\\\\s]|/\\\\*|$)","name":"entity.name.tag.css"},"unicode-range":{"captures":{"0":{"name":"constant.other.unicode-range.css"},"1":{"name":"punctuation.separator.dash.unicode-range.css"}},"match":"(?<![-\\\\w])[Uu]\\\\+[?\\\\h]{1,6}(?:(-)\\\\h{1,6})?(?![-\\\\w])"},"url":{"begin":"(?i)(?<![-@\\\\w])(url)(\\\\()","beginCaptures":{"1":{"name":"support.function.url.css"},"2":{"name":"punctuation.section.function.begin.bracket.round.css"}},"end":"\\\\)","endCaptures":{"0":{"name":"punctuation.section.function.end.bracket.round.css"}},"name":"meta.function.url.css","patterns":[{"match":"[^\\"')\\\\s]+","name":"variable.parameter.url.css"},{"include":"#string"},{"include":"#comment-block"},{"include":"#escapes"}]}},"scopeName":"source.css"}`)),Ml=[c_],l_=Object.freeze(JSON.parse(`{"displayName":"HTML","injections":{"R:text.html - (comment.block, text.html meta.embedded, meta.tag.*.*.html, meta.tag.*.*.*.html, meta.tag.*.*.*.*.html)":{"patterns":[{"match":"<","name":"invalid.illegal.bad-angle-bracket.html"}]}},"name":"html","patterns":[{"include":"#xml-processing"},{"include":"#comment"},{"include":"#doctype"},{"include":"#cdata"},{"include":"#tags-valid"},{"include":"#tags-invalid"},{"include":"#entities"}],"repository":{"attribute":{"patterns":[{"begin":"(s(hape|cope|t(ep|art)|ize(s)?|p(ellcheck|an)|elected|lot|andbox|rc(set|doc|lang)?)|h(ttp-equiv|i(dden|gh)|e(ight|aders)|ref(lang)?)|n(o(nce|validate|module)|ame)|c(h(ecked|arset)|ite|o(nt(ent(editable)?|rols)|ords|l(s(pan)?|or))|lass|rossorigin)|t(ype(mustmatch)?|itle|a(rget|bindex)|ranslate)|i(s(map)?|n(tegrity|putmode)|tem(scope|type|id|prop|ref)|d)|op(timum|en)|d(i(sabled|r(name)?)|ownload|e(coding|f(er|ault))|at(etime|a)|raggable)|usemap|p(ing|oster|la(ysinline|ceholder)|attern|reload)|enctype|value|kind|for(m(novalidate|target|enctype|action|method)?)?|w(idth|rap)|l(ist|o(op|w)|a(ng|bel))|a(s(ync)?|c(ce(sskey|pt(-charset)?)|tion)|uto(c(omplete|apitalize)|play|focus)|l(t|low(usermedia|paymentrequest|fullscreen))|bbr)|r(ows(pan)?|e(versed|quired|ferrerpolicy|l|adonly))|m(in(length)?|u(ted|ltiple)|e(thod|dia)|a(nifest|x(length)?)))(?![-:\\\\w])","beginCaptures":{"0":{"name":"entity.other.attribute-name.html"}},"end":"(?=\\\\s*+[^=\\\\s])","name":"meta.attribute.$1.html","patterns":[{"include":"#attribute-interior"}]},{"begin":"style(?![-:\\\\w])","beginCaptures":{"0":{"name":"entity.other.attribute-name.html"}},"end":"(?=\\\\s*+[^=\\\\s])","name":"meta.attribute.style.html","patterns":[{"begin":"=","beginCaptures":{"0":{"name":"punctuation.separator.key-value.html"}},"end":"(?<=[^=\\\\s])(?!\\\\s*=)|(?=/?>)","patterns":[{"begin":"(?=[^/<=>\`\\\\s]|/(?!>))","end":"(?!\\\\G)","name":"meta.embedded.line.css","patterns":[{"captures":{"0":{"name":"source.css"}},"match":"([^\\"'/<=>\`\\\\s]|/(?!>))+","name":"string.unquoted.html"},{"begin":"\\"","beginCaptures":{"0":{"name":"punctuation.definition.string.begin.html"}},"contentName":"source.css","end":"(\\")","endCaptures":{"0":{"name":"punctuation.definition.string.end.html"},"1":{"name":"source.css"}},"name":"string.quoted.double.html","patterns":[{"include":"#entities"}]},{"begin":"'","beginCaptures":{"0":{"name":"punctuation.definition.string.begin.html"}},"contentName":"source.css","end":"(')","endCaptures":{"0":{"name":"punctuation.definition.string.end.html"},"1":{"name":"source.css"}},"name":"string.quoted.single.html","patterns":[{"include":"#entities"}]}]},{"match":"=","name":"invalid.illegal.unexpected-equals-sign.html"}]}]},{"begin":"on(s(croll|t(orage|alled)|u(spend|bmit)|e(curitypolicyviolation|ek(ing|ed)|lect))|hashchange|c(hange|o(ntextmenu|py)|u(t|echange)|l(ick|ose)|an(cel|play(through)?))|t(imeupdate|oggle)|in(put|valid)|o((?:n|ff)line)|d(urationchange|r(op|ag(start|over|e(n(ter|d)|xit)|leave)?)|blclick)|un(handledrejection|load)|p(opstate|lay(ing)?|a(ste|use|ge(show|hide))|rogress)|e(nded|rror|mptied)|volumechange|key(down|up|press)|focus|w(heel|aiting)|l(oad(start|e(nd|d((?:|meta)data)))?|anguagechange)|a(uxclick|fterprint|bort)|r(e(s(ize|et)|jectionhandled)|atechange)|m(ouse(o(ut|ver)|down|up|enter|leave|move)|essage(error)?)|b(efore(unload|print)|lur))(?![-:\\\\w])","beginCaptures":{"0":{"name":"entity.other.attribute-name.html"}},"end":"(?=\\\\s*+[^=\\\\s])","name":"meta.attribute.event-handler.$1.html","patterns":[{"begin":"=","beginCaptures":{"0":{"name":"punctuation.separator.key-value.html"}},"end":"(?<=[^=\\\\s])(?!\\\\s*=)|(?=/?>)","patterns":[{"begin":"(?=[^/<=>\`\\\\s]|/(?!>))","end":"(?!\\\\G)","name":"meta.embedded.line.js","patterns":[{"captures":{"0":{"name":"source.js"},"1":{"patterns":[{"include":"source.js"}]}},"match":"(([^\\"'/<=>\`\\\\s]|/(?!>))+)","name":"string.unquoted.html"},{"begin":"\\"","beginCaptures":{"0":{"name":"punctuation.definition.string.begin.html"}},"contentName":"source.js","end":"(\\")","endCaptures":{"0":{"name":"punctuation.definition.string.end.html"},"1":{"name":"source.js"}},"name":"string.quoted.double.html","patterns":[{"captures":{"0":{"patterns":[{"include":"source.js"}]}},"match":"([^\\\\n\\"/]|/(?![*/]))+"},{"begin":"//","beginCaptures":{"0":{"name":"punctuation.definition.comment.js"}},"end":"(?=\\")|\\\\n","name":"comment.line.double-slash.js"},{"begin":"/\\\\*","beginCaptures":{"0":{"name":"punctuation.definition.comment.begin.js"}},"end":"(?=\\")|\\\\*/","endCaptures":{"0":{"name":"punctuation.definition.comment.end.js"}},"name":"comment.block.js"}]},{"begin":"'","beginCaptures":{"0":{"name":"punctuation.definition.string.begin.html"}},"contentName":"source.js","end":"(')","endCaptures":{"0":{"name":"punctuation.definition.string.end.html"},"1":{"name":"source.js"}},"name":"string.quoted.single.html","patterns":[{"captures":{"0":{"patterns":[{"include":"source.js"}]}},"match":"([^\\\\n'/]|/(?![*/]))+"},{"begin":"//","beginCaptures":{"0":{"name":"punctuation.definition.comment.js"}},"end":"(?=')|\\\\n","name":"comment.line.double-slash.js"},{"begin":"/\\\\*","beginCaptures":{"0":{"name":"punctuation.definition.comment.begin.js"}},"end":"(?=')|\\\\*/","endCaptures":{"0":{"name":"punctuation.definition.comment.end.js"}},"name":"comment.block.js"}]}]},{"match":"=","name":"invalid.illegal.unexpected-equals-sign.html"}]}]},{"begin":"(data-[-a-z]+)(?![-:\\\\w])","beginCaptures":{"0":{"name":"entity.other.attribute-name.html"}},"end":"(?=\\\\s*+[^=\\\\s])","name":"meta.attribute.data-x.$1.html","patterns":[{"include":"#attribute-interior"}]},{"begin":"(align|bgcolor|border)(?![-:\\\\w])","beginCaptures":{"0":{"name":"invalid.deprecated.entity.other.attribute-name.html"}},"end":"(?=\\\\s*+[^=\\\\s])","name":"meta.attribute.$1.html","patterns":[{"include":"#attribute-interior"}]},{"begin":"([^\\\\x00- \\"'/<=>\\\\x7F-\\\\x{9F}∩╖É-∩╖»∩┐╛∩┐┐≡ƒ┐╛≡ƒ┐┐≡»┐╛≡»┐┐≡┐┐╛≡┐┐┐\\\\x{4FFFE}\\\\x{4FFFF}\\\\x{5FFFE}\\\\x{5FFFF}\\\\x{6FFFE}\\\\x{6FFFF}\\\\x{7FFFE}\\\\x{7FFFF}\\\\x{8FFFE}\\\\x{8FFFF}\\\\x{9FFFE}\\\\x{9FFFF}\\\\x{AFFFE}\\\\x{AFFFF}\\\\x{BFFFE}\\\\x{BFFFF}\\\\x{CFFFE}\\\\x{CFFFF}\\\\x{DFFFE}\\\\x{DFFFF}\\\\x{EFFFE}\\\\x{EFFFF}\\\\x{FFFFE}\\\\x{FFFFF}\\\\x{10FFFE}\\\\x{10FFFF}]+)","beginCaptures":{"0":{"name":"entity.other.attribute-name.html"}},"end":"(?=\\\\s*+[^=\\\\s])","name":"meta.attribute.unrecognized.$1.html","patterns":[{"include":"#attribute-interior"}]},{"match":"[^>\\\\s]+","name":"invalid.illegal.character-not-allowed-here.html"}]},"attribute-interior":{"patterns":[{"begin":"=","beginCaptures":{"0":{"name":"punctuation.separator.key-value.html"}},"end":"(?<=[^=\\\\s])(?!\\\\s*=)|(?=/?>)","patterns":[{"match":"([^\\"'/<=>\`\\\\s]|/(?!>))+","name":"string.unquoted.html"},{"begin":"\\"","beginCaptures":{"0":{"name":"punctuation.definition.string.begin.html"}},"end":"\\"","endCaptures":{"0":{"name":"punctuation.definition.string.end.html"}},"name":"string.quoted.double.html","patterns":[{"include":"#entities"}]},{"begin":"'","beginCaptures":{"0":{"name":"punctuation.definition.string.begin.html"}},"end":"'","endCaptures":{"0":{"name":"punctuation.definition.string.end.html"}},"name":"string.quoted.single.html","patterns":[{"include":"#entities"}]},{"match":"=","name":"invalid.illegal.unexpected-equals-sign.html"}]}]},"cdata":{"begin":"<!\\\\[CDATA\\\\[","beginCaptures":{"0":{"name":"punctuation.definition.tag.begin.html"}},"contentName":"string.other.inline-data.html","end":"]]>","endCaptures":{"0":{"name":"punctuation.definition.tag.end.html"}},"name":"meta.tag.metadata.cdata.html"},"comment":{"begin":"<!--","captures":{"0":{"name":"punctuation.definition.comment.html"}},"end":"-->","name":"comment.block.html","patterns":[{"match":"\\\\G-?>","name":"invalid.illegal.characters-not-allowed-here.html"},{"match":"<!-(?:-(?!>)|(?=-->))","name":"invalid.illegal.characters-not-allowed-here.html"},{"match":"--!>","name":"invalid.illegal.characters-not-allowed-here.html"}]},"core-minus-invalid":{"patterns":[{"include":"#xml-processing"},{"include":"#comment"},{"include":"#doctype"},{"include":"#cdata"},{"include":"#tags-valid"},{"include":"#entities"}]},"doctype":{"begin":"<!(?=(?i:DOCTYPE\\\\s))","beginCaptures":{"0":{"name":"punctuation.definition.tag.begin.html"}},"end":">","endCaptures":{"0":{"name":"punctuation.definition.tag.end.html"}},"name":"meta.tag.metadata.doctype.html","patterns":[{"match":"\\\\G(?i:DOCTYPE)","name":"entity.name.tag.html"},{"begin":"\\"","end":"\\"","name":"string.quoted.double.html"},{"match":"[^>\\\\s]+","name":"entity.other.attribute-name.html"}]},"entities":{"patterns":[{"captures":{"1":{"name":"punctuation.definition.entity.html"},"912":{"name":"punctuation.definition.entity.html"}},"match":"(&)(?=[A-Za-z])((a(s(ymp(eq)?|cr|t)|n(d(slope|[dv]|and)?|g(s(t|ph)|zarr|e|le|rt(vb(d)?)?|msd(a([a-h]))?)?)|c(y|irc|d|ute|E)?|tilde|o(pf|gon)|uml|p(id|os|prox(eq)?|[Ee]|acir)?|elig|f(r)?|w((?:con|)int)|l(pha|e(ph|fsym))|acute|ring|grave|m(p|a(cr|lg))|breve)|A(s(sign|cr)|nd|MP|c(y|irc)|tilde|o(pf|gon)|uml|pplyFunction|fr|Elig|lpha|acute|ring|grave|macr|breve))|(B(scr|cy|opf|umpeq|e(cause|ta|rnoullis)|fr|a(ckslash|r(v|wed))|reve)|b(s(cr|im(e)?|ol(hsub|b)?|emi)|n(ot|e(quiv)?)|c(y|ong)|ig(s(tar|qcup)|c(irc|up|ap)|triangle(down|up)|o(times|dot|plus)|uplus|vee|wedge)|o(t(tom)?|pf|wtie|x(h([DUdu])?|times|H([DUdu])?|d([LRlr])|u([LRlr])|plus|D([LRlr])|v([HLRhlr])?|U([LRlr])|V([HLRhlr])?|minus|box))|Not|dquo|u(ll(et)?|mp(e(q)?|E)?)|prime|e(caus(e)?|t(h|ween|a)|psi|rnou|mptyv)|karow|fr|l(ock|k(1([24])|34)|a(nk|ck(square|triangle(down|left|right)?|lozenge)))|a(ck(sim(eq)?|cong|prime|epsilon)|r(vee|wed(ge)?))|r(eve|vbar)|brk(tbrk)?))|(c(s(cr|u(p(e)?|b(e)?))|h(cy|i|eck(mark)?)|ylcty|c(irc|ups(sm)?|edil|a(ps|ron))|tdot|ir(scir|c(eq|le(d(R|circ|S|dash|ast)|arrow(left|right)))?|e|fnint|E|mid)?|o(n(int|g(dot)?)|p(y(sr)?|f|rod)|lon(e(q)?)?|m(p(fn|le(xes|ment))?|ma(t)?))|dot|u(darr([lr])|p(s|c([au]p)|or|dot|brcap)?|e(sc|pr)|vee|wed|larr(p)?|r(vearrow(left|right)|ly(eq(succ|prec)|vee|wedge)|arr(m)?|ren))|e(nt(erdot)?|dil|mptyv)|fr|w((?:con|)int)|lubs(uit)?|a(cute|p(s|c([au]p)|dot|and|brcup)?|r(on|et))|r(oss|arr))|C(scr|hi|c(irc|onint|edil|aron)|ircle(Minus|Times|Dot|Plus)|Hcy|o(n(tourIntegral|int|gruent)|unterClockwiseContourIntegral|p(f|roduct)|lon(e)?)|dot|up(Cap)?|OPY|e(nterDot|dilla)|fr|lo(seCurly((?:Double|)Quote)|ckwiseContourIntegral)|a(yleys|cute|p(italDifferentialD)?)|ross))|(d(s(c([ry])|trok|ol)|har([lr])|c(y|aron)|t(dot|ri(f)?)|i(sin|e|v(ide(ontimes)?|onx)?|am(s|ond(suit)?)?|gamma)|Har|z(cy|igrarr)|o(t(square|plus|eq(dot)?|minus)?|ublebarwedge|pf|wn(harpoon(left|right)|downarrows|arrow)|llar)|d(otseq|a(rr|gger))?|u(har|arr)|jcy|e(lta|g|mptyv)|f(isht|r)|wangle|lc(orn|rop)|a(sh(v)?|leth|rr|gger)|r(c(orn|rop)|bkarow)|b(karow|lac)|Arr)|D(s(cr|trok)|c(y|aron)|Scy|i(fferentialD|a(critical(Grave|Tilde|Do(t|ubleAcute)|Acute)|mond))|o(t(Dot|Equal)?|uble(Right(Tee|Arrow)|ContourIntegral|Do(t|wnArrow)|Up((?:Down|)Arrow)|VerticalBar|L(ong(RightArrow|Left((?:Right|)Arrow))|eft(RightArrow|Tee|Arrow)))|pf|wn(Right(TeeVector|Vector(Bar)?)|Breve|Tee(Arrow)?|arrow|Left(RightVector|TeeVector|Vector(Bar)?)|Arrow(Bar|UpArrow)?))|Zcy|el(ta)?|D(otrahd)?|Jcy|fr|a(shv|rr|gger)))|(e(s(cr|im|dot)|n(sp|g)|c(y|ir(c)?|olon|aron)|t([ah])|o(pf|gon)|dot|u(ro|ml)|p(si(v|lon)?|lus|ar(sl)?)|e|D(D??ot)|q(s(im|lant(less|gtr))|c(irc|olon)|u(iv(DD)?|est|als)|vparsl)|f(Dot|r)|l(s(dot)?|inters|l)?|a(ster|cute)|r(Dot|arr)|g(s(dot)?|rave)?|x(cl|ist|p(onentiale|ectation))|m(sp(1([34]))?|pty(set|v)?|acr))|E(s(cr|im)|c(y|irc|aron)|ta|o(pf|gon)|NG|dot|uml|TH|psilon|qu(ilibrium|al(Tilde)?)|fr|lement|acute|grave|x(ists|ponentialE)|m(pty((?:|Very)SmallSquare)|acr)))|(f(scr|nof|cy|ilig|o(pf|r(k(v)?|all))|jlig|partint|emale|f(ilig|l(l??ig)|r)|l(tns|lig|at)|allingdotseq|r(own|a(sl|c(1([2-68])|78|2([35])|3([458])|45|5([68])))))|F(scr|cy|illed((?:|Very)SmallSquare)|o(uriertrf|pf|rAll)|fr))|(G(scr|c(y|irc|edil)|t|opf|dot|T|Jcy|fr|amma(d)?|reater(Greater|SlantEqual|Tilde|Equal(Less)?|FullEqual|Less)|g|breve)|g(s(cr|im([el])?)|n(sim|e(q(q)?)?|E|ap(prox)?)|c(y|irc)|t(c(c|ir)|dot|quest|lPar|r(sim|dot|eq(q?less)|less|a(pprox|rr)))?|imel|opf|dot|jcy|e(s(cc|dot(o(l)?)?|l(es)?)?|q(slant|q)?|l)?|v(nE|ertneqq)|fr|E(l)?|l([Eaj])?|a(cute|p|mma(d)?)|rave|g(g)?|breve))|(h(s(cr|trok|lash)|y(phen|bull)|circ|o(ok((?:lef|righ)tarrow)|pf|arr|rbar|mtht)|e(llip|arts(uit)?|rcon)|ks([ew]arow)|fr|a(irsp|lf|r(dcy|r(cir|w)?)|milt)|bar|Arr)|H(s(cr|trok)|circ|ilbertSpace|o(pf|rizontalLine)|ump(DownHump|Equal)|fr|a(cek|t)|ARDcy))|(i(s(cr|in(s(v)?|dot|[Ev])?)|n(care|t(cal|prod|e(rcal|gers)|larhk)?|odot|fin(tie)?)?|c(y|irc)?|t(ilde)?|i(nfin|i(i??nt)|ota)?|o(cy|ta|pf|gon)|u(kcy|ml)|jlig|prod|e(cy|xcl)|quest|f([fr])|acute|grave|m(of|ped|a(cr|th|g(part|e|line))))|I(scr|n(t(e(rsection|gral))?|visible(Comma|Times))|c(y|irc)|tilde|o(ta|pf|gon)|dot|u(kcy|ml)|Ocy|Jlig|fr|Ecy|acute|grave|m(plies|a(cr|ginaryI))?))|(j(s(cr|ercy)|c(y|irc)|opf|ukcy|fr|math)|J(s(cr|ercy)|c(y|irc)|opf|ukcy|fr))|(k(scr|hcy|c(y|edil)|opf|jcy|fr|appa(v)?|green)|K(scr|c(y|edil)|Hcy|opf|Jcy|fr|appa))|(l(s(h|cr|trok|im([eg])?|q(uo(r)?|b)|aquo)|h(ar(d|u(l)?)|blk)|n(sim|e(q(q)?)?|E|ap(prox)?)|c(y|ub|e(d??il)|aron)|Barr|t(hree|c(c|ir)|imes|dot|quest|larr|r(i([ef])?|Par))?|Har|o(ng(left((?:|right)arrow)|rightarrow|mapsto)|times|z(enge|f)?|oparrow(left|right)|p(f|lus|ar)|w(ast|bar)|a(ng|rr)|brk)|d(sh|ca|quo(r)?|r((?:d|us)har))|ur((?:ds|u)har)|jcy|par(lt)?|e(s(s(sim|dot|eq(q?gtr)|approx|gtr)|cc|dot(o(r)?)?|g(es)?)?|q(slant|q)?|ft(harpoon(down|up)|threetimes|leftarrows|arrow(tail)?|right(squigarrow|harpoons|arrow(s)?))|g)?|v(nE|ertneqq)|f(isht|loor|r)|E(g)?|l(hard|corner|tri|arr)?|a(ng(d|le)?|cute|t(e(s)?|ail)?|p|emptyv|quo|rr(sim|hk|tl|pl|fs|lp|b(fs)?)?|gran|mbda)|r(har(d)?|corner|tri|arr|m)|g(E)?|m(idot|oust(ache)?)|b(arr|r(k(sl([du])|e)|ac([ek]))|brk)|A(tail|arr|rr))|L(s(h|cr|trok)|c(y|edil|aron)|t|o(ng(RightArrow|left((?:|right)arrow)|rightarrow|Left((?:Right|)Arrow))|pf|wer((?:Righ|Lef)tArrow))|T|e(ss(Greater|SlantEqual|Tilde|EqualGreater|FullEqual|Less)|ft(Right(Vector|Arrow)|Ceiling|T(ee(Vector|Arrow)?|riangle(Bar|Equal)?)|Do(ubleBracket|wn(TeeVector|Vector(Bar)?))|Up(TeeVector|DownVector|Vector(Bar)?)|Vector(Bar)?|arrow|rightarrow|Floor|A(ngleBracket|rrow(RightArrow|Bar)?)))|Jcy|fr|l(eftarrow)?|a(ng|cute|placetrf|rr|mbda)|midot))|(M(scr|cy|inusPlus|opf|u|e(diumSpace|llintrf)|fr|ap)|m(s(cr|tpos)|ho|nplus|c(y|omma)|i(nus(d(u)?|b)?|cro|d(cir|dot|ast)?)|o(dels|pf)|dash|u((?:lti|)map)?|p|easuredangle|DDot|fr|l(cp|dr)|a(cr|p(sto(down|up|left)?)?|l(t(ese)?|e)|rker)))|(n(s(hort(parallel|mid)|c(cue|[er])?|im(e(q)?)?|u(cc(eq)?|p(set(eq(q)?)?|[Ee])?|b(set(eq(q)?)?|[Ee])?)|par|qsu([bp]e)|mid)|Rightarrow|h(par|arr|Arr)|G(t(v)?|g)|c(y|ong(dot)?|up|edil|a(p|ron))|t(ilde|lg|riangle(left(eq)?|right(eq)?)|gl)|i(s(d)?|v)?|o(t(ni(v([abc]))?|in(dot|v([abc])|E)?)?|pf)|dash|u(m(sp|ero)?)?|jcy|p(olint|ar(sl|t|allel)?|r(cue|e(c(eq)?)?)?)|e(s(im|ear)|dot|quiv|ar(hk|r(ow)?)|xist(s)?|Arr)?|v(sim|infin|Harr|dash|Dash|l(t(rie)?|e|Arr)|ap|r(trie|Arr)|g([et]))|fr|w(near|ar(hk|r(ow)?)|Arr)|V([Dd]ash)|l(sim|t(ri(e)?)?|dr|e(s(s)?|q(slant|q)?|ft((?:|right)arrow))?|E|arr|Arr)|a(ng|cute|tur(al(s)?)?|p(id|os|prox|E)?|bla)|r(tri(e)?|ightarrow|arr([cw])?|Arr)|g(sim|t(r)?|e(s|q(slant|q)?)?|E)|mid|L(t(v)?|eft((?:|right)arrow)|l)|b(sp|ump(e)?))|N(scr|c(y|edil|aron)|tilde|o(nBreakingSpace|Break|t(R(ightTriangle(Bar|Equal)?|everseElement)|Greater(Greater|SlantEqual|Tilde|Equal|FullEqual|Less)?|S(u(cceeds(SlantEqual|Tilde|Equal)?|perset(Equal)?|bset(Equal)?)|quareSu(perset(Equal)?|bset(Equal)?))|Hump(DownHump|Equal)|Nested(GreaterGreater|LessLess)|C(ongruent|upCap)|Tilde(Tilde|Equal|FullEqual)?|DoubleVerticalBar|Precedes((?:Slant|)Equal)?|E(qual(Tilde)?|lement|xists)|VerticalBar|Le(ss(Greater|SlantEqual|Tilde|Equal|Less)?|ftTriangle(Bar|Equal)?))?|pf)|u|e(sted(GreaterGreater|LessLess)|wLine|gative(MediumSpace|Thi((?:n|ck)Space)|VeryThinSpace))|Jcy|fr|acute))|(o(s(cr|ol|lash)|h(m|bar)|c(y|ir(c)?)|ti(lde|mes(as)?)|S|int|opf|d(sold|iv|ot|ash|blac)|uml|p(erp|lus|ar)|elig|vbar|f(cir|r)|l(c(ir|ross)|t|ine|arr)|a(st|cute)|r(slope|igof|or|d(er(of)?|[fm])?|v|arr)?|g(t|on|rave)|m(i(nus|cron|d)|ega|acr))|O(s(cr|lash)|c(y|irc)|ti(lde|mes)|opf|dblac|uml|penCurly((?:Double|)Quote)|ver(B(ar|rac(e|ket))|Parenthesis)|fr|Elig|acute|r|grave|m(icron|ega|acr)))|(p(s(cr|i)|h(i(v)?|one|mmat)|cy|i(tchfork|v)?|o(intint|und|pf)|uncsp|er(cnt|tenk|iod|p|mil)|fr|l(us(sim|cir|two|d([ou])|e|acir|mn|b)?|an(ck(h)?|kv))|ar(s(im|l)|t|a(llel)?)?|r(sim|n(sim|E|ap)|cue|ime(s)?|o(d|p(to)?|f(surf|line|alar))|urel|e(c(sim|n(sim|eqq|approx)|curlyeq|eq|approx)?)?|E|ap)?|m)|P(s(cr|i)|hi|cy|i|o(incareplane|pf)|fr|lusMinus|artialD|r(ime|o(duct|portion(al)?)|ecedes(SlantEqual|Tilde|Equal)?)?))|(q(scr|int|opf|u(ot|est(eq)?|at(int|ernions))|prime|fr)|Q(scr|opf|UOT|fr))|(R(s(h|cr)|ho|c(y|edil|aron)|Barr|ight(Ceiling|T(ee(Vector|Arrow)?|riangle(Bar|Equal)?)|Do(ubleBracket|wn(TeeVector|Vector(Bar)?))|Up(TeeVector|DownVector|Vector(Bar)?)|Vector(Bar)?|arrow|Floor|A(ngleBracket|rrow(Bar|LeftArrow)?))|o(undImplies|pf)|uleDelayed|e(verse(UpEquilibrium|E(quilibrium|lement)))?|fr|EG|a(ng|cute|rr(tl)?)|rightarrow)|r(s(h|cr|q(uo(r)?|b)|aquo)|h(o(v)?|ar(d|u(l)?))|nmid|c(y|ub|e(d??il)|aron)|Barr|t(hree|imes|ri([ef]|ltri)?)|i(singdotseq|ng|ght(squigarrow|harpoon(down|up)|threetimes|left(harpoons|arrows)|arrow(tail)?|rightarrows))|Har|o(times|p(f|lus|ar)|a(ng|rr)|brk)|d(sh|ca|quo(r)?|ldhar)|uluhar|p(polint|ar(gt)?)|e(ct|al(s|ine|part)?|g)|f(isht|loor|r)|l(har|arr|m)|a(ng([de]|le)?|c(ute|e)|t(io(nals)?|ail)|dic|emptyv|quo|rr(sim|hk|c|tl|pl|fs|w|lp|ap|b(fs)?)?)|rarr|x|moust(ache)?|b(arr|r(k(sl([du])|e)|ac([ek]))|brk)|A(tail|arr|rr)))|(s(s(cr|tarf|etmn|mile)|h(y|c(hcy|y)|ort(parallel|mid)|arp)|c(sim|y|n(sim|E|ap)|cue|irc|polint|e(dil)?|E|a(p|ron))?|t(ar(f)?|r(ns|aight(phi|epsilon)))|i(gma([fv])?|m(ne|dot|plus|e(q)?|l(E)?|rarr|g(E)?)?)|zlig|o(pf|ftcy|l(b(ar)?)?)|dot([be])?|u(ng|cc(sim|n(sim|eqq|approx)|curlyeq|eq|approx)?|p(s(im|u([bp])|et(neq(q)?|eq(q)?)?)|hs(ol|ub)|1|n([Ee])|2|d(sub|ot)|3|plus|e(dot)?|E|larr|mult)?|m|b(s(im|u([bp])|et(neq(q)?|eq(q)?)?)|n([Ee])|dot|plus|e(dot)?|E|rarr|mult)?)|pa(des(uit)?|r)|e(swar|ct|tm(n|inus)|ar(hk|r(ow)?)|xt|mi|Arr)|q(su(p(set(eq)?|e)?|b(set(eq)?|e)?)|c(up(s)?|ap(s)?)|u(f|ar([ef]))?)|fr(own)?|w(nwar|ar(hk|r(ow)?)|Arr)|larr|acute|rarr|m(t(e(s)?)?|i(d|le)|eparsl|a(shp|llsetminus))|bquo)|S(scr|hort((?:Right|Down|Up|Left)Arrow)|c(y|irc|edil|aron)?|tar|igma|H(cy|CHcy)|opf|u(c(hThat|ceeds(SlantEqual|Tilde|Equal)?)|p(set|erset(Equal)?)?|m|b(set(Equal)?)?)|OFTcy|q(uare(Su(perset(Equal)?|bset(Equal)?)|Intersection|Union)?|rt)|fr|acute|mallCircle))|(t(s(hcy|c([ry])|trok)|h(i(nsp|ck(sim|approx))|orn|e(ta(sym|v)?|re(4|fore))|k(sim|ap))|c(y|edil|aron)|i(nt|lde|mes(d|b(ar)?)?)|o(sa|p(cir|f(ork)?|bot)?|ea)|dot|prime|elrec|fr|w(ixt|ohead((?:lef|righ)tarrow))|a(u|rget)|r(i(sb|time|dot|plus|e|angle(down|q|left(eq)?|right(eq)?)?|minus)|pezium|ade)|brk)|T(s(cr|trok)|RADE|h(i((?:n|ck)Space)|e(ta|refore))|c(y|edil|aron)|S(H??cy)|ilde(Tilde|Equal|FullEqual)?|HORN|opf|fr|a([bu])|ripleDot))|(u(scr|h(ar([lr])|blk)|c(y|irc)|t(ilde|dot|ri(f)?)|Har|o(pf|gon)|d(har|arr|blac)|u(arr|ml)|p(si(h|lon)?|harpoon(left|right)|downarrow|uparrows|lus|arrow)|f(isht|r)|wangle|l(c(orn(er)?|rop)|tri)|a(cute|rr)|r(c(orn(er)?|rop)|tri|ing)|grave|m(l|acr)|br(cy|eve)|Arr)|U(scr|n(ion(Plus)?|der(B(ar|rac(e|ket))|Parenthesis))|c(y|irc)|tilde|o(pf|gon)|dblac|uml|p(si(lon)?|downarrow|Tee(Arrow)?|per((?:Righ|Lef)tArrow)|DownArrow|Equilibrium|arrow|Arrow(Bar|DownArrow)?)|fr|a(cute|rr(ocir)?)|ring|grave|macr|br(cy|eve)))|(v(s(cr|u(pn([Ee])|bn([Ee])))|nsu([bp])|cy|Bar(v)?|zigzag|opf|dash|prop|e(e(eq|bar)?|llip|r(t|bar))|Dash|fr|ltri|a(ngrt|r(s(igma|u(psetneq(q)?|bsetneq(q)?))|nothing|t(heta|riangle(left|right))|p(hi|i|ropto)|epsilon|kappa|r(ho)?))|rtri|Arr)|V(scr|cy|opf|dash(l)?|e(e|r(yThinSpace|t(ical(Bar|Separator|Tilde|Line))?|bar))|Dash|vdash|fr|bar))|(w(scr|circ|opf|p|e(ierp|d(ge(q)?|bar))|fr|r(eath)?)|W(scr|circ|opf|edge|fr))|(X(scr|i|opf|fr)|x(s(cr|qcup)|h([Aa]rr)|nis|c(irc|up|ap)|i|o(time|dot|p(f|lus))|dtri|u(tri|plus)|vee|fr|wedge|l([Aa]rr)|r([Aa]rr)|map))|(y(scr|c(y|irc)|icy|opf|u(cy|ml)|en|fr|ac(y|ute))|Y(scr|c(y|irc)|opf|uml|Icy|Ucy|fr|acute|Acy))|(z(scr|hcy|c(y|aron)|igrarr|opf|dot|e(ta|etrf)|fr|w(n?j)|acute)|Z(scr|c(y|aron)|Hcy|opf|dot|e(ta|roWidthSpace)|fr|acute)))(;)","name":"constant.character.entity.named.$2.html"},{"captures":{"1":{"name":"punctuation.definition.entity.html"},"3":{"name":"punctuation.definition.entity.html"}},"match":"(&)#[0-9]+(;)","name":"constant.character.entity.numeric.decimal.html"},{"captures":{"1":{"name":"punctuation.definition.entity.html"},"3":{"name":"punctuation.definition.entity.html"}},"match":"(&)#[Xx]\\\\h+(;)","name":"constant.character.entity.numeric.hexadecimal.html"},{"match":"&(?=[0-9A-Za-z]+;)","name":"invalid.illegal.ambiguous-ampersand.html"}]},"math":{"patterns":[{"begin":"(?i)(<)(math)(?=\\\\s|/?>)(?:(([^\\"'>]|\\"[^\\"]*\\"|'[^']*')*)(>))?","beginCaptures":{"0":{"name":"meta.tag.structure.$2.start.html"},"1":{"name":"punctuation.definition.tag.begin.html"},"2":{"name":"entity.name.tag.html"},"3":{"patterns":[{"include":"#attribute"}]},"5":{"name":"punctuation.definition.tag.end.html"}},"end":"(?i)(</)(\\\\2)\\\\s*(>)","endCaptures":{"0":{"name":"meta.tag.structure.$2.end.html"},"1":{"name":"punctuation.definition.tag.begin.html"},"2":{"name":"entity.name.tag.html"},"3":{"name":"punctuation.definition.tag.end.html"}},"name":"meta.element.structure.$2.html","patterns":[{"begin":"(?<!>)\\\\G","end":">","endCaptures":{"0":{"name":"punctuation.definition.tag.end.html"}},"name":"meta.tag.structure.start.html","patterns":[{"include":"#attribute"}]},{"include":"#tags"}]}],"repository":{"attribute":{"patterns":[{"begin":"(s(hift|ymmetric|cript(sizemultiplier|level|minsize)|t(ackalign|retchy)|ide|u([bp]scriptshift)|e(parator(s)?|lection)|rc)|h(eight|ref)|n(otation|umalign)|c(haralign|olumn(spa(n|cing)|width|lines|align)|lose|rossout)|i(n(dent(shift(first|last)?|target|align(first|last)?)|fixlinebreakstyle)|d)|o(pen|verflow)|d(i(splay(style)?|r)|e(nomalign|cimalpoint|pth))|position|e(dge|qual(columns|rows))|voffset|f(orm|ence|rame(spacing)?)|width|l(space|ine(thickness|leading|break(style|multchar)?)|o(ngdivstyle|cation)|ength|quote|argeop)|a(c(cent(under)?|tiontype)|l(t(text|img(-(height|valign|width))?)|ign(mentscope)?))|r(space|ow(spa(n|cing)|lines|align)|quote)|groupalign|x(link:href|mlns)|m(in(size|labelspacing)|ovablelimits|a(th(size|color|variant|background)|xsize))|bevelled)(?![-:\\\\w])","beginCaptures":{"0":{"name":"entity.other.attribute-name.html"}},"end":"(?=\\\\s*+[^=\\\\s])","name":"meta.attribute.$1.html","patterns":[{"include":"#attribute-interior"}]},{"begin":"([^\\\\x00- \\"'/<=>\\\\x7F-\\\\x{9F}∩╖É-∩╖»∩┐╛∩┐┐≡ƒ┐╛≡ƒ┐┐≡»┐╛≡»┐┐≡┐┐╛≡┐┐┐\\\\x{4FFFE}\\\\x{4FFFF}\\\\x{5FFFE}\\\\x{5FFFF}\\\\x{6FFFE}\\\\x{6FFFF}\\\\x{7FFFE}\\\\x{7FFFF}\\\\x{8FFFE}\\\\x{8FFFF}\\\\x{9FFFE}\\\\x{9FFFF}\\\\x{AFFFE}\\\\x{AFFFF}\\\\x{BFFFE}\\\\x{BFFFF}\\\\x{CFFFE}\\\\x{CFFFF}\\\\x{DFFFE}\\\\x{DFFFF}\\\\x{EFFFE}\\\\x{EFFFF}\\\\x{FFFFE}\\\\x{FFFFF}\\\\x{10FFFE}\\\\x{10FFFF}]+)","beginCaptures":{"0":{"name":"entity.other.attribute-name.html"}},"end":"(?=\\\\s*+[^=\\\\s])","name":"meta.attribute.unrecognized.$1.html","patterns":[{"include":"#attribute-interior"}]},{"match":"[^>\\\\s]+","name":"invalid.illegal.character-not-allowed-here.html"}]},"tags":{"patterns":[{"include":"#comment"},{"include":"#cdata"},{"captures":{"0":{"name":"meta.tag.structure.math.$2.void.html"},"1":{"name":"punctuation.definition.tag.begin.html"},"2":{"name":"entity.name.tag.html"},"3":{"patterns":[{"include":"#attribute"}]},"5":{"name":"punctuation.definition.tag.end.html"}},"match":"(?i)(<)(annotation|annotation-xml|semantics|menclose|merror|mfenced|mfrac|mpadded|mphantom|mroot|mrow|msqrt|mstyle|mmultiscripts|mover|mprescripts|msub|msubsup|msup|munder|munderover|none|mlabeledtr|mtable|mtd|mtr|mlongdiv|mscarries|mscarry|msgroup|msline|msrow|mstack|maction)(?=\\\\s|/?>)(([^\\"'>]|\\"[^\\"]*\\"|'[^']*')*)(/>)","name":"meta.element.structure.math.$2.html"},{"begin":"(?i)(<)(annotation|annotation-xml|semantics|menclose|merror|mfenced|mfrac|mpadded|mphantom|mroot|mrow|msqrt|mstyle|mmultiscripts|mover|mprescripts|msub|msubsup|msup|munder|munderover|none|mlabeledtr|mtable|mtd|mtr|mlongdiv|mscarries|mscarry|msgroup|msline|msrow|mstack|maction)(?=\\\\s|/?>)(?:(([^\\"'>]|\\"[^\\"]*\\"|'[^']*')*)(>))?","beginCaptures":{"0":{"name":"meta.tag.structure.math.$2.start.html"},"1":{"name":"punctuation.definition.tag.begin.html"},"2":{"name":"entity.name.tag.html"},"3":{"patterns":[{"include":"#attribute"}]},"5":{"name":"punctuation.definition.tag.end.html"}},"end":"(?i)(</)(\\\\2)\\\\s*(>)|(/>)|(?=</\\\\w+)","endCaptures":{"0":{"name":"meta.tag.structure.math.$2.end.html"},"1":{"name":"punctuation.definition.tag.begin.html"},"2":{"name":"entity.name.tag.html"},"3":{"name":"punctuation.definition.tag.end.html"},"4":{"name":"punctuation.definition.tag.end.html"}},"name":"meta.element.structure.math.$2.html","patterns":[{"begin":"(?<!>)\\\\G","end":"(?=/>)|>","endCaptures":{"0":{"name":"punctuation.definition.tag.end.html"}},"name":"meta.tag.structure.start.html","patterns":[{"include":"#attribute"}]},{"include":"#tags"}]},{"captures":{"0":{"name":"meta.tag.inline.math.$2.void.html"},"1":{"name":"punctuation.definition.tag.begin.html"},"2":{"name":"entity.name.tag.html"},"3":{"patterns":[{"include":"#attribute"}]},"5":{"name":"punctuation.definition.tag.end.html"}},"match":"(?i)(<)(m(?:[inos]|space|text|aligngroup|alignmark))(?=\\\\s|/?>)(([^\\"'>]|\\"[^\\"]*\\"|'[^']*')*)(/>)","name":"meta.element.inline.math.$2.html"},{"begin":"(?i)(<)(m(?:[inos]|space|text|aligngroup|alignmark))(?=\\\\s|/?>)(?:(([^\\"'>]|\\"[^\\"]*\\"|'[^']*')*)(>))?","beginCaptures":{"0":{"name":"meta.tag.inline.math.$2.start.html"},"1":{"name":"punctuation.definition.tag.begin.html"},"2":{"name":"entity.name.tag.html"},"3":{"patterns":[{"include":"#attribute"}]},"5":{"name":"punctuation.definition.tag.end.html"}},"end":"(?i)(</)(\\\\2)\\\\s*(>)|(/>)|(?=</\\\\w+)","endCaptures":{"0":{"name":"meta.tag.inline.math.$2.end.html"},"1":{"name":"punctuation.definition.tag.begin.html"},"2":{"name":"entity.name.tag.html"},"3":{"name":"punctuation.definition.tag.end.html"},"4":{"name":"punctuation.definition.tag.end.html"}},"name":"meta.element.inline.math.$2.html","patterns":[{"begin":"(?<!>)\\\\G","end":"(?=/>)|>","endCaptures":{"0":{"name":"punctuation.definition.tag.end.html"}},"name":"meta.tag.inline.start.html","patterns":[{"include":"#attribute"}]},{"include":"#tags"}]},{"captures":{"0":{"name":"meta.tag.object.math.$2.void.html"},"1":{"name":"punctuation.definition.tag.begin.html"},"2":{"name":"entity.name.tag.html"},"3":{"patterns":[{"include":"#attribute"}]},"5":{"name":"punctuation.definition.tag.end.html"}},"match":"(?i)(<)(mglyph)(?=\\\\s|/?>)(([^\\"'>]|\\"[^\\"]*\\"|'[^']*')*)(/>)","name":"meta.element.object.math.$2.html"},{"begin":"(?i)(<)(mglyph)(?=\\\\s|/?>)(?:(([^\\"'>]|\\"[^\\"]*\\"|'[^']*')*)(>))?","beginCaptures":{"0":{"name":"meta.tag.object.math.$2.start.html"},"1":{"name":"punctuation.definition.tag.begin.html"},"2":{"name":"entity.name.tag.html"},"3":{"patterns":[{"include":"#attribute"}]},"5":{"name":"punctuation.definition.tag.end.html"}},"end":"(?i)(</)(\\\\2)\\\\s*(>)|(/>)|(?=</\\\\w+)","endCaptures":{"0":{"name":"meta.tag.object.math.$2.end.html"},"1":{"name":"punctuation.definition.tag.begin.html"},"2":{"name":"entity.name.tag.html"},"3":{"name":"punctuation.definition.tag.end.html"},"4":{"name":"punctuation.definition.tag.end.html"}},"name":"meta.element.object.math.$2.html","patterns":[{"begin":"(?<!>)\\\\G","end":"(?=/>)|>","endCaptures":{"0":{"name":"punctuation.definition.tag.end.html"}},"name":"meta.tag.object.start.html","patterns":[{"include":"#attribute"}]},{"include":"#tags"}]},{"captures":{"0":{"name":"meta.tag.other.invalid.void.html"},"1":{"name":"punctuation.definition.tag.begin.html"},"2":{"name":"entity.name.tag.html"},"3":{"name":"invalid.illegal.unrecognized-tag.html"},"4":{"patterns":[{"include":"#attribute"}]},"6":{"name":"punctuation.definition.tag.end.html"}},"match":"(?i)(<)(([:\\\\w]+))(?=\\\\s|/?>)(([^\\"'>]|\\"[^\\"]*\\"|'[^']*')*)(/>)","name":"meta.element.other.invalid.html"},{"begin":"(?i)(<)((\\\\w[^>\\\\s]*))(?=\\\\s|/?>)(?:(([^\\"'>]|\\"[^\\"]*\\"|'[^']*')*)(>))?","beginCaptures":{"0":{"name":"meta.tag.other.invalid.start.html"},"1":{"name":"punctuation.definition.tag.begin.html"},"2":{"name":"entity.name.tag.html"},"3":{"name":"invalid.illegal.unrecognized-tag.html"},"4":{"patterns":[{"include":"#attribute"}]},"6":{"name":"punctuation.definition.tag.end.html"}},"end":"(?i)(</)((\\\\2))\\\\s*(>)|(/>)|(?=</\\\\w+)","endCaptures":{"0":{"name":"meta.tag.other.invalid.end.html"},"1":{"name":"punctuation.definition.tag.begin.html"},"2":{"name":"entity.name.tag.html"},"3":{"name":"invalid.illegal.unrecognized-tag.html"},"4":{"name":"punctuation.definition.tag.end.html"},"5":{"name":"punctuation.definition.tag.end.html"}},"name":"meta.element.other.invalid.html","patterns":[{"begin":"(?<!>)\\\\G","end":"(?=/>)|>","endCaptures":{"0":{"name":"punctuation.definition.tag.end.html"}},"name":"meta.tag.other.invalid.start.html","patterns":[{"include":"#attribute"}]},{"include":"#tags"}]},{"include":"#tags-invalid"}]}}},"svg":{"patterns":[{"begin":"(?i)(<)(svg)(?=\\\\s|/?>)(?:(([^\\"'>]|\\"[^\\"]*\\"|'[^']*')*)(>))?","beginCaptures":{"0":{"name":"meta.tag.structure.$2.start.html"},"1":{"name":"punctuation.definition.tag.begin.html"},"2":{"name":"entity.name.tag.html"},"3":{"patterns":[{"include":"#attribute"}]},"5":{"name":"punctuation.definition.tag.end.html"}},"end":"(?i)(</)(\\\\2)\\\\s*(>)","endCaptures":{"0":{"name":"meta.tag.structure.$2.end.html"},"1":{"name":"punctuation.definition.tag.begin.html"},"2":{"name":"entity.name.tag.html"},"3":{"name":"punctuation.definition.tag.end.html"}},"name":"meta.element.structure.$2.html","patterns":[{"begin":"(?<!>)\\\\G","end":">","endCaptures":{"0":{"name":"punctuation.definition.tag.end.html"}},"name":"meta.tag.structure.start.html","patterns":[{"include":"#attribute"}]},{"include":"#tags"}]}],"repository":{"attribute":{"patterns":[{"begin":"(s(hape-rendering|ystemLanguage|cale|t(yle|itchTiles|op-(color|opacity)|dDeviation|em([hv])|artOffset|r(i(ng|kethrough-(thickness|position))|oke(-(opacity|dash(offset|array)|width|line(cap|join)|miterlimit))?))|urfaceScale|p(e(cular(Constant|Exponent)|ed)|acing|readMethod)|eed|lope)|h(oriz-(origin-x|adv-x)|eight|anging|ref(lang)?)|y([12]|ChannelSelector)?|n(umOctaves|ame)|c(y|o(ntentS((?:cript|tyle)Type)|lor(-(interpolation(-filters)?|profile|rendering))?)|ursor|l(ip(-(path|rule)|PathUnits)?|ass)|a(p-height|lcMode)|x)|t(ype|o|ext(-(decoration|anchor|rendering)|Length)|a(rget([XY])?|b(index|leValues))|ransform)|i(n(tercept|2)?|d(eographic)?|mage-rendering)|z(oomAndPan)?|o(p(erator|acity)|ver(flow|line-(thickness|position))|ffset|r(i(ent(ation)?|gin)|der))|d(y|i(splay|visor|ffuseConstant|rection)|ominant-baseline|ur|e(scent|celerate)|x)?|u(1|n(i(code(-(range|bidi))?|ts-per-em)|derline-(thickness|position))|2)|p(ing|oint(s(At([XYZ]))?|er-events)|a(nose-1|t(h(Length)?|tern(ContentUnits|Transform|Units))|int-order)|r(imitiveUnits|eserveA(spectRatio|lpha)))|e(n(d|able-background)|dgeMode|levation|x(ternalResourcesRequired|ponent))|v(i(sibility|ew(Box|Target))|-(hanging|ideographic|alphabetic|mathematical)|e(ctor-effect|r(sion|t-(origin-([xy])|adv-y)))|alues)|k([123]|e(y(Splines|Times|Points)|rn(ing|el(Matrix|UnitLength)))|4)?|f(y|il(ter(Res|Units)?|l(-(opacity|rule))?)|o(nt-(s(t(yle|retch)|ize(-adjust)?)|variant|family|weight)|rmat)|lood-(color|opacity)|r(om)?|x)|w(idth(s)?|ord-spacing|riting-mode)|l(i(ghting-color|mitingConeAngle)|ocal|e(ngthAdjust|tter-spacing)|ang)|a(scent|cc(umulate|ent-height)|ttribute(Name|Type)|zimuth|dditive|utoReverse|l(ignment-baseline|phabetic|lowReorder)|rabic-form|mplitude)|r(y|otate|e(s(tart|ult)|ndering-intent|peat(Count|Dur)|quired(Extensions|Features)|f([XY]|errerPolicy)|l)|adius|x)?|g([12]|lyph(Ref|-(name|orientation-(horizontal|vertical)))|radient(Transform|Units))|x([12]|ChannelSelector|-height|link:(show|href|t(ype|itle)|a(ctuate|rcrole)|role)|ml:(space|lang|base))?|m(in|ode|e(thod|dia)|a(sk((?:Content|)Units)?|thematical|rker(Height|-(start|end|mid)|Units|Width)|x))|b(y|ias|egin|ase(Profile|line-shift|Frequency)|box))(?![-:\\\\w])","beginCaptures":{"0":{"name":"entity.other.attribute-name.html"}},"end":"(?=\\\\s*+[^=\\\\s])","name":"meta.attribute.$1.html","patterns":[{"include":"#attribute-interior"}]},{"begin":"([^\\\\x00- \\"'/<=>\\\\x7F-\\\\x{9F}∩╖É-∩╖»∩┐╛∩┐┐≡ƒ┐╛≡ƒ┐┐≡»┐╛≡»┐┐≡┐┐╛≡┐┐┐\\\\x{4FFFE}\\\\x{4FFFF}\\\\x{5FFFE}\\\\x{5FFFF}\\\\x{6FFFE}\\\\x{6FFFF}\\\\x{7FFFE}\\\\x{7FFFF}\\\\x{8FFFE}\\\\x{8FFFF}\\\\x{9FFFE}\\\\x{9FFFF}\\\\x{AFFFE}\\\\x{AFFFF}\\\\x{BFFFE}\\\\x{BFFFF}\\\\x{CFFFE}\\\\x{CFFFF}\\\\x{DFFFE}\\\\x{DFFFF}\\\\x{EFFFE}\\\\x{EFFFF}\\\\x{FFFFE}\\\\x{FFFFF}\\\\x{10FFFE}\\\\x{10FFFF}]+)","beginCaptures":{"0":{"name":"entity.other.attribute-name.html"}},"end":"(?=\\\\s*+[^=\\\\s])","name":"meta.attribute.unrecognized.$1.html","patterns":[{"include":"#attribute-interior"}]},{"match":"[^>\\\\s]+","name":"invalid.illegal.character-not-allowed-here.html"}]},"tags":{"patterns":[{"include":"#comment"},{"include":"#cdata"},{"captures":{"0":{"name":"meta.tag.metadata.svg.$2.void.html"},"1":{"name":"punctuation.definition.tag.begin.html"},"2":{"name":"entity.name.tag.html"},"3":{"patterns":[{"include":"#attribute"}]},"5":{"name":"punctuation.definition.tag.end.html"}},"match":"(?i)(<)(color-profile|desc|metadata|script|style|title)(?=\\\\s|/?>)(([^\\"'>]|\\"[^\\"]*\\"|'[^']*')*)(/>)","name":"meta.element.metadata.svg.$2.html"},{"begin":"(?i)(<)(color-profile|desc|metadata|script|style|title)(?=\\\\s|/?>)(?:(([^\\"'>]|\\"[^\\"]*\\"|'[^']*')*)(>))?","beginCaptures":{"0":{"name":"meta.tag.metadata.svg.$2.start.html"},"1":{"name":"punctuation.definition.tag.begin.html"},"2":{"name":"entity.name.tag.html"},"3":{"patterns":[{"include":"#attribute"}]},"5":{"name":"punctuation.definition.tag.end.html"}},"end":"(?i)(</)(\\\\2)\\\\s*(>)|(/>)|(?=</\\\\w+)","endCaptures":{"0":{"name":"meta.tag.metadata.svg.$2.end.html"},"1":{"name":"punctuation.definition.tag.begin.html"},"2":{"name":"entity.name.tag.html"},"3":{"name":"punctuation.definition.tag.end.html"},"4":{"name":"punctuation.definition.tag.end.html"}},"name":"meta.element.metadata.svg.$2.html","patterns":[{"begin":"(?<!>)\\\\G","end":"(?=/>)|>","endCaptures":{"0":{"name":"punctuation.definition.tag.end.html"}},"name":"meta.tag.metadata.start.html","patterns":[{"include":"#attribute"}]},{"include":"#tags"}]},{"captures":{"0":{"name":"meta.tag.structure.svg.$2.void.html"},"1":{"name":"punctuation.definition.tag.begin.html"},"2":{"name":"entity.name.tag.html"},"3":{"patterns":[{"include":"#attribute"}]},"5":{"name":"punctuation.definition.tag.end.html"}},"match":"(?i)(<)(animateMotion|clipPath|defs|feComponentTransfer|feDiffuseLighting|feMerge|feSpecularLighting|filter|g|hatch|linearGradient|marker|mask|mesh|meshgradient|meshpatch|meshrow|pattern|radialGradient|switch|text|textPath)(?=\\\\s|/?>)(([^\\"'>]|\\"[^\\"]*\\"|'[^']*')*)(/>)","name":"meta.element.structure.svg.$2.html"},{"begin":"(?i)(<)(animateMotion|clipPath|defs|feComponentTransfer|feDiffuseLighting|feMerge|feSpecularLighting|filter|g|hatch|linearGradient|marker|mask|mesh|meshgradient|meshpatch|meshrow|pattern|radialGradient|switch|text|textPath)(?=\\\\s|/?>)(?:(([^\\"'>]|\\"[^\\"]*\\"|'[^']*')*)(>))?","beginCaptures":{"0":{"name":"meta.tag.structure.svg.$2.start.html"},"1":{"name":"punctuation.definition.tag.begin.html"},"2":{"name":"entity.name.tag.html"},"3":{"patterns":[{"include":"#attribute"}]},"5":{"name":"punctuation.definition.tag.end.html"}},"end":"(?i)(</)(\\\\2)\\\\s*(>)|(/>)|(?=</\\\\w+)","endCaptures":{"0":{"name":"meta.tag.structure.svg.$2.end.html"},"1":{"name":"punctuation.definition.tag.begin.html"},"2":{"name":"entity.name.tag.html"},"3":{"name":"punctuation.definition.tag.end.html"},"4":{"name":"punctuation.definition.tag.end.html"}},"name":"meta.element.structure.svg.$2.html","patterns":[{"begin":"(?<!>)\\\\G","end":"(?=/>)|>","endCaptures":{"0":{"name":"punctuation.definition.tag.end.html"}},"name":"meta.tag.structure.start.html","patterns":[{"include":"#attribute"}]},{"include":"#tags"}]},{"captures":{"0":{"name":"meta.tag.inline.svg.$2.void.html"},"1":{"name":"punctuation.definition.tag.begin.html"},"2":{"name":"entity.name.tag.html"},"3":{"patterns":[{"include":"#attribute"}]},"5":{"name":"punctuation.definition.tag.end.html"}},"match":"(?i)(<)(a|animate|discard|feBlend|feColorMatrix|feComposite|feConvolveMatrix|feDisplacementMap|feDistantLight|feDropShadow|feFlood|feFuncA|feFuncB|feFuncG|feFuncR|feGaussianBlur|feMergeNode|feMorphology|feOffset|fePointLight|feSpotLight|feTile|feTurbulence|hatchPath|mpath|set|solidcolor|stop|tspan)(?=\\\\s|/?>)(([^\\"'>]|\\"[^\\"]*\\"|'[^']*')*)(/>)","name":"meta.element.inline.svg.$2.html"},{"begin":"(?i)(<)(a|animate|discard|feBlend|feColorMatrix|feComposite|feConvolveMatrix|feDisplacementMap|feDistantLight|feDropShadow|feFlood|feFuncA|feFuncB|feFuncG|feFuncR|feGaussianBlur|feMergeNode|feMorphology|feOffset|fePointLight|feSpotLight|feTile|feTurbulence|hatchPath|mpath|set|solidcolor|stop|tspan)(?=\\\\s|/?>)(?:(([^\\"'>]|\\"[^\\"]*\\"|'[^']*')*)(>))?","beginCaptures":{"0":{"name":"meta.tag.inline.svg.$2.start.html"},"1":{"name":"punctuation.definition.tag.begin.html"},"2":{"name":"entity.name.tag.html"},"3":{"patterns":[{"include":"#attribute"}]},"5":{"name":"punctuation.definition.tag.end.html"}},"end":"(?i)(</)(\\\\2)\\\\s*(>)|(/>)|(?=</\\\\w+)","endCaptures":{"0":{"name":"meta.tag.inline.svg.$2.end.html"},"1":{"name":"punctuation.definition.tag.begin.html"},"2":{"name":"entity.name.tag.html"},"3":{"name":"punctuation.definition.tag.end.html"},"4":{"name":"punctuation.definition.tag.end.html"}},"name":"meta.element.inline.svg.$2.html","patterns":[{"begin":"(?<!>)\\\\G","end":"(?=/>)|>","endCaptures":{"0":{"name":"punctuation.definition.tag.end.html"}},"name":"meta.tag.inline.start.html","patterns":[{"include":"#attribute"}]},{"include":"#tags"}]},{"captures":{"0":{"name":"meta.tag.object.svg.$2.void.html"},"1":{"name":"punctuation.definition.tag.begin.html"},"2":{"name":"entity.name.tag.html"},"3":{"patterns":[{"include":"#attribute"}]},"5":{"name":"punctuation.definition.tag.end.html"}},"match":"(?i)(<)(circle|ellipse|feImage|foreignObject|image|line|path|polygon|polyline|rect|symbol|use|view)(?=\\\\s|/?>)(([^\\"'>]|\\"[^\\"]*\\"|'[^']*')*)(/>)","name":"meta.element.object.svg.$2.html"},{"begin":"(?i)(<)(a|circle|ellipse|feImage|foreignObject|image|line|path|polygon|polyline|rect|symbol|use|view)(?=\\\\s|/?>)(?:(([^\\"'>]|\\"[^\\"]*\\"|'[^']*')*)(>))?","beginCaptures":{"0":{"name":"meta.tag.object.svg.$2.start.html"},"1":{"name":"punctuation.definition.tag.begin.html"},"2":{"name":"entity.name.tag.html"},"3":{"patterns":[{"include":"#attribute"}]},"5":{"name":"punctuation.definition.tag.end.html"}},"end":"(?i)(</)(\\\\2)\\\\s*(>)|(/>)|(?=</\\\\w+)","endCaptures":{"0":{"name":"meta.tag.object.svg.$2.end.html"},"1":{"name":"punctuation.definition.tag.begin.html"},"2":{"name":"entity.name.tag.html"},"3":{"name":"punctuation.definition.tag.end.html"},"4":{"name":"punctuation.definition.tag.end.html"}},"name":"meta.element.object.svg.$2.html","patterns":[{"begin":"(?<!>)\\\\G","end":"(?=/>)|>","endCaptures":{"0":{"name":"punctuation.definition.tag.end.html"}},"name":"meta.tag.object.start.html","patterns":[{"include":"#attribute"}]},{"include":"#tags"}]},{"captures":{"0":{"name":"meta.tag.other.svg.$2.void.html"},"1":{"name":"punctuation.definition.tag.begin.html"},"2":{"name":"entity.name.tag.html"},"3":{"name":"invalid.deprecated.html"},"4":{"patterns":[{"include":"#attribute"}]},"6":{"name":"punctuation.definition.tag.end.html"}},"match":"(?i)(<)((altGlyph|altGlyphDef|altGlyphItem|animateColor|animateTransform|cursor|font|font-face|font-face-format|font-face-name|font-face-src|font-face-uri|glyph|glyphRef|hkern|missing-glyph|tref|vkern))(?=\\\\s|/?>)(([^\\"'>]|\\"[^\\"]*\\"|'[^']*')*)(/>)","name":"meta.element.other.svg.$2.html"},{"begin":"(?i)(<)((altGlyph|altGlyphDef|altGlyphItem|animateColor|animateTransform|cursor|font|font-face|font-face-format|font-face-name|font-face-src|font-face-uri|glyph|glyphRef|hkern|missing-glyph|tref|vkern))(?=\\\\s|/?>)(?:(([^\\"'>]|\\"[^\\"]*\\"|'[^']*')*)(>))?","beginCaptures":{"0":{"name":"meta.tag.other.svg.$2.start.html"},"1":{"name":"punctuation.definition.tag.begin.html"},"2":{"name":"entity.name.tag.html"},"3":{"name":"invalid.deprecated.html"},"4":{"patterns":[{"include":"#attribute"}]},"6":{"name":"punctuation.definition.tag.end.html"}},"end":"(?i)(</)((\\\\2))\\\\s*(>)|(/>)|(?=</\\\\w+)","endCaptures":{"0":{"name":"meta.tag.other.svg.$2.end.html"},"1":{"name":"punctuation.definition.tag.begin.html"},"2":{"name":"entity.name.tag.html"},"3":{"name":"invalid.deprecated.html"},"4":{"name":"punctuation.definition.tag.end.html"},"5":{"name":"punctuation.definition.tag.end.html"}},"name":"meta.element.other.svg.$2.html","patterns":[{"begin":"(?<!>)\\\\G","end":"(?=/>)|>","endCaptures":{"0":{"name":"punctuation.definition.tag.end.html"}},"name":"meta.tag.other.start.html","patterns":[{"include":"#attribute"}]},{"include":"#tags"}]},{"captures":{"0":{"name":"meta.tag.other.invalid.void.html"},"1":{"name":"punctuation.definition.tag.begin.html"},"2":{"name":"entity.name.tag.html"},"3":{"name":"invalid.illegal.unrecognized-tag.html"},"4":{"patterns":[{"include":"#attribute"}]},"6":{"name":"punctuation.definition.tag.end.html"}},"match":"(?i)(<)(([:\\\\w]+))(?=\\\\s|/?>)(([^\\"'>]|\\"[^\\"]*\\"|'[^']*')*)(/>)","name":"meta.element.other.invalid.html"},{"begin":"(?i)(<)((\\\\w[^>\\\\s]*))(?=\\\\s|/?>)(?:(([^\\"'>]|\\"[^\\"]*\\"|'[^']*')*)(>))?","beginCaptures":{"0":{"name":"meta.tag.other.invalid.start.html"},"1":{"name":"punctuation.definition.tag.begin.html"},"2":{"name":"entity.name.tag.html"},"3":{"name":"invalid.illegal.unrecognized-tag.html"},"4":{"patterns":[{"include":"#attribute"}]},"6":{"name":"punctuation.definition.tag.end.html"}},"end":"(?i)(</)((\\\\2))\\\\s*(>)|(/>)|(?=</\\\\w+)","endCaptures":{"0":{"name":"meta.tag.other.invalid.end.html"},"1":{"name":"punctuation.definition.tag.begin.html"},"2":{"name":"entity.name.tag.html"},"3":{"name":"invalid.illegal.unrecognized-tag.html"},"4":{"name":"punctuation.definition.tag.end.html"},"5":{"name":"punctuation.definition.tag.end.html"}},"name":"meta.element.other.invalid.html","patterns":[{"begin":"(?<!>)\\\\G","end":"(?=/>)|>","endCaptures":{"0":{"name":"punctuation.definition.tag.end.html"}},"name":"meta.tag.other.invalid.start.html","patterns":[{"include":"#attribute"}]},{"include":"#tags"}]},{"include":"#tags-invalid"}]}}},"tags-invalid":{"patterns":[{"begin":"(</?)((\\\\w[^>\\\\s]*))(?<!/)","beginCaptures":{"1":{"name":"punctuation.definition.tag.begin.html"},"2":{"name":"entity.name.tag.html"},"3":{"name":"invalid.illegal.unrecognized-tag.html"}},"end":"((?: ?/)?>)","endCaptures":{"1":{"name":"punctuation.definition.tag.end.html"}},"name":"meta.tag.other.$2.html","patterns":[{"include":"#attribute"}]}]},"tags-valid":{"patterns":[{"begin":"(^[\\\\t ]+)?(?=<(?i:style)\\\\b(?!-))","beginCaptures":{"1":{"name":"punctuation.whitespace.embedded.leading.html"}},"end":"(?!\\\\G)([\\\\t ]*$\\\\n?)?","endCaptures":{"1":{"name":"punctuation.whitespace.embedded.trailing.html"}},"patterns":[{"begin":"(?i)(<)(style)(?=\\\\s|/?>)","beginCaptures":{"0":{"name":"meta.tag.metadata.style.start.html"},"1":{"name":"punctuation.definition.tag.begin.html"},"2":{"name":"entity.name.tag.html"}},"end":"(?i)((<)/)(style)\\\\s*(>)","endCaptures":{"0":{"name":"meta.tag.metadata.style.end.html"},"1":{"name":"punctuation.definition.tag.begin.html"},"2":{"name":"source.css-ignored-vscode"},"3":{"name":"entity.name.tag.html"},"4":{"name":"punctuation.definition.tag.end.html"}},"name":"meta.embedded.block.html","patterns":[{"begin":"\\\\G","captures":{"1":{"name":"punctuation.definition.tag.end.html"}},"end":"(>)","name":"meta.tag.metadata.style.start.html","patterns":[{"include":"#attribute"}]},{"begin":"(?!\\\\G)","end":"(?=</(?i:style))","name":"source.css","patterns":[{"include":"source.css"}]}]}]},{"begin":"(^[\\\\t ]+)?(?=<(?i:script)\\\\b(?!-))","beginCaptures":{"1":{"name":"punctuation.whitespace.embedded.leading.html"}},"end":"(?!\\\\G)([\\\\t ]*$\\\\n?)?","endCaptures":{"1":{"name":"punctuation.whitespace.embedded.trailing.html"}},"patterns":[{"begin":"(<)((?i:script))\\\\b","beginCaptures":{"0":{"name":"meta.tag.metadata.script.start.html"},"1":{"name":"punctuation.definition.tag.begin.html"},"2":{"name":"entity.name.tag.html"}},"end":"(/)((?i:script))(>)","endCaptures":{"0":{"name":"meta.tag.metadata.script.end.html"},"1":{"name":"punctuation.definition.tag.begin.html"},"2":{"name":"entity.name.tag.html"},"3":{"name":"punctuation.definition.tag.end.html"}},"name":"meta.embedded.block.html","patterns":[{"begin":"\\\\G","end":"(?=/)","patterns":[{"begin":"(>)","beginCaptures":{"0":{"name":"meta.tag.metadata.script.start.html"},"1":{"name":"punctuation.definition.tag.end.html"}},"end":"((<))(?=/(?i:script))","endCaptures":{"0":{"name":"meta.tag.metadata.script.end.html"},"1":{"name":"punctuation.definition.tag.begin.html"},"2":{"name":"source.js-ignored-vscode"}},"patterns":[{"begin":"\\\\G","end":"(?=</(?i:script))","name":"source.js","patterns":[{"begin":"(^[\\\\t ]+)?(?=//)","beginCaptures":{"1":{"name":"punctuation.whitespace.comment.leading.js"}},"end":"(?!\\\\G)","patterns":[{"begin":"//","beginCaptures":{"0":{"name":"punctuation.definition.comment.js"}},"end":"(?=<\/script)|\\\\n","name":"comment.line.double-slash.js"}]},{"begin":"/\\\\*","captures":{"0":{"name":"punctuation.definition.comment.js"}},"end":"\\\\*/|(?=<\/script)","name":"comment.block.js"},{"include":"source.js"}]}]},{"begin":"\\\\G","end":"(?i:(?=>|type(?=[=\\\\s])(?!\\\\s*=\\\\s*(''|\\"\\"|([\\"']?)(text/(javascript(1\\\\.[0-5])?|x-javascript|jscript|livescript|(x-)?ecmascript|babel)|application/((?:(x-)?jav|(x-)?ecm)ascript)|module)[\\"'>\\\\s]))))","name":"meta.tag.metadata.script.start.html","patterns":[{"include":"#attribute"}]},{"begin":"(?i:(?=type\\\\s*=\\\\s*([\\"']?)text/(x-handlebars|(x-(handlebars-)?|ng-)?template|html)[\\"'>\\\\s]))","end":"((<))(?=/(?i:script))","endCaptures":{"0":{"name":"meta.tag.metadata.script.end.html"},"1":{"name":"punctuation.definition.tag.begin.html"},"2":{"name":"text.html.basic"}},"patterns":[{"begin":"\\\\G","end":"(>)","endCaptures":{"1":{"name":"punctuation.definition.tag.end.html"}},"name":"meta.tag.metadata.script.start.html","patterns":[{"include":"#attribute"}]},{"begin":"(?!\\\\G)","end":"(?=</(?i:script))","name":"text.html.basic","patterns":[{"include":"text.html.basic"}]}]},{"begin":"(?=(?i:type))","end":"(<)(?=/(?i:script))","endCaptures":{"0":{"name":"meta.tag.metadata.script.end.html"},"1":{"name":"punctuation.definition.tag.begin.html"}},"patterns":[{"begin":"\\\\G","end":"(>)","endCaptures":{"1":{"name":"punctuation.definition.tag.end.html"}},"name":"meta.tag.metadata.script.start.html","patterns":[{"include":"#attribute"}]},{"begin":"(?!\\\\G)","end":"(?=</(?i:script))","name":"source.unknown"}]}]}]}]},{"begin":"(?i)(<)(base|link|meta)(?=\\\\s|/?>)","beginCaptures":{"1":{"name":"punctuation.definition.tag.begin.html"},"2":{"name":"entity.name.tag.html"}},"end":"/?>","endCaptures":{"0":{"name":"punctuation.definition.tag.end.html"}},"name":"meta.tag.metadata.$2.void.html","patterns":[{"include":"#attribute"}]},{"begin":"(?i)(<)(noscript|title)(?=\\\\s|/?>)","beginCaptures":{"1":{"name":"punctuation.definition.tag.begin.html"},"2":{"name":"entity.name.tag.html"}},"end":">","endCaptures":{"0":{"name":"punctuation.definition.tag.end.html"}},"name":"meta.tag.metadata.$2.start.html","patterns":[{"include":"#attribute"}]},{"begin":"(?i)(</)(noscript|title)(?=\\\\s|/?>)","beginCaptures":{"1":{"name":"punctuation.definition.tag.begin.html"},"2":{"name":"entity.name.tag.html"}},"end":">","endCaptures":{"0":{"name":"punctuation.definition.tag.end.html"}},"name":"meta.tag.metadata.$2.end.html","patterns":[{"include":"#attribute"}]},{"begin":"(?i)(<)(col|hr|input)(?=\\\\s|/?>)","beginCaptures":{"1":{"name":"punctuation.definition.tag.begin.html"},"2":{"name":"entity.name.tag.html"}},"end":"/?>","endCaptures":{"0":{"name":"punctuation.definition.tag.end.html"}},"name":"meta.tag.structure.$2.void.html","patterns":[{"include":"#attribute"}]},{"begin":"(?i)(<)(address|article|aside|blockquote|body|button|caption|colgroup|datalist|dd|details|dialog|div|dl|dt|fieldset|figcaption|figure|footer|form|head|header|hgroup|html|h[1-6]|label|legend|li|main|map|menu|meter|nav|ol|optgroup|option|output|p|pre|progress|section|select|slot|summary|table|tbody|td|template|textarea|tfoot|th|thead|tr|ul)(?=\\\\s|/?>)","beginCaptures":{"1":{"name":"punctuation.definition.tag.begin.html"},"2":{"name":"entity.name.tag.html"}},"end":">","endCaptures":{"0":{"name":"punctuation.definition.tag.end.html"}},"name":"meta.tag.structure.$2.start.html","patterns":[{"include":"#attribute"}]},{"begin":"(?i)(</)(address|article|aside|blockquote|body|button|caption|colgroup|datalist|dd|details|dialog|div|dl|dt|fieldset|figcaption|figure|footer|form|head|header|hgroup|html|h[1-6]|label|legend|li|main|map|menu|meter|nav|ol|optgroup|option|output|p|pre|progress|section|select|slot|summary|table|tbody|td|template|textarea|tfoot|th|thead|tr|ul)(?=\\\\s|/?>)","beginCaptures":{"1":{"name":"punctuation.definition.tag.begin.html"},"2":{"name":"entity.name.tag.html"}},"end":">","endCaptures":{"0":{"name":"punctuation.definition.tag.end.html"}},"name":"meta.tag.structure.$2.end.html","patterns":[{"include":"#attribute"}]},{"begin":"(?i)(<)(area|br|wbr)(?=\\\\s|/?>)","beginCaptures":{"1":{"name":"punctuation.definition.tag.begin.html"},"2":{"name":"entity.name.tag.html"}},"end":"/?>","endCaptures":{"0":{"name":"punctuation.definition.tag.end.html"}},"name":"meta.tag.inline.$2.void.html","patterns":[{"include":"#attribute"}]},{"begin":"(?i)(<)(a|abbr|b|bdi|bdo|cite|code|data|del|dfn|em|i|ins|kbd|mark|q|rp|rt|ruby|s|samp|small|span|strong|sub|sup|time|u|var)(?=\\\\s|/?>)","beginCaptures":{"1":{"name":"punctuation.definition.tag.begin.html"},"2":{"name":"entity.name.tag.html"}},"end":">","endCaptures":{"0":{"name":"punctuation.definition.tag.end.html"}},"name":"meta.tag.inline.$2.start.html","patterns":[{"include":"#attribute"}]},{"begin":"(?i)(</)(a|abbr|b|bdi|bdo|cite|code|data|del|dfn|em|i|ins|kbd|mark|q|rp|rt|ruby|s|samp|small|span|strong|sub|sup|time|u|var)(?=\\\\s|/?>)","beginCaptures":{"1":{"name":"punctuation.definition.tag.begin.html"},"2":{"name":"entity.name.tag.html"}},"end":">","endCaptures":{"0":{"name":"punctuation.definition.tag.end.html"}},"name":"meta.tag.inline.$2.end.html","patterns":[{"include":"#attribute"}]},{"begin":"(?i)(<)(embed|img|param|source|track)(?=\\\\s|/?>)","beginCaptures":{"1":{"name":"punctuation.definition.tag.begin.html"},"2":{"name":"entity.name.tag.html"}},"end":"/?>","endCaptures":{"0":{"name":"punctuation.definition.tag.end.html"}},"name":"meta.tag.object.$2.void.html","patterns":[{"include":"#attribute"}]},{"begin":"(?i)(<)(audio|canvas|iframe|object|picture|video)(?=\\\\s|/?>)","beginCaptures":{"1":{"name":"punctuation.definition.tag.begin.html"},"2":{"name":"entity.name.tag.html"}},"end":">","endCaptures":{"0":{"name":"punctuation.definition.tag.end.html"}},"name":"meta.tag.object.$2.start.html","patterns":[{"include":"#attribute"}]},{"begin":"(?i)(</)(audio|canvas|iframe|object|picture|video)(?=\\\\s|/?>)","beginCaptures":{"1":{"name":"punctuation.definition.tag.begin.html"},"2":{"name":"entity.name.tag.html"}},"end":">","endCaptures":{"0":{"name":"punctuation.definition.tag.end.html"}},"name":"meta.tag.object.$2.end.html","patterns":[{"include":"#attribute"}]},{"begin":"(?i)(<)((basefont|isindex))(?=\\\\s|/?>)","beginCaptures":{"1":{"name":"punctuation.definition.tag.begin.html"},"2":{"name":"entity.name.tag.html"},"3":{"name":"invalid.deprecated.html"}},"end":"/?>","endCaptures":{"0":{"name":"punctuation.definition.tag.end.html"}},"name":"meta.tag.metadata.$2.void.html","patterns":[{"include":"#attribute"}]},{"begin":"(?i)(<)((center|frameset|noembed|noframes))(?=\\\\s|/?>)","beginCaptures":{"1":{"name":"punctuation.definition.tag.begin.html"},"2":{"name":"entity.name.tag.html"},"3":{"name":"invalid.deprecated.html"}},"end":">","endCaptures":{"0":{"name":"punctuation.definition.tag.end.html"}},"name":"meta.tag.structure.$2.start.html","patterns":[{"include":"#attribute"}]},{"begin":"(?i)(</)((center|frameset|noembed|noframes))(?=\\\\s|/?>)","beginCaptures":{"1":{"name":"punctuation.definition.tag.begin.html"},"2":{"name":"entity.name.tag.html"},"3":{"name":"invalid.deprecated.html"}},"end":">","endCaptures":{"0":{"name":"punctuation.definition.tag.end.html"}},"name":"meta.tag.structure.$2.end.html","patterns":[{"include":"#attribute"}]},{"begin":"(?i)(<)((acronym|big|blink|font|strike|tt|xmp))(?=\\\\s|/?>)","beginCaptures":{"1":{"name":"punctuation.definition.tag.begin.html"},"2":{"name":"entity.name.tag.html"},"3":{"name":"invalid.deprecated.html"}},"end":">","endCaptures":{"0":{"name":"punctuation.definition.tag.end.html"}},"name":"meta.tag.inline.$2.start.html","patterns":[{"include":"#attribute"}]},{"begin":"(?i)(</)((acronym|big|blink|font|strike|tt|xmp))(?=\\\\s|/?>)","beginCaptures":{"1":{"name":"punctuation.definition.tag.begin.html"},"2":{"name":"entity.name.tag.html"},"3":{"name":"invalid.deprecated.html"}},"end":">","endCaptures":{"0":{"name":"punctuation.definition.tag.end.html"}},"name":"meta.tag.inline.$2.end.html","patterns":[{"include":"#attribute"}]},{"begin":"(?i)(<)((frame))(?=\\\\s|/?>)","beginCaptures":{"1":{"name":"punctuation.definition.tag.begin.html"},"2":{"name":"entity.name.tag.html"},"3":{"name":"invalid.deprecated.html"}},"end":"/?>","endCaptures":{"0":{"name":"punctuation.definition.tag.end.html"}},"name":"meta.tag.object.$2.void.html","patterns":[{"include":"#attribute"}]},{"begin":"(?i)(<)((applet))(?=\\\\s|/?>)","beginCaptures":{"1":{"name":"punctuation.definition.tag.begin.html"},"2":{"name":"entity.name.tag.html"},"3":{"name":"invalid.deprecated.html"}},"end":">","endCaptures":{"0":{"name":"punctuation.definition.tag.end.html"}},"name":"meta.tag.object.$2.start.html","patterns":[{"include":"#attribute"}]},{"begin":"(?i)(</)((applet))(?=\\\\s|/?>)","beginCaptures":{"1":{"name":"punctuation.definition.tag.begin.html"},"2":{"name":"entity.name.tag.html"},"3":{"name":"invalid.deprecated.html"}},"end":">","endCaptures":{"0":{"name":"punctuation.definition.tag.end.html"}},"name":"meta.tag.object.$2.end.html","patterns":[{"include":"#attribute"}]},{"begin":"(?i)(<)((dir|keygen|listing|menuitem|plaintext|spacer))(?=\\\\s|/?>)","beginCaptures":{"1":{"name":"punctuation.definition.tag.begin.html"},"2":{"name":"entity.name.tag.html"},"3":{"name":"invalid.illegal.no-longer-supported.html"}},"end":">","endCaptures":{"0":{"name":"punctuation.definition.tag.end.html"}},"name":"meta.tag.other.$2.start.html","patterns":[{"include":"#attribute"}]},{"begin":"(?i)(</)((dir|keygen|listing|menuitem|plaintext|spacer))(?=\\\\s|/?>)","beginCaptures":{"1":{"name":"punctuation.definition.tag.begin.html"},"2":{"name":"entity.name.tag.html"},"3":{"name":"invalid.illegal.no-longer-supported.html"}},"end":">","endCaptures":{"0":{"name":"punctuation.definition.tag.end.html"}},"name":"meta.tag.other.$2.end.html","patterns":[{"include":"#attribute"}]},{"include":"#math"},{"include":"#svg"},{"begin":"(<)([A-Za-z][.0-9A-Z_a-z┬╖├Ç-├û├ÿ-├╢├╕-═╜═┐-ß┐┐ΓÇîΓÇìΓÇ┐ΓüÇΓü░-ΓåÅΓ░Ç-Γ┐»πÇü-φƒ┐∩ñÇ-∩╖Å∩╖░-∩┐╜≡ÉÇÇ-\\\\x{EFFFF}]*-[-.0-9A-Z_a-z┬╖├Ç-├û├ÿ-├╢├╕-═╜═┐-ß┐┐ΓÇîΓÇìΓÇ┐ΓüÇΓü░-ΓåÅΓ░Ç-Γ┐»πÇü-φƒ┐∩ñÇ-∩╖Å∩╖░-∩┐╜≡ÉÇÇ-\\\\x{EFFFF}]*)(?=\\\\s|/?>)","beginCaptures":{"1":{"name":"punctuation.definition.tag.begin.html"},"2":{"name":"entity.name.tag.html"}},"end":"/?>","endCaptures":{"0":{"name":"punctuation.definition.tag.end.html"}},"name":"meta.tag.custom.start.html","patterns":[{"include":"#attribute"}]},{"begin":"(</)([A-Za-z][.0-9A-Z_a-z┬╖├Ç-├û├ÿ-├╢├╕-═╜═┐-ß┐┐ΓÇîΓÇìΓÇ┐ΓüÇΓü░-ΓåÅΓ░Ç-Γ┐»πÇü-φƒ┐∩ñÇ-∩╖Å∩╖░-∩┐╜≡ÉÇÇ-\\\\x{EFFFF}]*-[-.0-9A-Z_a-z┬╖├Ç-├û├ÿ-├╢├╕-═╜═┐-ß┐┐ΓÇîΓÇìΓÇ┐ΓüÇΓü░-ΓåÅΓ░Ç-Γ┐»πÇü-φƒ┐∩ñÇ-∩╖Å∩╖░-∩┐╜≡ÉÇÇ-\\\\x{EFFFF}]*)(?=\\\\s|/?>)","beginCaptures":{"1":{"name":"punctuation.definition.tag.begin.html"},"2":{"name":"entity.name.tag.html"}},"end":">","endCaptures":{"0":{"name":"punctuation.definition.tag.end.html"}},"name":"meta.tag.custom.end.html","patterns":[{"include":"#attribute"}]}]},"xml-processing":{"begin":"(<\\\\?)(xml)","captures":{"1":{"name":"punctuation.definition.tag.html"},"2":{"name":"entity.name.tag.html"}},"end":"(\\\\?>)","name":"meta.tag.metadata.processing.xml.html","patterns":[{"include":"#attribute"}]}},"scopeName":"text.html.basic","embeddedLangs":["javascript","css"]}`)),u_=[...Dl,...Ml,l_],p_=Object.freeze(JSON.parse(`{"displayName":"Java","name":"java","patterns":[{"begin":"\\\\b(package)\\\\b\\\\s*","beginCaptures":{"1":{"name":"keyword.other.package.java"}},"contentName":"storage.modifier.package.java","end":"\\\\s*(;)","endCaptures":{"1":{"name":"punctuation.terminator.java"}},"name":"meta.package.java","patterns":[{"include":"#comments"},{"match":"(?<=\\\\.)\\\\s*\\\\.|\\\\.(?=\\\\s*;)","name":"invalid.illegal.character_not_allowed_here.java"},{"match":"(?<!_)_(?=\\\\s*([.;]))|\\\\b\\\\d+|-+","name":"invalid.illegal.character_not_allowed_here.java"},{"match":"[A-Z]+","name":"invalid.deprecated.package_name_not_lowercase.java"},{"match":"\\\\b(?<!\\\\$)(abstract|assert|boolean|break|byte|case|catch|char|class|const|continue|default|do|double|else|enum|extends|final|finally|float|for|goto|if|implements|import|instanceof|int|interface|long|native|new|non-sealed|package|permits|private|protected|public|return|sealed|short|static|strictfp|super|switch|syncronized|this|throws??|transient|try|void|volatile|while|yield|true|false|null)\\\\b","name":"invalid.illegal.character_not_allowed_here.java"},{"match":"\\\\.","name":"punctuation.separator.java"}]},{"begin":"\\\\b(import)\\\\b\\\\s*\\\\b(static)?\\\\b\\\\s","beginCaptures":{"1":{"name":"keyword.other.import.java"},"2":{"name":"storage.modifier.java"}},"contentName":"storage.modifier.import.java","end":"\\\\s*(;)","endCaptures":{"1":{"name":"punctuation.terminator.java"}},"name":"meta.import.java","patterns":[{"include":"#comments"},{"match":"(?<=\\\\.)\\\\s*\\\\.|\\\\.(?=\\\\s*;)","name":"invalid.illegal.character_not_allowed_here.java"},{"match":"(?<!\\\\.)\\\\s*\\\\*","name":"invalid.illegal.character_not_allowed_here.java"},{"match":"(?<!_)_(?=\\\\s*([.;]))|\\\\b\\\\d+|-+","name":"invalid.illegal.character_not_allowed_here.java"},{"match":"\\\\b(?<!\\\\$)(abstract|assert|boolean|break|byte|case|catch|char|class|const|continue|default|do|double|else|enum|extends|final|finally|float|for|goto|if|implements|import|instanceof|int|interface|long|native|new|non-sealed|package|permits|private|protected|public|return|sealed|short|static|strictfp|super|switch|syncronized|this|throws??|transient|try|void|volatile|while|yield|true|false|null)\\\\b","name":"invalid.illegal.character_not_allowed_here.java"},{"match":"\\\\.","name":"punctuation.separator.java"},{"match":"\\\\*","name":"variable.language.wildcard.java"}]},{"include":"#comments-javadoc"},{"include":"#code"},{"include":"#module"}],"repository":{"all-types":{"patterns":[{"include":"#primitive-arrays"},{"include":"#primitive-types"},{"include":"#object-types"}]},"annotations":{"patterns":[{"begin":"((@)\\\\s*([^(\\\\s]+))(\\\\()","beginCaptures":{"2":{"name":"punctuation.definition.annotation.java"},"3":{"name":"storage.type.annotation.java"},"4":{"name":"punctuation.definition.annotation-arguments.begin.bracket.round.java"}},"end":"\\\\)","endCaptures":{"0":{"name":"punctuation.definition.annotation-arguments.end.bracket.round.java"}},"name":"meta.declaration.annotation.java","patterns":[{"captures":{"1":{"name":"constant.other.key.java"},"2":{"name":"keyword.operator.assignment.java"}},"match":"(\\\\w*)\\\\s*(=)"},{"include":"#code"}]},{"captures":{"1":{"name":"punctuation.definition.annotation.java"},"2":{"name":"storage.modifier.java"},"3":{"name":"storage.type.annotation.java"},"5":{"name":"punctuation.definition.annotation.java"},"6":{"name":"storage.type.annotation.java"}},"match":"(@)(interface)\\\\s+(\\\\w*)|((@)\\\\s*(\\\\w+))","name":"meta.declaration.annotation.java"}]},"anonymous-block-and-instance-initializer":{"begin":"\\\\{","beginCaptures":{"0":{"name":"punctuation.section.block.begin.bracket.curly.java"}},"end":"}","endCaptures":{"0":{"name":"punctuation.section.block.end.bracket.curly.java"}},"patterns":[{"include":"#code"}]},"anonymous-classes-and-new":{"begin":"\\\\bnew\\\\b","beginCaptures":{"0":{"name":"keyword.control.new.java"}},"end":"(?=[])-.:;?}]|/(?![*/])|[!%\\\\&=^|])","patterns":[{"include":"#comments"},{"include":"#function-call"},{"include":"#all-types"},{"begin":"(?<=\\\\))","end":"(?=[])-.:;?}]|/(?![*/])|[!%\\\\&=^|])","patterns":[{"include":"#comments"},{"begin":"\\\\{","beginCaptures":{"0":{"name":"punctuation.section.inner-class.begin.bracket.curly.java"}},"end":"}","endCaptures":{"0":{"name":"punctuation.section.inner-class.end.bracket.curly.java"}},"name":"meta.inner-class.java","patterns":[{"include":"#class-body"}]}]},{"begin":"(?<=])","end":"(?=[])-.:;?}]|/(?![*/])|[!%\\\\&=^|])","patterns":[{"include":"#comments"},{"begin":"\\\\{","beginCaptures":{"0":{"name":"punctuation.section.array-initializer.begin.bracket.curly.java"}},"end":"}","endCaptures":{"0":{"name":"punctuation.section.array-initializer.end.bracket.curly.java"}},"name":"meta.array-initializer.java","patterns":[{"include":"#code"}]}]},{"include":"#parens"}]},"assertions":{"patterns":[{"begin":"\\\\b(assert)\\\\s","beginCaptures":{"1":{"name":"keyword.control.assert.java"}},"end":"$","name":"meta.declaration.assertion.java","patterns":[{"match":":","name":"keyword.operator.assert.expression-separator.java"},{"include":"#code"}]}]},"class":{"begin":"(?=\\\\w?[-\\\\w\\\\s]*\\\\b(?:class|(?<!@)interface|enum)\\\\s+[$\\\\w]+)","end":"}","endCaptures":{"0":{"name":"punctuation.section.class.end.bracket.curly.java"}},"name":"meta.class.java","patterns":[{"include":"#storage-modifiers"},{"include":"#generics"},{"include":"#comments"},{"captures":{"1":{"name":"storage.modifier.java"},"2":{"name":"entity.name.type.class.java"}},"match":"(class|(?<!@)interface|enum)\\\\s+([$\\\\w]+)","name":"meta.class.identifier.java"},{"begin":"extends","beginCaptures":{"0":{"name":"storage.modifier.extends.java"}},"end":"(?=\\\\{|implements|permits)","name":"meta.definition.class.inherited.classes.java","patterns":[{"include":"#object-types-inherited"},{"include":"#comments"}]},{"begin":"(implements)\\\\s","beginCaptures":{"1":{"name":"storage.modifier.implements.java"}},"end":"(?=\\\\s*extends|permits|\\\\{)","name":"meta.definition.class.implemented.interfaces.java","patterns":[{"include":"#object-types-inherited"},{"include":"#comments"}]},{"begin":"(permits)\\\\s","beginCaptures":{"1":{"name":"storage.modifier.permits.java"}},"end":"(?=\\\\s*extends|implements|\\\\{)","name":"meta.definition.class.permits.classes.java","patterns":[{"include":"#object-types-inherited"},{"include":"#comments"}]},{"begin":"\\\\{","beginCaptures":{"0":{"name":"punctuation.section.class.begin.bracket.curly.java"}},"contentName":"meta.class.body.java","end":"(?=})","patterns":[{"include":"#class-body"}]}]},"class-body":{"patterns":[{"include":"#comments-javadoc"},{"include":"#comments"},{"include":"#enums"},{"include":"#class"},{"include":"#generics"},{"include":"#static-initializer"},{"include":"#class-fields-and-methods"},{"include":"#annotations"},{"include":"#storage-modifiers"},{"include":"#member-variables"},{"include":"#code"}]},"class-fields-and-methods":{"patterns":[{"begin":"(?==)","end":"(?=;)","patterns":[{"include":"#code"}]},{"include":"#methods"}]},"code":{"patterns":[{"include":"#annotations"},{"include":"#comments"},{"include":"#enums"},{"include":"#class"},{"include":"#record"},{"include":"#anonymous-block-and-instance-initializer"},{"include":"#try-catch-finally"},{"include":"#assertions"},{"include":"#parens"},{"include":"#constants-and-special-vars"},{"include":"#numbers"},{"include":"#anonymous-classes-and-new"},{"include":"#lambda-expression"},{"include":"#keywords"},{"include":"#storage-modifiers"},{"include":"#method-call"},{"include":"#function-call"},{"include":"#variables"},{"include":"#variables-local"},{"include":"#objects"},{"include":"#properties"},{"include":"#strings"},{"include":"#all-types"},{"match":",","name":"punctuation.separator.delimiter.java"},{"match":"\\\\.","name":"punctuation.separator.period.java"},{"match":";","name":"punctuation.terminator.java"}]},"comments":{"patterns":[{"captures":{"0":{"name":"punctuation.definition.comment.java"}},"match":"/\\\\*\\\\*/","name":"comment.block.empty.java"},{"include":"#comments-inline"}]},"comments-inline":{"patterns":[{"begin":"/\\\\*","captures":{"0":{"name":"punctuation.definition.comment.java"}},"end":"\\\\*/","name":"comment.block.java"},{"begin":"(^[\\\\t ]+)?(?=//)","beginCaptures":{"1":{"name":"punctuation.whitespace.comment.leading.java"}},"end":"(?!\\\\G)","patterns":[{"begin":"//","beginCaptures":{"0":{"name":"punctuation.definition.comment.java"}},"end":"\\\\n","name":"comment.line.double-slash.java"}]}]},"comments-javadoc":{"patterns":[{"begin":"^\\\\s*(/\\\\*\\\\*)(?!/)","beginCaptures":{"1":{"name":"punctuation.definition.comment.java"}},"end":"\\\\*/","endCaptures":{"0":{"name":"punctuation.definition.comment.java"}},"name":"comment.block.javadoc.java","patterns":[{"match":"@(author|deprecated|return|see|serial|since|version)\\\\b","name":"keyword.other.documentation.javadoc.java"},{"captures":{"1":{"name":"keyword.other.documentation.javadoc.java"},"2":{"name":"variable.parameter.java"}},"match":"(@param)\\\\s+(\\\\S+)"},{"captures":{"1":{"name":"keyword.other.documentation.javadoc.java"},"2":{"name":"entity.name.type.class.java"}},"match":"(@(?:exception|throws))\\\\s+(\\\\S+)"},{"captures":{"1":{"name":"keyword.other.documentation.javadoc.java"},"2":{"name":"entity.name.type.class.java"},"3":{"name":"variable.parameter.java"}},"match":"\\\\{(@link)\\\\s+(\\\\S+)?#([$\\\\w]+\\\\s*\\\\([^()]*\\\\)).*?}"}]}]},"constants-and-special-vars":{"patterns":[{"match":"\\\\b(true|false|null)\\\\b","name":"constant.language.java"},{"match":"\\\\bthis\\\\b","name":"variable.language.this.java"},{"match":"\\\\bsuper\\\\b","name":"variable.language.java"}]},"enums":{"begin":"^\\\\s*([\\\\w\\\\s]*)(enum)\\\\s+(\\\\w+)","beginCaptures":{"1":{"patterns":[{"include":"#storage-modifiers"}]},"2":{"name":"storage.modifier.java"},"3":{"name":"entity.name.type.enum.java"}},"end":"}","endCaptures":{"0":{"name":"punctuation.section.enum.end.bracket.curly.java"}},"name":"meta.enum.java","patterns":[{"begin":"\\\\b(extends)\\\\b","beginCaptures":{"1":{"name":"storage.modifier.extends.java"}},"end":"(?=\\\\{|\\\\bimplements\\\\b)","name":"meta.definition.class.inherited.classes.java","patterns":[{"include":"#object-types-inherited"},{"include":"#comments"}]},{"begin":"\\\\b(implements)\\\\b","beginCaptures":{"1":{"name":"storage.modifier.implements.java"}},"end":"(?=\\\\{|\\\\bextends\\\\b)","name":"meta.definition.class.implemented.interfaces.java","patterns":[{"include":"#object-types-inherited"},{"include":"#comments"}]},{"begin":"\\\\{","beginCaptures":{"0":{"name":"punctuation.section.enum.begin.bracket.curly.java"}},"end":"(?=})","patterns":[{"begin":"(?<=\\\\{)","end":"(?=[;}])","patterns":[{"include":"#comments-javadoc"},{"include":"#comments"},{"begin":"\\\\b(\\\\w+)\\\\b","beginCaptures":{"1":{"name":"constant.other.enum.java"}},"end":"(,)|(?=[;}])","endCaptures":{"1":{"name":"punctuation.separator.delimiter.java"}},"patterns":[{"include":"#comments-javadoc"},{"include":"#comments"},{"begin":"\\\\(","beginCaptures":{"0":{"name":"punctuation.bracket.round.java"}},"end":"\\\\)","endCaptures":{"0":{"name":"punctuation.bracket.round.java"}},"patterns":[{"include":"#code"}]},{"begin":"\\\\{","beginCaptures":{"0":{"name":"punctuation.bracket.curly.java"}},"end":"}","endCaptures":{"0":{"name":"punctuation.bracket.curly.java"}},"patterns":[{"include":"#class-body"}]}]}]},{"include":"#class-body"}]}]},"function-call":{"begin":"([$A-Z_a-z][$\\\\w]*)\\\\s*(\\\\()","beginCaptures":{"1":{"name":"entity.name.function.java"},"2":{"name":"punctuation.definition.parameters.begin.bracket.round.java"}},"end":"\\\\)","endCaptures":{"0":{"name":"punctuation.definition.parameters.end.bracket.round.java"}},"name":"meta.function-call.java","patterns":[{"include":"#code"}]},"generics":{"begin":"<","beginCaptures":{"0":{"name":"punctuation.bracket.angle.java"}},"end":">","endCaptures":{"0":{"name":"punctuation.bracket.angle.java"}},"patterns":[{"match":"\\\\b(extends|super)\\\\b","name":"storage.modifier.$1.java"},{"captures":{"1":{"name":"storage.type.java"}},"match":"(?<!\\\\.)([$A-Z_a-z][$0-9A-Z_a-z]*)(?=\\\\s*<)"},{"include":"#primitive-arrays"},{"match":"[$A-Z_a-z][$0-9A-Z_a-z]*","name":"storage.type.generic.java"},{"match":"\\\\?","name":"storage.type.generic.wildcard.java"},{"match":"&","name":"punctuation.separator.types.java"},{"match":",","name":"punctuation.separator.delimiter.java"},{"match":"\\\\.","name":"punctuation.separator.period.java"},{"include":"#parens"},{"include":"#generics"},{"include":"#comments"}]},"keywords":{"patterns":[{"match":"\\\\bthrow\\\\b","name":"keyword.control.throw.java"},{"match":"[:?]","name":"keyword.control.ternary.java"},{"match":"\\\\b(return|yield|break|case|continue|default|do|while|for|switch|if|else)\\\\b","name":"keyword.control.java"},{"match":"\\\\b(instanceof)\\\\b","name":"keyword.operator.instanceof.java"},{"match":"(<<|>>>?|[\\\\^~])","name":"keyword.operator.bitwise.java"},{"match":"(([\\\\&^|]|<<|>>>?)=)","name":"keyword.operator.assignment.bitwise.java"},{"match":"(===?|!=|<=|>=|<>|[<>])","name":"keyword.operator.comparison.java"},{"match":"([-%*+/]=)","name":"keyword.operator.assignment.arithmetic.java"},{"match":"(=)","name":"keyword.operator.assignment.java"},{"match":"(--|\\\\+\\\\+)","name":"keyword.operator.increment-decrement.java"},{"match":"([-%*+/])","name":"keyword.operator.arithmetic.java"},{"match":"(!|&&|\\\\|\\\\|)","name":"keyword.operator.logical.java"},{"match":"([\\\\&|])","name":"keyword.operator.bitwise.java"},{"match":"\\\\b(const|goto)\\\\b","name":"keyword.reserved.java"}]},"lambda-expression":{"patterns":[{"match":"->","name":"storage.type.function.arrow.java"}]},"member-variables":{"begin":"(?=private|protected|public|native|synchronized|abstract|threadsafe|transient|static|final)","end":"(?=[;=])","patterns":[{"include":"#storage-modifiers"},{"include":"#variables"},{"include":"#primitive-arrays"},{"include":"#object-types"}]},"method-call":{"begin":"(\\\\.)\\\\s*([$A-Z_a-z][$\\\\w]*)\\\\s*(\\\\()","beginCaptures":{"1":{"name":"punctuation.separator.period.java"},"2":{"name":"entity.name.function.java"},"3":{"name":"punctuation.definition.parameters.begin.bracket.round.java"}},"end":"\\\\)","endCaptures":{"0":{"name":"punctuation.definition.parameters.end.bracket.round.java"}},"name":"meta.method-call.java","patterns":[{"include":"#code"}]},"methods":{"begin":"(?!new)(?=[<\\\\w].*\\\\s+)(?=([^/=]|/(?!/))+\\\\()","end":"(})|(?=;)","endCaptures":{"1":{"name":"punctuation.section.method.end.bracket.curly.java"}},"name":"meta.method.java","patterns":[{"include":"#storage-modifiers"},{"begin":"(\\\\w+)\\\\s*(\\\\()","beginCaptures":{"1":{"name":"entity.name.function.java"},"2":{"name":"punctuation.definition.parameters.begin.bracket.round.java"}},"end":"\\\\)","endCaptures":{"0":{"name":"punctuation.definition.parameters.end.bracket.round.java"}},"name":"meta.method.identifier.java","patterns":[{"include":"#parameters"},{"include":"#parens"},{"include":"#comments"}]},{"include":"#generics"},{"begin":"(?=\\\\w.*\\\\s+\\\\w+\\\\s*\\\\()","end":"(?=\\\\s+\\\\w+\\\\s*\\\\()","name":"meta.method.return-type.java","patterns":[{"include":"#all-types"},{"include":"#parens"},{"include":"#comments"}]},{"include":"#throws"},{"begin":"\\\\{","beginCaptures":{"0":{"name":"punctuation.section.method.begin.bracket.curly.java"}},"contentName":"meta.method.body.java","end":"(?=})","patterns":[{"include":"#code"}]},{"include":"#comments"}]},"module":{"begin":"((open)\\\\s)?(module)\\\\s+(\\\\w+)","beginCaptures":{"1":{"name":"storage.modifier.java"},"3":{"name":"storage.modifier.java"},"4":{"name":"entity.name.type.module.java"}},"end":"}","endCaptures":{"0":{"name":"punctuation.section.module.end.bracket.curly.java"}},"name":"meta.module.java","patterns":[{"begin":"\\\\{","beginCaptures":{"0":{"name":"punctuation.section.module.begin.bracket.curly.java"}},"contentName":"meta.module.body.java","end":"(?=})","patterns":[{"include":"#comments"},{"include":"#comments-javadoc"},{"match":"\\\\b(requires|transitive|exports|opens|to|uses|provides|with)\\\\b","name":"keyword.module.java"}]}]},"numbers":{"patterns":[{"match":"\\\\b(?<!\\\\$)0([Xx])((?<!\\\\.)\\\\h([_\\\\h]*\\\\h)?[Ll]?(?!\\\\.)|(\\\\h([_\\\\h]*\\\\h)?\\\\.?|(\\\\h([_\\\\h]*\\\\h)?)?\\\\.\\\\h([_\\\\h]*\\\\h)?)[Pp][-+]?[0-9]([0-9_]*[0-9])?[DFdf]?)\\\\b(?!\\\\$)","name":"constant.numeric.hex.java"},{"match":"\\\\b(?<!\\\\$)0([Bb])[01]([01_]*[01])?[Ll]?\\\\b(?!\\\\$)","name":"constant.numeric.binary.java"},{"match":"\\\\b(?<!\\\\$)0[0-7]([0-7_]*[0-7])?[Ll]?\\\\b(?!\\\\$)","name":"constant.numeric.octal.java"},{"match":"(?<!\\\\$)(\\\\b[0-9]([0-9_]*[0-9])?\\\\.\\\\B(?!\\\\.)|\\\\b[0-9]([0-9_]*[0-9])?\\\\.([Ee][-+]?[0-9]([0-9_]*[0-9])?)[DFdf]?\\\\b|\\\\b[0-9]([0-9_]*[0-9])?\\\\.([Ee][-+]?[0-9]([0-9_]*[0-9])?)?[DFdf]\\\\b|\\\\b[0-9]([0-9_]*[0-9])?\\\\.([0-9]([0-9_]*[0-9])?)([Ee][-+]?[0-9]([0-9_]*[0-9])?)?[DFdf]?\\\\b|(?<!\\\\.)\\\\B\\\\.[0-9]([0-9_]*[0-9])?([Ee][-+]?[0-9]([0-9_]*[0-9])?)?[DFdf]?\\\\b|\\\\b[0-9]([0-9_]*[0-9])?([Ee][-+]?[0-9]([0-9_]*[0-9])?)[DFdf]?\\\\b|\\\\b[0-9]([0-9_]*[0-9])?([Ee][-+]?[0-9]([0-9_]*[0-9])?)?[DFdf]\\\\b|\\\\b(0|[1-9]([0-9_]*[0-9])?)(?!\\\\.)[Ll]?\\\\b)(?!\\\\$)","name":"constant.numeric.decimal.java"}]},"object-types":{"patterns":[{"include":"#generics"},{"begin":"\\\\b((?:[A-Z_a-z]\\\\w*\\\\s*\\\\.\\\\s*)*)([A-Z_]\\\\w*)\\\\s*(?=\\\\[)","beginCaptures":{"1":{"patterns":[{"match":"[A-Z_a-z]\\\\w*","name":"storage.type.java"},{"match":"\\\\.","name":"punctuation.separator.period.java"}]},"2":{"name":"storage.type.object.array.java"}},"end":"(?!\\\\s*\\\\[)","patterns":[{"include":"#comments"},{"include":"#parens"}]},{"captures":{"1":{"patterns":[{"match":"[A-Z_a-z]\\\\w*","name":"storage.type.java"},{"match":"\\\\.","name":"punctuation.separator.period.java"}]}},"match":"\\\\b((?:[A-Z_a-z]\\\\w*\\\\s*\\\\.\\\\s*)*[A-Z_]\\\\w*)\\\\s*(?=<)"},{"captures":{"1":{"patterns":[{"match":"[A-Z_a-z]\\\\w*","name":"storage.type.java"},{"match":"\\\\.","name":"punctuation.separator.period.java"}]}},"match":"\\\\b((?:[A-Z_a-z]\\\\w*\\\\s*\\\\.\\\\s*)*[A-Z_]\\\\w*)\\\\b((?=\\\\s*[\\\\n$A-Z_a-z])|(?=\\\\s*\\\\.\\\\.\\\\.))"}]},"object-types-inherited":{"patterns":[{"include":"#generics"},{"captures":{"1":{"name":"punctuation.separator.period.java"}},"match":"\\\\b(?:[A-Z]\\\\w*\\\\s*(\\\\.)\\\\s*)*[A-Z]\\\\w*\\\\b","name":"entity.other.inherited-class.java"},{"match":",","name":"punctuation.separator.delimiter.java"}]},"objects":{"match":"(?<![$\\\\w])[$A-Z_a-z][$\\\\w]*(?=\\\\s*\\\\.\\\\s*[$\\\\w]+)","name":"variable.other.object.java"},"parameters":{"patterns":[{"match":"\\\\bfinal\\\\b","name":"storage.modifier.java"},{"include":"#annotations"},{"include":"#all-types"},{"include":"#strings"},{"match":"\\\\w+","name":"variable.parameter.java"},{"match":",","name":"punctuation.separator.delimiter.java"},{"match":"\\\\.\\\\.\\\\.","name":"punctuation.definition.parameters.varargs.java"}]},"parens":{"patterns":[{"begin":"\\\\(","beginCaptures":{"0":{"name":"punctuation.bracket.round.java"}},"end":"\\\\)","endCaptures":{"0":{"name":"punctuation.bracket.round.java"}},"patterns":[{"include":"#code"}]},{"begin":"\\\\[","beginCaptures":{"0":{"name":"punctuation.bracket.square.java"}},"end":"]","endCaptures":{"0":{"name":"punctuation.bracket.square.java"}},"patterns":[{"include":"#code"}]},{"begin":"\\\\{","beginCaptures":{"0":{"name":"punctuation.bracket.curly.java"}},"end":"}","endCaptures":{"0":{"name":"punctuation.bracket.curly.java"}},"patterns":[{"include":"#code"}]}]},"primitive-arrays":{"patterns":[{"begin":"\\\\b(void|boolean|byte|char|short|int|float|long|double)\\\\b\\\\s*(?=\\\\[)","beginCaptures":{"1":{"name":"storage.type.primitive.array.java"}},"end":"(?!\\\\s*\\\\[)","patterns":[{"include":"#comments"},{"include":"#parens"}]}]},"primitive-types":{"match":"\\\\b(void|boolean|byte|char|short|int|float|long|double)\\\\b","name":"storage.type.primitive.java"},"properties":{"patterns":[{"captures":{"1":{"name":"punctuation.separator.period.java"},"2":{"name":"keyword.control.new.java"}},"match":"(\\\\.)\\\\s*(new)"},{"captures":{"1":{"name":"punctuation.separator.period.java"},"2":{"name":"variable.other.object.property.java"}},"match":"(\\\\.)\\\\s*([$A-Z_a-z][$\\\\w]*)(?=\\\\s*\\\\.\\\\s*[$A-Z_a-z][$\\\\w]*)"},{"captures":{"1":{"name":"punctuation.separator.period.java"},"2":{"name":"variable.other.object.property.java"}},"match":"(\\\\.)\\\\s*([$A-Z_a-z][$\\\\w]*)"},{"captures":{"1":{"name":"punctuation.separator.period.java"},"2":{"name":"invalid.illegal.identifier.java"}},"match":"(\\\\.)\\\\s*([0-9][$\\\\w]*)"}]},"record":{"begin":"(?=\\\\w?[\\\\w\\\\s]*\\\\brecord\\\\s+[$\\\\w]+)","end":"}","endCaptures":{"0":{"name":"punctuation.section.class.end.bracket.curly.java"}},"name":"meta.record.java","patterns":[{"include":"#storage-modifiers"},{"include":"#generics"},{"include":"#comments"},{"begin":"(record)\\\\s+([$\\\\w]+)(<[$\\\\w]+>)?(\\\\()","beginCaptures":{"1":{"name":"storage.modifier.java"},"2":{"name":"entity.name.type.record.java"},"3":{"patterns":[{"include":"#generics"}]},"4":{"name":"punctuation.definition.parameters.begin.bracket.round.java"}},"end":"\\\\)","endCaptures":{"0":{"name":"punctuation.definition.parameters.end.bracket.round.java"}},"name":"meta.record.identifier.java","patterns":[{"include":"#code"}]},{"begin":"(implements)\\\\s","beginCaptures":{"1":{"name":"storage.modifier.implements.java"}},"end":"(?=\\\\s*\\\\{)","name":"meta.definition.class.implemented.interfaces.java","patterns":[{"include":"#object-types-inherited"},{"include":"#comments"}]},{"include":"#record-body"}]},"record-body":{"begin":"\\\\{","beginCaptures":{"0":{"name":"punctuation.section.class.begin.bracket.curly.java"}},"end":"(?=})","name":"meta.record.body.java","patterns":[{"include":"#record-constructor"},{"include":"#class-body"}]},"record-constructor":{"begin":"(?!new)(?=[<\\\\w].*\\\\s+)(?=([^(/=]|/(?!/))+(?=\\\\{))","end":"(})|(?=;)","endCaptures":{"1":{"name":"punctuation.section.method.end.bracket.curly.java"}},"name":"meta.method.java","patterns":[{"include":"#storage-modifiers"},{"begin":"(\\\\w+)","beginCaptures":{"1":{"name":"entity.name.function.java"}},"end":"(?=\\\\s*\\\\{)","name":"meta.method.identifier.java","patterns":[{"include":"#comments"}]},{"include":"#comments"},{"begin":"\\\\{","beginCaptures":{"0":{"name":"punctuation.section.method.begin.bracket.curly.java"}},"contentName":"meta.method.body.java","end":"(?=})","patterns":[{"include":"#code"}]}]},"static-initializer":{"patterns":[{"include":"#anonymous-block-and-instance-initializer"},{"match":"static","name":"storage.modifier.java"}]},"storage-modifiers":{"match":"\\\\b(public|private|protected|static|final|native|synchronized|abstract|threadsafe|transient|volatile|default|strictfp|sealed|non-sealed)\\\\b","name":"storage.modifier.java"},"strings":{"patterns":[{"begin":"\\"\\"\\"","beginCaptures":{"0":{"name":"punctuation.definition.string.begin.java"}},"end":"\\"\\"\\"","endCaptures":{"0":{"name":"punctuation.definition.string.end.java"}},"name":"string.quoted.triple.java","patterns":[{"match":"(\\\\\\\\\\"\\"\\")(?!\\")|(\\\\\\\\.)","name":"constant.character.escape.java"}]},{"begin":"\\"","beginCaptures":{"0":{"name":"punctuation.definition.string.begin.java"}},"end":"\\"","endCaptures":{"0":{"name":"punctuation.definition.string.end.java"}},"name":"string.quoted.double.java","patterns":[{"match":"\\\\\\\\.","name":"constant.character.escape.java"}]},{"begin":"'","beginCaptures":{"0":{"name":"punctuation.definition.string.begin.java"}},"end":"'","endCaptures":{"0":{"name":"punctuation.definition.string.end.java"}},"name":"string.quoted.single.java","patterns":[{"match":"\\\\\\\\.","name":"constant.character.escape.java"}]}]},"throws":{"begin":"throws","beginCaptures":{"0":{"name":"storage.modifier.java"}},"end":"(?=[;{])","name":"meta.throwables.java","patterns":[{"match":",","name":"punctuation.separator.delimiter.java"},{"match":"[$A-Z_a-z][$.0-9A-Z_a-z]*","name":"storage.type.java"},{"include":"#comments"}]},"try-catch-finally":{"patterns":[{"begin":"\\\\btry\\\\b","beginCaptures":{"0":{"name":"keyword.control.try.java"}},"end":"}","endCaptures":{"0":{"name":"punctuation.section.try.end.bracket.curly.java"}},"name":"meta.try.java","patterns":[{"begin":"\\\\(","beginCaptures":{"0":{"name":"punctuation.section.try.resources.begin.bracket.round.java"}},"end":"\\\\)","endCaptures":{"0":{"name":"punctuation.section.try.resources.end.bracket.round.java"}},"name":"meta.try.resources.java","patterns":[{"include":"#code"}]},{"begin":"\\\\{","beginCaptures":{"0":{"name":"punctuation.section.try.begin.bracket.curly.java"}},"contentName":"meta.try.body.java","end":"(?=})","patterns":[{"include":"#code"}]}]},{"begin":"\\\\b(catch)\\\\b","beginCaptures":{"1":{"name":"keyword.control.catch.java"}},"end":"}","endCaptures":{"0":{"name":"punctuation.section.catch.end.bracket.curly.java"}},"name":"meta.catch.java","patterns":[{"include":"#comments"},{"begin":"\\\\(","beginCaptures":{"0":{"name":"punctuation.definition.parameters.begin.bracket.round.java"}},"contentName":"meta.catch.parameters.java","end":"\\\\)","endCaptures":{"0":{"name":"punctuation.definition.parameters.end.bracket.round.java"}},"patterns":[{"include":"#comments"},{"include":"#storage-modifiers"},{"begin":"[$A-Z_a-z][$.0-9A-Z_a-z]*","beginCaptures":{"0":{"name":"storage.type.java"}},"end":"(\\\\|)|(?=\\\\))","endCaptures":{"1":{"name":"punctuation.catch.separator.java"}},"patterns":[{"include":"#comments"},{"captures":{"0":{"name":"variable.parameter.java"}},"match":"\\\\w+"}]}]},{"begin":"\\\\{","beginCaptures":{"0":{"name":"punctuation.section.catch.begin.bracket.curly.java"}},"contentName":"meta.catch.body.java","end":"(?=})","patterns":[{"include":"#code"}]}]},{"begin":"\\\\bfinally\\\\b","beginCaptures":{"0":{"name":"keyword.control.finally.java"}},"end":"}","endCaptures":{"0":{"name":"punctuation.section.finally.end.bracket.curly.java"}},"name":"meta.finally.java","patterns":[{"begin":"\\\\{","beginCaptures":{"0":{"name":"punctuation.section.finally.begin.bracket.curly.java"}},"contentName":"meta.finally.body.java","end":"(?=})","patterns":[{"include":"#code"}]}]}]},"variables":{"begin":"(?=\\\\b((void|boolean|byte|char|short|int|float|long|double)|(?>(\\\\w+\\\\.)*[A-Z_]+\\\\w*))\\\\b\\\\s*(<[],.<>?\\\\[\\\\w\\\\s]*>)?\\\\s*((\\\\[])*)?\\\\s+[$A-Z_a-z][$\\\\w]*([]$,\\\\[\\\\w][],\\\\[\\\\w\\\\s]*)?\\\\s*([:;=]))","end":"(?=[:;=])","name":"meta.definition.variable.java","patterns":[{"captures":{"1":{"name":"variable.other.definition.java"}},"match":"([$A-Z_a-z][$\\\\w]*)(?=\\\\s*(\\\\[])*\\\\s*([,:;=]))"},{"include":"#all-types"},{"include":"#code"}]},"variables-local":{"begin":"(?=\\\\b(var)\\\\b\\\\s+[$A-Z_a-z][$\\\\w]*\\\\s*([:;=]))","end":"(?=[:;=])","name":"meta.definition.variable.local.java","patterns":[{"match":"\\\\bvar\\\\b","name":"storage.type.local.java"},{"captures":{"1":{"name":"variable.other.definition.java"}},"match":"([$A-Z_a-z][$\\\\w]*)(?=\\\\s*(\\\\[])*\\\\s*([:;=]))"},{"include":"#code"}]}},"scopeName":"source.java"}`)),d_=[p_],m_=Object.freeze(JSON.parse(`{"displayName":"XML","name":"xml","patterns":[{"begin":"(<\\\\?)\\\\s*([-0-9A-Z_a-z]+)","captures":{"1":{"name":"punctuation.definition.tag.xml"},"2":{"name":"entity.name.tag.xml"}},"end":"(\\\\?>)","name":"meta.tag.preprocessor.xml","patterns":[{"match":" ([-A-Za-z]+)","name":"entity.other.attribute-name.xml"},{"include":"#doublequotedString"},{"include":"#singlequotedString"}]},{"begin":"(<!)(DOCTYPE)\\\\s+([:A-Z_a-z][-.0-:A-Z_a-z]*)","captures":{"1":{"name":"punctuation.definition.tag.xml"},"2":{"name":"keyword.other.doctype.xml"},"3":{"name":"variable.language.documentroot.xml"}},"end":"\\\\s*(>)","name":"meta.tag.sgml.doctype.xml","patterns":[{"include":"#internalSubset"}]},{"include":"#comments"},{"begin":"(<)((?:([-0-9A-Z_a-z]+)(:))?([-0-:A-Z_a-z]+))(?=(\\\\s[^>]*)?></\\\\2>)","beginCaptures":{"1":{"name":"punctuation.definition.tag.xml"},"2":{"name":"entity.name.tag.xml"},"3":{"name":"entity.name.tag.namespace.xml"},"4":{"name":"punctuation.separator.namespace.xml"},"5":{"name":"entity.name.tag.localname.xml"}},"end":"(>)(</)((?:([-0-9A-Z_a-z]+)(:))?([-0-:A-Z_a-z]+))(>)","endCaptures":{"1":{"name":"punctuation.definition.tag.xml"},"2":{"name":"punctuation.definition.tag.xml"},"3":{"name":"entity.name.tag.xml"},"4":{"name":"entity.name.tag.namespace.xml"},"5":{"name":"punctuation.separator.namespace.xml"},"6":{"name":"entity.name.tag.localname.xml"},"7":{"name":"punctuation.definition.tag.xml"}},"name":"meta.tag.no-content.xml","patterns":[{"include":"#tagStuff"}]},{"begin":"(</?)(?:([-.\\\\w]+)((:)))?([-.:\\\\w]+)","captures":{"1":{"name":"punctuation.definition.tag.xml"},"2":{"name":"entity.name.tag.namespace.xml"},"3":{"name":"entity.name.tag.xml"},"4":{"name":"punctuation.separator.namespace.xml"},"5":{"name":"entity.name.tag.localname.xml"}},"end":"(/?>)","name":"meta.tag.xml","patterns":[{"include":"#tagStuff"}]},{"include":"#entity"},{"include":"#bare-ampersand"},{"begin":"<%@","beginCaptures":{"0":{"name":"punctuation.section.embedded.begin.xml"}},"end":"%>","endCaptures":{"0":{"name":"punctuation.section.embedded.end.xml"}},"name":"source.java-props.embedded.xml","patterns":[{"match":"page|include|taglib","name":"keyword.other.page-props.xml"}]},{"begin":"<%[!=]?(?!--)","beginCaptures":{"0":{"name":"punctuation.section.embedded.begin.xml"}},"end":"(?!--)%>","endCaptures":{"0":{"name":"punctuation.section.embedded.end.xml"}},"name":"source.java.embedded.xml","patterns":[{"include":"source.java"}]},{"begin":"<!\\\\[CDATA\\\\[","beginCaptures":{"0":{"name":"punctuation.definition.string.begin.xml"}},"end":"]]>","endCaptures":{"0":{"name":"punctuation.definition.string.end.xml"}},"name":"string.unquoted.cdata.xml"}],"repository":{"EntityDecl":{"begin":"(<!)(ENTITY)\\\\s+(%\\\\s+)?([:A-Z_a-z][-.0-:A-Z_a-z]*)(\\\\s+(?:SYSTEM|PUBLIC)\\\\s+)?","captures":{"1":{"name":"punctuation.definition.tag.xml"},"2":{"name":"keyword.other.entity.xml"},"3":{"name":"punctuation.definition.entity.xml"},"4":{"name":"variable.language.entity.xml"},"5":{"name":"keyword.other.entitytype.xml"}},"end":"(>)","patterns":[{"include":"#doublequotedString"},{"include":"#singlequotedString"}]},"bare-ampersand":{"match":"&","name":"invalid.illegal.bad-ampersand.xml"},"comments":{"patterns":[{"begin":"<%--","captures":{"0":{"name":"punctuation.definition.comment.xml"},"end":"--%>","name":"comment.block.xml"}},{"begin":"<!--","captures":{"0":{"name":"punctuation.definition.comment.xml"}},"end":"-->","name":"comment.block.xml","patterns":[{"begin":"--(?!>)","captures":{"0":{"name":"invalid.illegal.bad-comments-or-CDATA.xml"}}}]}]},"doublequotedString":{"begin":"\\"","beginCaptures":{"0":{"name":"punctuation.definition.string.begin.xml"}},"end":"\\"","endCaptures":{"0":{"name":"punctuation.definition.string.end.xml"}},"name":"string.quoted.double.xml","patterns":[{"include":"#entity"},{"include":"#bare-ampersand"}]},"entity":{"captures":{"1":{"name":"punctuation.definition.constant.xml"},"3":{"name":"punctuation.definition.constant.xml"}},"match":"(&)([:A-Z_a-z][-.0-:A-Z_a-z]*|#[0-9]+|#x\\\\h+)(;)","name":"constant.character.entity.xml"},"internalSubset":{"begin":"(\\\\[)","captures":{"1":{"name":"punctuation.definition.constant.xml"}},"end":"(])","name":"meta.internalsubset.xml","patterns":[{"include":"#EntityDecl"},{"include":"#parameterEntity"},{"include":"#comments"}]},"parameterEntity":{"captures":{"1":{"name":"punctuation.definition.constant.xml"},"3":{"name":"punctuation.definition.constant.xml"}},"match":"(%)([:A-Z_a-z][-.0-:A-Z_a-z]*)(;)","name":"constant.character.parameter-entity.xml"},"singlequotedString":{"begin":"'","beginCaptures":{"0":{"name":"punctuation.definition.string.begin.xml"}},"end":"'","endCaptures":{"0":{"name":"punctuation.definition.string.end.xml"}},"name":"string.quoted.single.xml","patterns":[{"include":"#entity"},{"include":"#bare-ampersand"}]},"tagStuff":{"patterns":[{"captures":{"1":{"name":"entity.other.attribute-name.namespace.xml"},"2":{"name":"entity.other.attribute-name.xml"},"3":{"name":"punctuation.separator.namespace.xml"},"4":{"name":"entity.other.attribute-name.localname.xml"}},"match":"(?:^|\\\\s+)(?:([-.\\\\w]+)((:)))?([-.:\\\\w]+)\\\\s*="},{"include":"#doublequotedString"},{"include":"#singlequotedString"}]}},"scopeName":"text.xml","embeddedLangs":["java"]}`)),h_=[...d_,m_],g_=Object.freeze(JSON.parse('{"displayName":"SQL","name":"sql","patterns":[{"match":"((?<!@)@)\\\\b(\\\\w+)\\\\b","name":"text.variable"},{"match":"(\\\\[)[^]]*(])","name":"text.bracketed"},{"include":"#comments"},{"captures":{"1":{"name":"keyword.other.create.sql"},"2":{"name":"keyword.other.sql"},"5":{"name":"entity.name.function.sql"}},"match":"(?i:^\\\\s*(create(?:\\\\s+or\\\\s+replace)?)\\\\s+(aggregate|conversion|database|domain|function|group|(unique\\\\s+)?index|language|operator class|operator|rule|schema|sequence|table|tablespace|trigger|type|user|view)\\\\s+)([\\"\'`]?)(\\\\w+)\\\\4","name":"meta.create.sql"},{"captures":{"1":{"name":"keyword.other.create.sql"},"2":{"name":"keyword.other.sql"}},"match":"(?i:^\\\\s*(drop)\\\\s+(aggregate|conversion|database|domain|function|group|index|language|operator class|operator|rule|schema|sequence|table|tablespace|trigger|type|user|view))","name":"meta.drop.sql"},{"captures":{"1":{"name":"keyword.other.create.sql"},"2":{"name":"keyword.other.table.sql"},"3":{"name":"entity.name.function.sql"},"4":{"name":"keyword.other.cascade.sql"}},"match":"(?i:\\\\s*(drop)\\\\s+(table)\\\\s+(\\\\w+)(\\\\s+cascade)?\\\\b)","name":"meta.drop.sql"},{"captures":{"1":{"name":"keyword.other.create.sql"},"2":{"name":"keyword.other.table.sql"}},"match":"(?i:^\\\\s*(alter)\\\\s+(aggregate|conversion|database|domain|function|group|index|language|operator class|operator|proc(edure)?|rule|schema|sequence|table|tablespace|trigger|type|user|view)\\\\s+)","name":"meta.alter.sql"},{"captures":{"1":{"name":"storage.type.sql"},"2":{"name":"storage.type.sql"},"3":{"name":"constant.numeric.sql"},"4":{"name":"storage.type.sql"},"5":{"name":"constant.numeric.sql"},"6":{"name":"storage.type.sql"},"7":{"name":"constant.numeric.sql"},"8":{"name":"constant.numeric.sql"},"9":{"name":"storage.type.sql"},"10":{"name":"constant.numeric.sql"},"11":{"name":"storage.type.sql"},"12":{"name":"storage.type.sql"},"13":{"name":"storage.type.sql"},"14":{"name":"constant.numeric.sql"},"15":{"name":"storage.type.sql"}},"match":"(?i)\\\\b(bigint|bigserial|bit|boolean|box|bytea|cidr|circle|date|double\\\\sprecision|inet|int|integer|line|lseg|macaddr|money|oid|path|point|polygon|real|serial|smallint|sysdate|text)\\\\b|\\\\b(bit\\\\svarying|character\\\\s(?:varying)?|tinyint|var\\\\schar|float|interval)\\\\((\\\\d+)\\\\)|\\\\b(char|number|varchar\\\\d?)\\\\b(?:\\\\((\\\\d+)\\\\))?|\\\\b(numeric|decimal)\\\\b(?:\\\\((\\\\d+),(\\\\d+)\\\\))?|\\\\b(times?)\\\\b(?:\\\\((\\\\d+)\\\\))?(\\\\swith(?:out)?\\\\stime\\\\szone\\\\b)?|\\\\b(timestamp)(s|tz)?\\\\b(?:\\\\((\\\\d+)\\\\))?(\\\\s(with(?:|out))\\\\stime\\\\szone\\\\b)?"},{"match":"(?i:\\\\b((?:primary|foreign)\\\\s+key|references|on\\\\s+(delete|update)(\\\\s+cascade)?|nocheck|check|constraint|collate|default)\\\\b)","name":"storage.modifier.sql"},{"match":"\\\\b\\\\d+\\\\b","name":"constant.numeric.sql"},{"match":"(?i:\\\\b(select(\\\\s+(all|distinct))?|insert\\\\s+(ignore\\\\s+)?into|update|delete|from|set|where|group\\\\s+by|or|like|and|union(\\\\s+all)?|having|order\\\\s+by|limit|cross\\\\s+join|join|straight_join|(inner|(left|right|full)(\\\\s+outer)?)\\\\s+join|natural(\\\\s+(inner|(left|right|full)(\\\\s+outer)?))?\\\\s+join)\\\\b)","name":"keyword.other.DML.sql"},{"match":"(?i:\\\\b(on|off|((is\\\\s+)?not\\\\s+)?null)\\\\b)","name":"keyword.other.DDL.create.II.sql"},{"match":"(?i:\\\\bvalues\\\\b)","name":"keyword.other.DML.II.sql"},{"match":"(?i:\\\\b(begin(\\\\s+work)?|start\\\\s+transaction|commit(\\\\s+work)?|rollback(\\\\s+work)?)\\\\b)","name":"keyword.other.LUW.sql"},{"match":"(?i:\\\\b(grant(\\\\swith\\\\sgrant\\\\soption)?|revoke)\\\\b)","name":"keyword.other.authorization.sql"},{"match":"(?i:\\\\bin\\\\b)","name":"keyword.other.data-integrity.sql"},{"match":"(?i:^\\\\s*(comment\\\\s+on\\\\s+(table|column|aggregate|constraint|database|domain|function|index|operator|rule|schema|sequence|trigger|type|view))\\\\s+)","name":"keyword.other.object-comments.sql"},{"match":"(?i)\\\\bAS\\\\b","name":"keyword.other.alias.sql"},{"match":"(?i)\\\\b(DESC|ASC)\\\\b","name":"keyword.other.order.sql"},{"match":"\\\\*","name":"keyword.operator.star.sql"},{"match":"[!<>]?=|<>|[<>]","name":"keyword.operator.comparison.sql"},{"match":"[-+/]","name":"keyword.operator.math.sql"},{"match":"\\\\|\\\\|","name":"keyword.operator.concatenator.sql"},{"captures":{"1":{"name":"support.function.aggregate.sql"}},"match":"(?i)\\\\b(approx_count_distinct|approx_percentile_cont|approx_percentile_disc|avg|checksum_agg|count|count_big|group|grouping|grouping_id|max|min|sum|stdevp??|varp??)\\\\b\\\\s*\\\\("},{"captures":{"1":{"name":"support.function.analytic.sql"}},"match":"(?i)\\\\b(cume_dist|first_value|lag|last_value|lead|percent_rank|percentile_cont|percentile_disc)\\\\b\\\\s*\\\\("},{"captures":{"1":{"name":"support.function.bitmanipulation.sql"}},"match":"(?i)\\\\b((?:bit_coun|get_bi|left_shif|right_shif|set_bi)t)\\\\b\\\\s*\\\\("},{"captures":{"1":{"name":"support.function.conversion.sql"}},"match":"(?i)\\\\b(cast|convert|parse|try_cast|try_convert|try_parse)\\\\b\\\\s*\\\\("},{"captures":{"1":{"name":"support.function.collation.sql"}},"match":"(?i)\\\\b(collationproperty|tertiary_weights)\\\\b\\\\s*\\\\("},{"captures":{"1":{"name":"support.function.cryptographic.sql"}},"match":"(?i)\\\\b(asymkey_id|asymkeyproperty|certproperty|cert_id|crypt_gen_random|decryptbyasymkey|decryptbycert|decryptbykey|decryptbykeyautoasymkey|decryptbykeyautocert|decryptbypassphrase|encryptbyasymkey|encryptbycert|encryptbykey|encryptbypassphrase|hashbytes|is_objectsigned|key_guid|key_id|key_name|signbyasymkey|signbycert|symkeyproperty|verifysignedbycert|verifysignedbyasymkey)\\\\b\\\\s*\\\\("},{"captures":{"1":{"name":"support.function.cursor.sql"}},"match":"(?i)\\\\b(cursor_status)\\\\b\\\\s*\\\\("},{"captures":{"1":{"name":"support.function.datetime.sql"}},"match":"(?i)\\\\b(sysdatetime|sysdatetimeoffset|sysutcdatetime|current_time(stamp)?|getdate|getutcdate|datename|datepart|day|month|year|datefromparts|datetime2fromparts|datetimefromparts|datetimeoffsetfromparts|smalldatetimefromparts|timefromparts|datediff|dateadd|datetrunc|eomonth|switchoffset|todatetimeoffset|isdate|date_bucket)\\\\b\\\\s*\\\\("},{"captures":{"1":{"name":"support.function.datatype.sql"}},"match":"(?i)\\\\b(datalength|ident_current|ident_incr|ident_seed|identity|sql_variant_property)\\\\b\\\\s*\\\\("},{"captures":{"1":{"name":"support.function.expression.sql"}},"match":"(?i)\\\\b(coalesce|nullif)\\\\b\\\\s*\\\\("},{"captures":{"1":{"name":"support.function.globalvar.sql"}},"match":"(?<!@)@@(?i)\\\\b(cursor_rows|connections|cpu_busy|datefirst|dbts|error|fetch_status|identity|idle|io_busy|langid|language|lock_timeout|max_connections|max_precision|nestlevel|options|packet_errors|pack_received|pack_sent|procid|remserver|rowcount|servername|servicename|spid|textsize|timeticks|total_errors|total_read|total_write|trancount|version)\\\\b\\\\s*\\\\("},{"captures":{"1":{"name":"support.function.json.sql"}},"match":"(?i)\\\\b(json|isjson|json_object|json_array|json_value|json_query|json_modify|json_path_exists)\\\\b\\\\s*\\\\("},{"captures":{"1":{"name":"support.function.logical.sql"}},"match":"(?i)\\\\b(choose|iif|greatest|least)\\\\b\\\\s*\\\\("},{"captures":{"1":{"name":"support.function.mathematical.sql"}},"match":"(?i)\\\\b(abs|acos|asin|atan|atn2|ceiling|cos|cot|degrees|exp|floor|log|log10|pi|power|radians|rand|round|sign|sin|sqrt|square|tan)\\\\b\\\\s*\\\\("},{"captures":{"1":{"name":"support.function.metadata.sql"}},"match":"(?i)\\\\b(app_name|applock_mode|applock_test|assemblyproperty|col_length|col_name|columnproperty|database_principal_id|databasepropertyex|db_id|db_name|file_id|file_idex|file_name|filegroup_id|filegroup_name|filegroupproperty|fileproperty|fulltextcatalogproperty|fulltextserviceproperty|index_col|indexkey_property|indexproperty|object_definition|object_id|object_name|object_schema_name|objectproperty|objectpropertyex|original_db_name|parsename|schema_id|schema_name|scope_identity|serverproperty|stats_date|type_id|type_name|typeproperty)\\\\b\\\\s*\\\\("},{"captures":{"1":{"name":"support.function.ranking.sql"}},"match":"(?i)\\\\b(rank|dense_rank|ntile|row_number)\\\\b\\\\s*\\\\("},{"captures":{"1":{"name":"support.function.rowset.sql"}},"match":"(?i)\\\\b(generate_series|opendatasource|openjson|openrowset|openquery|openxml|predict|string_split)\\\\b\\\\s*\\\\("},{"captures":{"1":{"name":"support.function.security.sql"}},"match":"(?i)\\\\b(certencoded|certprivatekey|current_user|database_principal_id|has_perms_by_name|is_member|is_rolemember|is_srvrolemember|original_login|permissions|pwdcompare|pwdencrypt|schema_id|schema_name|session_user|suser_id|suser_sid|suser_sname|system_user|suser_name|user_id|user_name)\\\\b\\\\s*\\\\("},{"captures":{"1":{"name":"support.function.string.sql"}},"match":"(?i)\\\\b(ascii|char|charindex|concat|difference|format|left|len|lower|ltrim|nchar|nodes|patindex|quotename|replace|replicate|reverse|right|rtrim|soundex|space|str|string_agg|string_escape|string_split|stuff|substring|translate|trim|unicode|upper)\\\\b\\\\s*\\\\("},{"captures":{"1":{"name":"support.function.system.sql"}},"match":"(?i)\\\\b(binary_checksum|checksum|compress|connectionproperty|context_info|current_request_id|current_transaction_id|decompress|error_line|error_message|error_number|error_procedure|error_severity|error_state|formatmessage|get_filestream_transaction_context|getansinull|host_id|host_name|isnull|isnumeric|min_active_rowversion|newid|newsequentialid|rowcount_big|session_context|session_id|xact_state)\\\\b\\\\s*\\\\("},{"captures":{"1":{"name":"support.function.textimage.sql"}},"match":"(?i)\\\\b(patindex|textptr|textvalid)\\\\b\\\\s*\\\\("},{"captures":{"1":{"name":"support.function.vector.sql"}},"match":"(?i)\\\\b(vector_(?:distance|norm|normalize))\\\\b\\\\s*\\\\("},{"captures":{"1":{"name":"constant.other.database-name.sql"},"2":{"name":"constant.other.table-name.sql"}},"match":"(\\\\w+?)\\\\.(\\\\w+)"},{"include":"#strings"},{"include":"#regexps"},{"match":"\\\\b(?i)(abort|abort_after_wait|absent|absolute|accent_sensitivity|acceptable_cursopt|acp|action|activation|add|address|admin|aes_128|aes_192|aes_256|affinity|after|aggregate|algorithm|all_constraints|all_errormsgs|all_indexes|all_levels|all_results|allow_connections|allow_dup_row|allow_encrypted_value_modifications|allow_page_locks|allow_row_locks|allow_snapshot_isolation|alter|altercolumn|always|anonymous|ansi_defaults|ansi_null_default|ansi_null_dflt_off|ansi_null_dflt_on|ansi_nulls|ansi_padding|ansi_warnings|appdomain|append|application|apply|arithabort|arithignore|array|assembly|asymmetric|asynchronous_commit|at|atan2|atomic|attach|attach_force_rebuild_log|attach_rebuild_log|audit|auth_realm|authentication|auto|auto_cleanup|auto_close|auto_create_statistics|auto_drop|auto_shrink|auto_update_statistics|auto_update_statistics_async|automated_backup_preference|automatic|autopilot|availability|availability_mode|backup|backup_priority|base64|basic|batches|batchsize|before|between|bigint|binary|binding|bit|block|blockers|blocksize|bmk|both|break|broker|broker_instance|bucket_count|buffer|buffercount|bulk_logged|by|call|caller|card|case|catalog|catch|cert|certificate|change_retention|change_tracking|change_tracking_context|changes|char|character|character_set|check_expiration|check_policy|checkconstraints|checkindex|checkpoint|checksum|cleanup_policy|clear|clear_port|close|clustered|codepage|collection|column_encryption_key|column_master_key|columnstore|columnstore_archive|colv_80_to_100|colv_100_to_80|commit_differential_base|committed|compatibility_level|compress_all_row_groups|compression|compression_delay|concat_null_yields_null|concatenate|configuration|connect|connection|containment|continue|continue_after_error|contract|contract_name|control|conversation|conversation_group_id|conversation_handle|copy|copy_only|count_rows|counter|create(\\\\\\\\s+or\\\\\\\\s+alter)?|credential|cross|cryptographic|cryptographic_provider|cube|cursor|cursor_close_on_commit|cursor_default|data|data_compression|data_flush_interval_seconds|data_mirroring|data_purity|data_source|database|database_name|database_snapshot|datafiletype|date_correlation_optimization|date|datefirst|dateformat|date_format|datetime2??|datetimeoffset|day(s)?|db_chaining|dbid|dbidexec|dbo_only|deadlock_priority|deallocate|dec|decimal|declare|decrypt|decrypt_a|decryption|default_database|default_fulltext_language|default_language|default_logon_domain|default_schema|definition|delay|delayed_durability|delimitedtext|density_vector|dependent|des|description|desired_state|desx|differential|digest|disable|disable_broker|disable_def_cnst_chk|disabled|disk|distinct|distributed|distribution|drop|drop_existing|dts_buffers|dump|durability|dynamic|edition|elements|else|emergency|empty|enable|enable_broker|enabled|encoding|encrypted|encrypted_value|encryption|encryption_type|end|endpoint|endpoint_url|enhancedintegrity|entry|error_broker_conversations|errorfile|estimateonly|event|except|exec|executable|execute|exists|expand|expiredate|expiry_date|explicit|external|external_access|failover|failover_mode|failure_condition_level|fast|fast_forward|fastfirstrow|federated_service_account|fetch|field_terminator|fieldterminator|file|filelistonly|filegroup|filegrowth|filename|filestream|filestream_log|filestream_on|filetable|file_format|filter|first_row|fips_flagger|fire_triggers|first|firstrow|float|flush_interval_seconds|fmtonly|following|for|force|force_failover_allow_data_loss|force_service_allow_data_loss|forced|forceplan|formatfile|format_options|format_type|formsof|forward_only|free_cursors|free_exec_context|fullscan|fulltext|fulltextall|fulltextkey|function|generated|get|geography|geometry|global|go|goto|governor|guid|hadoop|hardening|hash|hashed|header_limit|headeronly|health_check_timeout|hidden|hierarchyid|histogram|histogram_steps|hits_cursors|hits_exec_context|hour(s)?|http|identity|identity_value|if|ifnull|ignore|ignore_constraints|ignore_dup_key|ignore_dup_row|ignore_triggers|image|immediate|implicit_transactions|include|include_null_values|incremental|index|inflectional|init|initiator|insensitive|insert|instead|int|integer|integrated|intersect|intermediate|interval_length_minutes|into|inuse_cursors|inuse_exec_context|io|is|isabout|iso_week|isolation|job_tracker_location|json|keep|keep_nulls|keep_replication|keepdefaults|keepfixed|keepidentity|keepnulls|kerberos|key|key_path|key_source|key_store_provider_name|keyset|kill|kilobytes_per_batch|labelonly|langid|language|last|lastrow|leading|legacy_cardinality_estimation|length|level|lifetime|lineage_80_to_100|lineage_100_to_80|listener_ip|listener_port|load|loadhistory|lob_compaction|local|local_service_name|locate|location|lock_escalation|lock_timeout|lockres|log|login|login_type|loop|manual|mark_in_use_for_removal|masked|master|match|matched|max_queue_readers|max_duration|max_outstanding_io_per_volume|maxdop|maxerrors|maxlength|maxtransfersize|max_plans_per_query|max_storage_size_mb|mediadescription|medianame|mediapassword|memogroup|memory_optimized|merge|message|message_forward_size|message_forwarding|microsecond|millisecond|minute(s)?|mirror_address|misses_cursors|misses_exec_context|mixed|modify|money|month|move|multi_user|must_change|name|namespace|nanosecond|native|native_compilation|nchar|ncharacter|nested_triggers|never|new_account|new_broker|newname|next|no|no_browsetable|no_checksum|no_compression|no_infomsgs|no_triggers|no_truncate|nocount|noexec|noexpand|noformat|noinit|nolock|nonatomic|nonclustered|nondurable|none|norecompute|norecovery|noreset|norewind|noskip|not|notification|nounload|now|nowait|ntext|ntlm|nulls|numeric|numeric_roundabort|nvarchar|object|objid|oem|offline|old_account|online|operation_mode|open|openjson|optimistic|option|orc|out|outer|output|over|override|owner|ownership|pad_index|page|page_checksum|page_verify|pagecount|paglock|param|parameter_sniffing|parameter_type_expansion|parameterization|parquet|parseonly|partial|partition|partner|password|path|pause|percentage|permission_set|persisted|period|physical_only|plan_forcing_mode|policy|pool|population|ports|preceding|precision|predicate|presume_abort|primary|primary_role|print|prior|priority |priority_level|private|proc(edure)?|procedure_name|profile|provider|quarter|query_capture_mode|query_governor_cost_limit|query_optimizer_hotfixes|query_store|queue|quoted_identifier|raiserror|range|raw|rcfile|rc2|rc4|rc4_128|rdbms|read_committed_snapshot|read|read_only|read_write|readcommitted|readcommittedlock|readonly|readpast|readuncommitted|readwrite|real|rebuild|receive|recmodel_70backcomp|recompile|reconfigure|recovery|recursive|recursive_triggers|redo_queue|reject_sample_value|reject_type|reject_value|relative|remote|remote_data_archive|remote_proc_transactions|remote_service_name|remove|removed_cursors|removed_exec_context|reorganize|repeat|repeatable|repeatableread|replace|replica|replicated|replnick_100_to_80|replnickarray_80_to_100|replnickarray_100_to_80|required|required_cursopt|resample|reset|resource|resource_manager_location|respect|restart|restore|restricted_user|resume|retaindays|retention|return|revert|rewind|rewindonly|returns|robust|role|rollup|root|round_robin|route|row|rowdump|rowguidcol|rowlock|row_terminator|rows|rows_per_batch|rowsets_only|rowterminator|rowversion|rsa_1024|rsa_2048|rsa_3072|rsa_4096|rsa_512|safe|safety|sample|save|scalar|schema|schemabinding|scoped|scroll|scroll_locks|sddl|second|secexpr|seconds|secondary|secondary_only|secondary_role|secret|security|securityaudit|selective|self|send|sent|sequence|serde_method|serializable|server|service|service_broker|service_name|service_objective|session_timeout|sessions??|seterror|setopts|sets|shard_map_manager|shard_map_name|sharded|shared_memory|shortest_path|show_statistics|showplan_all|showplan_text|showplan_xml|showplan_xml_with_recompile|shrinkdb|shutdown|sid|signature|simple|single_blob|single_clob|single_nclob|single_user|singleton|site|size|size_based_cleanup_mode|skip|smalldatetime|smallint|smallmoney|snapshot|snapshot_import|snapshotrestorephase|soap|softnuma|sort_in_tempdb|sorted_data|sorted_data_reorg|spatial|sql|sql_bigint|sql_binary|sql_bit|sql_char|sql_date|sql_decimal|sql_double|sql_float|sql_guid|sql_handle|sql_longvarbinary|sql_longvarchar|sql_numeric|sql_real|sql_smallint|sql_time|sql_timestamp|sql_tinyint|sql_tsi_day|sql_tsi_frac_second|sql_tsi_hour|sql_tsi_minute|sql_tsi_month|sql_tsi_quarter|sql_tsi_second|sql_tsi_week|sql_tsi_year|sql_type_date|sql_type_time|sql_type_timestamp|sql_varbinary|sql_varchar|sql_variant|sql_wchar|sql_wlongvarchar|ssl|ssl_port|standard|standby|start|start_date|started|stat_header|state|statement|static|statistics|statistics_incremental|statistics_norecompute|statistics_only|statman|stats|stats_stream|status|stop|stop_on_error|stopat|stopatmark|stopbeforemark|stoplist|stopped|string_delimiter|subject|supplemental_logging|supported|suspend|symmetric|synchronous_commit|synonym|sysname|system|system_time|system_versioning|table|tableresults|tablockx??|take|tape|target|target_index|target_partition|target_recovery_time|tcp|temporal_history_retention|text|textimage_on|then|thesaurus|throw|time|timeout|timestamp|tinyint|top??|torn_page_detection|track_columns_updated|trailing|tran|transaction|transfer|transform_noise_words|triple_des|triple_des_3key|truncate|trustworthy|try|tsql|two_digit_year_cutoff|type|type_desc|type_warning|tzoffset|uid|unbounded|uncommitted|unique|uniqueidentifier|unlimited|unload|unlock|unsafe|updlock|url|use|useplan|useroptions|use_type_default|using|utcdatetime|valid_xml|validation|values??|varbinary|varchar|vector|verbose|verifyonly|version|view_metadata|virtual_device|visiblity|wait_at_low_priority|waitfor|webmethod|week|weekday|weight|well_formed_xml|when|while|widechar|widechar_ansi|widenative|windows??|with|within|within group|witness|without|without_array_wrapper|workload|wsdl|xact_abort|xlock|xml|xmlschema|xquery|xsinil|year|zone)\\\\b","name":"keyword.other.sql"},{"captures":{"1":{"name":"punctuation.section.scope.begin.sql"},"2":{"name":"punctuation.section.scope.end.sql"}},"match":"(\\\\()(\\\\))","name":"meta.block.sql"}],"repository":{"comment-block":{"begin":"/\\\\*","captures":{"0":{"name":"punctuation.definition.comment.sql"}},"end":"\\\\*/","name":"comment.block","patterns":[{"include":"#comment-block"}]},"comments":{"patterns":[{"begin":"(^[\\\\t ]+)?(?=--)","beginCaptures":{"1":{"name":"punctuation.whitespace.comment.leading.sql"}},"end":"(?!\\\\G)","patterns":[{"begin":"--","beginCaptures":{"0":{"name":"punctuation.definition.comment.sql"}},"end":"\\\\n","name":"comment.line.double-dash.sql"}]},{"begin":"(^[\\\\t ]+)?(?=#)","beginCaptures":{"1":{"name":"punctuation.whitespace.comment.leading.sql"}},"end":"(?!\\\\G)","patterns":[]},{"include":"#comment-block"}]},"regexps":{"patterns":[{"begin":"/(?=\\\\S.*/)","beginCaptures":{"0":{"name":"punctuation.definition.string.begin.sql"}},"end":"/","endCaptures":{"0":{"name":"punctuation.definition.string.end.sql"}},"name":"string.regexp.sql","patterns":[{"include":"#string_interpolation"},{"match":"\\\\\\\\/","name":"constant.character.escape.slash.sql"}]},{"begin":"%r\\\\{","beginCaptures":{"0":{"name":"punctuation.definition.string.begin.sql"}},"end":"}","endCaptures":{"0":{"name":"punctuation.definition.string.end.sql"}},"name":"string.regexp.modr.sql","patterns":[{"include":"#string_interpolation"}]}]},"string_escape":{"match":"\\\\\\\\.","name":"constant.character.escape.sql"},"string_interpolation":{"captures":{"1":{"name":"punctuation.definition.string.begin.sql"},"3":{"name":"punctuation.definition.string.end.sql"}},"match":"(#\\\\{)([^}]*)(})","name":"string.interpolated.sql"},"strings":{"patterns":[{"captures":{"2":{"name":"punctuation.definition.string.begin.sql"},"3":{"name":"punctuation.definition.string.end.sql"}},"match":"(N)?(\')[^\']*(\')","name":"string.quoted.single.sql"},{"begin":"\'","beginCaptures":{"0":{"name":"punctuation.definition.string.begin.sql"}},"end":"\'","endCaptures":{"0":{"name":"punctuation.definition.string.end.sql"}},"name":"string.quoted.single.sql","patterns":[{"include":"#string_escape"}]},{"captures":{"1":{"name":"punctuation.definition.string.begin.sql"},"2":{"name":"punctuation.definition.string.end.sql"}},"match":"(`)[^\\\\\\\\`]*(`)","name":"string.quoted.other.backtick.sql"},{"begin":"`","beginCaptures":{"0":{"name":"punctuation.definition.string.begin.sql"}},"end":"`","endCaptures":{"0":{"name":"punctuation.definition.string.end.sql"}},"name":"string.quoted.other.backtick.sql","patterns":[{"include":"#string_escape"}]},{"captures":{"1":{"name":"punctuation.definition.string.begin.sql"},"2":{"name":"punctuation.definition.string.end.sql"}},"match":"(\\")[^\\"#]*(\\")","name":"string.quoted.double.sql"},{"begin":"\\"","beginCaptures":{"0":{"name":"punctuation.definition.string.begin.sql"}},"end":"\\"","endCaptures":{"0":{"name":"punctuation.definition.string.end.sql"}},"name":"string.quoted.double.sql","patterns":[{"include":"#string_interpolation"}]},{"begin":"%\\\\{","beginCaptures":{"0":{"name":"punctuation.definition.string.begin.sql"}},"end":"}","endCaptures":{"0":{"name":"punctuation.definition.string.end.sql"}},"name":"string.other.quoted.brackets.sql","patterns":[{"include":"#string_interpolation"}]}]}},"scopeName":"source.sql"}')),ql=[g_],f_=Object.freeze(JSON.parse(`{"displayName":"PHP","name":"php","patterns":[{"include":"#attribute"},{"include":"#comments"},{"captures":{"1":{"name":"keyword.other.namespace.php"},"2":{"name":"entity.name.type.namespace.php","patterns":[{"match":"\\\\\\\\","name":"punctuation.separator.inheritance.php"}]}},"match":"(?i)(?:^|(?<=<\\\\?php))\\\\s*(namespace)\\\\s+([0-9\\\\\\\\_a-z\\\\x7F-\\\\x{10FFFF}]+)(?=\\\\s*;)","name":"meta.namespace.php"},{"begin":"(?i)(?:^|(?<=<\\\\?php))\\\\s*(namespace)\\\\s+","beginCaptures":{"1":{"name":"keyword.other.namespace.php"}},"end":"(?<=})|(?=\\\\?>)","name":"meta.namespace.php","patterns":[{"include":"#comments"},{"captures":{"0":{"patterns":[{"match":"\\\\\\\\","name":"punctuation.separator.inheritance.php"}]}},"match":"(?i)[0-9\\\\\\\\_a-z\\\\x7F-\\\\x{10FFFF}]+","name":"entity.name.type.namespace.php"},{"begin":"\\\\{","beginCaptures":{"0":{"name":"punctuation.definition.namespace.begin.bracket.curly.php"}},"end":"}|(?=\\\\?>)","endCaptures":{"0":{"name":"punctuation.definition.namespace.end.bracket.curly.php"}},"patterns":[{"include":"$self"}]},{"match":"\\\\S+","name":"invalid.illegal.identifier.php"}]},{"match":"\\\\s+(?=use\\\\b)"},{"begin":"(?i)\\\\buse\\\\b","beginCaptures":{"0":{"name":"keyword.other.use.php"}},"end":"(?<=})|(?=;)|(?=\\\\?>)","name":"meta.use.php","patterns":[{"match":"\\\\b(const|function)\\\\b","name":"storage.type.\${1:/downcase}.php"},{"begin":"\\\\{","beginCaptures":{"0":{"name":"punctuation.definition.use.begin.bracket.curly.php"}},"end":"}","endCaptures":{"0":{"name":"punctuation.definition.use.end.bracket.curly.php"}},"patterns":[{"include":"#scope-resolution"},{"captures":{"1":{"name":"keyword.other.use-as.php"},"2":{"name":"storage.modifier.php"},"3":{"name":"entity.other.alias.php"}},"match":"(?i)\\\\b(as)\\\\s+(final|abstract|public|private|protected|static)\\\\s+([_a-z\\\\x7F-\\\\x{10FFFF}][0-9_a-z\\\\x7F-\\\\x{10FFFF}]*)"},{"captures":{"1":{"name":"keyword.other.use-as.php"},"2":{"patterns":[{"match":"^(?:final|abstract|public|private|protected|static)$","name":"storage.modifier.php"},{"match":".+","name":"entity.other.alias.php"}]}},"match":"(?i)\\\\b(as)\\\\s+([_a-z\\\\x7F-\\\\x{10FFFF}][0-9_a-z\\\\x7F-\\\\x{10FFFF}]*)"},{"captures":{"1":{"name":"keyword.other.use-insteadof.php"},"2":{"name":"support.class.php"}},"match":"(?i)\\\\b(insteadof)\\\\s+([_a-z\\\\x7F-\\\\x{10FFFF}][0-9_a-z\\\\x7F-\\\\x{10FFFF}]*)"},{"match":";","name":"punctuation.terminator.expression.php"},{"include":"#use-inner"}]},{"include":"#use-inner"}]},{"begin":"(?i)\\\\b(trait)\\\\s+([_a-z\\\\x7F-\\\\x{10FFFF}][0-9_a-z\\\\x7F-\\\\x{10FFFF}]*)","beginCaptures":{"1":{"name":"storage.type.trait.php"},"2":{"name":"entity.name.type.trait.php"}},"end":"}|(?=\\\\?>)","endCaptures":{"0":{"name":"punctuation.definition.trait.end.bracket.curly.php"}},"name":"meta.trait.php","patterns":[{"include":"#comments"},{"begin":"\\\\{","beginCaptures":{"0":{"name":"punctuation.definition.trait.begin.bracket.curly.php"}},"contentName":"meta.trait.body.php","end":"(?=}|\\\\?>)","patterns":[{"include":"$self"}]}]},{"begin":"(?i)\\\\b(interface)\\\\s+([_a-z\\\\x7F-\\\\x{10FFFF}][0-9_a-z\\\\x7F-\\\\x{10FFFF}]*)","beginCaptures":{"1":{"name":"storage.type.interface.php"},"2":{"name":"entity.name.type.interface.php"}},"end":"}|(?=\\\\?>)","endCaptures":{"0":{"name":"punctuation.definition.interface.end.bracket.curly.php"}},"name":"meta.interface.php","patterns":[{"include":"#comments"},{"include":"#interface-extends"},{"begin":"\\\\{","beginCaptures":{"0":{"name":"punctuation.definition.interface.begin.bracket.curly.php"}},"contentName":"meta.interface.body.php","end":"(?=}|\\\\?>)","patterns":[{"include":"#class-constant"},{"include":"$self"}]}]},{"begin":"(?i)\\\\b(enum)\\\\s+([_a-z\\\\x7F-\\\\x{10FFFF}][0-9_a-z\\\\x7F-\\\\x{10FFFF}]*)(?:\\\\s*(:)\\\\s*(int|string)\\\\b)?","beginCaptures":{"1":{"name":"storage.type.enum.php"},"2":{"name":"entity.name.type.enum.php"},"3":{"name":"keyword.operator.return-value.php"},"4":{"name":"keyword.other.type.php"}},"end":"}|(?=\\\\?>)","endCaptures":{"0":{"name":"punctuation.definition.enum.end.bracket.curly.php"}},"name":"meta.enum.php","patterns":[{"include":"#comments"},{"include":"#class-implements"},{"begin":"\\\\{","beginCaptures":{"0":{"name":"punctuation.definition.enum.begin.bracket.curly.php"}},"contentName":"meta.enum.body.php","end":"(?=}|\\\\?>)","patterns":[{"captures":{"1":{"name":"storage.modifier.php"},"2":{"name":"constant.enum.php"}},"match":"(?i)\\\\b(case)\\\\s*([_a-z\\\\x7F-\\\\x{10FFFF}][0-9_a-z\\\\x7F-\\\\x{10FFFF}]*)"},{"include":"#class-constant"},{"include":"$self"}]}]},{"begin":"(?i)\\\\b(?:((?:(?:final|abstract|readonly)\\\\s+)*)(class)\\\\s+([_a-z\\\\x7F-\\\\x{10FFFF}][0-9_a-z\\\\x7F-\\\\x{10FFFF}]*)|(new)\\\\b\\\\s*(#\\\\[.*])?\\\\s*(?:(readonly)\\\\s+)?\\\\b(class)\\\\b)","beginCaptures":{"1":{"patterns":[{"match":"final|abstract","name":"storage.modifier.\${0:/downcase}.php"},{"match":"readonly","name":"storage.modifier.php"}]},"2":{"name":"storage.type.class.php"},"3":{"name":"entity.name.type.class.php"},"4":{"name":"keyword.other.new.php"},"5":{"patterns":[{"include":"#attribute"}]},"6":{"name":"storage.modifier.php"},"7":{"name":"storage.type.class.php"}},"end":"}|(?=\\\\?>)","endCaptures":{"0":{"name":"punctuation.definition.class.end.bracket.curly.php"}},"name":"meta.class.php","patterns":[{"begin":"(?<=class)\\\\s*(\\\\()","beginCaptures":{"1":{"name":"punctuation.definition.arguments.begin.bracket.round.php"}},"end":"\\\\)|(?=\\\\?>)","endCaptures":{"0":{"name":"punctuation.definition.arguments.end.bracket.round.php"}},"name":"meta.function-call.php","patterns":[{"include":"#named-arguments"},{"include":"$self"}]},{"include":"#comments"},{"include":"#class-extends"},{"include":"#class-implements"},{"begin":"\\\\{","beginCaptures":{"0":{"name":"punctuation.definition.class.begin.bracket.curly.php"}},"contentName":"meta.class.body.php","end":"(?=}|\\\\?>)","patterns":[{"include":"#class-constant"},{"include":"$self"}]}]},{"include":"#match_statement"},{"include":"#switch_statement"},{"captures":{"1":{"name":"keyword.control.yield-from.php"}},"match":"\\\\s*\\\\b(yield\\\\s+from)\\\\b"},{"captures":{"1":{"name":"keyword.control.\${1:/downcase}.php"}},"match":"\\\\b(break|case|continue|declare|default|die|do|else(if)?|end(declare|for(each)?|if|switch|while)|exit|for(each)?|if|return|switch|use|while|yield)\\\\b"},{"begin":"(?i)\\\\b((?:require|include)(?:_once)?)(\\\\s+|(?=\\\\())","beginCaptures":{"1":{"name":"keyword.control.import.include.php"}},"end":"(?=[;\\\\s]|$|\\\\?>)","name":"meta.include.php","patterns":[{"include":"$self"}]},{"begin":"\\\\b(catch)\\\\s*(\\\\()","beginCaptures":{"1":{"name":"keyword.control.exception.catch.php"},"2":{"name":"punctuation.definition.parameters.begin.bracket.round.php"}},"end":"\\\\)","endCaptures":{"0":{"name":"punctuation.definition.parameters.end.bracket.round.php"}},"name":"meta.catch.php","patterns":[{"captures":{"1":{"patterns":[{"match":"\\\\|","name":"punctuation.separator.delimiter.php"},{"begin":"(?i)(?=[\\\\\\\\_a-z\\\\x7F-\\\\x{10FFFF}])","end":"(?i)([_a-z\\\\x7F-\\\\x{10FFFF}][0-9_a-z\\\\x7F-\\\\x{10FFFF}]*)(?![0-9\\\\\\\\_a-z\\\\x7F-\\\\x{10FFFF}])","endCaptures":{"1":{"name":"support.class.exception.php"}},"patterns":[{"include":"#namespace"}]}]},"2":{"name":"variable.other.php"},"3":{"name":"punctuation.definition.variable.php"}},"match":"(?i)([0-9\\\\\\\\_a-z\\\\x7F-\\\\x{10FFFF}]+(?:\\\\s*\\\\|\\\\s*[0-9\\\\\\\\_a-z\\\\x7F-\\\\x{10FFFF}]+)*)\\\\s*((\\\\$+)[_a-z\\\\x7F-\\\\x{10FFFF}][0-9_a-z\\\\x7F-\\\\x{10FFFF}]*)?"}]},{"match":"\\\\b(catch|try|throw|exception|finally)\\\\b","name":"keyword.control.exception.php"},{"begin":"(?i)\\\\b(function)\\\\s*(?=&?\\\\s*\\\\()","beginCaptures":{"1":{"name":"storage.type.function.php"}},"end":"(?=\\\\s*\\\\{)","name":"meta.function.closure.php","patterns":[{"include":"#comments"},{"begin":"(&)?\\\\s*(\\\\()","beginCaptures":{"1":{"name":"storage.modifier.reference.php"},"2":{"name":"punctuation.definition.parameters.begin.bracket.round.php"}},"contentName":"meta.function.parameters.php","end":"\\\\)","endCaptures":{"0":{"name":"punctuation.definition.parameters.end.bracket.round.php"}},"patterns":[{"include":"#function-parameters"}]},{"begin":"(?i)(use)\\\\s*(\\\\()","beginCaptures":{"1":{"name":"keyword.other.function.use.php"},"2":{"name":"punctuation.definition.parameters.begin.bracket.round.php"}},"end":"\\\\)","endCaptures":{"0":{"name":"punctuation.definition.parameters.end.bracket.round.php"}},"name":"meta.function.closure.use.php","patterns":[{"match":",","name":"punctuation.separator.delimiter.php"},{"captures":{"1":{"name":"variable.other.php"},"2":{"name":"storage.modifier.reference.php"},"3":{"name":"punctuation.definition.variable.php"}},"match":"(?i)((?:(&)\\\\s*)?(\\\\$+)[_a-z\\\\x7F-\\\\x{10FFFF}][0-9_a-z\\\\x7F-\\\\x{10FFFF}]*)\\\\s*(?=[),])"}]},{"captures":{"1":{"name":"keyword.operator.return-value.php"},"2":{"patterns":[{"include":"#php-types"}]}},"match":"(?i)(:)\\\\s*((?:\\\\?\\\\s*)?[0-9\\\\\\\\_a-z\\\\x7F-\\\\x{10FFFF}]+|(?:[0-9\\\\\\\\_a-z\\\\x7F-\\\\x{10FFFF}]+|\\\\(\\\\s*[0-9\\\\\\\\_a-z\\\\x7F-\\\\x{10FFFF}]+(?:\\\\s*&\\\\s*[0-9\\\\\\\\_a-z\\\\x7F-\\\\x{10FFFF}]+)+\\\\s*\\\\))(?:\\\\s*[\\\\&|]\\\\s*(?:[0-9\\\\\\\\_a-z\\\\x7F-\\\\x{10FFFF}]+|\\\\(\\\\s*[0-9\\\\\\\\_a-z\\\\x7F-\\\\x{10FFFF}]+(?:\\\\s*&\\\\s*[0-9\\\\\\\\_a-z\\\\x7F-\\\\x{10FFFF}]+)+\\\\s*\\\\)))+)(?=\\\\s*(?:\\\\{|/[*/]|#|$))"}]},{"begin":"(?i)\\\\b(fn)\\\\s*(?=&?\\\\s*\\\\()","beginCaptures":{"1":{"name":"storage.type.function.php"}},"end":"=>","endCaptures":{"0":{"name":"punctuation.definition.arrow.php"}},"name":"meta.function.closure.php","patterns":[{"begin":"(?:(&)\\\\s*)?(\\\\()","beginCaptures":{"1":{"name":"storage.modifier.reference.php"},"2":{"name":"punctuation.definition.parameters.begin.bracket.round.php"}},"contentName":"meta.function.parameters.php","end":"\\\\)","endCaptures":{"0":{"name":"punctuation.definition.parameters.end.bracket.round.php"}},"patterns":[{"include":"#function-parameters"}]},{"captures":{"1":{"name":"keyword.operator.return-value.php"},"2":{"patterns":[{"include":"#php-types"}]}},"match":"(?i)(:)\\\\s*((?:\\\\?\\\\s*)?[0-9\\\\\\\\_a-z\\\\x7F-\\\\x{10FFFF}]+|(?:[0-9\\\\\\\\_a-z\\\\x7F-\\\\x{10FFFF}]+|\\\\(\\\\s*[0-9\\\\\\\\_a-z\\\\x7F-\\\\x{10FFFF}]+(?:\\\\s*&\\\\s*[0-9\\\\\\\\_a-z\\\\x7F-\\\\x{10FFFF}]+)+\\\\s*\\\\))(?:\\\\s*[\\\\&|]\\\\s*(?:[0-9\\\\\\\\_a-z\\\\x7F-\\\\x{10FFFF}]+|\\\\(\\\\s*[0-9\\\\\\\\_a-z\\\\x7F-\\\\x{10FFFF}]+(?:\\\\s*&\\\\s*[0-9\\\\\\\\_a-z\\\\x7F-\\\\x{10FFFF}]+)+\\\\s*\\\\)))+)(?=\\\\s*(?:=>|/[*/]|#|$))"}]},{"begin":"((?:(?:final|abstract|public|private|protected)\\\\s+)*)(function)\\\\s+(__construct)\\\\s*(\\\\()","beginCaptures":{"1":{"patterns":[{"match":"final|abstract|public|private|protected","name":"storage.modifier.php"}]},"2":{"name":"storage.type.function.php"},"3":{"name":"support.function.constructor.php"},"4":{"name":"punctuation.definition.parameters.begin.bracket.round.php"}},"contentName":"meta.function.parameters.php","end":"(?i)(\\\\))\\\\s*(:\\\\s*(?:\\\\?\\\\s*)?(?!\\\\s)[\\\\&()0-9\\\\\\\\_a-z|\\\\x7F-\\\\x{10FFFF}\\\\s]+(?<!\\\\s))?(?=\\\\s*(?:\\\\{|/[*/]|#|$|;))","endCaptures":{"1":{"name":"punctuation.definition.parameters.end.bracket.round.php"},"2":{"name":"invalid.illegal.return-type.php"}},"name":"meta.function.php","patterns":[{"include":"#comments"},{"match":",","name":"punctuation.separator.delimiter.php"},{"begin":"(?i)((?:(?:p(?:ublic|rivate|rotected)(?:\\\\(set\\\\))?|readonly)(?:\\\\s+|(?=\\\\?)))++)(?:((?:\\\\?\\\\s*)?[0-9\\\\\\\\_a-z\\\\x7F-\\\\x{10FFFF}]+|(?:[0-9\\\\\\\\_a-z\\\\x7F-\\\\x{10FFFF}]+|\\\\(\\\\s*[0-9\\\\\\\\_a-z\\\\x7F-\\\\x{10FFFF}]+(?:\\\\s*&\\\\s*[0-9\\\\\\\\_a-z\\\\x7F-\\\\x{10FFFF}]+)+\\\\s*\\\\))(?:\\\\s*[\\\\&|]\\\\s*(?:[0-9\\\\\\\\_a-z\\\\x7F-\\\\x{10FFFF}]+|\\\\(\\\\s*[0-9\\\\\\\\_a-z\\\\x7F-\\\\x{10FFFF}]+(?:\\\\s*&\\\\s*[0-9\\\\\\\\_a-z\\\\x7F-\\\\x{10FFFF}]+)+\\\\s*\\\\)))+)\\\\s+)?((?:(&)\\\\s*)?(\\\\$)[_a-z\\\\x7F-\\\\x{10FFFF}][0-9_a-z\\\\x7F-\\\\x{10FFFF}]*)","beginCaptures":{"1":{"patterns":[{"match":"p(?:ublic|rivate|rotected)(?:\\\\(set\\\\))?|readonly","name":"storage.modifier.php"}]},"2":{"patterns":[{"include":"#php-types"}]},"3":{"name":"variable.other.php"},"4":{"name":"storage.modifier.reference.php"},"5":{"name":"punctuation.definition.variable.php"}},"end":"(?=\\\\s*(?:[),]|/[*/]|#))","name":"meta.function.parameter.promoted-property.php","patterns":[{"begin":"=","beginCaptures":{"0":{"name":"keyword.operator.assignment.php"}},"end":"(?=\\\\s*(?:[),]|/[*/]|#))","patterns":[{"include":"#parameter-default-types"}]}]},{"include":"#function-parameters"}]},{"begin":"((?:(?:final|abstract|public|private|protected|static)\\\\s+)*)(function)\\\\s+(?i:(__(?:call|construct|debugInfo|destruct|get|set|isset|unset|toString|clone|set_state|sleep|wakeup|autoload|invoke|callStatic|serialize|unserialize))|(&)?\\\\s*([A-Z_a-z\\\\x7F-\\\\x{10FFFF}][0-9A-Z_a-z\\\\x7F-\\\\x{10FFFF}]*))\\\\s*(\\\\()","beginCaptures":{"1":{"patterns":[{"match":"final|abstract|public|private|protected|static","name":"storage.modifier.php"}]},"2":{"name":"storage.type.function.php"},"3":{"name":"support.function.magic.php"},"4":{"name":"storage.modifier.reference.php"},"5":{"name":"entity.name.function.php"},"6":{"name":"punctuation.definition.parameters.begin.bracket.round.php"}},"contentName":"meta.function.parameters.php","end":"(?i)(\\\\))(?:\\\\s*(:)\\\\s*((?:\\\\?\\\\s*)?[0-9\\\\\\\\_a-z\\\\x7F-\\\\x{10FFFF}]+|(?:[0-9\\\\\\\\_a-z\\\\x7F-\\\\x{10FFFF}]+|\\\\(\\\\s*[0-9\\\\\\\\_a-z\\\\x7F-\\\\x{10FFFF}]+(?:\\\\s*&\\\\s*[0-9\\\\\\\\_a-z\\\\x7F-\\\\x{10FFFF}]+)+\\\\s*\\\\))(?:\\\\s*[\\\\&|]\\\\s*(?:[0-9\\\\\\\\_a-z\\\\x7F-\\\\x{10FFFF}]+|\\\\(\\\\s*[0-9\\\\\\\\_a-z\\\\x7F-\\\\x{10FFFF}]+(?:\\\\s*&\\\\s*[0-9\\\\\\\\_a-z\\\\x7F-\\\\x{10FFFF}]+)+\\\\s*\\\\)))+))?(?=\\\\s*(?:\\\\{|/[*/]|#|$|;))","endCaptures":{"1":{"name":"punctuation.definition.parameters.end.bracket.round.php"},"2":{"name":"keyword.operator.return-value.php"},"3":{"patterns":[{"match":"\\\\b(static)\\\\b","name":"storage.type.php"},{"match":"\\\\b(never)\\\\b","name":"keyword.other.type.never.php"},{"include":"#php-types"}]}},"name":"meta.function.php","patterns":[{"include":"#function-parameters"}]},{"captures":{"1":{"patterns":[{"match":"p(?:ublic|rivate|rotected)(?:\\\\(set\\\\))?|static|readonly","name":"storage.modifier.php"}]},"2":{"patterns":[{"include":"#php-types"}]},"3":{"name":"variable.other.php"},"4":{"name":"punctuation.definition.variable.php"}},"match":"(?i)((?:(?:p(?:ublic|rivate|rotected)(?:\\\\(set\\\\))?|static|readonly)(?:\\\\s+|(?=\\\\?)))++)((?:\\\\?\\\\s*)?[0-9\\\\\\\\_a-z\\\\x7F-\\\\x{10FFFF}]+|(?:[0-9\\\\\\\\_a-z\\\\x7F-\\\\x{10FFFF}]+|\\\\(\\\\s*[0-9\\\\\\\\_a-z\\\\x7F-\\\\x{10FFFF}]+(?:\\\\s*&\\\\s*[0-9\\\\\\\\_a-z\\\\x7F-\\\\x{10FFFF}]+)+\\\\s*\\\\))(?:\\\\s*[\\\\&|]\\\\s*(?:[0-9\\\\\\\\_a-z\\\\x7F-\\\\x{10FFFF}]+|\\\\(\\\\s*[0-9\\\\\\\\_a-z\\\\x7F-\\\\x{10FFFF}]+(?:\\\\s*&\\\\s*[0-9\\\\\\\\_a-z\\\\x7F-\\\\x{10FFFF}]+)+\\\\s*\\\\)))+)?\\\\s+((\\\\$)[_a-z\\\\x7F-\\\\x{10FFFF}][0-9_a-z\\\\x7F-\\\\x{10FFFF}]*)"},{"include":"#invoke-call"},{"include":"#scope-resolution"},{"include":"#variables"},{"include":"#strings"},{"captures":{"1":{"name":"support.function.construct.php"},"2":{"name":"punctuation.definition.array.begin.bracket.round.php"},"3":{"name":"punctuation.definition.array.end.bracket.round.php"}},"match":"(array)(\\\\()(\\\\))","name":"meta.array.empty.php"},{"begin":"(array)\\\\s*(\\\\()","beginCaptures":{"1":{"name":"support.function.construct.php"},"2":{"name":"punctuation.definition.array.begin.bracket.round.php"}},"end":"\\\\)|(?=\\\\?>)","endCaptures":{"0":{"name":"punctuation.definition.array.end.bracket.round.php"}},"name":"meta.array.php","patterns":[{"include":"$self"}]},{"captures":{"1":{"name":"punctuation.definition.storage-type.begin.bracket.round.php"},"2":{"name":"storage.type.php"},"3":{"name":"punctuation.definition.storage-type.end.bracket.round.php"}},"match":"(?i)(\\\\()\\\\s*(array|real|double|float|int(?:eger)?|bool(?:ean)?|string|object|binary|unset)\\\\s*(\\\\))"},{"match":"(?i)\\\\b(array|real|double|float|int(eger)?|bool(ean)?|string|class|var|function|interface|trait|parent|self|object|mixed)\\\\b","name":"storage.type.php"},{"match":"(?i)\\\\bconst\\\\b","name":"storage.type.const.php"},{"match":"(?i)\\\\b(global|abstract|final|private|protected|public|static)\\\\b","name":"storage.modifier.php"},{"include":"#object"},{"match":";","name":"punctuation.terminator.expression.php"},{"match":":","name":"punctuation.terminator.statement.php"},{"include":"#heredoc"},{"include":"#numbers"},{"match":"(?i)\\\\bclone\\\\b","name":"keyword.other.clone.php"},{"match":"\\\\.\\\\.\\\\.","name":"keyword.operator.spread.php"},{"match":"\\\\.=?","name":"keyword.operator.string.php"},{"match":"=>","name":"keyword.operator.key.php"},{"captures":{"1":{"name":"keyword.operator.assignment.php"},"2":{"name":"storage.modifier.reference.php"},"3":{"name":"storage.modifier.reference.php"}},"match":"(?i)(=)(&)|(&)(?=[$_a-z])"},{"match":"@","name":"keyword.operator.error-control.php"},{"match":"===?|!==?|<>","name":"keyword.operator.comparison.php"},{"match":"(?:|[-+]|\\\\*\\\\*?|[%\\\\&/^|]|<<|>>|\\\\?\\\\?)=","name":"keyword.operator.assignment.php"},{"match":"<=>?|>=|[<>]","name":"keyword.operator.comparison.php"},{"match":"--|\\\\+\\\\+","name":"keyword.operator.increment-decrement.php"},{"match":"[-+]|\\\\*\\\\*?|[%/]","name":"keyword.operator.arithmetic.php"},{"match":"(?i)(!|&&|\\\\|\\\\|)|\\\\b(and|or|xor|as)\\\\b","name":"keyword.operator.logical.php"},{"include":"#function-call"},{"match":"<<|>>|[\\\\&^|~]","name":"keyword.operator.bitwise.php"},{"begin":"(?i)\\\\b(instanceof)\\\\s+(?=[$\\\\\\\\_a-z])","beginCaptures":{"1":{"name":"keyword.operator.type.php"}},"end":"(?i)(?=[^$0-9\\\\\\\\_a-z\\\\x7F-\\\\x{10FFFF}])","patterns":[{"include":"#class-name"},{"include":"#variable-name"}]},{"include":"#instantiation"},{"captures":{"1":{"name":"keyword.control.goto.php"},"2":{"name":"support.other.php"}},"match":"(?i)(goto)\\\\s+([_a-z\\\\x7F-\\\\x{10FFFF}][0-9_a-z\\\\x7F-\\\\x{10FFFF}]*)"},{"captures":{"1":{"name":"entity.name.goto-label.php"}},"match":"(?i)^\\\\s*([_a-z\\\\x7F-\\\\x{10FFFF}][0-9_a-z\\\\x7F-\\\\x{10FFFF}]*(?<!default|else))\\\\s*:(?!:)"},{"include":"#string-backtick"},{"include":"#ternary_shorthand"},{"include":"#null_coalescing"},{"include":"#ternary_expression"},{"begin":"\\\\{","beginCaptures":{"0":{"name":"punctuation.definition.begin.bracket.curly.php"}},"end":"}|(?=\\\\?>)","endCaptures":{"0":{"name":"punctuation.definition.end.bracket.curly.php"}},"patterns":[{"include":"$self"}]},{"begin":"\\\\[","beginCaptures":{"0":{"name":"punctuation.section.array.begin.php"}},"end":"]|(?=\\\\?>)","endCaptures":{"0":{"name":"punctuation.section.array.end.php"}},"patterns":[{"include":"$self"}]},{"begin":"\\\\(","beginCaptures":{"0":{"name":"punctuation.definition.begin.bracket.round.php"}},"end":"\\\\)|(?=\\\\?>)","endCaptures":{"0":{"name":"punctuation.definition.end.bracket.round.php"}},"patterns":[{"include":"$self"}]},{"include":"#constants"},{"match":",","name":"punctuation.separator.delimiter.php"}],"repository":{"attribute":{"begin":"#\\\\[","end":"]","name":"meta.attribute.php","patterns":[{"match":",","name":"punctuation.separator.delimiter.php"},{"begin":"([0-9A-Z\\\\\\\\_a-z\\\\x7F-\\\\x{10FFFF}]+)\\\\s*(\\\\()","beginCaptures":{"1":{"patterns":[{"include":"#attribute-name"}]},"2":{"name":"punctuation.definition.arguments.begin.bracket.round.php"}},"end":"\\\\)","endCaptures":{"0":{"name":"punctuation.definition.arguments.end.bracket.round.php"}},"patterns":[{"include":"#named-arguments"},{"include":"$self"}]},{"include":"#attribute-name"}]},"attribute-name":{"patterns":[{"begin":"(?i)(?=\\\\\\\\?[_a-z\\\\x7F-\\\\x{10FFFF}][0-9_a-z\\\\x7F-\\\\x{10FFFF}]*\\\\\\\\)","end":"(?i)([_a-z\\\\x7F-\\\\x{10FFFF}][0-9_a-z\\\\x7F-\\\\x{10FFFF}]*)?(?![0-9\\\\\\\\_a-z\\\\x7F-\\\\x{10FFFF}])","endCaptures":{"1":{"name":"support.attribute.php"}},"patterns":[{"include":"#namespace"}]},{"captures":{"1":{"name":"punctuation.separator.inheritance.php"}},"match":"(?i)(\\\\\\\\)?\\\\b(Attribute|SensitiveParameter|AllowDynamicProperties|ReturnTypeWillChange|Override|Deprecated)\\\\b","name":"support.attribute.builtin.php"},{"begin":"(?i)(?=[\\\\\\\\_a-z\\\\x7F-\\\\x{10FFFF}])","end":"(?i)([_a-z\\\\x7F-\\\\x{10FFFF}][0-9_a-z\\\\x7F-\\\\x{10FFFF}]*)?(?![0-9\\\\\\\\_a-z\\\\x7F-\\\\x{10FFFF}])","endCaptures":{"1":{"name":"support.attribute.php"}},"patterns":[{"include":"#namespace"}]}]},"class-builtin":{"patterns":[{"captures":{"1":{"name":"punctuation.separator.inheritance.php"}},"match":"(?i)(\\\\\\\\)?\\\\b(Attribute|(A(?:PC|ppend))Iterator|Array(Access|Iterator|Object)|Bad(Function|Method)CallException|(Ca(?:ching|llbackFilter))Iterator|Collator|Collectable|Cond|Countable|CURLFile|Date(Interval|Period|Time(Interface|Immutable|Zone)?)?|Directory(Iterator)?|DomainException|DOM(Attr|CdataSection|CharacterData|Comment|Document(Fragment)?|Element|EntityReference|Implementation|NamedNodeMap|Node(list)?|ProcessingInstruction|Text|XPath)|(Error)?Exception|EmptyIterator|finfo|Ev(Check|Child|Embed|Fork|Idle|Io|Loop|Periodic|Prepare|Signal|Stat|Timer|Watcher)?|Event(Base|Buffer(Event)?|SslContext|Http(Request|Connection)?|Config|DnsBase|Util|Listener)?|FANNConnection|(Fil(?:ter|esystem))Iterator|Gender\\\\\\\\Gender|GlobIterator|Gmagick(Draw|Pixel)?|Haru(Annotation|Destination|Doc|Encoder|Font|Image|Outline|Page)|Http(((?:In|De)flate)?Stream|Message|Request(Pool)?|Response|QueryString)|HRTime\\\\\\\\(PerformanceCounter|StopWatch)|Intl(Calendar|((CodePoint|RuleBased)?Break|Parts)?Iterator|DateFormatter|TimeZone)|Imagick(Draw|Pixel(Iterator)?)?|InfiniteIterator|InvalidArgumentException|Iterator(Aggregate|Iterator)?|JsonSerializable|KTaglib_(MPEG_(File|AudioProperties)|Tag|ID3v2_(Tag|(AttachedPicture)?Frame))|Lapack|(L(?:ength|ocale|ogic))Exception|LimitIterator|Lua(Closure)?|Mongo(BinData|Client|Code|Collection|CommandCursor|Cursor(Exception)?|Date|DB(Ref)?|DeleteBatch|Grid(FS(Cursor|File)?)|Id|InsertBatch|Int(32|64)|Log|Pool|Regex|ResultException|Timestamp|UpdateBatch|Write(Batch|ConcernException))?|Memcache(d)?|MessageFormatter|MultipleIterator|Mutex|mysqli(_(driver|stmt|warning|result))?|MysqlndUh(Connection|PreparedStatement)|NoRewindIterator|Normalizer|NumberFormatter|OCI-(Collection|Lob)|OuterIterator|(O(?:utOf(Bounds|Range)|verflow))Exception|ParentIterator|PDO(Statement)?|Phar(Data|FileInfo)?|php_user_filter|Pool|QuickHash(Int(S(?:et|tringHash))|StringIntHash)|Recursive(Array|Caching|Directory|Fallback|Filter|Iterator|Regex|Tree)?Iterator|Reflection(Attribute|Class(Constant)?|Constant|Enum((?:Unit|Backed)Case)?|Fiber|Function(Abstract)?|Generator|(Named|Union|Intersection)?Type|Method|Object|Parameter|Property|Reference|(Zend)?Extension)?|RangeException|Reflector|RegexIterator|ResourceBundle|RuntimeException|RRD(Creator|Graph|Updater)|SAM(Connection|Message)|SCA(_((?:Soap|Local)Proxy))?|SDO_(DAS_(ChangeSummary|Data(Factory|Object)|Relational|Setting|XML(_Document)?)|Data(Factory|Object)|Exception|List|Model_(Property|ReflectionDataObject|Type)|Sequence)|SeekableIterator|Serializable|SessionHandler(Interface)?|SimpleXML(Iterator|Element)|SNMP|Soap(Client|Fault|Header|Param|Server|Var)|SphinxClient|Spoofchecker|Spl(DoublyLinkedList|Enum|File(Info|Object)|FixedArray|(M(?:ax|in))?Heap|Observer|ObjectStorage|(Priority)?Queue|Stack|Subject|Type|TempFileObject)|SQLite(3(Result|Stmt)?|Database|Result|Unbuffered)|stdClass|streamWrapper|SVM(Model)?|Swish(Result(s)?|Search)?|Sync(Event|Mutex|ReaderWriter|Semaphore)|Thread(ed)?|tidy(Node)?|TokyoTyrant(Table|Iterator|Query)?|Transliterator|Traversable|UConverter|(Un(?:derflow|expectedValue))Exception|V8Js(Exception)?|Varnish(Admin|Log|Stat)|Worker|Weak(Map|Ref)|XML(Diff\\\\\\\\(Base|DOM|File|Memory)|Reader|Writer)|XsltProcessor|Yaf_(Route_(Interface|Map|Regex|Rewrite|Simple|Supervar)|Action_Abstract|Application|Config_(Simple|Ini|Abstract)|Controller_Abstract|Dispatcher|Exception|Loader|Plugin_Abstract|Registry|Request_(Abstract|Simple|Http)|Response_Abstract|Router|Session|View_(Simple|Interface))|Yar_(Client(_Exception)?|Concurrent_Client|Server(_Exception)?)|ZipArchive|ZMQ(Context|Device|Poll|Socket)?)\\\\b","name":"support.class.builtin.php"}]},"class-constant":{"patterns":[{"captures":{"1":{"name":"storage.type.const.php"},"2":{"patterns":[{"include":"#php-types"}]},"3":{"name":"constant.other.php"}},"match":"(?i)\\\\b(const)\\\\s+(?:((?:\\\\?\\\\s*)?[0-9\\\\\\\\_a-z\\\\x7F-\\\\x{10FFFF}]+|(?:[0-9\\\\\\\\_a-z\\\\x7F-\\\\x{10FFFF}]+|\\\\(\\\\s*[0-9\\\\\\\\_a-z\\\\x7F-\\\\x{10FFFF}]+(?:\\\\s*&\\\\s*[0-9\\\\\\\\_a-z\\\\x7F-\\\\x{10FFFF}]+)+\\\\s*\\\\))(?:\\\\s*[\\\\&|]\\\\s*(?:[0-9\\\\\\\\_a-z\\\\x7F-\\\\x{10FFFF}]+|\\\\(\\\\s*[0-9\\\\\\\\_a-z\\\\x7F-\\\\x{10FFFF}]+(?:\\\\s*&\\\\s*[0-9\\\\\\\\_a-z\\\\x7F-\\\\x{10FFFF}]+)+\\\\s*\\\\)))+)\\\\s+)?([_a-z\\\\x7F-\\\\x{10FFFF}][0-9_a-z\\\\x7F-\\\\x{10FFFF}]*)"}]},"class-extends":{"patterns":[{"begin":"(?i)(extends)\\\\s+","beginCaptures":{"1":{"name":"storage.modifier.extends.php"}},"end":"(?i)(?=[^0-9A-Z\\\\\\\\_a-z\\\\x7F-\\\\x{10FFFF}])","patterns":[{"include":"#comments"},{"include":"#inheritance-single"}]}]},"class-implements":{"patterns":[{"begin":"(?i)(implements)\\\\s+","beginCaptures":{"1":{"name":"storage.modifier.implements.php"}},"end":"(?i)(?=\\\\{)","patterns":[{"include":"#comments"},{"match":",","name":"punctuation.separator.classes.php"},{"include":"#inheritance-single"}]}]},"class-name":{"patterns":[{"begin":"(?i)(?=\\\\\\\\?[_a-z\\\\x7F-\\\\x{10FFFF}][0-9_a-z\\\\x7F-\\\\x{10FFFF}]*\\\\\\\\)","end":"(?i)([_a-z\\\\x7F-\\\\x{10FFFF}][0-9_a-z\\\\x7F-\\\\x{10FFFF}]*)?(?![0-9\\\\\\\\_a-z\\\\x7F-\\\\x{10FFFF}])","endCaptures":{"1":{"name":"support.class.php"}},"patterns":[{"include":"#namespace"}]},{"include":"#class-builtin"},{"begin":"(?i)(?=[\\\\\\\\_a-z\\\\x7F-\\\\x{10FFFF}])","end":"(?i)([_a-z\\\\x7F-\\\\x{10FFFF}][0-9_a-z\\\\x7F-\\\\x{10FFFF}]*)?(?![0-9\\\\\\\\_a-z\\\\x7F-\\\\x{10FFFF}])","endCaptures":{"1":{"name":"support.class.php"}},"patterns":[{"include":"#namespace"}]}]},"comments":{"patterns":[{"begin":"/\\\\*\\\\*(?=\\\\s)","beginCaptures":{"0":{"name":"punctuation.definition.comment.php"}},"end":"\\\\*/","endCaptures":{"0":{"name":"punctuation.definition.comment.php"}},"name":"comment.block.documentation.phpdoc.php","patterns":[{"include":"#php_doc"}]},{"begin":"/\\\\*","captures":{"0":{"name":"punctuation.definition.comment.php"}},"end":"\\\\*/","name":"comment.block.php"},{"begin":"(^\\\\s+)?(?=//)","beginCaptures":{"1":{"name":"punctuation.whitespace.comment.leading.php"}},"end":"(?!\\\\G)","patterns":[{"begin":"//","beginCaptures":{"0":{"name":"punctuation.definition.comment.php"}},"end":"\\\\n|(?=\\\\?>)","name":"comment.line.double-slash.php"}]},{"begin":"(^\\\\s+)?(?=#)(?!#\\\\[)","beginCaptures":{"1":{"name":"punctuation.whitespace.comment.leading.php"}},"end":"(?!\\\\G)","patterns":[{"begin":"#","beginCaptures":{"0":{"name":"punctuation.definition.comment.php"}},"end":"\\\\n|(?=\\\\?>)","name":"comment.line.number-sign.php"}]}]},"constants":{"patterns":[{"match":"(?i)\\\\b(TRUE|FALSE|NULL|__(FILE|DIR|FUNCTION|CLASS|METHOD|LINE|NAMESPACE)__|ON|OFF|YES|NO|NL|BR|TAB)\\\\b","name":"constant.language.php"},{"captures":{"1":{"name":"punctuation.separator.inheritance.php"}},"match":"(\\\\\\\\)?\\\\b(DEFAULT_INCLUDE_PATH|EAR_(INSTALL|EXTENSION)_DIR|E_(ALL|COMPILE_(ERROR|WARNING)|CORE_(ERROR|WARNING)|DEPRECATED|ERROR|NOTICE|PARSE|RECOVERABLE_ERROR|STRICT|USER_(DEPRECATED|ERROR|NOTICE|WARNING)|WARNING)|PHP_(ROUND_HALF_(DOWN|EVEN|ODD|UP)|(MAJOR|MINOR|RELEASE)_VERSION|MAXPATHLEN|BINDIR|SHLIB_SUFFIX|SYSCONFDIR|SAPI|CONFIG_FILE_(PATH|SCAN_DIR)|INT_(MAX|SIZE)|ZTS|OS|OUTPUT_HANDLER_(START|CONT|END)|DEBUG|DATADIR|URL_(SCHEME|HOST|USER|PORT|PASS|PATH|QUERY|FRAGMENT)|PREFIX|EXTRA_VERSION|EXTENSION_DIR|EOL|VERSION(_ID)?|WINDOWS_(NT_(SERVER|DOMAIN_CONTROLLER|WORKSTATION)|VERSION_(M(?:AJOR|INOR))|BUILD|SUITEMASK|SP_(M(?:AJOR|INOR))|PRODUCTTYPE|PLATFORM)|LIBDIR|LOCALSTATEDIR)|STD(ERR|IN|OUT)|ZEND_(DEBUG_BUILD|THREAD_SAFE))\\\\b","name":"support.constant.core.php"},{"captures":{"1":{"name":"punctuation.separator.inheritance.php"}},"match":"(\\\\\\\\)?\\\\b(__COMPILER_HALT_OFFSET__|AB(MON_([1-9]|10|11|12)|DAY[1-7])|AM_STR|ASSERT_(ACTIVE|BAIL|CALLBACK_QUIET_EVAL|WARNING)|ALT_DIGITS|CASE_(UPPER|LOWER)|CHAR_MAX|CONNECTION_(ABORTED|NORMAL|TIMEOUT)|CODESET|COUNT_(NORMAL|RECURSIVE)|CREDITS_(ALL|DOCS|FULLPAGE|GENERAL|GROUP|MODULES|QA|SAPI)|CRYPT_(BLOWFISH|EXT_DES|MD5|SHA(256|512)|SALT_LENGTH|STD_DES)|CURRENCY_SYMBOL|D_(T_)?FMT|DATE_(ATOM|COOKIE|ISO8601|RFC(822|850|1036|1123|2822|3339)|RSS|W3C)|DAY_[1-7]|DECIMAL_POINT|DIRECTORY_SEPARATOR|ENT_(COMPAT|IGNORE|(NO)?QUOTES)|EXTR_(IF_EXISTS|OVERWRITE|PREFIX_(ALL|IF_EXISTS|INVALID|SAME)|REFS|SKIP)|ERA(_(D_(T_)?FMT)|T_FMT|YEAR)?|FRAC_DIGITS|GROUPING|HASH_HMAC|HTML_(ENTITIES|SPECIALCHARS)|INF|INFO_(ALL|CREDITS|CONFIGURATION|ENVIRONMENT|GENERAL|LICENSEMODULES|VARIABLES)|INI_(ALL|CANNER_(NORMAL|RAW)|PERDIR|SYSTEM|USER)|INT_(CURR_SYMBOL|FRAC_DIGITS)|LC_(ALL|COLLATE|CTYPE|MESSAGES|MONETARY|NUMERIC|TIME)|LOCK_(EX|NB|SH|UN)|LOG_(ALERT|AUTH(PRIV)?|CRIT|CRON|CONS|DAEMON|DEBUG|EMERG|ERR|INFO|LOCAL[1-7]|LPR|KERN|MAIL|NEWS|NODELAY|NOTICE|NOWAIT|ODELAY|PID|PERROR|WARNING|SYSLOG|UCP|USER)|M_(1_PI|SQRT(1_2|[23]|PI)|2_(SQRT)?PI|PI(_([24]))?|E(ULER)?|LN(10|2|PI)|LOG(10|2)E)|MON_([1-9]|10|11|12|DECIMAL_POINT|GROUPING|THOUSANDS_SEP)|N_(CS_PRECEDES|SEP_BY_SPACE|SIGN_POSN)|NAN|NEGATIVE_SIGN|NO(EXPR|STR)|P_(CS_PRECEDES|SEP_BY_SPACE|SIGN_POSN)|PM_STR|POSITIVE_SIGN|PATH(_SEPARATOR|INFO_(EXTENSION|(BASE|DIR|FILE)NAME))|RADIXCHAR|SEEK_(CUR|END|SET)|SORT_(ASC|DESC|LOCALE_STRING|REGULAR|STRING)|STR_PAD_(BOTH|LEFT|RIGHT)|T_FMT(_AMPM)?|THOUSEP|THOUSANDS_SEP|UPLOAD_ERR_(CANT_WRITE|EXTENSION|(FORM|INI)_SIZE|NO_(FILE|TMP_DIR)|OK|PARTIAL)|YES(EXPR|STR))\\\\b","name":"support.constant.std.php"},{"captures":{"1":{"name":"punctuation.separator.inheritance.php"}},"match":"(\\\\\\\\)?\\\\b(GLOB_(MARK|BRACE|NO(SORT|CHECK|ESCAPE)|ONLYDIR|ERR|AVAILABLE_FLAGS)|XML_(SAX_IMPL|(DTD|DOCUMENT(_(FRAG|TYPE))?|HTML_DOCUMENT|NOTATION|NAMESPACE_DECL|PI|COMMENT|DATA_SECTION|TEXT)_NODE|OPTION_(SKIP_(TAGSTART|WHITE)|CASE_FOLDING|TARGET_ENCODING)|ERROR_((BAD_CHAR|(ATTRIBUTE_EXTERNAL|BINARY|PARAM|RECURSIVE)_ENTITY)_REF|MISPLACED_XML_PI|SYNTAX|NONE|NO_(MEMORY|ELEMENTS)|TAG_MISMATCH|INCORRECT_ENCODING|INVALID_TOKEN|DUPLICATE_ATTRIBUTE|UNCLOSED_(CDATA_SECTION|TOKEN)|UNDEFINED_ENTITY|UNKNOWN_ENCODING|JUNK_AFTER_DOC_ELEMENT|PARTIAL_CHAR|EXTERNAL_ENTITY_HANDLING|ASYNC_ENTITY)|ENTITY_(((REF|DECL)_)?NODE)|ELEMENT(_DECL)?_NODE|LOCAL_NAMESPACE|ATTRIBUTE_(N(?:MTOKEN(S)?|OTATION|ODE))|CDATA|ID(REF(S)?)?|DECL_NODE|ENTITY|ENUMERATION)|MHASH_(RIPEMD(128|160|256|320)|GOST|MD([245])|SHA(1|224|256|384|512)|SNEFRU256|HAVAL(128|160|192|224|256)|CRC23(B)?|TIGER(1(?:28|60))?|WHIRLPOOL|ADLER32)|MYSQL_(BOTH|NUM|CLIENT_(SSL|COMPRESS|IGNORE_SPACE|INTERACTIVE|ASSOC))|MYSQLI_(REPORT_(STRICT|INDEX|OFF|ERROR|ALL)|REFRESH_(GRANT|MASTER|BACKUP_LOG|STATUS|SLAVE|HOSTS|THREADS|TABLES|LOG)|READ_DEFAULT_(FILE|GROUP)|(GROUP|MULTIPLE_KEY|BINARY|BLOB)_FLAG|BOTH|STMT_ATTR_(CURSOR_TYPE|UPDATE_MAX_LENGTH|PREFETCH_ROWS)|STORE_RESULT|SERVER_QUERY_(NO_((GOOD_)?INDEX_USED)|WAS_SLOW)|SET_(CHARSET_NAME|FLAG)|NO_(D(?:EFAULT_VALUE_FLAG|ATA))|NOT_NULL_FLAG|NUM(_FLAG)?|CURSOR_TYPE_(READ_ONLY|SCROLLABLE|NO_CURSOR|FOR_UPDATE)|CLIENT_(SSL|NO_SCHEMA|COMPRESS|IGNORE_SPACE|INTERACTIVE|FOUND_ROWS)|TYPE_(GEOMETRY|((MEDIUM|LONG|TINY)_)?BLOB|BIT|SHORT|STRING|SET|YEAR|NULL|NEWDECIMAL|NEWDATE|CHAR|TIME(STAMP)?|TINY|INT24|INTERVAL|DOUBLE|DECIMAL|DATE(TIME)?|ENUM|VAR_STRING|FLOAT|LONG(LONG)?)|TIME_STAMP_FLAG|INIT_COMMAND|ZEROFILL_FLAG|ON_UPDATE_NOW_FLAG|OPT_(NET_((CMD|READ)_BUFFER_SIZE)|CONNECT_TIMEOUT|INT_AND_FLOAT_NATIVE|LOCAL_INFILE)|DEBUG_TRACE_ENABLED|DATA_TRUNCATED|USE_RESULT|(ENUM|(PART|PRI|UNIQUE)_KEY|UNSIGNED)_FLAG|ASSOC|ASYNC|AUTO_INCREMENT_FLAG)|MCRYPT_(RC([26])|RIJNDAEL_(128|192|256)|RAND|GOST|XTEA|MODE_(STREAM|NOFB|CBC|CFB|OFB|ECB)|MARS|BLOWFISH(_COMPAT)?|SERPENT|SKIPJACK|SAFER(64|128|PLUS)|CRYPT|CAST_(128|256)|TRIPLEDES|THREEWAY|TWOFISH|IDEA|(3)?DES|DECRYPT|DEV_(U)?RANDOM|PANAMA|ENCRYPT|ENIGNA|WAKE|LOKI97|ARCFOUR(_IV)?)|STREAM_(REPORT_ERRORS|MUST_SEEK|MKDIR_RECURSIVE|BUFFER_(NONE|FULL|LINE)|SHUT_(RD)?WR|SOCK_(RDM|RAW|STREAM|SEQPACKET|DGRAM)|SERVER_(BIND|LISTEN)|NOTIFY_(REDIRECTED|RESOLVE|MIME_TYPE_IS|SEVERITY_(INFO|ERR|WARN)|COMPLETED|CONNECT|PROGRESS|FILE_SIZE_IS|FAILURE|AUTH_(RE(?:QUIRED|SULT)))|CRYPTO_METHOD_((SSLv2(3)?|SSLv3|TLS)_(CLIENT|SERVER))|CLIENT_((ASYNC_)?CONNECT|PERSISTENT)|CAST_(AS_STREAM|FOR_SELECT)|(I(?:GNORE|S))_URL|IPPROTO_(RAW|TCP|ICMP|IP|UDP)|OOB|OPTION_(READ_(BUFFER|TIMEOUT)|BLOCKING|WRITE_BUFFER)|URL_STAT_(LINK|QUIET)|USE_PATH|PEEK|PF_(INET(6)?|UNIX)|ENFORCE_SAFE_MODE|FILTER_(ALL|READ|WRITE))|SUNFUNCS_RET_(DOUBLE|STRING|TIMESTAMP)|SQLITE_(READONLY|ROW|MISMATCH|MISUSE|BOTH|BUSY|SCHEMA|NOMEM|NOTFOUND|NOTADB|NOLFS|NUM|CORRUPT|CONSTRAINT|CANTOPEN|TOOBIG|INTERRUPT|INTERNAL|IOERR|OK|DONE|PROTOCOL|PERM|ERROR|EMPTY|FORMAT|FULL|LOCKED|ABORT|ASSOC|AUTH)|SQLITE3_(BOTH|BLOB|NUM|NULL|TEXT|INTEGER|OPEN_(READ(ONLY|WRITE)|CREATE)|FLOAT_ASSOC)|CURL(M_(BAD_((EASY)?HANDLE)|CALL_MULTI_PERFORM|INTERNAL_ERROR|OUT_OF_MEMORY|OK)|MSG_DONE|SSH_AUTH_(HOST|NONE|DEFAULT|PUBLICKEY|PASSWORD|KEYBOARD)|CLOSEPOLICY_(SLOWEST|CALLBACK|OLDEST|LEAST_(RECENTLY_USED|TRAFFIC)|INFO_(REDIRECT_(COUNT|TIME)|REQUEST_SIZE|SSL_VERIFYRESULT|STARTTRANSFER_TIME|(S(?:IZE|PEED))_((?:DOWN|UP)LOAD)|HTTP_CODE|HEADER_(OUT|SIZE)|NAMELOOKUP_TIME|CONNECT_TIME|CONTENT_(TYPE|LENGTH_((?:DOWN|UP)LOAD))|CERTINFO|TOTAL_TIME|PRIVATE|PRETRANSFER_TIME|EFFECTIVE_URL|FILETIME)|OPT_(RESUME_FROM|RETURNTRANSFER|REDIR_PROTOCOLS|REFERER|READ(DATA|FUNCTION)|RANGE|RANDOM_FILE|MAX(CONNECTS|REDIRS)|BINARYTRANSFER|BUFFERSIZE|SSH_(HOST_PUBLIC_KEY_MD5|(P(?:RIVATE|UBLIC))_KEYFILE)|AUTH_TYPES)|SSL(CERT(TYPE|PASSWD)?|ENGINE(_DEFAULT)?|VERSION|KEY(TYPE|PASSWD)?)|SSL_(CIPHER_LIST|VERIFY(HOST|PEER))|STDERR|HTTP(GET|HEADER|200ALIASES|_VERSION|PROXYTUNNEL|AUTH)|HEADER(FUNCTION)?|NO(BODY|SIGNAL|PROGRESS)|NETRC|CRLF|CONNECTTIMEOUT(_MS)?|COOKIE(SESSION|JAR|FILE)?|CUSTOMREQUEST|CERTINFO|CLOSEPOLICY|CA(INFO|PATH)|TRANSFERTEXT|TCP_NODELAY|TIME(CONDITION|OUT(_MS)?|VALUE)|INTERFACE|INFILE(SIZE)?|IPRESOLVE|DNS_(CACHE_TIMEOUT|USE_GLOBAL_CACHE)|URL|USER(AGENT|PWD)|UNRESTRICTED_AUTH|UPLOAD|PRIVATE|PROGRESSFUNCTION|PROXY(TYPE|USERPWD|PORT|AUTH)?|PROTOCOLS|PORT|POST(REDIR|QUOTE|FIELDS)?|PUT|EGDSOCKET|ENCODING|VERBOSE|KRB4LEVEL|KEYPASSWD|QUOTE|FRESH_CONNECT|FTP(APPEND|LISTONLY|PORT|SSLAUTH)|FTP_(SSL|SKIP_PASV_IP|CREATE_MISSING_DIRS|USE_EP(RT|SV)|FILEMETHOD)|FILE(TIME)?|FORBID_REUSE|FOLLOWLOCATION|FAILONERROR|WRITE(FUNCTION|HEADER)|LOW_SPEED_(LIMIT|TIME)|AUTOREFERER)|PROXY_(HTTP|SOCKS([45]))|PROTO_(SCP|SFTP|HTTP(S)?|TELNET|TFTP|DICT|FTP(S)?|FILE|LDAP(S)?|ALL)|E_((RE(?:CV|AD))_ERROR|GOT_NOTHING|MALFORMAT_USER|BAD_(CONTENT_ENCODING|CALLING_ORDER|PASSWORD_ENTERED|FUNCTION_ARGUMENT)|SSH|SSL_(CIPHER|CONNECT_ERROR|CERTPROBLEM|CACERT|PEER_CERTIFICATE|ENGINE_(NOTFOUND|SETFAILED))|SHARE_IN_USE|SEND_ERROR|HTTP_(RANGE_ERROR|NOT_FOUND|PORT_FAILED|POST_ERROR)|COULDNT_(RESOLVE_(HOST|PROXY)|CONNECT)|TOO_MANY_REDIRECTS|TELNET_OPTION_SYNTAX|OBSOLETE|OUT_OF_MEMORY|OPERATION|TIMEOUTED|OK|URL_MALFORMAT(_USER)?|UNSUPPORTED_PROTOCOL|UNKNOWN_TELNET_OPTION|PARTIAL_FILE|FTP_(BAD_DOWNLOAD_RESUME|SSL_FAILED|COULDNT_(RETR_FILE|GET_SIZE|STOR_FILE|SET_(BINARY|ASCII)|USE_REST)|CANT_(GET_HOST|RECONNECT)|USER_PASSWORD_INCORRECT|PORT_FAILED|QUOTE_ERROR|WRITE_ERROR|WEIRD_((PASS|PASV|SERVER|USER)_REPLY|227_FORMAT)|ACCESS_DENIED)|FILESIZE_EXCEEDED|FILE_COULDNT_READ_FILE|FUNCTION_NOT_FOUND|FAILED_INIT|WRITE_ERROR|LIBRARY_NOT_FOUND|LDAP_(SEARCH_FAILED|CANNOT_BIND|INVALID_URL)|ABORTED_BY_CALLBACK)|VERSION_NOW|FTP(METHOD_(MULTI|SINGLE|NO)CWD|SSL_(ALL|NONE|CONTROL|TRY)|AUTH_(DEFAULT|SSL|TLS))|AUTH_(ANY(SAFE)?|BASIC|DIGEST|GSSNEGOTIATE|NTLM))|CURL_(HTTP_VERSION_(1_([01])|NONE)|NETRC_(REQUIRED|IGNORED|OPTIONAL)|TIMECOND_(IF(UN)?MODSINCE|LASTMOD)|IPRESOLVE_(V([46])|WHATEVER)|VERSION_(SSL|IPV6|KERBEROS4|LIBZ))|IMAGETYPE_(GIF|XBM|BMP|SWF|COUNT|TIFF_(MM|II)|ICO|IFF|UNKNOWN|JB2|JPX|JP2|JPC|JPEG(2000)?|PSD|PNG|WBMP)|INPUT_(REQUEST|GET|SERVER|SESSION|COOKIE|POST|ENV)|ICONV_(MIME_DECODE_(STRICT|CONTINUE_ON_ERROR)|IMPL|VERSION)|DNS_(MX|SRV|SOA|HINFO|NS|NAPTR|CNAME|TXT|PTR|ANY|ALL|AAAA|A(6)?)|DOM(STRING_SIZE_ERR)|DOM_((SYNTAX|HIERARCHY_REQUEST|NO_((?:MODIFICATION|DATA)_ALLOWED)|NOT_(FOUND|SUPPORTED)|NAMESPACE|INDEX_SIZE|USE_ATTRIBUTE|VALID_(MODIFICATION|STATE|CHARACTER|ACCESS)|PHP|VALIDATION|WRONG_DOCUMENT)_ERR)|JSON_(HEX_(TAG|QUOT|AMP|APOS)|NUMERIC_CHECK|ERROR_(SYNTAX|STATE_MISMATCH|NONE|CTRL_CHAR|DEPTH|UTF8)|FORCE_OBJECT)|PREG_((D_UTF8(_OFFSET)?|NO|INTERNAL|(BACKTRACK|RECURSION)_LIMIT)_ERROR|GREP_INVERT|SPLIT_(NO_EMPTY|(DELIM|OFFSET)_CAPTURE)|SET_ORDER|OFFSET_CAPTURE|PATTERN_ORDER)|PSFS_(PASS_ON|ERR_FATAL|FEED_ME|FLAG_(NORMAL|FLUSH_(CLOSE|INC)))|PCRE_VERSION|POSIX_(([FRWX])_OK|S_IF(REG|BLK|SOCK|CHR|IFO))|FNM_(NOESCAPE|CASEFOLD|PERIOD|PATHNAME)|FILTER_(REQUIRE_(SCALAR|ARRAY)|NULL_ON_FAILURE|CALLBACK|DEFAULT|UNSAFE_RAW|SANITIZE_(MAGIC_QUOTES|STRING|STRIPPED|SPECIAL_CHARS|NUMBER_(INT|FLOAT)|URL|EMAIL|ENCODED|FULL_SPCIAL_CHARS)|VALIDATE_(REGEXP|BOOLEAN|INT|IP|URL|EMAIL|FLOAT)|FORCE_ARRAY|FLAG_(SCHEME_REQUIRED|STRIP_(BACKTICK|HIGH|LOW)|HOST_REQUIRED|NONE|NO_(RES|PRIV)_RANGE|ENCODE_QUOTES|IPV([46])|PATH_REQUIRED|EMPTY_STRING_NULL|ENCODE_(HIGH|LOW|AMP)|QUERY_REQUIRED|ALLOW_(SCIENTIFIC|HEX|THOUSAND|OCTAL|FRACTION)))|FILE_(BINARY|SKIP_EMPTY_LINES|NO_DEFAULT_CONTEXT|TEXT|IGNORE_NEW_LINES|USE_INCLUDE_PATH|APPEND)|FILEINFO_(RAW|MIME(_(ENCODING|TYPE))?|SYMLINK|NONE|CONTINUE|DEVICES|PRESERVE_ATIME)|FORCE_(DEFLATE|GZIP)|LIBXML_(XINCLUDE|NSCLEAN|NO(XMLDECL|BLANKS|NET|CDATA|ERROR|EMPTYTAG|ENT|WARNING)|COMPACT|DTD(VALID|LOAD|ATTR)|((DOTTED|LOADED)_)?VERSION|PARSEHUGE|ERR_(NONE|ERROR|FATAL|WARNING)))\\\\b","name":"support.constant.ext.php"},{"captures":{"1":{"name":"punctuation.separator.inheritance.php"}},"match":"(\\\\\\\\)?\\\\b(T_(RETURN|REQUIRE(_ONCE)?|GOTO|GLOBAL|(MINUS|MOD|MUL|XOR)_EQUAL|METHOD_C|ML_COMMENT|BREAK|BOOL_CAST|BOOLEAN_(AND|OR)|BAD_CHARACTER|SR(_EQUAL)?|STRING(_CAST|VARNAME)?|START_HEREDOC|STATIC|SWITCH|SL(_EQUAL)?|HALT_COMPILER|NS_(C|SEPARATOR)|NUM_STRING|NEW|NAMESPACE|CHARACTER|COMMENT|CONSTANT(_ENCAPSED_STRING)?|CONCAT_EQUAL|CONTINUE|CURLY_OPEN|CLOSE_TAG|CLONE|CLASS(_C)?|CASE|CATCH|TRY|THROW|IMPLEMENTS|ISSET|IS_((GREATER|SMALLER)_OR_EQUAL|(NOT_)?(IDENTICAL|EQUAL))|INSTANCEOF|INCLUDE(_ONCE)?|INC|INT_CAST|INTERFACE|INLINE_HTML|IF|OR_EQUAL|OBJECT_(CAST|OPERATOR)|OPEN_TAG(_WITH_ECHO)?|OLD_FUNCTION|DNUMBER|DIR|DIV_EQUAL|DOC_COMMENT|DOUBLE_(ARROW|CAST|COLON)|DOLLAR_OPEN_CURLY_BRACES|DO|DEC|DECLARE|DEFAULT|USE|UNSET(_CAST)?|PRINT|PRIVATE|PROTECTED|PUBLIC|PLUS_EQUAL|PAAMAYIM_NEKUDOTAYIM|EXTENDS|EXIT|EMPTY|ENCAPSED_AND_WHITESPACE|END(SWITCH|IF|DECLARE|FOR(EACH)?|WHILE)|END_HEREDOC|ECHO|EVAL|ELSE(IF)?|VAR(IABLE)?|FINAL|FILE|FOR(EACH)?|FUNC_C|FUNCTION|WHITESPACE|WHILE|LNUMBER|LIST|LINE|LOGICAL_(AND|OR|XOR)|ARRAY_(CAST)?|ABSTRACT|AS|AND_EQUAL))\\\\b","name":"support.constant.parser-token.php"},{"match":"(?i)[_a-z\\\\x7F-\\\\x{10FFFF}][0-9_a-z\\\\x7F-\\\\x{10FFFF}]*","name":"constant.other.php"}]},"function-call":{"patterns":[{"begin":"(\\\\\\\\?(?<![0-9A-Z_a-z\\\\x7F-\\\\x{10FFFF}])[A-Z_a-z\\\\x7F-\\\\x{10FFFF}][0-9A-Z_a-z\\\\x7F-\\\\x{10FFFF}]*(?:\\\\\\\\[A-Z_a-z\\\\x7F-\\\\x{10FFFF}][0-9A-Z_a-z\\\\x7F-\\\\x{10FFFF}]*)+)\\\\s*(\\\\()","beginCaptures":{"1":{"patterns":[{"include":"#namespace"},{"match":"(?i)[_a-z\\\\x7F-\\\\x{10FFFF}][0-9_a-z\\\\x7F-\\\\x{10FFFF}]*","name":"entity.name.function.php"}]},"2":{"name":"punctuation.definition.arguments.begin.bracket.round.php"}},"end":"\\\\)|(?=\\\\?>)","endCaptures":{"0":{"name":"punctuation.definition.arguments.end.bracket.round.php"}},"name":"meta.function-call.php","patterns":[{"include":"#named-arguments"},{"include":"$self"}]},{"begin":"(\\\\\\\\)?(?<![0-9A-Z_a-z\\\\x7F-\\\\x{10FFFF}])([A-Z_a-z\\\\x7F-\\\\x{10FFFF}][0-9A-Z_a-z\\\\x7F-\\\\x{10FFFF}]*)\\\\s*(\\\\()","beginCaptures":{"1":{"patterns":[{"include":"#namespace"}]},"2":{"patterns":[{"include":"#support"},{"match":"(?i)[_a-z\\\\x7F-\\\\x{10FFFF}][0-9_a-z\\\\x7F-\\\\x{10FFFF}]*","name":"entity.name.function.php"}]},"3":{"name":"punctuation.definition.arguments.begin.bracket.round.php"}},"end":"\\\\)|(?=\\\\?>)","endCaptures":{"0":{"name":"punctuation.definition.arguments.end.bracket.round.php"}},"name":"meta.function-call.php","patterns":[{"include":"#named-arguments"},{"include":"$self"}]},{"match":"(?i)\\\\b(print|echo)\\\\b","name":"support.function.construct.output.php"}]},"function-parameters":{"patterns":[{"include":"#attribute"},{"include":"#comments"},{"match":",","name":"punctuation.separator.delimiter.php"},{"captures":{"1":{"patterns":[{"include":"#php-types"}]},"2":{"name":"variable.other.php"},"3":{"name":"storage.modifier.reference.php"},"4":{"name":"keyword.operator.variadic.php"},"5":{"name":"punctuation.definition.variable.php"}},"match":"(?i)(?:((?:\\\\?\\\\s*)?[0-9\\\\\\\\_a-z\\\\x7F-\\\\x{10FFFF}]+|(?:[0-9\\\\\\\\_a-z\\\\x7F-\\\\x{10FFFF}]+|\\\\(\\\\s*[0-9\\\\\\\\_a-z\\\\x7F-\\\\x{10FFFF}]+(?:\\\\s*&\\\\s*[0-9\\\\\\\\_a-z\\\\x7F-\\\\x{10FFFF}]+)+\\\\s*\\\\))(?:\\\\s*[\\\\&|]\\\\s*(?:[0-9\\\\\\\\_a-z\\\\x7F-\\\\x{10FFFF}]+|\\\\(\\\\s*[0-9\\\\\\\\_a-z\\\\x7F-\\\\x{10FFFF}]+(?:\\\\s*&\\\\s*[0-9\\\\\\\\_a-z\\\\x7F-\\\\x{10FFFF}]+)+\\\\s*\\\\)))+)\\\\s+)?((?:(&)\\\\s*)?(\\\\.\\\\.\\\\.)(\\\\$)[_a-z\\\\x7F-\\\\x{10FFFF}][0-9_a-z\\\\x7F-\\\\x{10FFFF}]*)(?=\\\\s*(?:[),]|/[*/]|#|$))","name":"meta.function.parameter.variadic.php"},{"begin":"(?i)((?:\\\\?\\\\s*)?[0-9\\\\\\\\_a-z\\\\x7F-\\\\x{10FFFF}]+|(?:[0-9\\\\\\\\_a-z\\\\x7F-\\\\x{10FFFF}]+|\\\\(\\\\s*[0-9\\\\\\\\_a-z\\\\x7F-\\\\x{10FFFF}]+(?:\\\\s*&\\\\s*[0-9\\\\\\\\_a-z\\\\x7F-\\\\x{10FFFF}]+)+\\\\s*\\\\))(?:\\\\s*[\\\\&|]\\\\s*(?:[0-9\\\\\\\\_a-z\\\\x7F-\\\\x{10FFFF}]+|\\\\(\\\\s*[0-9\\\\\\\\_a-z\\\\x7F-\\\\x{10FFFF}]+(?:\\\\s*&\\\\s*[0-9\\\\\\\\_a-z\\\\x7F-\\\\x{10FFFF}]+)+\\\\s*\\\\)))+)\\\\s+((?:(&)\\\\s*)?(\\\\$)[_a-z\\\\x7F-\\\\x{10FFFF}][0-9_a-z\\\\x7F-\\\\x{10FFFF}]*)","beginCaptures":{"1":{"patterns":[{"include":"#php-types"}]},"2":{"name":"variable.other.php"},"3":{"name":"storage.modifier.reference.php"},"4":{"name":"punctuation.definition.variable.php"}},"end":"(?=\\\\s*(?:[),]|/[*/]|#))","name":"meta.function.parameter.typehinted.php","patterns":[{"begin":"=","beginCaptures":{"0":{"name":"keyword.operator.assignment.php"}},"end":"(?=\\\\s*(?:[),]|/[*/]|#))","patterns":[{"include":"#parameter-default-types"}]}]},{"captures":{"1":{"name":"variable.other.php"},"2":{"name":"storage.modifier.reference.php"},"3":{"name":"punctuation.definition.variable.php"}},"match":"(?i)((?:(&)\\\\s*)?(\\\\$)[_a-z\\\\x7F-\\\\x{10FFFF}][0-9_a-z\\\\x7F-\\\\x{10FFFF}]*)(?=\\\\s*(?:[),]|/[*/]|#|$))","name":"meta.function.parameter.no-default.php"},{"begin":"(?i)((?:(&)\\\\s*)?(\\\\$)[_a-z\\\\x7F-\\\\x{10FFFF}][0-9_a-z\\\\x7F-\\\\x{10FFFF}]*)\\\\s*(=)\\\\s*","beginCaptures":{"1":{"name":"variable.other.php"},"2":{"name":"storage.modifier.reference.php"},"3":{"name":"punctuation.definition.variable.php"},"4":{"name":"keyword.operator.assignment.php"}},"end":"(?=\\\\s*(?:[),]|/[*/]|#))","name":"meta.function.parameter.default.php","patterns":[{"include":"#parameter-default-types"}]}]},"heredoc":{"patterns":[{"begin":"(?i)(?=<<<\\\\s*(\\"?)([_a-z\\\\x7F-\\\\x{10FFFF}][0-9_a-z\\\\x7F-\\\\x{10FFFF}]*)(\\\\1)\\\\s*$)","end":"(?!\\\\G)","name":"string.unquoted.heredoc.php","patterns":[{"include":"#heredoc_interior"}]},{"begin":"(?=<<<\\\\s*'([A-Z_a-z]+[0-9A-Z_a-z]*)'\\\\s*$)","end":"(?!\\\\G)","name":"string.unquoted.nowdoc.php","patterns":[{"include":"#nowdoc_interior"}]}]},"heredoc_interior":{"patterns":[{"begin":"(<<<)\\\\s*(\\"?)(HTML)(\\\\2)(\\\\s*)$","beginCaptures":{"0":{"name":"punctuation.section.embedded.begin.php"},"1":{"name":"punctuation.definition.string.php"},"3":{"name":"keyword.operator.heredoc.php"},"5":{"name":"invalid.illegal.trailing-whitespace.php"}},"contentName":"text.html","end":"^\\\\s*(\\\\3)(?![0-9A-Z_a-z\\\\x7F-\\\\x{10FFFF}])","endCaptures":{"0":{"name":"punctuation.section.embedded.end.php"},"1":{"name":"keyword.operator.heredoc.php"}},"name":"meta.embedded.html","patterns":[{"include":"#interpolation"},{"include":"text.html.basic"}]},{"begin":"(<<<)\\\\s*(\\"?)(XML)(\\\\2)(\\\\s*)$","beginCaptures":{"0":{"name":"punctuation.section.embedded.begin.php"},"1":{"name":"punctuation.definition.string.php"},"3":{"name":"keyword.operator.heredoc.php"},"5":{"name":"invalid.illegal.trailing-whitespace.php"}},"contentName":"text.xml","end":"^\\\\s*(\\\\3)(?![0-9A-Z_a-z\\\\x7F-\\\\x{10FFFF}])","endCaptures":{"0":{"name":"punctuation.section.embedded.end.php"},"1":{"name":"keyword.operator.heredoc.php"}},"name":"meta.embedded.xml","patterns":[{"include":"#interpolation"},{"include":"text.xml"}]},{"begin":"(<<<)\\\\s*(\\"?)([DS]QL)(\\\\2)(\\\\s*)$","beginCaptures":{"0":{"name":"punctuation.section.embedded.begin.php"},"1":{"name":"punctuation.definition.string.php"},"3":{"name":"keyword.operator.heredoc.php"},"5":{"name":"invalid.illegal.trailing-whitespace.php"}},"contentName":"source.sql","end":"^\\\\s*(\\\\3)(?![0-9A-Z_a-z\\\\x7F-\\\\x{10FFFF}])","endCaptures":{"0":{"name":"punctuation.section.embedded.end.php"},"1":{"name":"keyword.operator.heredoc.php"}},"name":"meta.embedded.sql","patterns":[{"include":"#interpolation"},{"include":"source.sql"}]},{"begin":"(<<<)\\\\s*(\\"?)(J(?:AVASCRIPT|S))(\\\\2)(\\\\s*)$","beginCaptures":{"0":{"name":"punctuation.section.embedded.begin.php"},"1":{"name":"punctuation.definition.string.php"},"3":{"name":"keyword.operator.heredoc.php"},"5":{"name":"invalid.illegal.trailing-whitespace.php"}},"contentName":"source.js","end":"^\\\\s*(\\\\3)(?![0-9A-Z_a-z\\\\x7F-\\\\x{10FFFF}])","endCaptures":{"0":{"name":"punctuation.section.embedded.end.php"},"1":{"name":"keyword.operator.heredoc.php"}},"name":"meta.embedded.js","patterns":[{"include":"#interpolation"},{"include":"source.js"}]},{"begin":"(<<<)\\\\s*(\\"?)(JSON)(\\\\2)(\\\\s*)$","beginCaptures":{"0":{"name":"punctuation.section.embedded.begin.php"},"1":{"name":"punctuation.definition.string.php"},"3":{"name":"keyword.operator.heredoc.php"},"5":{"name":"invalid.illegal.trailing-whitespace.php"}},"contentName":"source.json","end":"^\\\\s*(\\\\3)(?![0-9A-Z_a-z\\\\x7F-\\\\x{10FFFF}])","endCaptures":{"0":{"name":"punctuation.section.embedded.end.php"},"1":{"name":"keyword.operator.heredoc.php"}},"name":"meta.embedded.json","patterns":[{"include":"#interpolation"},{"include":"source.json"}]},{"begin":"(<<<)\\\\s*(\\"?)(CSS)(\\\\2)(\\\\s*)$","beginCaptures":{"0":{"name":"punctuation.section.embedded.begin.php"},"1":{"name":"punctuation.definition.string.php"},"3":{"name":"keyword.operator.heredoc.php"},"5":{"name":"invalid.illegal.trailing-whitespace.php"}},"contentName":"source.css","end":"^\\\\s*(\\\\3)(?![0-9A-Z_a-z\\\\x7F-\\\\x{10FFFF}])","endCaptures":{"0":{"name":"punctuation.section.embedded.end.php"},"1":{"name":"keyword.operator.heredoc.php"}},"name":"meta.embedded.css","patterns":[{"include":"#interpolation"},{"include":"source.css"}]},{"begin":"(<<<)\\\\s*(\\"?)(REGEXP?)(\\\\2)(\\\\s*)$","beginCaptures":{"0":{"name":"punctuation.section.embedded.begin.php"},"1":{"name":"punctuation.definition.string.php"},"3":{"name":"keyword.operator.heredoc.php"},"5":{"name":"invalid.illegal.trailing-whitespace.php"}},"contentName":"string.regexp.heredoc.php","end":"^\\\\s*(\\\\3)(?![0-9A-Z_a-z\\\\x7F-\\\\x{10FFFF}])","endCaptures":{"0":{"name":"punctuation.section.embedded.end.php"},"1":{"name":"keyword.operator.heredoc.php"}},"patterns":[{"include":"#interpolation"},{"match":"(\\\\\\\\){1,2}[]$.\\\\[^{}]","name":"constant.character.escape.regex.php"},{"captures":{"1":{"name":"punctuation.definition.arbitrary-repitition.php"},"3":{"name":"punctuation.definition.arbitrary-repitition.php"}},"match":"(\\\\{)\\\\d+(,\\\\d+)?(})","name":"string.regexp.arbitrary-repitition.php"},{"begin":"\\\\[(?:\\\\^?])?","captures":{"0":{"name":"punctuation.definition.character-class.php"}},"end":"]","name":"string.regexp.character-class.php","patterns":[{"match":"\\\\\\\\[]'\\\\[\\\\\\\\]","name":"constant.character.escape.php"}]},{"match":"[$*+^]","name":"keyword.operator.regexp.php"},{"begin":"(?i)(?<=^|\\\\s)(#)\\\\s(?=[-\\\\t !,.0-9?_a-z\\\\x7F-\\\\x{10FFFF}[^\\\\x00-\\\\x7F]]*$)","beginCaptures":{"1":{"name":"punctuation.definition.comment.php"}},"end":"$","endCaptures":{"0":{"name":"punctuation.definition.comment.php"}},"name":"comment.line.number-sign.php"}]},{"begin":"(<<<)\\\\s*(\\"?)(BLADE)(\\\\2)(\\\\s*)$","beginCaptures":{"0":{"name":"punctuation.section.embedded.begin.php"},"1":{"name":"punctuation.definition.string.php"},"3":{"name":"keyword.operator.heredoc.php"},"5":{"name":"invalid.illegal.trailing-whitespace.php"}},"contentName":"text.html.php.blade","end":"^\\\\s*(\\\\3)(?![0-9A-Z_a-z\\\\x7F-\\\\x{10FFFF}])","endCaptures":{"0":{"name":"punctuation.section.embedded.end.php"},"1":{"name":"keyword.operator.heredoc.php"}},"name":"meta.embedded.php.blade","patterns":[{"include":"#interpolation"}]},{"begin":"(?i)(<<<)\\\\s*(\\"?)([_a-z\\\\x7F-\\\\x{10FFFF}]+[0-9_a-z\\\\x7F-\\\\x{10FFFF}]*)(\\\\2)(\\\\s*)","beginCaptures":{"1":{"name":"punctuation.definition.string.php"},"3":{"name":"keyword.operator.heredoc.php"},"5":{"name":"invalid.illegal.trailing-whitespace.php"}},"end":"^\\\\s*(\\\\3)(?![0-9A-Z_a-z\\\\x7F-\\\\x{10FFFF}])","endCaptures":{"1":{"name":"keyword.operator.heredoc.php"}},"patterns":[{"include":"#interpolation"}]}]},"inheritance-single":{"patterns":[{"begin":"(?i)(?=\\\\\\\\?[_a-z\\\\x7F-\\\\x{10FFFF}][0-9_a-z\\\\x7F-\\\\x{10FFFF}]*\\\\\\\\)","end":"(?i)([_a-z\\\\x7F-\\\\x{10FFFF}][0-9_a-z\\\\x7F-\\\\x{10FFFF}]*)?(?=[^0-9\\\\\\\\_a-z\\\\x7F-\\\\x{10FFFF}])","endCaptures":{"1":{"name":"entity.other.inherited-class.php"}},"patterns":[{"include":"#namespace"}]},{"include":"#class-builtin"},{"include":"#namespace"},{"match":"(?i)[_a-z\\\\x7F-\\\\x{10FFFF}][0-9_a-z\\\\x7F-\\\\x{10FFFF}]*","name":"entity.other.inherited-class.php"}]},"instantiation":{"patterns":[{"captures":{"1":{"name":"keyword.other.new.php"},"2":{"patterns":[{"match":"(?i)(parent|static|self)(?![0-9_a-z\\\\x7F-\\\\x{10FFFF}])","name":"storage.type.php"},{"include":"#class-name"},{"include":"#variable-name"}]}},"match":"(?i)(new)\\\\s+(?!class\\\\b)([$0-9\\\\\\\\_a-z\\\\x7F-\\\\x{10FFFF}]+)(?![(0-9\\\\\\\\_a-z\\\\x7F-\\\\x{10FFFF}])"},{"begin":"(?i)(new)\\\\s+(?!class\\\\b)([$0-9\\\\\\\\_a-z\\\\x7F-\\\\x{10FFFF}]+)\\\\s*(\\\\()","beginCaptures":{"1":{"name":"keyword.other.new.php"},"2":{"patterns":[{"match":"(?i)(parent|static|self)(?![0-9_a-z\\\\x7F-\\\\x{10FFFF}])","name":"storage.type.php"},{"include":"#class-name"},{"include":"#variable-name"}]},"3":{"name":"punctuation.definition.arguments.begin.bracket.round.php"}},"contentName":"meta.function-call.php","end":"\\\\)","endCaptures":{"0":{"name":"punctuation.definition.arguments.end.bracket.round.php"}},"patterns":[{"include":"#named-arguments"},{"include":"$self"}]}]},"interface-extends":{"patterns":[{"begin":"(?i)(extends)\\\\s+","beginCaptures":{"1":{"name":"storage.modifier.extends.php"}},"end":"(?i)(?=\\\\{)","patterns":[{"include":"#comments"},{"match":",","name":"punctuation.separator.classes.php"},{"include":"#inheritance-single"}]}]},"interpolation":{"patterns":[{"match":"\\\\\\\\[0-7]{1,3}","name":"constant.character.escape.octal.php"},{"match":"\\\\\\\\x\\\\h{1,2}","name":"constant.character.escape.hex.php"},{"match":"\\\\\\\\u\\\\{\\\\h+}","name":"constant.character.escape.unicode.php"},{"match":"\\\\\\\\[$\\\\\\\\efnrtv]","name":"constant.character.escape.php"},{"begin":"\\\\{(?=\\\\$.*?})","beginCaptures":{"0":{"name":"punctuation.definition.variable.php"}},"end":"}","endCaptures":{"0":{"name":"punctuation.definition.variable.php"}},"patterns":[{"include":"$self"}]},{"include":"#variable-name"}]},"interpolation_double_quoted":{"patterns":[{"match":"\\\\\\\\\\"","name":"constant.character.escape.php"},{"include":"#interpolation"}]},"invoke-call":{"captures":{"1":{"name":"variable.other.php"},"2":{"name":"punctuation.definition.variable.php"}},"match":"(?i)((\\\\$+)[_a-z\\\\x7F-\\\\x{10FFFF}][0-9_a-z\\\\x7F-\\\\x{10FFFF}]*)(?=\\\\s*\\\\()","name":"meta.function-call.invoke.php"},"match_statement":{"patterns":[{"match":"\\\\s+(?=match\\\\b)"},{"begin":"\\\\bmatch\\\\b","beginCaptures":{"0":{"name":"keyword.control.match.php"}},"end":"}|(?=\\\\?>)","endCaptures":{"0":{"name":"punctuation.definition.section.match-block.end.bracket.curly.php"}},"name":"meta.match-statement.php","patterns":[{"begin":"\\\\(","beginCaptures":{"0":{"name":"punctuation.definition.match-expression.begin.bracket.round.php"}},"end":"\\\\)|(?=\\\\?>)","endCaptures":{"0":{"name":"punctuation.definition.match-expression.end.bracket.round.php"}},"patterns":[{"include":"$self"}]},{"begin":"\\\\{","beginCaptures":{"0":{"name":"punctuation.definition.section.match-block.begin.bracket.curly.php"}},"end":"(?=}|\\\\?>)","patterns":[{"match":"=>","name":"keyword.definition.arrow.php"},{"include":"$self"}]}]}]},"named-arguments":{"captures":{"1":{"name":"entity.name.variable.parameter.php"},"2":{"name":"punctuation.separator.colon.php"}},"match":"(?i)(?<=^|[(,])\\\\s*([_a-z\\\\x7F-\\\\x{10FFFF}][0-9_a-z\\\\x7F-\\\\x{10FFFF}]*)\\\\s*(:)(?!:)"},"namespace":{"begin":"(?i)(?:(namespace)|[_a-z\\\\x7F-\\\\x{10FFFF}][0-9_a-z\\\\x7F-\\\\x{10FFFF}]*)?(\\\\\\\\)","beginCaptures":{"1":{"name":"variable.language.namespace.php"},"2":{"name":"punctuation.separator.inheritance.php"}},"end":"(?i)(?![0-9_a-z\\\\x7F-\\\\x{10FFFF}]*\\\\\\\\)","name":"support.other.namespace.php","patterns":[{"match":"\\\\\\\\","name":"punctuation.separator.inheritance.php"}]},"nowdoc_interior":{"patterns":[{"begin":"(<<<)\\\\s*'(HTML)'(\\\\s*)$","beginCaptures":{"0":{"name":"punctuation.section.embedded.begin.php"},"1":{"name":"punctuation.definition.string.php"},"2":{"name":"keyword.operator.nowdoc.php"},"3":{"name":"invalid.illegal.trailing-whitespace.php"}},"contentName":"text.html","end":"^\\\\s*(\\\\2)(?![0-9A-Z_a-z\\\\x7F-\\\\x{10FFFF}])","endCaptures":{"0":{"name":"punctuation.section.embedded.end.php"},"1":{"name":"keyword.operator.nowdoc.php"}},"name":"meta.embedded.html","patterns":[{"include":"text.html.basic"}]},{"begin":"(<<<)\\\\s*'(XML)'(\\\\s*)$","beginCaptures":{"0":{"name":"punctuation.section.embedded.begin.php"},"1":{"name":"punctuation.definition.string.php"},"2":{"name":"keyword.operator.nowdoc.php"},"3":{"name":"invalid.illegal.trailing-whitespace.php"}},"contentName":"text.xml","end":"^\\\\s*(\\\\2)(?![0-9A-Z_a-z\\\\x7F-\\\\x{10FFFF}])","endCaptures":{"0":{"name":"punctuation.section.embedded.end.php"},"1":{"name":"keyword.operator.nowdoc.php"}},"name":"meta.embedded.xml","patterns":[{"include":"text.xml"}]},{"begin":"(<<<)\\\\s*'([DS]QL)'(\\\\s*)$","beginCaptures":{"0":{"name":"punctuation.section.embedded.begin.php"},"1":{"name":"punctuation.definition.string.php"},"2":{"name":"keyword.operator.nowdoc.php"},"3":{"name":"invalid.illegal.trailing-whitespace.php"}},"contentName":"source.sql","end":"^\\\\s*(\\\\2)(?![0-9A-Z_a-z\\\\x7F-\\\\x{10FFFF}])","endCaptures":{"0":{"name":"punctuation.section.embedded.end.php"},"1":{"name":"keyword.operator.nowdoc.php"}},"name":"meta.embedded.sql","patterns":[{"include":"source.sql"}]},{"begin":"(<<<)\\\\s*'(J(?:AVASCRIPT|S))'(\\\\s*)$","beginCaptures":{"0":{"name":"punctuation.section.embedded.begin.php"},"1":{"name":"punctuation.definition.string.php"},"2":{"name":"keyword.operator.nowdoc.php"},"3":{"name":"invalid.illegal.trailing-whitespace.php"}},"contentName":"source.js","end":"^\\\\s*(\\\\2)(?![0-9A-Z_a-z\\\\x7F-\\\\x{10FFFF}])","endCaptures":{"0":{"name":"punctuation.section.embedded.end.php"},"1":{"name":"keyword.operator.nowdoc.php"}},"name":"meta.embedded.js","patterns":[{"include":"source.js"}]},{"begin":"(<<<)\\\\s*'(JSON)'(\\\\s*)$","beginCaptures":{"0":{"name":"punctuation.section.embedded.begin.php"},"1":{"name":"punctuation.definition.string.php"},"2":{"name":"keyword.operator.nowdoc.php"},"3":{"name":"invalid.illegal.trailing-whitespace.php"}},"contentName":"source.json","end":"^\\\\s*(\\\\2)(?![0-9A-Z_a-z\\\\x7F-\\\\x{10FFFF}])","endCaptures":{"0":{"name":"punctuation.section.embedded.end.php"},"1":{"name":"keyword.operator.nowdoc.php"}},"name":"meta.embedded.json","patterns":[{"include":"source.json"}]},{"begin":"(<<<)\\\\s*'(CSS)'(\\\\s*)$","beginCaptures":{"0":{"name":"punctuation.section.embedded.begin.php"},"1":{"name":"punctuation.definition.string.php"},"2":{"name":"keyword.operator.nowdoc.php"},"3":{"name":"invalid.illegal.trailing-whitespace.php"}},"contentName":"source.css","end":"^\\\\s*(\\\\2)(?![0-9A-Z_a-z\\\\x7F-\\\\x{10FFFF}])","endCaptures":{"0":{"name":"punctuation.section.embedded.end.php"},"1":{"name":"keyword.operator.nowdoc.php"}},"name":"meta.embedded.css","patterns":[{"include":"source.css"}]},{"begin":"(<<<)\\\\s*'(REGEXP?)'(\\\\s*)$","beginCaptures":{"0":{"name":"punctuation.section.embedded.begin.php"},"1":{"name":"punctuation.definition.string.php"},"2":{"name":"keyword.operator.nowdoc.php"},"3":{"name":"invalid.illegal.trailing-whitespace.php"}},"contentName":"string.regexp.nowdoc.php","end":"^\\\\s*(\\\\2)(?![0-9A-Z_a-z\\\\x7F-\\\\x{10FFFF}])","endCaptures":{"0":{"name":"punctuation.section.embedded.end.php"},"1":{"name":"keyword.operator.nowdoc.php"}},"patterns":[{"match":"(\\\\\\\\){1,2}[]$.\\\\[^{}]","name":"constant.character.escape.regex.php"},{"captures":{"1":{"name":"punctuation.definition.arbitrary-repitition.php"},"3":{"name":"punctuation.definition.arbitrary-repitition.php"}},"match":"(\\\\{)\\\\d+(,\\\\d+)?(})","name":"string.regexp.arbitrary-repitition.php"},{"begin":"\\\\[(?:\\\\^?])?","captures":{"0":{"name":"punctuation.definition.character-class.php"}},"end":"]","name":"string.regexp.character-class.php","patterns":[{"match":"\\\\\\\\[]'\\\\[\\\\\\\\]","name":"constant.character.escape.php"}]},{"match":"[$*+^]","name":"keyword.operator.regexp.php"},{"begin":"(?i)(?<=^|\\\\s)(#)\\\\s(?=[-\\\\t !,.0-9?_a-z\\\\x7F-\\\\x{10FFFF}[^\\\\x00-\\\\x7F]]*$)","beginCaptures":{"1":{"name":"punctuation.definition.comment.php"}},"end":"$","endCaptures":{"0":{"name":"punctuation.definition.comment.php"}},"name":"comment.line.number-sign.php"}]},{"begin":"(<<<)\\\\s*'(BLADE)'(\\\\s*)$","beginCaptures":{"0":{"name":"punctuation.section.embedded.begin.php"},"1":{"name":"punctuation.definition.string.php"},"2":{"name":"keyword.operator.nowdoc.php"},"3":{"name":"invalid.illegal.trailing-whitespace.php"}},"contentName":"text.html.php.blade","end":"^\\\\s*(\\\\2)(?![0-9A-Z_a-z\\\\x7F-\\\\x{10FFFF}])","endCaptures":{"0":{"name":"punctuation.section.embedded.end.php"},"1":{"name":"keyword.operator.nowdoc.php"}},"name":"meta.embedded.php.blade"},{"begin":"(?i)(<<<)\\\\s*'([_a-z\\\\x7F-\\\\x{10FFFF}]+[0-9_a-z\\\\x7F-\\\\x{10FFFF}]*)'(\\\\s*)","beginCaptures":{"1":{"name":"punctuation.definition.string.php"},"2":{"name":"keyword.operator.nowdoc.php"},"3":{"name":"invalid.illegal.trailing-whitespace.php"}},"end":"^\\\\s*(\\\\2)(?![0-9A-Z_a-z\\\\x7F-\\\\x{10FFFF}])","endCaptures":{"1":{"name":"keyword.operator.nowdoc.php"}}}]},"null_coalescing":{"match":"\\\\?\\\\?","name":"keyword.operator.null-coalescing.php"},"numbers":{"patterns":[{"match":"0[Xx]\\\\h+(?:_\\\\h+)*","name":"constant.numeric.hex.php"},{"match":"0[Bb][01]+(?:_[01]+)*","name":"constant.numeric.binary.php"},{"match":"0[Oo][0-7]+(?:_[0-7]+)*","name":"constant.numeric.octal.php"},{"match":"0(?:_?[0-7]+)+","name":"constant.numeric.octal.php"},{"captures":{"1":{"name":"punctuation.separator.decimal.period.php"},"2":{"name":"punctuation.separator.decimal.period.php"}},"match":"(?:[0-9]+(?:_[0-9]+)*)?(\\\\.)[0-9]+(?:_[0-9]+)*(?:[Ee][-+]?[0-9]+(?:_[0-9]+)*)?|[0-9]+(?:_[0-9]+)*(\\\\.)(?:[0-9]+(?:_[0-9]+)*)?(?:[Ee][-+]?[0-9]+(?:_[0-9]+)*)?|[0-9]+(?:_[0-9]+)*[Ee][-+]?[0-9]+(?:_[0-9]+)*","name":"constant.numeric.decimal.php"},{"match":"0|[1-9](?:_?[0-9]+)*","name":"constant.numeric.decimal.php"}]},"object":{"patterns":[{"begin":"(\\\\??->)\\\\s*(\\\\$?\\\\{)","beginCaptures":{"1":{"name":"keyword.operator.class.php"},"2":{"name":"punctuation.definition.variable.php"}},"end":"}","endCaptures":{"0":{"name":"punctuation.definition.variable.php"}},"patterns":[{"include":"$self"}]},{"begin":"(?i)(\\\\??->)\\\\s*([_a-z\\\\x7F-\\\\x{10FFFF}][0-9_a-z\\\\x7F-\\\\x{10FFFF}]*)\\\\s*(\\\\()","beginCaptures":{"1":{"name":"keyword.operator.class.php"},"2":{"name":"entity.name.function.php"},"3":{"name":"punctuation.definition.arguments.begin.bracket.round.php"}},"end":"\\\\)|(?=\\\\?>)","endCaptures":{"0":{"name":"punctuation.definition.arguments.end.bracket.round.php"}},"name":"meta.method-call.php","patterns":[{"include":"#named-arguments"},{"include":"$self"}]},{"captures":{"1":{"name":"keyword.operator.class.php"},"2":{"name":"variable.other.property.php"},"3":{"name":"punctuation.definition.variable.php"}},"match":"(?i)(\\\\??->)\\\\s*((\\\\$+)?[_a-z\\\\x7F-\\\\x{10FFFF}][0-9_a-z\\\\x7F-\\\\x{10FFFF}]*)?"}]},"parameter-default-types":{"patterns":[{"include":"#strings"},{"include":"#numbers"},{"include":"#string-backtick"},{"include":"#variables"},{"match":"=>","name":"keyword.operator.key.php"},{"match":"=","name":"keyword.operator.assignment.php"},{"match":"&(?=\\\\s*\\\\$)","name":"storage.modifier.reference.php"},{"begin":"(array)\\\\s*(\\\\()","beginCaptures":{"1":{"name":"support.function.construct.php"},"2":{"name":"punctuation.definition.array.begin.bracket.round.php"}},"end":"\\\\)","endCaptures":{"0":{"name":"punctuation.definition.array.end.bracket.round.php"}},"name":"meta.array.php","patterns":[{"include":"#parameter-default-types"}]},{"begin":"\\\\[","beginCaptures":{"0":{"name":"punctuation.section.array.begin.php"}},"end":"]|(?=\\\\?>)","endCaptures":{"0":{"name":"punctuation.section.array.end.php"}},"patterns":[{"include":"$self"}]},{"include":"#instantiation"},{"begin":"(?i)(?=[0-9\\\\\\\\_a-z\\\\x7F-\\\\x{10FFFF}]+(::)\\\\s*([_a-z\\\\x7F-\\\\x{10FFFF}][0-9_a-z\\\\x7F-\\\\x{10FFFF}]*)?)","end":"(?i)(::)\\\\s*([_a-z\\\\x7F-\\\\x{10FFFF}][0-9_a-z\\\\x7F-\\\\x{10FFFF}]*)?","endCaptures":{"1":{"name":"keyword.operator.class.php"},"2":{"name":"constant.other.class.php"}},"patterns":[{"include":"#class-name"}]},{"include":"#constants"}]},"php-types":{"patterns":[{"match":"\\\\?","name":"keyword.operator.nullable-type.php"},{"match":"[\\\\&|]","name":"punctuation.separator.delimiter.php"},{"match":"(?i)\\\\b(null|int|float|bool|string|array|object|callable|iterable|true|false|mixed|void)\\\\b","name":"keyword.other.type.php"},{"match":"(?i)\\\\b(parent|self)\\\\b","name":"storage.type.php"},{"match":"\\\\(","name":"punctuation.definition.type.begin.bracket.round.php"},{"match":"\\\\)","name":"punctuation.definition.type.end.bracket.round.php"},{"include":"#class-name"}]},"php_doc":{"patterns":[{"match":"^(?!\\\\s*\\\\*).*?(?:(?=\\\\*/)|$\\\\n?)","name":"invalid.illegal.missing-asterisk.phpdoc.php"},{"captures":{"1":{"name":"keyword.other.phpdoc.php"},"3":{"name":"storage.modifier.php"},"4":{"name":"invalid.illegal.wrong-access-type.phpdoc.php"}},"match":"^\\\\s*\\\\*\\\\s*(@access)\\\\s+((p(?:ublic|rivate|rotected))|(.+))\\\\s*$"},{"captures":{"1":{"name":"keyword.other.phpdoc.php"},"2":{"name":"markup.underline.link.php"}},"match":"(@xlink)\\\\s+(.+)\\\\s*$"},{"begin":"(@(?:global|param|property(-(read|write))?|return|throws|var))\\\\s+(?=[(?A-Z\\\\\\\\_a-z\\\\x7F-\\\\x{10FFFF}])","beginCaptures":{"1":{"name":"keyword.other.phpdoc.php"}},"contentName":"meta.other.type.phpdoc.php","end":"(?=\\\\s|\\\\*/)","patterns":[{"include":"#php_doc_types_array_multiple"},{"include":"#php_doc_types_array_single"},{"include":"#php_doc_types"},{"match":"[\\\\&|]","name":"punctuation.separator.delimiter.php"}]},{"match":"@(api|abstract|author|category|copyright|example|global|inherit[Dd]oc|internal|license|link|method|property(-(read|write))?|package|param|return|see|since|source|static|subpackage|throws|todo|var|version|uses|deprecated|final|ignore)\\\\b","name":"keyword.other.phpdoc.php"},{"captures":{"1":{"name":"keyword.other.phpdoc.php"}},"match":"\\\\{(@(link|inherit[Dd]oc)).+?}","name":"meta.tag.inline.phpdoc.php"}]},"php_doc_types":{"captures":{"0":{"patterns":[{"match":"\\\\?","name":"keyword.operator.nullable-type.php"},{"match":"\\\\b(string|integer|int|boolean|bool|float|double|object|mixed|array|resource|void|null|callback|false|true|self|static)\\\\b","name":"keyword.other.type.php"},{"include":"#class-name"},{"match":"[\\\\&|]","name":"punctuation.separator.delimiter.php"}]}},"match":"(?i)\\\\??[0-9\\\\\\\\_a-z\\\\x7F-\\\\x{10FFFF}]+([\\\\&|]\\\\??[0-9\\\\\\\\_a-z\\\\x7F-\\\\x{10FFFF}]+)*"},"php_doc_types_array_multiple":{"begin":"\\\\(","beginCaptures":{"0":{"name":"punctuation.definition.type.begin.bracket.round.phpdoc.php"}},"end":"(\\\\))(\\\\[])?|(?=\\\\*/)","endCaptures":{"1":{"name":"punctuation.definition.type.end.bracket.round.phpdoc.php"},"2":{"name":"keyword.other.array.phpdoc.php"}},"patterns":[{"include":"#php_doc_types_array_multiple"},{"include":"#php_doc_types_array_single"},{"include":"#php_doc_types"},{"match":"[\\\\&|]","name":"punctuation.separator.delimiter.php"}]},"php_doc_types_array_single":{"captures":{"1":{"patterns":[{"include":"#php_doc_types"}]},"2":{"name":"keyword.other.array.phpdoc.php"}},"match":"(?i)([0-9\\\\\\\\_a-z\\\\x7F-\\\\x{10FFFF}]+)(\\\\[])"},"regex-double-quoted":{"begin":"\\"/(?=(\\\\\\\\.|[^\\"/])++/[ADSUXeimsux]*\\")","beginCaptures":{"0":{"name":"punctuation.definition.string.begin.php"}},"end":"(/)([ADSUXeimsux]*)(\\")","endCaptures":{"0":{"name":"punctuation.definition.string.end.php"}},"name":"string.regexp.double-quoted.php","patterns":[{"match":"(\\\\\\\\){1,2}[]$.\\\\[^{}]","name":"constant.character.escape.regex.php"},{"include":"#interpolation_double_quoted"},{"captures":{"1":{"name":"punctuation.definition.arbitrary-repetition.php"},"3":{"name":"punctuation.definition.arbitrary-repetition.php"}},"match":"(\\\\{)\\\\d+(,\\\\d+)?(})","name":"string.regexp.arbitrary-repetition.php"},{"begin":"\\\\[(?:\\\\^?])?","captures":{"0":{"name":"punctuation.definition.character-class.php"}},"end":"]","name":"string.regexp.character-class.php","patterns":[{"include":"#interpolation_double_quoted"}]},{"match":"[$*+^]","name":"keyword.operator.regexp.php"}]},"regex-single-quoted":{"begin":"'/(?=(\\\\\\\\(?:\\\\\\\\(?:\\\\\\\\['\\\\\\\\]?|[^'])|.)|[^'/])++/[ADSUXeimsux]*')","beginCaptures":{"0":{"name":"punctuation.definition.string.begin.php"}},"end":"(/)([ADSUXeimsux]*)(')","endCaptures":{"0":{"name":"punctuation.definition.string.end.php"}},"name":"string.regexp.single-quoted.php","patterns":[{"include":"#single_quote_regex_escape"},{"captures":{"1":{"name":"punctuation.definition.arbitrary-repetition.php"},"3":{"name":"punctuation.definition.arbitrary-repetition.php"}},"match":"(\\\\{)\\\\d+(,\\\\d+)?(})","name":"string.regexp.arbitrary-repetition.php"},{"begin":"\\\\[(?:\\\\^?])?","captures":{"0":{"name":"punctuation.definition.character-class.php"}},"end":"]","name":"string.regexp.character-class.php"},{"match":"[$*+^]","name":"keyword.operator.regexp.php"}]},"scope-resolution":{"patterns":[{"captures":{"1":{"patterns":[{"match":"\\\\b(self|static|parent)\\\\b","name":"storage.type.php"},{"include":"#class-name"},{"include":"#variable-name"}]}},"match":"([A-Z\\\\\\\\_a-z\\\\x7F-\\\\x{10FFFF}][0-9A-Z\\\\\\\\_a-z\\\\x7F-\\\\x{10FFFF}]*)(?=\\\\s*::)"},{"begin":"(?i)(::)\\\\s*([_a-z\\\\x7F-\\\\x{10FFFF}][0-9_a-z\\\\x7F-\\\\x{10FFFF}]*)\\\\s*(\\\\()","beginCaptures":{"1":{"name":"keyword.operator.class.php"},"2":{"name":"entity.name.function.php"},"3":{"name":"punctuation.definition.arguments.begin.bracket.round.php"}},"end":"\\\\)|(?=\\\\?>)","endCaptures":{"0":{"name":"punctuation.definition.arguments.end.bracket.round.php"}},"name":"meta.method-call.static.php","patterns":[{"include":"#named-arguments"},{"include":"$self"}]},{"captures":{"1":{"name":"keyword.operator.class.php"},"2":{"name":"keyword.other.class.php"}},"match":"(?i)(::)\\\\s*(class)\\\\b"},{"captures":{"1":{"name":"keyword.operator.class.php"},"2":{"name":"variable.other.class.php"},"3":{"name":"punctuation.definition.variable.php"},"4":{"name":"constant.other.class.php"}},"match":"(?i)(::)\\\\s*(?:((\\\\$+)[_a-z\\\\x7F-\\\\x{10FFFF}][0-9_a-z\\\\x7F-\\\\x{10FFFF}]*)|([_a-z\\\\x7F-\\\\x{10FFFF}][0-9_a-z\\\\x7F-\\\\x{10FFFF}]*))?"}]},"single_quote_regex_escape":{"match":"\\\\\\\\(?:\\\\\\\\(?:\\\\\\\\['\\\\\\\\]?|[^'])|.)","name":"constant.character.escape.php"},"sql-string-double-quoted":{"begin":"\\"\\\\s*(?=(SELECT|INSERT|UPDATE|DELETE|CREATE|REPLACE|ALTER|AND|WITH)\\\\b)","beginCaptures":{"0":{"name":"punctuation.definition.string.begin.php"}},"contentName":"source.sql.embedded.php","end":"\\"","endCaptures":{"0":{"name":"punctuation.definition.string.end.php"}},"name":"string.quoted.double.sql.php","patterns":[{"captures":{"1":{"name":"punctuation.definition.comment.sql"}},"match":"(#)(\\\\\\\\\\"|[^\\"])*(?=\\"|$)","name":"comment.line.number-sign.sql"},{"captures":{"1":{"name":"punctuation.definition.comment.sql"}},"match":"(--)(\\\\\\\\\\"|[^\\"])*(?=\\"|$)","name":"comment.line.double-dash.sql"},{"match":"\\\\\\\\[\\"'\\\\\\\\\`]","name":"constant.character.escape.php"},{"match":"'(?=((\\\\\\\\')|[^\\"'])*(\\"|$))","name":"string.quoted.single.unclosed.sql"},{"match":"\`(?=((\\\\\\\\\`)|[^\\"\`])*(\\"|$))","name":"string.quoted.other.backtick.unclosed.sql"},{"begin":"'","end":"'","name":"string.quoted.single.sql","patterns":[{"include":"#interpolation_double_quoted"}]},{"begin":"\`","end":"\`","name":"string.quoted.other.backtick.sql","patterns":[{"include":"#interpolation_double_quoted"}]},{"include":"#interpolation_double_quoted"},{"include":"source.sql"}]},"sql-string-single-quoted":{"begin":"'\\\\s*(?=(SELECT|INSERT|UPDATE|DELETE|CREATE|REPLACE|ALTER|AND|WITH)\\\\b)","beginCaptures":{"0":{"name":"punctuation.definition.string.begin.php"}},"contentName":"source.sql.embedded.php","end":"'","endCaptures":{"0":{"name":"punctuation.definition.string.end.php"}},"name":"string.quoted.single.sql.php","patterns":[{"captures":{"1":{"name":"punctuation.definition.comment.sql"}},"match":"(#)(\\\\\\\\'|[^'])*(?='|$)","name":"comment.line.number-sign.sql"},{"captures":{"1":{"name":"punctuation.definition.comment.sql"}},"match":"(--)(\\\\\\\\'|[^'])*(?='|$)","name":"comment.line.double-dash.sql"},{"match":"\\\\\\\\[\\"'\\\\\\\\\`]","name":"constant.character.escape.php"},{"match":"\`(?=((\\\\\\\\\`)|[^'\`])*('|$))","name":"string.quoted.other.backtick.unclosed.sql"},{"match":"\\"(?=((\\\\\\\\\\")|[^\\"'])*('|$))","name":"string.quoted.double.unclosed.sql"},{"include":"source.sql"}]},"string-backtick":{"begin":"\`","beginCaptures":{"0":{"name":"punctuation.definition.string.begin.php"}},"end":"\`","endCaptures":{"0":{"name":"punctuation.definition.string.end.php"}},"name":"string.interpolated.php","patterns":[{"match":"\\\\\\\\\`","name":"constant.character.escape.php"},{"include":"#interpolation"}]},"string-double-quoted":{"begin":"\\"","beginCaptures":{"0":{"name":"punctuation.definition.string.begin.php"}},"end":"\\"","endCaptures":{"0":{"name":"punctuation.definition.string.end.php"}},"name":"string.quoted.double.php","patterns":[{"include":"#interpolation_double_quoted"}]},"string-single-quoted":{"begin":"'","beginCaptures":{"0":{"name":"punctuation.definition.string.begin.php"}},"end":"'","endCaptures":{"0":{"name":"punctuation.definition.string.end.php"}},"name":"string.quoted.single.php","patterns":[{"match":"\\\\\\\\['\\\\\\\\]","name":"constant.character.escape.php"}]},"strings":{"patterns":[{"include":"#regex-double-quoted"},{"include":"#sql-string-double-quoted"},{"include":"#string-double-quoted"},{"include":"#regex-single-quoted"},{"include":"#sql-string-single-quoted"},{"include":"#string-single-quoted"}]},"support":{"patterns":[{"match":"(?i)\\\\bapc_(store|sma_info|compile_file|clear_cache|cas|cache_info|inc|dec|define_constants|delete(_file)?|exists|fetch|load_constants|add|bin_(dump|load)(file)?)\\\\b","name":"support.function.apc.php"},{"match":"(?i)\\\\b(compact|count|current|end|extract|in_array|key(_exists)?|list|nat(case)?sort|next|pos|prev|range|reset|shuffle|sizeof|[ak]?r?sort|u[ak]?sort|array_(all|any|change_key_case|chunk|column|combine|count_values|fill(_keys)?|filter|find(_key)?|flip|is_list|key_(exists|first|last)|keys|map|multisort|pad|pop|product|push|rand|reduce|reverse|search|shift|slice|splice|sum|unique|unshift|values|u?(diff|intersect)(_u?(key|assoc))?|(walk|replace|merge)(_recursive)?))\\\\b","name":"support.function.array.php"},{"match":"(?i)\\\\b(connection_(aborted|status)|constant|defined?|die|eval|exit|get_browser|__halt_compiler|highlight_(file|string)|hrtime|ignore_user_abort|pack|php_strip_whitespace|show_source|u?sleep|sys_getloadavg|time_(nanosleep|sleep_until)|uniqid|unpack)\\\\b","name":"support.function.basic_functions.php"},{"match":"(?i)\\\\bbc(add|ceil|comp|(div|pow)(mod)?|floor|mod|mul|round|scale|sqrt|sub)\\\\b","name":"support.function.bcmath.php"},{"match":"(?i)\\\\bblenc_encrypt\\\\b","name":"support.function.blenc.php"},{"match":"(?i)\\\\bbz(compress|close|open|decompress|errstr|errno|error|flush|write|read)\\\\b","name":"support.function.bz2.php"},{"match":"(?i)\\\\b((French|Gregorian|Jewish|Julian)ToJD|cal_(to_jd|info|days_in_month|from_jd)|unixtojd|jdto(unix|jewish)|easter_(da(?:te|ys))|JD(MonthName|To(Gregorian|Julian|French)|DayOfWeek))\\\\b","name":"support.function.calendar.php"},{"match":"(?i)\\\\b(__autoload|class_alias|(class|interface|method|property|trait|enum)_exists|is_(a|subclass_of)|get_(class(_(vars|methods))?|(called|parent)_class|(mangled_)?object_vars|declared_(classes|interfaces|traits)))\\\\b","name":"support.function.classobj.php"},{"match":"(?i)\\\\b(com_(create_guid|print_typeinfo|event_sink|load_typelib|get_active_object|message_pump)|variant_(sub|set(_type)?|not|neg|cast|cat|cmp|int|idiv|imp|or|div|date_(from|to)_timestamp|pow|eqv|fix|and|add|abs|round|get_type|xor|mod|mul))\\\\b","name":"support.function.com.php"},{"match":"(?i)\\\\b(isset|unset|eval|empty|list)\\\\b","name":"support.function.construct.php"},{"match":"(?i)\\\\b(print|echo)\\\\b","name":"support.function.construct.output.php"},{"match":"(?i)\\\\bctype_(space|cntrl|digit|upper|punct|print|lower|alnum|alpha|graph|xdigit)\\\\b","name":"support.function.ctype.php"},{"match":"(?i)\\\\bcurl_(close|copy_handle|errno|error|escape|exec|getinfo|init|pause|reset|setopt(_array)?|strerror|unescape|upkeep|version|multi_((add|remove)_handle|close|errno|exec|getcontent|info_read|init|select|setopt|strerror)|share_(close|errno|init(_persistent)?|setopt|strerror))\\\\b","name":"support.function.curl.php"},{"match":"(?i)\\\\b(strtotime|str[fp]time|checkdate|time|timezone_name_(from_abbr|get)|idate|timezone_((location|offset|transitions|version)_get|(abbreviations|identifiers)_list|open)|date(_(sun(rise|set)|sun_info|sub|create(_immutable)?(_from_format)?|timestamp_[gs]et|timezone_[gs]et|time_set|isodate_set|interval_(create_from_date_string|format)|offset_get|diff|default_timezone_[gs]et|date_set|parse(_from_format)?|format|add|get_last_errors|modify))?|localtime|get(date|timeofday)|gm(strftime|date|mktime)|microtime|mktime)\\\\b","name":"support.function.datetime.php"},{"match":"(?i)\\\\bdba_(sync|handlers|nextkey|close|insert|optimize|open|delete|popen|exists|key_split|firstkey|fetch|list|replace)\\\\b","name":"support.function.dba.php"},{"match":"(?i)\\\\bdbx_(sort|connect|compare|close|escape_string|error|query|fetch_row)\\\\b","name":"support.function.dbx.php"},{"match":"(?i)\\\\b(scandir|chdir|chroot|closedir|opendir|dir|rewinddir|readdir|getcwd)\\\\b","name":"support.function.dir.php"},{"match":"(?i)\\\\beio_(sync(fs)?|sync_file_range|symlink|stat(vfs)?|sendfile|set_min_parallel|set_max_(idle|poll_(reqs|time)|parallel)|seek|n(threads|op|pending|reqs|ready)|chown|chmod|custom|close|cancel|truncate|init|open|dup2|unlink|utime|poll|event_loop|f(sync|stat(vfs)?|chown|chmod|truncate|datasync|utime|allocate)|write|lstat|link|rename|realpath|read(ahead|dir|link)?|rmdir|get_(event_stream|last_error)|grp(_(add|cancel|limit))?|mknod|mkdir|busy)\\\\b","name":"support.function.eio.php"},{"match":"(?i)\\\\benchant_(dict_(store_replacement|suggest|check|is_in_session|describe|quick_check|add_to_(personal|session)|get_error)|broker_(set_ordering|init|dict_exists|describe|free(_dict)?|list_dicts|request_(pwl_)?dict|get_error))\\\\b","name":"support.function.enchant.php"},{"match":"(?i)\\\\b(split(i)?|sql_regcase|ereg(i)?(_replace)?)\\\\b","name":"support.function.ereg.php"},{"match":"(?i)\\\\b((restore|set)_(e(?:rror|xception))_handler|trigger_error|debug_(print_)?backtrace|user_error|error_(log|reporting|(clear|get)_last))\\\\b","name":"support.function.errorfunc.php"},{"match":"(?i)\\\\b(shell_exec|system|passthru|proc_(nice|close|terminate|open|get_status)|escapeshell(arg|cmd)|exec)\\\\b","name":"support.function.exec.php"},{"match":"(?i)\\\\b(exif_(thumbnail|tagname|imagetype|read_data)|read_exif_data)\\\\b","name":"support.function.exif.php"},{"match":"(?i)\\\\bfann_((duplicate|length|merge|shuffle|subset)_train_data|scale_(train(_data)?|((?:in|out)put)(_train_data)?)|set_(scaling_params|sarprop_(step_error_(shift|threshold_factor)|temperature|weight_decay_shift)|cascade_(num_candidate_groups|candidate_(change_fraction|limit|stagnation_epochs)|output_(change_fraction|stagnation_epochs)|weight_multiplier|activation_(functions|steepnesses)|(m(?:ax|in))_(cand|out)_epochs)|callback|training_algorithm|train_(error|stop)_function|((?:in|out)put)_scaling_params|error_log|quickprop_(decay|mu)|weight(_array)?|learning_(momentum|rate)|bit_fail_limit|activation_(function|steepness)(_(hidden|layer|output))?|rprop_(((?:de|in)crease)_factor|delta_(max|min|zero)))|save(_train)?|num_((?:in|out)put)_train_data|copy|clear_scaling_params|cascadetrain_on_(file|data)|create_((s(?:parse|hortcut|tandard))(_array)?|train(_from_callback)?|from_file)|test(_data)?|train(_(on_(file|data)|epoch))?|init_weights|descale_(input|output|train)|destroy(_train)?|print_error|run|reset_(MSE|err(no|str))|read_train_from_file|randomize_weights|get_(sarprop_(step_error_(shift|threshold_factor)|temperature|weight_decay_shift)|num_(input|output|layers)|network_type|MSE|connection_(array|rate)|bias_array|bit_fail(_limit)?|cascade_(num_(candidate(?:s|_groups))|(candidate|output)_(change_fraction|limit|stagnation_epochs)|weight_multiplier|activation_(functions|steepnesses)(_count)?|(m(?:ax|in))_(cand|out)_epochs)|total_((?:connecti|neur)ons)|training_algorithm|train_(error|stop)_function|err(no|str)|quickprop_(decay|mu)|learning_(momentum|rate)|layer_array|activation_(function|steepness)|rprop_(((?:de|in)crease)_factor|delta_(max|min|zero))))\\\\b","name":"support.function.fann.php"},{"match":"(?i)\\\\b(symlink|stat|set_file_buffer|chown|chgrp|chmod|copy|clearstatcache|touch|tempnam|tmpfile|is_(dir|(uploaded_)?file|executable|link|readable|writ(e)?able)|disk_(free|total)_space|diskfreespace|dirname|delete|unlink|umask|pclose|popen|pathinfo|parse_ini_(file|string)|fscanf|fstat|fseek|fnmatch|fclose|ftell|ftruncate|file(size|[acm]time|type|inode|owner|perms|group)?|file_(exists|(get|put)_contents)|f(open|puts|putcsv|passthru|eof|flush|write|lock|read|gets(s)?|getc(sv)?)|lstat|lchown|lchgrp|link(info)?|rename|rewind|read(file|link)|realpath(_cache_(get|size))?|rmdir|glob|move_uploaded_file|mkdir|basename|f(data)?sync)\\\\b","name":"support.function.file.php"},{"match":"(?i)\\\\b(finfo_(set_flags|close|open|file|buffer)|mime_content_type)\\\\b","name":"support.function.fileinfo.php"},{"match":"(?i)\\\\bfilter_(has_var|input(_array)?|id|var(_array)?|list)\\\\b","name":"support.function.filter.php"},{"match":"(?i)\\\\b(f(?:astcgi_finish_request|pm_get_status))\\\\b","name":"support.function.fpm.php"},{"match":"(?i)\\\\b(call_user_(func|method)(_array)?|create_function|unregister_tick_function|forward_static_call(_array)?|function_exists|func_(num_args|get_arg(s)?)|register_(shutdown|tick)_function|get_defined_functions)\\\\b","name":"support.function.funchand.php"},{"match":"(?i)\\\\b((n)?gettext|textdomain|d((?:(n)?|c(n)?)gettext)|bind(textdomain|_textdomain_codeset))\\\\b","name":"support.function.gettext.php"},{"match":"(?i)\\\\bgmp_(scan[01]|strval|sign|sub|setbit|sqrt(rem)?|hamdist|neg|nextprime|com|clrbit|cmp|testbit|intval|init|invert|import|or|div(exact)?|div_(qr??|r)|jacobi|popcount|pow(m)?|perfect_(square|power)|prob_prime|export|fact|legendre|and|add|abs|root(rem)?|random(_(bits|range|seed))?|gcd(ext)?|xor|mod|mul|binomial|kronecker|lcm)\\\\b","name":"support.function.gmp.php"},{"match":"(?i)\\\\bhash(_(algos|copy|equals|file|final|hkdf|hmac(_(file|algos)?)?|init|pbkdf2|update(_(file|stream))?))?\\\\b","name":"support.function.hash.php"},{"match":"(?i)\\\\b(http_(support|send_(status|stream|content_(disposition|type)|data|file|last_modified)|head|negotiate_(charset|content_type|language)|chunked_decode|cache_(etag|last_modified)|throttle|inflate|deflate|date|post_(data|fields)|put_(data|file|stream)|persistent_handles_(count|clean|ident)|parse_(cookie|headers|message|params)|redirect|request(_(method_(exists|name|(un)?register)|body_encode))?|get(_request_(headers|body(_stream)?))?|match_(etag|modified|request_header)|build_(cookie|str|url))|ob_(etag|deflate|inflate)handler)\\\\b","name":"support.function.http.php"},{"match":"(?i)\\\\b(iconv(_(str(pos|len|rpos)|substr|[gs]et_encoding|mime_(decode(_headers)?|encode)))?|ob_iconv_handler)\\\\b","name":"support.function.iconv.php"},{"match":"(?i)\\\\biis_((st(?:art|op))_(serv(?:ice|er))|set_(script_map|server_rights|dir_security|app_settings)|(add|remove)_server|get_(script_map|service_state|server_(rights|by_(comment|path))|dir_security))\\\\b","name":"support.function.iisfunc.php"},{"match":"(?i)\\\\b(iptc(embed|parse)|(jpeg|png)2wbmp|gd_info|getimagesize(fromstring)?|image(s[xy]|scale|(char|string)(up)?|set(clip|style|thickness|tile|interpolation|pixel|brush)|savealpha|convolution|copy(resampled|resized|merge(gray)?)?|colors(forindex|total)|color(set|closest(alpha|hwb)?|transparent|deallocate|(allocate|exact|resolve)(alpha)?|at|match)|crop(auto)?|create(truecolor|from(avif|bmp|string|jpeg|png|wbmp|webp|gif|gd(2(part)?)?|tga|xpm|xbm))?|types|ttf(bbox|text)|truecolortopalette|istruecolor|interlace|2wbmp|destroy|dashedline|jpeg|_type_to_(extension|mime_type)|ps(slantfont|text|(encode|extend|free|load)font|bbox)|png|polygon|palette(copy|totruecolor)|ellipse|ft(text|bbox)|filter|fill|filltoborder|filled(arc|ellipse|polygon|rectangle)|font(height|width)|flip|webp|wbmp|line|loadfont|layereffect|antialias|affine(matrix(concat|get))?|alphablending|arc|rotate|rectangle|gif|gd2?|gammacorrect|grab(screen|window)|xbm|resolution|openpolygon|get(clip|interpolation)|avif|bmp))\\\\b","name":"support.function.image.php"},{"match":"(?i)\\\\b(sys_get_temp_dir|set_(time_limit|include_path|magic_quotes_runtime)|cli_[gs]et_process_title|ini_(alter|get(_all)?|restore|set)|zend_(thread_id|version|logo_guid)|dl|php(credits|info|version)|php_(sapi_name|ini_(scanned_files|loaded_file)|uname|logo_guid)|putenv|extension_loaded|version_compare|assert(_options)?|restore_include_path|gc_(collect_cycles|disable|enable(d)?)|getopt|get_(cfg_var|current_user|defined_constants|extension_funcs|include_path|included_files|loaded_extensions|magic_quotes_(gpc|runtime)|required_files|resources)|get(env|lastmod|rusage|my(inode|[gpu]id))|memory_get_(peak_)?usage|main|magic_quotes_runtime)\\\\b","name":"support.function.info.php"},{"match":"(?i)\\\\bibase_(set_event_handler|service_((?:at|de)tach)|server_info|num_(fields|params)|name_result|connect|commit(_ret)?|close|trans|delete_user|drop_db|db_info|pconnect|param_info|prepare|err(code|msg)|execute|query|field_info|fetch_(assoc|object|row)|free_(event_handler|query|result)|wait_event|add_user|affected_rows|rollback(_ret)?|restore|gen_id|modify_user|maintain_db|backup|blob_(cancel|close|create|import|info|open|echo|add|get))\\\\b","name":"support.function.interbase.php"},{"match":"(?i)\\\\b(normalizer_(normalize|is_normalized)|idn_to_(unicode|utf8|ascii)|numfmt_(set_(symbol|(text_)?attribute|pattern)|create|(parse|format)(_currency)?|get_(symbol|(text_)?attribute|pattern|error_(code|message)|locale))|collator_(sort(_with_sort_keys)?|set_(attribute|strength)|compare|create|asort|get_(strength|sort_key|error_(code|message)|locale|attribute))|transliterator_(create(_(inverse|from_rules))?|transliterate|list_ids|get_error_(code|message))|intl(cal|tz)_get_error_(code|message)|intl_(is_failure|error_name|get_error_(code|message))|datefmt_(set_(calendar|lenient|pattern|timezone(_id)?)|create|is_lenient|parse|format(_object)?|localtime|get_(calendar(_object)?|time(type|zone(_id)?)|datetype|pattern|error_(code|message)|locale))|locale_(set_default|compose|canonicalize|parse|filter_matches|lookup|accept_from_http|get_(script|display_(script|name|variant|language|region)|default|primary_language|keywords|all_variants|region))|resourcebundle_(create|count|locales|get(_(error_(code|message)))?)|grapheme_(str(i?str|r?i?pos|len|_split)|substr|extract)|msgfmt_(set_pattern|create|(format|parse)(_message)?|get_(pattern|error_(code|message)|locale)))\\\\b","name":"support.function.intl.php"},{"match":"(?i)\\\\bjson_(decode|encode|last_error(_msg)?|validate)\\\\b","name":"support.function.json.php"},{"match":"(?i)\\\\bldap_(start|tls|sort|search|sasl_bind|set_(option|rebind_proc)|(first|next)_(attribute|entry|reference)|connect|control_paged_result(_response)?|count_entries|compare|close|t61_to_8859|8859_to_t61|dn2ufn|delete|unbind|parse_(re(?:ference|sult))|escape|errno|err2str|error|explode_dn|bind|free_result|list|add|rename|read|get_(option|dn|entries|values(_len)?|attributes)|modify(_batch)?|mod_(add|del|replace))\\\\b","name":"support.function.ldap.php"},{"match":"(?i)\\\\blibxml_(set_(streams_context|external_entity_loader)|clear_errors|disable_entity_loader|use_internal_errors|get_(errors|last_error))\\\\b","name":"support.function.libxml.php"},{"match":"(?i)\\\\b(ezmlm_hash|mail)\\\\b","name":"support.function.mail.php"},{"match":"(?i)\\\\b(a?(cos|sin|tan)h?|sqrt|srand|hypot|hexdec|ceil|is_(nan|(in)?finite)|octdec|dec(hex|oct|bin)|deg2rad|pi|pow|exp(m1)?|floor|f(div|mod|pow)|lcg_value|log(1[0p])?|atan2|abs|round|rand|rad2deg|getrandmax|mt_(srand|rand|getrandmax)|max|min|bindec|base_convert|intdiv)\\\\b","name":"support.function.math.php"},{"match":"(?i)\\\\bmb_(str(cut|str|to(lower|upper)|istr|ipos|imwidth|pos|width|len|rchr|richr|ripos|rpos|_pad|_split)|substitute_character|substr(_count)?|split|send_mail|http_((?:in|out)put)|check_encoding|convert_(case|encoding|kana|variables)|internal_encoding|output_handler|decode_(numericentity|mimeheader)|detect_(encoding|order)|parse_str|preferred_mime_name|encoding_aliases|encode_(numericentity|mimeheader)|ereg(i(_replace)?)?|ereg_(search(_(get(pos|regs)|init|regs|(set)?pos))?|replace(_callback)?|match)|list_encodings|language|regex_(set_options|encoding)|get_info|[lr]?trim|[lu]cfirst|ord|chr|scrub)\\\\b","name":"support.function.mbstring.php"},{"match":"(?i)\\\\b(m(?:crypt_(cfb|create_iv|cbc|ofb|decrypt|encrypt|ecb|list_(algorithms|modes)|generic(_((de)?init|end))?|enc_(self_test|is_block_(algorithm|algorithm_mode|mode)|get_(supported_key_sizes|(block|iv|key)_size|(algorithms|modes)_name))|get_(cipher_name|(block|iv|key)_size)|module_(close|self_test|is_block_(algorithm|algorithm_mode|mode)|open|get_(supported_key_sizes|algo_(block|key)_size)))|decrypt_generic))\\\\b","name":"support.function.mcrypt.php"},{"match":"(?i)\\\\bmemcache_debug\\\\b","name":"support.function.memcache.php"},{"match":"(?i)\\\\bmhash(_(count|keygen_s2k|get_(hash_name|block_size)))?\\\\b","name":"support.function.mhash.php"},{"match":"(?i)\\\\b(log_(cmd_(insert|delete|update)|killcursor|write_batch|reply|getmore)|bson_((?:de|en)code))\\\\b","name":"support.function.mongo.php"},{"match":"(?i)\\\\bmysql_(stat|set_charset|select_db|num_(fields|rows)|connect|client_encoding|close|create_db|escape_string|thread_id|tablename|insert_id|info|data_seek|drop_db|db_(name|query)|unbuffered_query|pconnect|ping|errno|error|query|field_(seek|name|type|table|flags|len)|fetch_(object|field|lengths|assoc|array|row)|free_result|list_(tables|dbs|processes|fields)|affected_rows|result|real_escape_string|get_(client|host|proto|server)_info)\\\\b","name":"support.function.mysql.php"},{"match":"(?i)\\\\bmysqli_(ssl_set|store_result|stat|send_(query|long_data)|set_(charset|opt|local_infile_(default|handler))|stmt_(store_result|send_long_data|next_result|close|init|data_seek|prepare|execute|fetch|free_result|attr_[gs]et|result_metadata|reset|get_(result|warnings)|more_results|bind_(param|result))|select_db|slave_query|savepoint|next_result|change_user|character_set_name|connect|commit|client_encoding|close|thread_safe|init|options|((?:en|dis)able)_(r(?:eads_from_master|pl_parse))|dump_debug_info|debug|data_seek|use_result|ping|poll|param_count|prepare|escape_string|execute|embedded_server_(start|end)|kill|query|field_seek|free_result|autocommit|rollback|report|refresh|fetch(_(object|fields|field(_direct)?|assoc|all|array|row))?|rpl_(parse_enabled|probe|query_type)|release_savepoint|reap_async_query|real_(connect|escape_string|query)|more_results|multi_query|get_(charset|connection_stats|client_(stats|info|version)|cache_stats|warnings|links_stats|metadata)|master_query|bind_(param|result)|begin_transaction)\\\\b","name":"support.function.mysqli.php"},{"match":"(?i)\\\\bmysqlnd_memcache_(set|get_config)\\\\b","name":"support.function.mysqlnd-memcache.php"},{"match":"(?i)\\\\bmysqlnd_ms_(set_(user_pick_server|qos)|dump_servers|query_is_select|fabric_select_(shard|global)|get_(stats|last_(used_connection|gtid))|xa_(commit|rollback|gc|begin)|match_wild)\\\\b","name":"support.function.mysqlnd-ms.php"},{"match":"(?i)\\\\bmysqlnd_qc_(set_(storage_handler|cache_condition|is_select|user_handlers)|clear_cache|get_(normalized_query_trace_log|core_stats|cache_info|query_trace_log|available_handlers))\\\\b","name":"support.function.mysqlnd-qc.php"},{"match":"(?i)\\\\bmysqlnd_uh_(set_(statement|connection)_proxy|convert_to_mysqlnd)\\\\b","name":"support.function.mysqlnd-uh.php"},{"match":"(?i)\\\\b(syslog|socket_(set_(blocking|timeout)|get_status)|set(raw)?cookie|http_response_code|openlog|headers_(list|sent)|header(_(re(?:gister_callback|move)))?|checkdnsrr|closelog|inet_(ntop|pton)|ip2long|openlog|dns_(check_record|get_(record|mx))|define_syslog_variables|(p)?fsockopen|long2ip|get(servby(name|port)|host(name|by(name(l)?|addr))|protoby(n(?:ame|umber))|mxrr)|http_(clear|get)_last_response_headers|net_get_interfaces|request_parse_body)\\\\b","name":"support.function.network.php"},{"match":"(?i)\\\\bnsapi_(virtual|response_headers|request_headers)\\\\b","name":"support.function.nsapi.php"},{"match":"(?i)\\\\b(oci(?:(statementtype|setprefetch|serverversion|savelob(file)?|numcols|new(collection|cursor|descriptor)|nlogon|column(scale|size|name|type(raw)?|isnull|precision)|coll(size|trim|assign(elem)?|append|getelem|max)|commit|closelob|cancel|internaldebug|definebyname|plogon|parse|error|execute|fetch(statement|into)?|free(statement|collection|cursor|desc)|write(temporarylob|lobtofile)|loadlob|log(o(?:n|ff))|rowcount|rollback|result|bindbyname)|_(statement_type|set_(client_(i(?:nfo|dentifier))|prefetch|edition|action|module_name)|server_version|num_(fields|rows)|new_(connect|collection|cursor|descriptor)|connect|commit|client_version|close|cancel|internal_debug|define_by_name|pconnect|password_change|parse|error|execute|bind_(array_)?by_name|field_(scale|size|name|type(_raw)?|is_null|precision)|fetch(_(object|assoc|all|array|row))?|free_(statement|descriptor)|lob_(copy|is_equal)|rollback|result|get_implicit_resultset)))\\\\b","name":"support.function.oci8.php"},{"match":"(?i)\\\\bopcache_(compile_file|invalidate|is_script_cached|reset|get_(status|configuration))\\\\b","name":"support.function.opcache.php"},{"match":"(?i)\\\\bopenssl_(sign|spki_(new|export(_challenge)?|verify)|seal|csr_(sign|new|export(_to_file)?|get_(subject|public_key))|cipher_(iv|key)_length|open|dh_compute_key|digest|decrypt|public_((?:de|en)crypt)|encrypt|error_string|pkcs12_(export(_to_file)?|read)|(cms|pkcs7)_(sign|decrypt|encrypt|verify|read)|verify|free_key|random_pseudo_bytes|pkey_(derive|new|export(_to_file)?|free|get_(details|public|private))|private_((?:de|en)crypt)|pbkdf2|get_((cipher|md)_methods|cert_locations|curve_names|(p(?:ublic|rivate))key)|x509_(check_private_key|checkpurpose|parse|export(_to_file)?|fingerprint|free|read|verify))\\\\b","name":"support.function.openssl.php"},{"match":"(?i)\\\\b(output_(add_rewrite_var|reset_rewrite_vars)|flush|ob_(start|clean|implicit_flush|end_(clean|flush)|flush|list_handlers|gzhandler|get_(status|contents|clean|flush|length|level)))\\\\b","name":"support.function.output.php"},{"match":"(?i)\\\\bpassword_(algos|hash|needs_rehash|verify|get_info)\\\\b","name":"support.function.password.php"},{"match":"(?i)\\\\bpcntl_(alarm|async_signals|errno|exec|r?fork|get_last_error|[gs]et((?:cpuaffin|prior)ity)|signal(_(dispatch|get_handler))?|sig(procmask|timedwait|waitinfo)|strerror|unshare|wait(p?id)?|wexitstatus|wif((?:exit|signal|stopp)ed)|w(stop|term)sig)\\\\b","name":"support.function.pcntl.php"},{"match":"(?i)\\\\bpg_(socket|send_(prepare|execute|query(_params)?)|set_(client_encoding|error_verbosity)|select|host|num_(fields|rows)|consume_input|connection_(status|reset|busy)|connect(_poll)?|convert|copy_(from|to)|client_encoding|close|cancel_query|tty|transaction_status|trace|insert|options|delete|dbname|untrace|unescape_bytea|update|pconnect|ping|port|put_line|parameter_status|prepare|version|query(_params)?|escape_(string|identifier|literal|bytea)|end_copy|execute|flush|free_result|last_(notice|error|oid)|field_(size|num|name|type(_oid)?|table|is_null|prtlen)|affected_rows|result_(status|seek|error(_field)?)|fetch_(object|assoc|all(_columns)?|array|row|result)|get_(notify|pid|result)|meta_data|lo_(seek|close|create|tell|truncate|import|open|unlink|export|write|read(_all)?)|)\\\\b","name":"support.function.pgsql.php"},{"match":"(?i)\\\\b(virtual|getallheaders|apache_([gs]etenv|note|child_terminate|lookup_uri|response_headers|reset_timeout|request_headers|get_(version|modules)))\\\\b","name":"support.function.php_apache.php"},{"match":"(?i)\\\\bdom_import_simplexml\\\\b","name":"support.function.php_dom.php"},{"match":"(?i)\\\\bftp_(ssl_connect|systype|site|size|set_option|nlist|nb_(continue|f?(put|get))|ch(dir|mod)|connect|cdup|close|delete|put|pwd|pasv|exec|quit|f(put|get)|login|alloc|rename|raw(list)?|rmdir|get(_option)?|mdtm|mkdir)\\\\b","name":"support.function.php_ftp.php"},{"match":"(?i)\\\\bimap_((create|delete|list|rename|scan)(mailbox)?|status|sort|subscribe|set_quota|set(flag_full|acl)|search|savebody|num_(recent|msg)|check|close|clearflag_full|thread|timeout|open|header(info)?|headers|append|alerts|reopen|8bit|unsubscribe|undelete|utf7_((?:de|en)code)|utf8|uid|ping|errors|expunge|qprint|gc|fetch(structure|header|text|mime|body)|fetch_overview|lsub|list(s(?:can|ubscribed))|last_error|rfc822_(parse_(headers|adrlist)|write_address)|get(subscribed|acl|mailboxes)|get_quota(root)?|msgno|mime_header_decode|mail_(copy|compose|move)|mail|mailboxmsginfo|binary|body(struct)?|base64)\\\\b","name":"support.function.php_imap.php"},{"match":"(?i)\\\\bmssql_(select_db|num_(fields|rows)|next_result|connect|close|init|data_seek|pconnect|execute|query|field_(seek|name|type|length)|fetch_(object|field|assoc|array|row|batch)|free_(statement|result)|rows_affected|result|guid_string|get_last_message|min_(error|message)_severity|bind)\\\\b","name":"support.function.php_mssql.php"},{"match":"(?i)\\\\bodbc_(statistics|specialcolumns|setoption|num_(fields|rows)|next_result|connect|columns|columnprivileges|commit|cursor|close(_all)?|tables|tableprivileges|do|data_source|pconnect|primarykeys|procedures|procedurecolumns|prepare|error(msg)?|exec(ute)?|field_(scale|num|name|type|precision|len)|foreignkeys|free_result|fetch_(into|object|array|row)|longreadlen|autocommit|rollback|result(_all)?|gettypeinfo|binmode)\\\\b","name":"support.function.php_odbc.php"},{"match":"(?i)\\\\bpreg_(split|quote|filter|last_error(_msg)?|replace(_callback(_array)?)?|grep|match(_all)?)\\\\b","name":"support.function.php_pcre.php"},{"match":"(?i)\\\\b(spl_(classes|object_hash|autoload(_(call|unregister|extensions|functions|register))?)|class_(implements|uses|parents)|iterator_(count|to_array|apply))\\\\b","name":"support.function.php_spl.php"},{"match":"(?i)\\\\bzip_(close|open|entry_(name|compressionmethod|compressedsize|close|open|filesize|read)|read)\\\\b","name":"support.function.php_zip.php"},{"match":"(?i)\\\\bposix_(strerror|set(s|e?u|[ep]?g)id|ctermid|ttyname|times|isatty|initgroups|uname|errno|kill|e?access|get(sid|cwd|uid|pid|ppid|pwnam|pwuid|pgid|pgrp|euid|egid|login|rlimit|gid|grnam|groups|grgid)|get_last_error|mknod|mkfifo|(sys|f?path)conf|setrlimit)\\\\b","name":"support.function.posix.php"},{"match":"(?i)\\\\bset(thread|proc)title\\\\b","name":"support.function.proctitle.php"},{"match":"(?i)\\\\bpspell_(store_replacement|suggest|save_wordlist|new(_(config|personal))?|check|clear_session|config_(save_repl|create|ignore|(d(?:ata|ict))_dir|personal|runtogether|repl|mode)|add_to_(session|personal))\\\\b","name":"support.function.pspell.php"},{"match":"(?i)\\\\breadline(_(completion_function|clear_history|callback_(handler_(install|remove)|read_char)|info|on_new_line|write_history|list_history|add_history|redisplay|read_history))?\\\\b","name":"support.function.readline.php"},{"match":"(?i)\\\\brecode(_(string|file))?\\\\b","name":"support.function.recode.php"},{"match":"(?i)\\\\brrd(c_disconnect|_(create|tune|info|update|error|version|first|fetch|last(update)?|restore|graph|xport))\\\\b","name":"support.function.rrd.php"},{"match":"(?i)\\\\b(shm_((get|has|remove|put)_var|detach|attach|remove)|sem_(acquire|release|remove|get)|ftok|msg_((get|remove|set|stat)_queue|send|queue_exists|receive))\\\\b","name":"support.function.sem.php"},{"match":"(?i)\\\\bsession_(status|start|set_(save_handler|cookie_params)|save_path|name|commit|cache_(expire|limiter)|is_registered|id|destroy|decode|unset|unregister|encode|write_close|abort|reset|register(_shutdown)?|((?:regener|cre)ate)_id|get_cookie_params|module_name|gc)\\\\b","name":"support.function.session.php"},{"match":"(?i)\\\\bshmop_(size|close|open|delete|write|read)\\\\b","name":"support.function.shmop.php"},{"match":"(?i)\\\\bsimplexml_(import_dom|load_(string|file))\\\\b","name":"support.function.simplexml.php"},{"match":"(?i)\\\\b(snmp(?:(walk(oid)?|realwalk|get(next)?|set)|_(set_(valueretrieval|quick_print|enum_print|oid_(numeric_print|output_format))|read_mib|get_(valueretrieval|quick_print))|[23]_(set|walk|real_walk|get(next)?)))\\\\b","name":"support.function.snmp.php"},{"match":"(?i)\\\\b(is_soap_fault|use_soap_error_handler)\\\\b","name":"support.function.soap.php"},{"match":"(?i)\\\\bsocket_(accept|addrinfo_(bind|connect|explain|lookup)|atmark|bind|(clear|last)_error|close|cmsg_space|connect|create(_(listen|pair))?|(ex|im)port_stream|[gs]et_option|[gs]etopt|get(peer|sock)name|listen|read|recv(from|msg)?|select|send(msg|to)?|set_(non)?block|shutdown|strerror|write|wsaprotocol_info_(export|import|release))\\\\b","name":"support.function.sockets.php"},{"match":"(?i)\\\\bsqlite_(single_query|seek|has_(more|prev)|num_(fields|rows)|next|changes|column|current|close|create_(aggregate|function)|open|unbuffered_query|udf_((?:de|en)code)_binary|popen|prev|escape_string|error_string|exec|valid|key|query|field_name|factory|fetch_(string|single|column_types|object|all|array)|lib(encoding|version)|last_(insert_rowid|error)|array_query|rewind|busy_timeout)\\\\b","name":"support.function.sqlite.php"},{"match":"(?i)\\\\bsqlsrv_(send_stream_data|server_info|has_rows|num_(fields|rows)|next_result|connect|configure|commit|client_info|close|cancel|prepare|errors|execute|query|field_metadata|fetch(_(array|object))?|free_stmt|rows_affected|rollback|get_(config|field)|begin_transaction)\\\\b","name":"support.function.sqlsrv.php"},{"match":"(?i)\\\\bstats_(harmonic_mean|covariance|standard_deviation|skew|cdf_(noncentral_(chisquare|f)|negative_binomial|chisquare|cauchy|t|uniform|poisson|exponential|f|weibull|logistic|laplace|gamma|binomial|beta)|stat_(noncentral_t|correlation|innerproduct|independent_t|powersum|percentile|paired_t|gennch|binomial_coef)|dens_(normal|negative_binomial|chisquare|cauchy|t|pmf_(hypergeometric|poisson|binomial)|exponential|f|weibull|logistic|laplace|gamma|beta)|den_uniform|variance|kurtosis|absolute_deviation|rand_(setall|phrase_to_seeds|ranf|get_seeds|gen_(noncentral_[ft]|noncenral_chisquare|normal|chisquare|t|int|i(uniform|poisson|binomial(_negative)?)|exponential|f(uniform)?|gamma|beta)))\\\\b","name":"support.function.stats.php"},{"match":"(?i)\\\\bstream_(bucket_(new|prepend|append|make_writeable)|context_(create|[gs]et_(options?|default|params))|copy_to_stream|filter_((ap|pre)pend|register|remove)|get_(contents|filters|line|meta_data|transports|wrappers)|is(atty|_local)|notification_callback|register_wrapper|resolve_include_path|select|set_(blocking|chunk_size|(read|write)_buffer|timeout)|socket_(accept|client|enable_crypto|get_name|pair|recvfrom|sendto|server|shutdown)|supports_lock|wrapper_((un)?register|restore))\\\\b","name":"support.function.streamsfuncs.php"},{"match":"(?i)\\\\b(money_format|md5(_file)?|metaphone|bin2hex|sscanf|sha1(_file)?|str(str|c?spn|n(at)?(case)?cmp|chr|coll|(case)?cmp|to(upper|lower)|tok|tr|istr|pos|pbrk|len|rchr|ri?pos|rev)|str_(getcsv|i?replace|pad|repeat|rot13|shuffle|split|word_count|contains|(starts|ends)_with|(in|de)crement)|strip(c?slashes|os)|strip_tags|similar_text|soundex|substr(_(count|compare|replace))?|setlocale|html(specialchars(_decode)?|entities)|html_entity_decode|hex2bin|hebrev(c)?|number_format|nl2br|nl_langinfo|chop|chunk_split|chr|convert_(cyr_string|uu((?:de|en)code))|count_chars|crypt|crc32|trim|implode|ord|uc(first|words)|join|parse_str|print(f)?|echo|explode|v?[fs]?printf|quoted_printable_((?:de|en)code)|quotemeta|wordwrap|lcfirst|[lr]trim|localeconv|levenshtein|addc?slashes|get_html_translation_table)\\\\b","name":"support.function.string.php"},{"match":"(?i)\\\\bsybase_(set_message_handler|select_db|num_(fields|rows)|connect|close|deadlock_retry_count|data_seek|unbuffered_query|pconnect|query|field_seek|fetch_(object|field|assoc|array|row)|free_result|affected_rows|result|get_last_message|min_(client|error|message|server)_severity)\\\\b","name":"support.function.sybase.php"},{"match":"(?i)\\\\b(taint|is_tainted|untaint)\\\\b","name":"support.function.taint.php"},{"match":"(?i)\\\\b(tidy_([gs]etopt|set_encoding|save_config|config_count|clean_repair|is_(x(?:html|ml))|diagnose|(access|error|warning)_count|load_config|reset_config|(parse|repair)_(string|file)|get_(status|html(_ver)?|head|config|output|opt_doc|root|release|body))|ob_tidyhandler)\\\\b","name":"support.function.tidy.php"},{"match":"(?i)\\\\btoken_(name|get_all)\\\\b","name":"support.function.tokenizer.php"},{"match":"(?i)\\\\btrader_(stoch([fr]|rsi)?|stddev|sin(h)?|sum|sub|set_(compat|unstable_period)|sqrt|sar(ext)?|sma|ht_(sine|trend(line|mode)|dc(p(?:eriod|hase))|phasor)|natr|cci|cos(h)?|correl|cdl(shootingstar|shortline|sticksandwich|stalledpattern|spinningtop|separatinglines|hikkake(mod)?|highwave|homingpigeon|hangingman|harami(cross)?|hammer|concealbabyswall|counterattack|closingmarubozu|thrusting|tasukigap|takuri|tristar|inneck|invertedhammer|identical3crows|2crows|onneck|doji(star)?|darkcloudcover|dragonflydoji|unique3river|upsidegap2crows|3(starsinsouth|inside|outside|whitesoldiers|linestrike|blackcrows)|piercing|engulfing|evening(doji)?star|kicking(bylength)?|longline|longleggeddoji|ladderbottom|advanceblock|abandonedbaby|risefall3methods|rickshawman|gapsidesidewhite|gravestonedoji|xsidegap3methods|morning(doji)?star|mathold|matchinglow|marubozu|belthold|breakaway)|ceil|cmo|tsf|typprice|t3|tema|tan(h)?|trix|trima|trange|obv|div|dema|dx|ultosc|ppo|plus_d[im]|errno|exp|ema|var|kama|floor|wclprice|willr|wma|ln|log10|bop|beta|bbands|linearreg(_(slope|intercept|angle))?|asin|acos|atan|atr|adosc|add??|adx(r)?|apo|avgprice|aroon(osc)?|rsi|rocp??|rocr(100)?|get_(compat|unstable_period)|min(index)?|minus_d[im]|minmax(index)?|mid(p(?:oint|rice))|mom|mult|medprice|mfi|macd(ext|fix)?|mavp|max(index)?|ma(ma)?)\\\\b","name":"support.function.trader.php"},{"match":"(?i)\\\\buopz_(copy|compose|implement|overload|delete|undefine|extend|function|flags|restore|rename|redefine|backup)\\\\b","name":"support.function.uopz.php"},{"match":"(?i)\\\\b(http_build_query|(raw)?url((?:de|en)code)|parse_url|get_(headers|meta_tags)|base64_((?:de|en)code))\\\\b","name":"support.function.url.php"},{"match":"(?i)\\\\b((bool|double|float|int|str)val|debug_zval_dump|empty|get_(debug_type|defined_vars|resource_(id|type))|[gs]ettype|is_(array|bool|callable|countable|double|float|int(eger)?|iterable|long|null|numeric|object|real|resource|scalar|string)|isset|print_r|(un)?serialize|unset|var_(dump|export))\\\\b","name":"support.function.var.php"},{"match":"(?i)\\\\bwddx_(serialize_(va(?:lue|rs))|deserialize|packet_(start|end)|add_vars)\\\\b","name":"support.function.wddx.php"},{"match":"(?i)\\\\bxhprof_(sample_)?((?:dis|en)able)\\\\b","name":"support.function.xhprof.php"},{"match":"(?i)\\\\b(utf8_((?:de|en)code)|xml_(set_((notation|(end|start)_namespace|unparsed_entity)_decl_handler|(character_data|default|element|external_entity_ref|processing_instruction)_handler|object)|parse(_into_struct)?|parser_([gs]et_option|create(_ns)?|free)|error_string|get_(current_((column|line)_number|byte_index)|error_code)))\\\\b","name":"support.function.xml.php"},{"match":"(?i)\\\\bxmlrpc_(server_(call_method|create|destroy|add_introspection_data|register_(introspection_callback|method))|is_fault|decode(_request)?|parse_method_descriptions|encode(_request)?|[gs]et_type)\\\\b","name":"support.function.xmlrpc.php"},{"match":"(?i)\\\\bxmlwriter_((end|start|write)_(comment|cdata|dtd(_(attlist|entity|element))?|document|pi|attribute|element)|(start|write)_(attribute|element)_ns|write_raw|set_indent(_string)?|text|output_memory|open_(memory|uri)|full_end_element|flush|)\\\\b","name":"support.function.xmlwriter.php"},{"match":"(?i)\\\\b(zlib_(decode|encode|get_coding_type)|readgzfile|gz(seek|compress|close|tell|inflate|open|decode|deflate|uncompress|puts|passthru|encode|eof|file|write|rewind|read|getc|getss?)|deflate_(add|init)|inflate_(add|get_(read_len|status)|init))\\\\b","name":"support.function.zlib.php"}]},"switch_statement":{"patterns":[{"match":"\\\\s+(?=switch\\\\b)"},{"begin":"\\\\bswitch\\\\b(?!\\\\s*\\\\(.*\\\\)\\\\s*:)","beginCaptures":{"0":{"name":"keyword.control.switch.php"}},"end":"}|(?=\\\\?>)","endCaptures":{"0":{"name":"punctuation.definition.section.switch-block.end.bracket.curly.php"}},"name":"meta.switch-statement.php","patterns":[{"begin":"\\\\(","beginCaptures":{"0":{"name":"punctuation.definition.switch-expression.begin.bracket.round.php"}},"end":"\\\\)|(?=\\\\?>)","endCaptures":{"0":{"name":"punctuation.definition.switch-expression.end.bracket.round.php"}},"patterns":[{"include":"$self"}]},{"begin":"\\\\{","beginCaptures":{"0":{"name":"punctuation.definition.section.switch-block.begin.bracket.curly.php"}},"end":"(?=}|\\\\?>)","patterns":[{"include":"$self"}]}]}]},"ternary_expression":{"begin":"\\\\?","beginCaptures":{"0":{"name":"keyword.operator.ternary.php"}},"end":"(?<!:):(?!:)","endCaptures":{"0":{"name":"keyword.operator.ternary.php"}},"patterns":[{"captures":{"1":{"patterns":[{"include":"$self"}]}},"match":"(?i)^\\\\s*([_a-z\\\\x7F-\\\\x{10FFFF}][0-9_a-z\\\\x7F-\\\\x{10FFFF}]*)\\\\s*(?=:(?!:))"},{"include":"$self"}]},"ternary_shorthand":{"match":"\\\\?:","name":"keyword.operator.ternary.php"},"use-inner":{"patterns":[{"include":"#comments"},{"begin":"(?i)\\\\b(as)\\\\s+","beginCaptures":{"1":{"name":"keyword.other.use-as.php"}},"end":"(?i)[_a-z\\\\x7F-\\\\x{10FFFF}][0-9_a-z\\\\x7F-\\\\x{10FFFF}]*","endCaptures":{"0":{"name":"entity.other.alias.php"}}},{"include":"#class-name"},{"match":",","name":"punctuation.separator.delimiter.php"}]},"var_basic":{"patterns":[{"captures":{"1":{"name":"punctuation.definition.variable.php"}},"match":"(?i)(\\\\$+)[_a-z\\\\x7F-\\\\x{10FFFF}][0-9_a-z\\\\x7F-\\\\x{10FFFF}]*","name":"variable.other.php"}]},"var_global":{"captures":{"1":{"name":"punctuation.definition.variable.php"}},"match":"(\\\\$)((_(COOKIE|FILES|GET|POST|REQUEST))|arg([cv]))\\\\b","name":"variable.other.global.php"},"var_global_safer":{"captures":{"1":{"name":"punctuation.definition.variable.php"}},"match":"(\\\\$)((GLOBALS|_(ENV|SERVER|SESSION)))","name":"variable.other.global.safer.php"},"var_language":{"captures":{"1":{"name":"punctuation.definition.variable.php"}},"match":"(\\\\$)this\\\\b","name":"variable.language.this.php"},"variable-name":{"patterns":[{"include":"#var_global"},{"include":"#var_global_safer"},{"captures":{"1":{"name":"variable.other.php"},"2":{"name":"punctuation.definition.variable.php"},"4":{"name":"keyword.operator.class.php"},"5":{"name":"variable.other.property.php"},"6":{"name":"punctuation.section.array.begin.php"},"7":{"name":"constant.numeric.index.php"},"8":{"name":"variable.other.index.php"},"9":{"name":"punctuation.definition.variable.php"},"10":{"name":"string.unquoted.index.php"},"11":{"name":"punctuation.section.array.end.php"}},"match":"(?i)((\\\\$)(?<name>[_a-z\\\\x7F-\\\\x{10FFFF}][0-9_a-z\\\\x7F-\\\\x{10FFFF}]*))\\\\s*(?:(\\\\??->)\\\\s*(\\\\g<name>)|(\\\\[)(?:(\\\\d+)|((\\\\$)\\\\g<name>)|([_a-z\\\\x7F-\\\\x{10FFFF}][0-9_a-z\\\\x7F-\\\\x{10FFFF}]*))(]))?"},{"captures":{"1":{"name":"variable.other.php"},"2":{"name":"punctuation.definition.variable.php"},"4":{"name":"punctuation.definition.variable.php"}},"match":"(?i)((\\\\$\\\\{)(?<name>[_a-z\\\\x7F-\\\\x{10FFFF}][0-9_a-z\\\\x7F-\\\\x{10FFFF}]*)(}))"}]},"variables":{"patterns":[{"include":"#var_language"},{"include":"#var_global"},{"include":"#var_global_safer"},{"include":"#var_basic"},{"begin":"\\\\$\\\\{(?=.*?})","beginCaptures":{"0":{"name":"punctuation.definition.variable.php"}},"end":"}","endCaptures":{"0":{"name":"punctuation.definition.variable.php"}},"patterns":[{"include":"$self"}]}]}},"scopeName":"source.php","embeddedLangs":["html","xml","sql","javascript","json","css"]}`)),b_=[...u_,...h_,...ql,...Dl,...Pl,...Ml,f_],__=Object.freeze(JSON.parse('{"colors":{"actionBar.toggledBackground":"#383a49","activityBarBadge.background":"#007ACC","checkbox.border":"#6B6B6B","editor.background":"#1E1E1E","editor.foreground":"#D4D4D4","editor.inactiveSelectionBackground":"#3A3D41","editor.selectionHighlightBackground":"#ADD6FF26","editorIndentGuide.activeBackground1":"#707070","editorIndentGuide.background1":"#404040","input.placeholderForeground":"#A6A6A6","list.activeSelectionIconForeground":"#FFF","list.dropBackground":"#383B3D","menu.background":"#252526","menu.border":"#454545","menu.foreground":"#CCCCCC","menu.selectionBackground":"#0078d4","menu.separatorBackground":"#454545","ports.iconRunningProcessForeground":"#369432","sideBarSectionHeader.background":"#0000","sideBarSectionHeader.border":"#ccc3","sideBarTitle.foreground":"#BBBBBB","statusBarItem.remoteBackground":"#16825D","statusBarItem.remoteForeground":"#FFF","tab.lastPinnedBorder":"#ccc3","tab.selectedBackground":"#222222","tab.selectedForeground":"#ffffffa0","terminal.inactiveSelectionBackground":"#3A3D41","widget.border":"#303031"},"displayName":"Dark Plus","name":"dark-plus","semanticHighlighting":true,"semanticTokenColors":{"customLiteral":"#DCDCAA","newOperator":"#C586C0","numberLiteral":"#b5cea8","stringLiteral":"#ce9178"},"tokenColors":[{"scope":["meta.embedded","source.groovy.embedded","string meta.image.inline.markdown","variable.legacy.builtin.python"],"settings":{"foreground":"#D4D4D4"}},{"scope":"emphasis","settings":{"fontStyle":"italic"}},{"scope":"strong","settings":{"fontStyle":"bold"}},{"scope":"header","settings":{"foreground":"#000080"}},{"scope":"comment","settings":{"foreground":"#6A9955"}},{"scope":"constant.language","settings":{"foreground":"#569cd6"}},{"scope":["constant.numeric","variable.other.enummember","keyword.operator.plus.exponent","keyword.operator.minus.exponent"],"settings":{"foreground":"#b5cea8"}},{"scope":"constant.regexp","settings":{"foreground":"#646695"}},{"scope":"entity.name.tag","settings":{"foreground":"#569cd6"}},{"scope":["entity.name.tag.css","entity.name.tag.less"],"settings":{"foreground":"#d7ba7d"}},{"scope":"entity.other.attribute-name","settings":{"foreground":"#9cdcfe"}},{"scope":["entity.other.attribute-name.class.css","source.css entity.other.attribute-name.class","entity.other.attribute-name.id.css","entity.other.attribute-name.parent-selector.css","entity.other.attribute-name.parent.less","source.css entity.other.attribute-name.pseudo-class","entity.other.attribute-name.pseudo-element.css","source.css.less entity.other.attribute-name.id","entity.other.attribute-name.scss"],"settings":{"foreground":"#d7ba7d"}},{"scope":"invalid","settings":{"foreground":"#f44747"}},{"scope":"markup.underline","settings":{"fontStyle":"underline"}},{"scope":"markup.bold","settings":{"fontStyle":"bold","foreground":"#569cd6"}},{"scope":"markup.heading","settings":{"fontStyle":"bold","foreground":"#569cd6"}},{"scope":"markup.italic","settings":{"fontStyle":"italic"}},{"scope":"markup.strikethrough","settings":{"fontStyle":"strikethrough"}},{"scope":"markup.inserted","settings":{"foreground":"#b5cea8"}},{"scope":"markup.deleted","settings":{"foreground":"#ce9178"}},{"scope":"markup.changed","settings":{"foreground":"#569cd6"}},{"scope":"punctuation.definition.quote.begin.markdown","settings":{"foreground":"#6A9955"}},{"scope":"punctuation.definition.list.begin.markdown","settings":{"foreground":"#6796e6"}},{"scope":"markup.inline.raw","settings":{"foreground":"#ce9178"}},{"scope":"punctuation.definition.tag","settings":{"foreground":"#808080"}},{"scope":["meta.preprocessor","entity.name.function.preprocessor"],"settings":{"foreground":"#569cd6"}},{"scope":"meta.preprocessor.string","settings":{"foreground":"#ce9178"}},{"scope":"meta.preprocessor.numeric","settings":{"foreground":"#b5cea8"}},{"scope":"meta.structure.dictionary.key.python","settings":{"foreground":"#9cdcfe"}},{"scope":"meta.diff.header","settings":{"foreground":"#569cd6"}},{"scope":"storage","settings":{"foreground":"#569cd6"}},{"scope":"storage.type","settings":{"foreground":"#569cd6"}},{"scope":["storage.modifier","keyword.operator.noexcept"],"settings":{"foreground":"#569cd6"}},{"scope":["string","meta.embedded.assembly"],"settings":{"foreground":"#ce9178"}},{"scope":"string.tag","settings":{"foreground":"#ce9178"}},{"scope":"string.value","settings":{"foreground":"#ce9178"}},{"scope":"string.regexp","settings":{"foreground":"#d16969"}},{"scope":["punctuation.definition.template-expression.begin","punctuation.definition.template-expression.end","punctuation.section.embedded"],"settings":{"foreground":"#569cd6"}},{"scope":["meta.template.expression"],"settings":{"foreground":"#d4d4d4"}},{"scope":["support.type.vendored.property-name","support.type.property-name","source.css variable","source.coffee.embedded"],"settings":{"foreground":"#9cdcfe"}},{"scope":"keyword","settings":{"foreground":"#569cd6"}},{"scope":"keyword.control","settings":{"foreground":"#569cd6"}},{"scope":"keyword.operator","settings":{"foreground":"#d4d4d4"}},{"scope":["keyword.operator.new","keyword.operator.expression","keyword.operator.cast","keyword.operator.sizeof","keyword.operator.alignof","keyword.operator.typeid","keyword.operator.alignas","keyword.operator.instanceof","keyword.operator.logical.python","keyword.operator.wordlike"],"settings":{"foreground":"#569cd6"}},{"scope":"keyword.other.unit","settings":{"foreground":"#b5cea8"}},{"scope":["punctuation.section.embedded.begin.php","punctuation.section.embedded.end.php"],"settings":{"foreground":"#569cd6"}},{"scope":"support.function.git-rebase","settings":{"foreground":"#9cdcfe"}},{"scope":"constant.sha.git-rebase","settings":{"foreground":"#b5cea8"}},{"scope":["storage.modifier.import.java","variable.language.wildcard.java","storage.modifier.package.java"],"settings":{"foreground":"#d4d4d4"}},{"scope":"variable.language","settings":{"foreground":"#569cd6"}},{"scope":["entity.name.function","support.function","support.constant.handlebars","source.powershell variable.other.member","entity.name.operator.custom-literal"],"settings":{"foreground":"#DCDCAA"}},{"scope":["support.class","support.type","entity.name.type","entity.name.namespace","entity.other.attribute","entity.name.scope-resolution","entity.name.class","storage.type.numeric.go","storage.type.byte.go","storage.type.boolean.go","storage.type.string.go","storage.type.uintptr.go","storage.type.error.go","storage.type.rune.go","storage.type.cs","storage.type.generic.cs","storage.type.modifier.cs","storage.type.variable.cs","storage.type.annotation.java","storage.type.generic.java","storage.type.java","storage.type.object.array.java","storage.type.primitive.array.java","storage.type.primitive.java","storage.type.token.java","storage.type.groovy","storage.type.annotation.groovy","storage.type.parameters.groovy","storage.type.generic.groovy","storage.type.object.array.groovy","storage.type.primitive.array.groovy","storage.type.primitive.groovy"],"settings":{"foreground":"#4EC9B0"}},{"scope":["meta.type.cast.expr","meta.type.new.expr","support.constant.math","support.constant.dom","support.constant.json","entity.other.inherited-class","punctuation.separator.namespace.ruby"],"settings":{"foreground":"#4EC9B0"}},{"scope":["keyword.control","source.cpp keyword.operator.new","keyword.operator.delete","keyword.other.using","keyword.other.directive.using","keyword.other.operator","entity.name.operator"],"settings":{"foreground":"#C586C0"}},{"scope":["variable","meta.definition.variable.name","support.variable","entity.name.variable","constant.other.placeholder"],"settings":{"foreground":"#9CDCFE"}},{"scope":["variable.other.constant","variable.other.enummember"],"settings":{"foreground":"#4FC1FF"}},{"scope":["meta.object-literal.key"],"settings":{"foreground":"#9CDCFE"}},{"scope":["support.constant.property-value","support.constant.font-name","support.constant.media-type","support.constant.media","constant.other.color.rgb-value","constant.other.rgb-value","support.constant.color"],"settings":{"foreground":"#CE9178"}},{"scope":["punctuation.definition.group.regexp","punctuation.definition.group.assertion.regexp","punctuation.definition.character-class.regexp","punctuation.character.set.begin.regexp","punctuation.character.set.end.regexp","keyword.operator.negation.regexp","support.other.parenthesis.regexp"],"settings":{"foreground":"#CE9178"}},{"scope":["constant.character.character-class.regexp","constant.other.character-class.set.regexp","constant.other.character-class.regexp","constant.character.set.regexp"],"settings":{"foreground":"#d16969"}},{"scope":["keyword.operator.or.regexp","keyword.control.anchor.regexp"],"settings":{"foreground":"#DCDCAA"}},{"scope":"keyword.operator.quantifier.regexp","settings":{"foreground":"#d7ba7d"}},{"scope":["constant.character","constant.other.option"],"settings":{"foreground":"#569cd6"}},{"scope":"constant.character.escape","settings":{"foreground":"#d7ba7d"}},{"scope":"entity.name.label","settings":{"foreground":"#C8C8C8"}}],"type":"dark"}')),y_=Object.freeze(JSON.parse('{"colors":{"actionBar.toggledBackground":"#dddddd","activityBarBadge.background":"#007ACC","checkbox.border":"#919191","diffEditor.unchangedRegionBackground":"#f8f8f8","editor.background":"#FFFFFF","editor.foreground":"#000000","editor.inactiveSelectionBackground":"#E5EBF1","editor.selectionHighlightBackground":"#ADD6FF80","editorIndentGuide.activeBackground1":"#939393","editorIndentGuide.background1":"#D3D3D3","editorSuggestWidget.background":"#F3F3F3","input.placeholderForeground":"#767676","list.activeSelectionIconForeground":"#FFF","list.focusAndSelectionOutline":"#90C2F9","list.hoverBackground":"#E8E8E8","menu.border":"#D4D4D4","notebook.cellBorderColor":"#E8E8E8","notebook.selectedCellBackground":"#c8ddf150","ports.iconRunningProcessForeground":"#369432","searchEditor.textInputBorder":"#CECECE","settings.numberInputBorder":"#CECECE","settings.textInputBorder":"#CECECE","sideBarSectionHeader.background":"#0000","sideBarSectionHeader.border":"#61616130","sideBarTitle.foreground":"#6F6F6F","statusBarItem.errorBackground":"#c72e0f","statusBarItem.remoteBackground":"#16825D","statusBarItem.remoteForeground":"#FFF","tab.lastPinnedBorder":"#61616130","tab.selectedBackground":"#ffffffa5","tab.selectedForeground":"#333333b3","terminal.inactiveSelectionBackground":"#E5EBF1","widget.border":"#d4d4d4"},"displayName":"Light Plus","name":"light-plus","semanticHighlighting":true,"semanticTokenColors":{"customLiteral":"#795E26","newOperator":"#AF00DB","numberLiteral":"#098658","stringLiteral":"#a31515"},"tokenColors":[{"scope":["meta.embedded","source.groovy.embedded","string meta.image.inline.markdown","variable.legacy.builtin.python"],"settings":{"foreground":"#000000ff"}},{"scope":"emphasis","settings":{"fontStyle":"italic"}},{"scope":"strong","settings":{"fontStyle":"bold"}},{"scope":"meta.diff.header","settings":{"foreground":"#000080"}},{"scope":"comment","settings":{"foreground":"#008000"}},{"scope":"constant.language","settings":{"foreground":"#0000ff"}},{"scope":["constant.numeric","variable.other.enummember","keyword.operator.plus.exponent","keyword.operator.minus.exponent"],"settings":{"foreground":"#098658"}},{"scope":"constant.regexp","settings":{"foreground":"#811f3f"}},{"scope":"entity.name.tag","settings":{"foreground":"#800000"}},{"scope":"entity.name.selector","settings":{"foreground":"#800000"}},{"scope":"entity.other.attribute-name","settings":{"foreground":"#e50000"}},{"scope":["entity.other.attribute-name.class.css","source.css entity.other.attribute-name.class","entity.other.attribute-name.id.css","entity.other.attribute-name.parent-selector.css","entity.other.attribute-name.parent.less","source.css entity.other.attribute-name.pseudo-class","entity.other.attribute-name.pseudo-element.css","source.css.less entity.other.attribute-name.id","entity.other.attribute-name.scss"],"settings":{"foreground":"#800000"}},{"scope":"invalid","settings":{"foreground":"#cd3131"}},{"scope":"markup.underline","settings":{"fontStyle":"underline"}},{"scope":"markup.bold","settings":{"fontStyle":"bold","foreground":"#000080"}},{"scope":"markup.heading","settings":{"fontStyle":"bold","foreground":"#800000"}},{"scope":"markup.italic","settings":{"fontStyle":"italic"}},{"scope":"markup.strikethrough","settings":{"fontStyle":"strikethrough"}},{"scope":"markup.inserted","settings":{"foreground":"#098658"}},{"scope":"markup.deleted","settings":{"foreground":"#a31515"}},{"scope":"markup.changed","settings":{"foreground":"#0451a5"}},{"scope":["punctuation.definition.quote.begin.markdown","punctuation.definition.list.begin.markdown"],"settings":{"foreground":"#0451a5"}},{"scope":"markup.inline.raw","settings":{"foreground":"#800000"}},{"scope":"punctuation.definition.tag","settings":{"foreground":"#800000"}},{"scope":["meta.preprocessor","entity.name.function.preprocessor"],"settings":{"foreground":"#0000ff"}},{"scope":"meta.preprocessor.string","settings":{"foreground":"#a31515"}},{"scope":"meta.preprocessor.numeric","settings":{"foreground":"#098658"}},{"scope":"meta.structure.dictionary.key.python","settings":{"foreground":"#0451a5"}},{"scope":"storage","settings":{"foreground":"#0000ff"}},{"scope":"storage.type","settings":{"foreground":"#0000ff"}},{"scope":["storage.modifier","keyword.operator.noexcept"],"settings":{"foreground":"#0000ff"}},{"scope":["string","meta.embedded.assembly"],"settings":{"foreground":"#a31515"}},{"scope":["string.comment.buffered.block.pug","string.quoted.pug","string.interpolated.pug","string.unquoted.plain.in.yaml","string.unquoted.plain.out.yaml","string.unquoted.block.yaml","string.quoted.single.yaml","string.quoted.double.xml","string.quoted.single.xml","string.unquoted.cdata.xml","string.quoted.double.html","string.quoted.single.html","string.unquoted.html","string.quoted.single.handlebars","string.quoted.double.handlebars"],"settings":{"foreground":"#0000ff"}},{"scope":"string.regexp","settings":{"foreground":"#811f3f"}},{"scope":["punctuation.definition.template-expression.begin","punctuation.definition.template-expression.end","punctuation.section.embedded"],"settings":{"foreground":"#0000ff"}},{"scope":["meta.template.expression"],"settings":{"foreground":"#000000"}},{"scope":["support.constant.property-value","support.constant.font-name","support.constant.media-type","support.constant.media","constant.other.color.rgb-value","constant.other.rgb-value","support.constant.color"],"settings":{"foreground":"#0451a5"}},{"scope":["support.type.vendored.property-name","support.type.property-name","source.css variable","source.coffee.embedded"],"settings":{"foreground":"#e50000"}},{"scope":["support.type.property-name.json"],"settings":{"foreground":"#0451a5"}},{"scope":"keyword","settings":{"foreground":"#0000ff"}},{"scope":"keyword.control","settings":{"foreground":"#0000ff"}},{"scope":"keyword.operator","settings":{"foreground":"#000000"}},{"scope":["keyword.operator.new","keyword.operator.expression","keyword.operator.cast","keyword.operator.sizeof","keyword.operator.alignof","keyword.operator.typeid","keyword.operator.alignas","keyword.operator.instanceof","keyword.operator.logical.python","keyword.operator.wordlike"],"settings":{"foreground":"#0000ff"}},{"scope":"keyword.other.unit","settings":{"foreground":"#098658"}},{"scope":["punctuation.section.embedded.begin.php","punctuation.section.embedded.end.php"],"settings":{"foreground":"#800000"}},{"scope":"support.function.git-rebase","settings":{"foreground":"#0451a5"}},{"scope":"constant.sha.git-rebase","settings":{"foreground":"#098658"}},{"scope":["storage.modifier.import.java","variable.language.wildcard.java","storage.modifier.package.java"],"settings":{"foreground":"#000000"}},{"scope":"variable.language","settings":{"foreground":"#0000ff"}},{"scope":["entity.name.function","support.function","support.constant.handlebars","source.powershell variable.other.member","entity.name.operator.custom-literal"],"settings":{"foreground":"#795E26"}},{"scope":["support.class","support.type","entity.name.type","entity.name.namespace","entity.other.attribute","entity.name.scope-resolution","entity.name.class","storage.type.numeric.go","storage.type.byte.go","storage.type.boolean.go","storage.type.string.go","storage.type.uintptr.go","storage.type.error.go","storage.type.rune.go","storage.type.cs","storage.type.generic.cs","storage.type.modifier.cs","storage.type.variable.cs","storage.type.annotation.java","storage.type.generic.java","storage.type.java","storage.type.object.array.java","storage.type.primitive.array.java","storage.type.primitive.java","storage.type.token.java","storage.type.groovy","storage.type.annotation.groovy","storage.type.parameters.groovy","storage.type.generic.groovy","storage.type.object.array.groovy","storage.type.primitive.array.groovy","storage.type.primitive.groovy"],"settings":{"foreground":"#267f99"}},{"scope":["meta.type.cast.expr","meta.type.new.expr","support.constant.math","support.constant.dom","support.constant.json","entity.other.inherited-class","punctuation.separator.namespace.ruby"],"settings":{"foreground":"#267f99"}},{"scope":["keyword.control","source.cpp keyword.operator.new","source.cpp keyword.operator.delete","keyword.other.using","keyword.other.directive.using","keyword.other.operator","entity.name.operator"],"settings":{"foreground":"#AF00DB"}},{"scope":["variable","meta.definition.variable.name","support.variable","entity.name.variable","constant.other.placeholder"],"settings":{"foreground":"#001080"}},{"scope":["variable.other.constant","variable.other.enummember"],"settings":{"foreground":"#0070C1"}},{"scope":["meta.object-literal.key"],"settings":{"foreground":"#001080"}},{"scope":["support.constant.property-value","support.constant.font-name","support.constant.media-type","support.constant.media","constant.other.color.rgb-value","constant.other.rgb-value","support.constant.color"],"settings":{"foreground":"#0451a5"}},{"scope":["punctuation.definition.group.regexp","punctuation.definition.group.assertion.regexp","punctuation.definition.character-class.regexp","punctuation.character.set.begin.regexp","punctuation.character.set.end.regexp","keyword.operator.negation.regexp","support.other.parenthesis.regexp"],"settings":{"foreground":"#d16969"}},{"scope":["constant.character.character-class.regexp","constant.other.character-class.set.regexp","constant.other.character-class.regexp","constant.character.set.regexp"],"settings":{"foreground":"#811f3f"}},{"scope":"keyword.operator.quantifier.regexp","settings":{"foreground":"#000000"}},{"scope":["keyword.operator.or.regexp","keyword.control.anchor.regexp"],"settings":{"foreground":"#EE0000"}},{"scope":["constant.character","constant.other.option"],"settings":{"foreground":"#0000ff"}},{"scope":"constant.character.escape","settings":{"foreground":"#EE0000"}},{"scope":"entity.name.label","settings":{"foreground":"#000000"}}],"type":"light"}'));En("[data-tippy-content]",{arrow:!1,allowHTML:!0,animation:"shift-away",delay:[300,0],duration:200,theme:"laravel"});window.copyToClipboard=async function(e){if(navigator.clipboard)await navigator.clipboard.writeText(e);else{const t=document.createElement("textarea");t.value=e,t.style.position="fixed",t.style.opacity="0",t.style.pointerEvents="none",document.body.appendChild(t),t.select();const n=document.execCommand("copy");if(document.body.removeChild(t),!n)throw new Error("Failed to copy text to clipboard")}};const v_=yf({themes:[y_,__],langs:[b_,ql,Pl],engine:i_()});window.highlight=function(e,t,n=!1,a=!1,r=1,i=null){return v_.codeToHtml(e,{lang:t,themes:{light:"light-plus",dark:"dark-plus"},transformers:[{pre(s){this.addClassToHast(s,["bg-transparent!",n?"truncate":"w-fit min-w-full"])},line(s,o){if(!a)return;const c=r+o-1,l=i===o-1,u={type:"element",tagName:"span",properties:{className:["mr-6 text-neutral-500! dark:text-neutral-600!",l?"dark:text-white!":""]},children:[{type:"text",value:c.toString()}]};s.children.unshift(u),this.addClassToHast(s,["inline-block w-full px-4 py-1 h-7 even:bg-white odd:bg-white/2 even:dark:bg-white/2 odd:dark:bg-white/4",l?"bg-rose-200! dark:bg-rose-900!":""])}}]})};window.Alpine=gc;gc.start();
</script>
</body>
</html>
